# reloadstall peers=700 changed_peers=700 stable_peers=0 prefixes=400400 per_peer=572 pid=0
established 700 at 111.7s
converged (>= 399828/observer) at 383.5s rss_mib=0
control_maxgap_ms: p50=17.73 p95=17.74 max=37.55 (n=700)
control_rss_mib 0
flapstorm_csv_header,round,peers_total,peers_flapped,prefixes,flap_prefixes,withdraw_p50_s,withdraw_p95_s,withdraw_max_s,reannounce_p50_s,reannounce_p95_s,reannounce_max_s,rss_mib,sessions_up,parse_errors
flap 1 close wall_us=1785186238958344
flap 1 withdraw_s: p50=12.56 p95=12.56 max=12.56 (n=650)
flap 1 reannounce wall_us=1785186251778988
flap 1 reannounce_s: p50=21.36 p95=21.37 max=21.38 (n=650)
flap 1 first_reann_s: p50=0.12 p95=0.13 max=0.13 (n=650)
flap 1 sessions_up 700/700 rss_mib=0
flapstorm_csv,1,700,50,400400,28600,12.559485,12.560815,12.560958,21.362814,21.373476,21.383440,0,700,0
flap 2 close wall_us=1785186283224790
flap 2 withdraw_s: p50=10.82 p95=10.82 max=10.82 (n=650)
flap 2 reannounce wall_us=1785186294201561
flap 2 reannounce_s: p50=21.01 p95=21.01 max=21.05 (n=650)
flap 2 first_reann_s: p50=0.16 p95=0.16 max=0.16 (n=650)
flap 2 sessions_up 700/700 rss_mib=0
flapstorm_csv,2,700,50,400400,28600,10.818670,10.820030,10.820171,21.006381,21.007780,21.053912,0,700,0
flap 3 close wall_us=1785186325344836
flap 3 withdraw_s: p50=12.14 p95=12.14 max=12.14 (n=650)
flap 3 reannounce wall_us=1785186337777283
flap 3 reannounce_s: p50=21.41 p95=21.42 max=21.43 (n=650)
flap 3 first_reann_s: p50=0.18 p95=0.19 max=0.19 (n=650)
flap 3 sessions_up 700/700 rss_mib=0
flapstorm_csv,3,700,50,400400,28600,12.136784,12.138142,12.138282,21.408639,21.415828,21.434383,0,700,0
done rss_mib=0
