# reloadstall peers=320 changed_peers=320 stable_peers=0 prefixes=183040 per_peer=572 pid=0
established 320 at 7.0s
establishment transport_retries=0 recovered_peers=0
first_exact_bitmap,mode=reload,peers=320,total=183040,per_peer=572,expected=182468,completed=320,min_unique=182130,max_unique=182224
converged (>= 182468/observer) at 19.9s rss_mib=0
control_maxgap_ms: p50=86.31 p95=87.63 max=89.12 (n=320)
control_rss_mib 0
reloadstall_csv_header,reload,peers_total,peers_changed,peers_stable,prefixes,completion_p50_s,completion_p95_s,completion_max_s,changed_maxgap_p50_ms,changed_maxgap_p95_ms,changed_maxgap_max_ms,all_observer_maxgap_p50_ms,all_observer_maxgap_p95_ms,all_observer_maxgap_max_ms,changed_first_generation_update_p50_ms,changed_first_generation_update_p95_ms,changed_first_generation_update_max_ms,rss_before_mib,rss_after_mib,stable_marker_peers,sessions_up,parse_errors
reload 1 reload_cmd wall_us=1791107065980799 policy=/tmp/irr-bird/gen-b.conf
BIRD 3.3.2 ready.
Reading configuration from /etc/bird/bird.conf
Reconfigured
reload 1 progress: complete=0/320
reload 1 completion_s: p50=15.11 p95=15.84 max=15.89 (n=320)
reload 1 maxgap_ms: p50=840.26 p95=1385.91 max=2274.04 (n=320)
reload 1 all_observer_maxgap_ms: p50=862.81 p95=1405.42 max=2274.04 (n=320)
reload 1 changed_first_generation_update_ms: p50=1747.37 p95=2133.80 max=2922.06 (n=320)
reload 1 rss_mib before=0 after=0 comms_sample=[4286056400]
reload 1 sessions_up 320/320
reload 1 stable_marker_peers 0/0
reload 1 withdrawals: v4 named 0/0 v6 named 0/0 leaked=0 bystander=0 stable=0 duplicate=0
reloadstall_csv,1,320,320,0,183040,15.113963,15.837615,15.894601,840.260,1385.910,2274.040,862.813,1405.424,2274.040,1747.365,2133.796,2922.056,0,0,0,320,0
reload 2 reload_cmd wall_us=1791107101966287 policy=/tmp/irr-bird/gen-a.conf
BIRD 3.3.2 ready.
Reading configuration from /etc/bird/bird.conf
Reconfigured
reload 2 progress: complete=6/320
reload 2 completion_s: p50=14.04 p95=15.29 max=15.36 (n=320)
reload 2 maxgap_ms: p50=841.55 p95=1679.63 max=2400.86 (n=320)
reload 2 all_observer_maxgap_ms: p50=924.45 p95=1705.70 max=2400.86 (n=320)
reload 2 changed_first_generation_update_ms: p50=1535.87 p95=1955.85 max=2774.98 (n=320)
reload 2 rss_mib before=0 after=0 comms_sample=[4286055400]
reload 2 sessions_up 320/320
reload 2 stable_marker_peers 0/0
reload 2 withdrawals: v4 named 0/0 v6 named 0/0 leaked=0 bystander=0 stable=0 duplicate=0
reloadstall_csv,2,320,320,0,183040,14.042934,15.291893,15.357543,841.555,1679.626,2400.862,924.445,1705.702,2400.862,1535.869,1955.848,2774.981,0,0,0,320,0
reload 3 reload_cmd wall_us=1791107137415803 policy=/tmp/irr-bird/gen-b.conf
BIRD 3.3.2 ready.
Reading configuration from /etc/bird/bird.conf
Reconfigured
reload 3 progress: complete=4/320
reload 3 completion_s: p50=14.50 p95=15.49 max=15.53 (n=320)
reload 3 maxgap_ms: p50=821.68 p95=1527.53 max=2272.12 (n=320)
reload 3 all_observer_maxgap_ms: p50=846.47 p95=1533.18 max=2272.12 (n=320)
reload 3 changed_first_generation_update_ms: p50=1528.32 p95=1924.86 max=2695.95 (n=320)
reload 3 rss_mib before=0 after=0 comms_sample=[4286056400]
reload 3 sessions_up 320/320
reload 3 stable_marker_peers 0/0
reload 3 withdrawals: v4 named 0/0 v6 named 0/0 leaked=0 bystander=0 stable=0 duplicate=0
reloadstall_csv,3,320,320,0,183040,14.502236,15.492237,15.531419,821.684,1527.533,2272.119,846.465,1533.176,2272.119,1528.324,1924.864,2695.949,0,0,0,320,0
reload 4 reload_cmd wall_us=1791107173062691 policy=/tmp/irr-bird/gen-a.conf
BIRD 3.3.2 ready.
Reading configuration from /etc/bird/bird.conf
Reconfigured
reload 4 progress: complete=15/320
reload 4 completion_s: p50=14.01 p95=15.29 max=15.37 (n=320)
reload 4 maxgap_ms: p50=849.88 p95=1690.55 max=2429.38 (n=320)
reload 4 all_observer_maxgap_ms: p50=975.76 p95=1690.55 max=2429.38 (n=320)
reload 4 changed_first_generation_update_ms: p50=1555.78 p95=1961.62 max=2859.62 (n=320)
reload 4 rss_mib before=0 after=0 comms_sample=[4286055400]
reload 4 sessions_up 320/320
reload 4 stable_marker_peers 0/0
reload 4 withdrawals: v4 named 0/0 v6 named 0/0 leaked=0 bystander=0 stable=0 duplicate=0
reloadstall_csv,4,320,320,0,183040,14.007567,15.289656,15.372246,849.877,1690.549,2429.384,975.765,1690.549,2429.384,1555.784,1961.623,2859.623,0,0,0,320,0
final sessions_up 320/320 parse_errors=0
done rss_mib=0
route_refresh_accounting,peer=4,family=ipv4,received=4,suppressed=0,completed=4,sent_nlri=3472
route_refresh_accounting,peer=8,family=ipv4,received=4,suppressed=0,completed=4,sent_nlri=3376
route_refresh_accounting,peer=25,family=ipv4,received=4,suppressed=0,completed=4,sent_nlri=3512
route_refresh_accounting,peer=27,family=ipv4,received=4,suppressed=0,completed=4,sent_nlri=3488
route_refresh_accounting,peer=49,family=ipv4,received=4,suppressed=0,completed=4,sent_nlri=3392
route_refresh_accounting,peer=53,family=ipv4,received=4,suppressed=0,completed=4,sent_nlri=3296
route_refresh_accounting,peer=62,family=ipv4,received=4,suppressed=0,completed=4,sent_nlri=3508
route_refresh_accounting,peer=64,family=ipv4,received=4,suppressed=0,completed=4,sent_nlri=3400
route_refresh_accounting,peer=66,family=ipv4,received=4,suppressed=0,completed=4,sent_nlri=3528
route_refresh_accounting,peer=70,family=ipv4,received=4,suppressed=0,completed=4,sent_nlri=3380
route_refresh_accounting,peer=84,family=ipv4,received=4,suppressed=0,completed=4,sent_nlri=3388
route_refresh_accounting,peer=96,family=ipv4,received=4,suppressed=0,completed=4,sent_nlri=3484
route_refresh_accounting,peer=102,family=ipv4,received=4,suppressed=0,completed=4,sent_nlri=3452
route_refresh_accounting,peer=117,family=ipv4,received=4,suppressed=0,completed=4,sent_nlri=3500
route_refresh_accounting,peer=122,family=ipv4,received=4,suppressed=0,completed=4,sent_nlri=3356
route_refresh_accounting,peer=128,family=ipv4,received=4,suppressed=0,completed=4,sent_nlri=3460
route_refresh_accounting,peer=133,family=ipv4,received=4,suppressed=0,completed=4,sent_nlri=3428
route_refresh_accounting,peer=137,family=ipv4,received=4,suppressed=0,completed=4,sent_nlri=3328
route_refresh_accounting,peer=149,family=ipv4,received=4,suppressed=0,completed=4,sent_nlri=3416
route_refresh_accounting,peer=153,family=ipv4,received=4,suppressed=0,completed=4,sent_nlri=3388
route_refresh_accounting,peer=164,family=ipv4,received=4,suppressed=0,completed=4,sent_nlri=3552
route_refresh_accounting,peer=165,family=ipv4,received=4,suppressed=0,completed=4,sent_nlri=3484
route_refresh_accounting,peer=166,family=ipv4,received=4,suppressed=0,completed=4,sent_nlri=3304
route_refresh_accounting,peer=169,family=ipv4,received=4,suppressed=0,completed=4,sent_nlri=3464
route_refresh_accounting,peer=177,family=ipv4,received=4,suppressed=0,completed=4,sent_nlri=3444
route_refresh_accounting,peer=209,family=ipv4,received=4,suppressed=0,completed=4,sent_nlri=3436
route_refresh_accounting,peer=219,family=ipv4,received=4,suppressed=0,completed=4,sent_nlri=3476
route_refresh_accounting,peer=223,family=ipv4,received=4,suppressed=0,completed=4,sent_nlri=3488
route_refresh_accounting,peer=227,family=ipv4,received=4,suppressed=0,completed=4,sent_nlri=3520
route_refresh_accounting,peer=249,family=ipv4,received=4,suppressed=0,completed=4,sent_nlri=3480
route_refresh_accounting,peer=251,family=ipv4,received=4,suppressed=0,completed=4,sent_nlri=3436
route_refresh_accounting,peer=254,family=ipv4,received=4,suppressed=0,completed=4,sent_nlri=3396
route_refresh_accounting,peer=266,family=ipv4,received=4,suppressed=0,completed=4,sent_nlri=3432
route_refresh_accounting,peer=310,family=ipv4,received=4,suppressed=0,completed=4,sent_nlri=3548
route_refresh_accounting,peer=311,family=ipv4,received=4,suppressed=0,completed=4,sent_nlri=3504
route_refresh_accounting,peer=317,family=ipv4,received=4,suppressed=0,completed=4,sent_nlri=3440
