# reloadstall peers=320 changed_peers=320 stable_peers=0 prefixes=183040 per_peer=572 pid=0
established 320 at 71.1s
establishment transport_retries=0 recovered_peers=0
first_exact_bitmap,mode=reload,peers=320,total=183040,per_peer=572,expected=182468,completed=320,min_unique=182468,max_unique=182468
converged (>= 182468/observer) at 114.7s rss_mib=0
control_maxgap_ms: p50=33.79 p95=33.83 max=43.09 (n=320)
control_rss_mib 0
reloadstall_csv_header,reload,peers_total,peers_changed,peers_stable,prefixes,completion_p50_s,completion_p95_s,completion_max_s,changed_maxgap_p50_ms,changed_maxgap_p95_ms,changed_maxgap_max_ms,all_observer_maxgap_p50_ms,all_observer_maxgap_p95_ms,all_observer_maxgap_max_ms,changed_first_generation_update_p50_ms,changed_first_generation_update_p95_ms,changed_first_generation_update_max_ms,rss_before_mib,rss_after_mib,stable_marker_peers,sessions_up,parse_errors
reload 1 reload_cmd wall_us=1791177617147848 policy=/tmp/irr-openbgpd/gen-b.conf
reload request sent.
request processed
reload 1 progress: complete=0/320
reload 1 progress: complete=0/320
reload 1 progress: complete=0/320
reload 1 progress: complete=0/320
reload 1 completion_s: p50=52.42 p95=52.42 max=52.42 (n=320)
reload 1 maxgap_ms: p50=373.08 p95=373.51 max=373.56 (n=320)
reload 1 all_observer_maxgap_ms: p50=373.08 p95=373.51 max=373.56 (n=320)
reload 1 changed_first_generation_update_ms: p50=7249.00 p95=7249.71 max=7373.91 (n=320)
reload 1 rss_mib before=0 after=0 comms_sample=[4286056400]
reload 1 sessions_up 320/320
reload 1 stable_marker_peers 0/0
reload 1 withdrawals: v4 named 0/0 v6 named 0/0 leaked=0 bystander=0 stable=0 duplicate=0
reloadstall_csv,1,320,320,0,183040,52.421949,52.424626,52.424707,373.082,373.509,373.565,373.082,373.509,373.565,7249.003,7249.706,7373.913,0,0,0,320,0
reload 2 reload_cmd wall_us=1791177689722026 policy=/tmp/irr-openbgpd/gen-a.conf
reload request sent.
request processed
reload 2 progress: complete=0/320
reload 2 progress: complete=0/320
reload 2 progress: complete=0/320
reload 2 completion_s: p50=44.01 p95=44.01 max=44.01 (n=320)
reload 2 maxgap_ms: p50=420.73 p95=421.21 max=421.26 (n=320)
reload 2 all_observer_maxgap_ms: p50=420.73 p95=421.21 max=421.26 (n=320)
reload 2 changed_first_generation_update_ms: p50=7297.45 p95=7298.19 max=7413.15 (n=320)
reload 2 rss_mib before=0 after=0 comms_sample=[4286055400]
reload 2 sessions_up 320/320
reload 2 stable_marker_peers 0/0
reload 2 withdrawals: v4 named 0/0 v6 named 0/0 leaked=0 bystander=0 stable=0 duplicate=0
reloadstall_csv,2,320,320,0,183040,44.009606,44.010412,44.010502,420.730,421.213,421.259,420.730,421.213,421.259,7297.452,7298.190,7413.149,0,0,0,320,0
reload 3 reload_cmd wall_us=1791177753826373 policy=/tmp/irr-openbgpd/gen-b.conf
reload request sent.
request processed
reload 3 progress: complete=0/320
reload 3 progress: complete=0/320
reload 3 progress: complete=0/320
reload 3 progress: complete=0/320
reload 3 progress: complete=0/320
reload 3 completion_s: p50=57.88 p95=57.89 max=57.89 (n=320)
reload 3 maxgap_ms: p50=416.13 p95=416.64 max=416.68 (n=320)
reload 3 all_observer_maxgap_ms: p50=416.13 p95=416.64 max=416.68 (n=320)
reload 3 changed_first_generation_update_ms: p50=7338.03 p95=7338.82 max=7605.59 (n=320)
reload 3 rss_mib before=0 after=0 comms_sample=[4286056400]
reload 3 sessions_up 320/320
reload 3 stable_marker_peers 0/0
reload 3 withdrawals: v4 named 0/0 v6 named 0/0 leaked=0 bystander=0 stable=0 duplicate=0
reloadstall_csv,3,320,320,0,183040,57.884992,57.889718,57.894790,416.134,416.638,416.683,416.134,416.638,416.683,7338.028,7338.825,7605.594,0,0,0,320,0
reload 4 reload_cmd wall_us=1791177831766685 policy=/tmp/irr-openbgpd/gen-a.conf
reload request sent.
request processed
reload 4 progress: complete=0/320
reload 4 progress: complete=0/320
reload 4 progress: complete=0/320
reload 4 progress: complete=0/320
reload 4 completion_s: p50=44.92 p95=44.92 max=44.92 (n=320)
reload 4 maxgap_ms: p50=442.51 p95=443.12 max=443.18 (n=320)
reload 4 all_observer_maxgap_ms: p50=442.51 p95=443.12 max=443.18 (n=320)
reload 4 changed_first_generation_update_ms: p50=7336.89 p95=7337.69 max=7530.24 (n=320)
reload 4 rss_mib before=0 after=0 comms_sample=[4286055400]
reload 4 sessions_up 320/320
reload 4 stable_marker_peers 0/0
reload 4 withdrawals: v4 named 0/0 v6 named 0/0 leaked=0 bystander=0 stable=0 duplicate=0
reloadstall_csv,4,320,320,0,183040,44.919843,44.921328,44.923078,442.512,443.115,443.180,442.512,443.115,443.180,7336.890,7337.689,7530.237,0,0,0,320,0
final sessions_up 320/320 parse_errors=0
done rss_mib=0
