# reloadstall peers=320 changed_peers=320 stable_peers=0 prefixes=183040 per_peer=572 pid=0
established 320 at 58.5s
establishment transport_retries=0 recovered_peers=0
first_exact_bitmap,mode=reload,peers=320,total=183040,per_peer=572,expected=182468,completed=320,min_unique=182388,max_unique=182432
converged (>= 182468/observer) at 106.8s rss_mib=0
control_maxgap_ms: p50=22.95 p95=23.12 max=45.74 (n=320)
control_rss_mib 0
reloadstall_csv_header,reload,peers_total,peers_changed,peers_stable,prefixes,completion_p50_s,completion_p95_s,completion_max_s,changed_maxgap_p50_ms,changed_maxgap_p95_ms,changed_maxgap_max_ms,all_observer_maxgap_p50_ms,all_observer_maxgap_p95_ms,all_observer_maxgap_max_ms,changed_first_generation_update_p50_ms,changed_first_generation_update_p95_ms,changed_first_generation_update_max_ms,rss_before_mib,rss_after_mib,stable_marker_peers,sessions_up,parse_errors
reload 1 reload_cmd wall_us=1791104009006819 policy=/tmp/irr-openbgpd/gen-b.conf
reload request sent.
request processed
reload 1 progress: complete=0/320
reload 1 progress: complete=0/320
reload 1 progress: complete=0/320
reload 1 progress: complete=0/320
reload 1 completion_s: p50=54.18 p95=54.19 max=54.19 (n=320)
reload 1 maxgap_ms: p50=375.21 p95=375.55 max=375.60 (n=320)
reload 1 all_observer_maxgap_ms: p50=375.21 p95=375.55 max=375.60 (n=320)
reload 1 changed_first_generation_update_ms: p50=7222.39 p95=7223.76 max=7401.17 (n=320)
reload 1 rss_mib before=0 after=0 comms_sample=[4286056400]
reload 1 sessions_up 320/320
reload 1 stable_marker_peers 0/0
reload 1 withdrawals: v4 named 0/0 v6 named 0/0 leaked=0 bystander=0 stable=0 duplicate=0
reloadstall_csv,1,320,320,0,183040,54.183599,54.188581,54.191694,375.207,375.554,375.595,375.207,375.554,375.595,7222.391,7223.761,7401.169,0,0,0,320,0
reload 2 reload_cmd wall_us=1791104083323449 policy=/tmp/irr-openbgpd/gen-a.conf
reload request sent.
request processed
reload 2 progress: complete=0/320
reload 2 progress: complete=0/320
reload 2 progress: complete=0/320
reload 2 progress: complete=0/320
reload 2 progress: complete=0/320
reload 2 completion_s: p50=58.10 p95=58.11 max=58.11 (n=320)
reload 2 maxgap_ms: p50=430.20 p95=430.75 max=430.81 (n=320)
reload 2 all_observer_maxgap_ms: p50=430.20 p95=430.75 max=430.81 (n=320)
reload 2 changed_first_generation_update_ms: p50=7290.11 p95=7290.91 max=7462.14 (n=320)
reload 2 rss_mib before=0 after=0 comms_sample=[4286055400]
reload 2 sessions_up 320/320
reload 2 stable_marker_peers 0/0
reload 2 withdrawals: v4 named 0/0 v6 named 0/0 leaked=0 bystander=0 stable=0 duplicate=0
reloadstall_csv,2,320,320,0,183040,58.102123,58.106378,58.108040,430.203,430.749,430.806,430.203,430.749,430.806,7290.110,7290.914,7462.135,0,0,0,320,0
reload 3 reload_cmd wall_us=1791104161494098 policy=/tmp/irr-openbgpd/gen-b.conf
reload request sent.
request processed
reload 3 progress: complete=0/320
reload 3 progress: complete=0/320
reload 3 progress: complete=0/320
reload 3 progress: complete=0/320
reload 3 progress: complete=0/320
reload 3 completion_s: p50=62.03 p95=62.03 max=62.03 (n=320)
reload 3 maxgap_ms: p50=411.56 p95=412.08 max=422.75 (n=320)
reload 3 all_observer_maxgap_ms: p50=411.56 p95=412.08 max=422.75 (n=320)
reload 3 changed_first_generation_update_ms: p50=7484.49 p95=7485.38 max=7723.68 (n=320)
reload 3 rss_mib before=0 after=0 comms_sample=[4286056400]
reload 3 sessions_up 320/320
reload 3 stable_marker_peers 0/0
reload 3 withdrawals: v4 named 0/0 v6 named 0/0 leaked=0 bystander=0 stable=0 duplicate=0
reloadstall_csv,3,320,320,0,183040,62.025002,62.025843,62.026908,411.563,412.077,422.746,411.563,412.077,422.746,7484.487,7485.375,7723.679,0,0,0,320,0
reload 4 reload_cmd wall_us=1791104243623265 policy=/tmp/irr-openbgpd/gen-a.conf
reload request sent.
request processed
reload 4 progress: complete=0/320
reload 4 progress: complete=0/320
reload 4 progress: complete=0/320
reload 4 progress: complete=0/320
reload 4 progress: complete=0/320
reload 4 completion_s: p50=59.36 p95=59.36 max=59.36 (n=320)
reload 4 maxgap_ms: p50=464.45 p95=465.03 max=465.09 (n=320)
reload 4 all_observer_maxgap_ms: p50=464.45 p95=465.03 max=465.09 (n=320)
reload 4 changed_first_generation_update_ms: p50=7257.34 p95=7258.15 max=7385.74 (n=320)
reload 4 rss_mib before=0 after=0 comms_sample=[4286055400]
reload 4 sessions_up 320/320
reload 4 stable_marker_peers 0/0
reload 4 withdrawals: v4 named 0/0 v6 named 0/0 leaked=0 bystander=0 stable=0 duplicate=0
reloadstall_csv,4,320,320,0,183040,59.355990,59.358681,59.362196,464.449,465.030,465.086,464.449,465.030,465.086,7257.336,7258.155,7385.745,0,0,0,320,0
final sessions_up 320/320 parse_errors=0
done rss_mib=0
