bird: 2026-07-17 01:50:32.324 [0000] <WARN> nh_glue.ipv4: Ignoring bogus route 127.1.0.0/16 
bird: 2026-07-17 01:50:32.324 [0000] <INFO> Started
bird: 2026-07-17 01:51:17.373 [0000] <INFO> Reconfiguring
bird: 2026-07-17 01:51:17.374 [0000] <INFO> Reloading channel peer0.ipv4 for import
bird: 2026-07-17 01:51:17.374 [0000] <DBG> peer0.ipv4: reloading
bird: 2026-07-17 01:51:17.374 [0000] <INFO> Reloading channel peer0.ipv4 for export
bird: 2026-07-17 01:51:17.374 [0000] <INFO> Reloading channel peer1.ipv4 for import
bird: 2026-07-17 01:51:17.374 [0000] <DBG> peer1.ipv4: reloading
bird: 2026-07-17 01:51:17.374 [0000] <INFO> Reloading channel peer1.ipv4 for export
bird: 2026-07-17 01:51:17.374 [0000] <INFO> Reloading channel peer2.ipv4 for import
bird: 2026-07-17 01:51:17.374 [0000] <DBG> peer2.ipv4: reloading
bird: 2026-07-17 01:51:17.374 [0000] <INFO> Reloading channel peer2.ipv4 for export
bird: 2026-07-17 01:51:17.374 [0000] <INFO> Reloading channel peer3.ipv4 for import
bird: 2026-07-17 01:51:17.374 [0000] <DBG> peer3.ipv4: reloading
bird: 2026-07-17 01:51:17.374 [0000] <INFO> Reloading channel peer3.ipv4 for export
bird: 2026-07-17 01:51:17.374 [0000] <INFO> Reloading channel peer4.ipv4 for import
bird: 2026-07-17 01:51:17.374 [0000] <DBG> peer4.ipv4: reloading
bird: 2026-07-17 01:51:17.374 [0000] <INFO> Reloading channel peer4.ipv4 for export
bird: 2026-07-17 01:51:17.374 [0000] <INFO> Reloading channel peer5.ipv4 for import
bird: 2026-07-17 01:51:17.374 [0000] <DBG> peer5.ipv4: reloading
bird: 2026-07-17 01:51:17.374 [0000] <INFO> Reloading channel peer5.ipv4 for export
bird: 2026-07-17 01:51:17.374 [0000] <INFO> Reloading channel peer6.ipv4 for import
bird: 2026-07-17 01:51:17.374 [0000] <DBG> peer6.ipv4: reloading
bird: 2026-07-17 01:51:17.374 [0000] <INFO> Reloading channel peer6.ipv4 for export
bird: 2026-07-17 01:51:17.374 [0000] <INFO> Reloading channel peer7.ipv4 for import
bird: 2026-07-17 01:51:17.374 [0000] <DBG> peer7.ipv4: reloading
bird: 2026-07-17 01:51:17.374 [0000] <INFO> Reloading channel peer7.ipv4 for export
bird: 2026-07-17 01:51:17.374 [0000] <INFO> Reloading channel peer8.ipv4 for import
bird: 2026-07-17 01:51:17.374 [0000] <DBG> peer8.ipv4: reloading
bird: 2026-07-17 01:51:17.374 [0000] <INFO> Reloading channel peer8.ipv4 for export
bird: 2026-07-17 01:51:17.374 [0000] <INFO> Reloading channel peer9.ipv4 for import
bird: 2026-07-17 01:51:17.374 [0000] <DBG> peer9.ipv4: reloading
bird: 2026-07-17 01:51:17.374 [0000] <INFO> Reloading channel peer9.ipv4 for export
bird: 2026-07-17 01:51:17.374 [0000] <INFO> Reloading channel peer10.ipv4 for import
bird: 2026-07-17 01:51:17.374 [0000] <DBG> peer10.ipv4: reloading
bird: 2026-07-17 01:51:17.374 [0000] <INFO> Reloading channel peer10.ipv4 for export
bird: 2026-07-17 01:51:17.374 [0000] <INFO> Reloading channel peer11.ipv4 for import
bird: 2026-07-17 01:51:17.374 [0000] <DBG> peer11.ipv4: reloading
bird: 2026-07-17 01:51:17.374 [0000] <INFO> Reloading channel peer11.ipv4 for export
bird: 2026-07-17 01:51:17.374 [0000] <INFO> Reloading channel peer12.ipv4 for import
bird: 2026-07-17 01:51:17.374 [0000] <DBG> peer12.ipv4: reloading
bird: 2026-07-17 01:51:17.374 [0000] <INFO> Reloading channel peer12.ipv4 for export
bird: 2026-07-17 01:51:17.374 [0000] <INFO> Reloading channel peer13.ipv4 for import
bird: 2026-07-17 01:51:17.374 [0000] <DBG> peer13.ipv4: reloading
bird: 2026-07-17 01:51:17.374 [0000] <INFO> Reloading channel peer13.ipv4 for export
bird: 2026-07-17 01:51:17.374 [0000] <INFO> Reloading channel peer14.ipv4 for import
bird: 2026-07-17 01:51:17.374 [0000] <DBG> peer14.ipv4: reloading
bird: 2026-07-17 01:51:17.374 [0000] <INFO> Reloading channel peer14.ipv4 for export
bird: 2026-07-17 01:51:17.374 [0000] <INFO> Reloading channel peer15.ipv4 for import
bird: 2026-07-17 01:51:17.374 [0000] <DBG> peer15.ipv4: reloading
bird: 2026-07-17 01:51:17.374 [0000] <INFO> Reloading channel peer15.ipv4 for export
bird: 2026-07-17 01:51:17.374 [0000] <INFO> Reloading channel peer16.ipv4 for import
bird: 2026-07-17 01:51:17.374 [0000] <DBG> peer16.ipv4: reloading
bird: 2026-07-17 01:51:17.374 [0000] <INFO> Reloading channel peer16.ipv4 for export
bird: 2026-07-17 01:51:17.374 [0000] <INFO> Reloading channel peer17.ipv4 for import
bird: 2026-07-17 01:51:17.374 [0000] <DBG> peer17.ipv4: reloading
bird: 2026-07-17 01:51:17.374 [0000] <INFO> Reloading channel peer17.ipv4 for export
bird: 2026-07-17 01:51:17.374 [0000] <INFO> Reloading channel peer18.ipv4 for import
bird: 2026-07-17 01:51:17.374 [0000] <DBG> peer18.ipv4: reloading
bird: 2026-07-17 01:51:17.374 [0000] <INFO> Reloading channel peer18.ipv4 for export
bird: 2026-07-17 01:51:17.374 [0000] <INFO> Reloading channel peer19.ipv4 for import
bird: 2026-07-17 01:51:17.374 [0000] <DBG> peer19.ipv4: reloading
bird: 2026-07-17 01:51:17.374 [0000] <INFO> Reloading channel peer19.ipv4 for export
bird: 2026-07-17 01:51:17.374 [0000] <INFO> Reloading channel peer20.ipv4 for import
bird: 2026-07-17 01:51:17.374 [0000] <DBG> peer20.ipv4: reloading
bird: 2026-07-17 01:51:17.374 [0000] <INFO> Reloading channel peer20.ipv4 for export
bird: 2026-07-17 01:51:17.374 [0000] <INFO> Reloading channel peer21.ipv4 for import
bird: 2026-07-17 01:51:17.374 [0000] <DBG> peer21.ipv4: reloading
bird: 2026-07-17 01:51:17.374 [0000] <INFO> Reloading channel peer21.ipv4 for export
bird: 2026-07-17 01:51:17.374 [0000] <INFO> Reloading channel peer22.ipv4 for import
bird: 2026-07-17 01:51:17.374 [0000] <DBG> peer22.ipv4: reloading
bird: 2026-07-17 01:51:17.374 [0000] <INFO> Reloading channel peer22.ipv4 for export
bird: 2026-07-17 01:51:17.374 [0000] <INFO> Reloading channel peer23.ipv4 for import
bird: 2026-07-17 01:51:17.374 [0000] <DBG> peer23.ipv4: reloading
bird: 2026-07-17 01:51:17.374 [0000] <INFO> Reloading channel peer23.ipv4 for export
bird: 2026-07-17 01:51:17.374 [0000] <INFO> Reloading channel peer24.ipv4 for import
bird: 2026-07-17 01:51:17.374 [0000] <DBG> peer24.ipv4: reloading
bird: 2026-07-17 01:51:17.374 [0000] <INFO> Reloading channel peer24.ipv4 for export
bird: 2026-07-17 01:51:17.374 [0000] <INFO> Reloading channel peer25.ipv4 for import
bird: 2026-07-17 01:51:17.374 [0000] <DBG> peer25.ipv4: reloading
bird: 2026-07-17 01:51:17.374 [0000] <INFO> Reloading channel peer25.ipv4 for export
bird: 2026-07-17 01:51:17.374 [0000] <INFO> Reloading channel peer26.ipv4 for import
bird: 2026-07-17 01:51:17.374 [0000] <DBG> peer26.ipv4: reloading
bird: 2026-07-17 01:51:17.375 [0000] <INFO> Reloading channel peer26.ipv4 for export
bird: 2026-07-17 01:51:17.375 [0000] <INFO> Reloading channel peer27.ipv4 for import
bird: 2026-07-17 01:51:17.375 [0000] <DBG> peer27.ipv4: reloading
bird: 2026-07-17 01:51:17.375 [0000] <INFO> Reloading channel peer27.ipv4 for export
bird: 2026-07-17 01:51:17.375 [0000] <INFO> Reloading channel peer28.ipv4 for import
bird: 2026-07-17 01:51:17.375 [0000] <DBG> peer28.ipv4: reloading
bird: 2026-07-17 01:51:17.375 [0000] <INFO> Reloading channel peer28.ipv4 for export
bird: 2026-07-17 01:51:17.375 [0000] <INFO> Reloading channel peer29.ipv4 for import
bird: 2026-07-17 01:51:17.375 [0000] <DBG> peer29.ipv4: reloading
bird: 2026-07-17 01:51:17.375 [0000] <INFO> Reloading channel peer29.ipv4 for export
bird: 2026-07-17 01:51:17.375 [0000] <INFO> Reloading channel peer30.ipv4 for import
bird: 2026-07-17 01:51:17.375 [0000] <DBG> peer30.ipv4: reloading
bird: 2026-07-17 01:51:17.375 [0000] <INFO> Reloading channel peer30.ipv4 for export
bird: 2026-07-17 01:51:17.375 [0000] <INFO> Reloading channel peer31.ipv4 for import
bird: 2026-07-17 01:51:17.375 [0000] <DBG> peer31.ipv4: reloading
bird: 2026-07-17 01:51:17.375 [0000] <INFO> Reloading channel peer31.ipv4 for export
bird: 2026-07-17 01:51:17.375 [0000] <INFO> Reloading channel peer32.ipv4 for import
bird: 2026-07-17 01:51:17.375 [0000] <DBG> peer32.ipv4: reloading
bird: 2026-07-17 01:51:17.375 [0000] <INFO> Reloading channel peer32.ipv4 for export
bird: 2026-07-17 01:51:17.375 [0000] <INFO> Reloading channel peer33.ipv4 for import
bird: 2026-07-17 01:51:17.375 [0000] <DBG> peer33.ipv4: reloading
bird: 2026-07-17 01:51:17.375 [0000] <INFO> Reloading channel peer33.ipv4 for export
bird: 2026-07-17 01:51:17.375 [0000] <INFO> Reloading channel peer34.ipv4 for import
bird: 2026-07-17 01:51:17.375 [0000] <DBG> peer34.ipv4: reloading
bird: 2026-07-17 01:51:17.375 [0000] <INFO> Reloading channel peer34.ipv4 for export
bird: 2026-07-17 01:51:17.375 [0000] <INFO> Reloading channel peer35.ipv4 for import
bird: 2026-07-17 01:51:17.375 [0000] <DBG> peer35.ipv4: reloading
bird: 2026-07-17 01:51:17.375 [0000] <INFO> Reloading channel peer35.ipv4 for export
bird: 2026-07-17 01:51:17.375 [0000] <INFO> Reloading channel peer36.ipv4 for import
bird: 2026-07-17 01:51:17.375 [0000] <DBG> peer36.ipv4: reloading
bird: 2026-07-17 01:51:17.375 [0000] <INFO> Reloading channel peer36.ipv4 for export
bird: 2026-07-17 01:51:17.375 [0000] <INFO> Reloading channel peer37.ipv4 for import
bird: 2026-07-17 01:51:17.375 [0000] <DBG> peer37.ipv4: reloading
bird: 2026-07-17 01:51:17.375 [0000] <INFO> Reloading channel peer37.ipv4 for export
bird: 2026-07-17 01:51:17.375 [0000] <INFO> Reloading channel peer38.ipv4 for import
bird: 2026-07-17 01:51:17.375 [0000] <DBG> peer38.ipv4: reloading
bird: 2026-07-17 01:51:17.375 [0000] <INFO> Reloading channel peer38.ipv4 for export
bird: 2026-07-17 01:51:17.375 [0000] <INFO> Reloading channel peer39.ipv4 for import
bird: 2026-07-17 01:51:17.375 [0000] <DBG> peer39.ipv4: reloading
bird: 2026-07-17 01:51:17.375 [0000] <INFO> Reloading channel peer39.ipv4 for export
bird: 2026-07-17 01:51:17.375 [0000] <INFO> Reloading channel peer40.ipv4 for import
bird: 2026-07-17 01:51:17.375 [0000] <DBG> peer40.ipv4: reloading
bird: 2026-07-17 01:51:17.375 [0000] <INFO> Reloading channel peer40.ipv4 for export
bird: 2026-07-17 01:51:17.375 [0000] <INFO> Reloading channel peer41.ipv4 for import
bird: 2026-07-17 01:51:17.375 [0000] <DBG> peer41.ipv4: reloading
bird: 2026-07-17 01:51:17.375 [0000] <INFO> Reloading channel peer41.ipv4 for export
bird: 2026-07-17 01:51:17.375 [0000] <INFO> Reloading channel peer42.ipv4 for import
bird: 2026-07-17 01:51:17.375 [0000] <DBG> peer42.ipv4: reloading
bird: 2026-07-17 01:51:17.375 [0000] <INFO> Reloading channel peer42.ipv4 for export
bird: 2026-07-17 01:51:17.375 [0000] <INFO> Reloading channel peer43.ipv4 for import
bird: 2026-07-17 01:51:17.375 [0000] <DBG> peer43.ipv4: reloading
bird: 2026-07-17 01:51:17.375 [0000] <INFO> Reloading channel peer43.ipv4 for export
bird: 2026-07-17 01:51:17.375 [0000] <INFO> Reloading channel peer44.ipv4 for import
bird: 2026-07-17 01:51:17.375 [0000] <DBG> peer44.ipv4: reloading
bird: 2026-07-17 01:51:17.375 [0000] <INFO> Reloading channel peer44.ipv4 for export
bird: 2026-07-17 01:51:17.375 [0000] <INFO> Reloading channel peer45.ipv4 for import
bird: 2026-07-17 01:51:17.375 [0000] <DBG> peer45.ipv4: reloading
bird: 2026-07-17 01:51:17.375 [0000] <INFO> Reloading channel peer45.ipv4 for export
bird: 2026-07-17 01:51:17.375 [0000] <INFO> Reloading channel peer46.ipv4 for import
bird: 2026-07-17 01:51:17.375 [0000] <DBG> peer46.ipv4: reloading
bird: 2026-07-17 01:51:17.375 [0000] <INFO> Reloading channel peer46.ipv4 for export
bird: 2026-07-17 01:51:17.375 [0000] <INFO> Reloading channel peer47.ipv4 for import
bird: 2026-07-17 01:51:17.375 [0000] <DBG> peer47.ipv4: reloading
bird: 2026-07-17 01:51:17.375 [0000] <INFO> Reloading channel peer47.ipv4 for export
bird: 2026-07-17 01:51:17.375 [0000] <INFO> Reloading channel peer48.ipv4 for import
bird: 2026-07-17 01:51:17.375 [0000] <DBG> peer48.ipv4: reloading
bird: 2026-07-17 01:51:17.375 [0000] <INFO> Reloading channel peer48.ipv4 for export
bird: 2026-07-17 01:51:17.375 [0000] <INFO> Reloading channel peer49.ipv4 for import
bird: 2026-07-17 01:51:17.375 [0000] <DBG> peer49.ipv4: reloading
bird: 2026-07-17 01:51:17.375 [0000] <INFO> Reloading channel peer49.ipv4 for export
bird: 2026-07-17 01:51:17.375 [0000] <INFO> Reloading channel peer50.ipv4 for import
bird: 2026-07-17 01:51:17.375 [0000] <DBG> peer50.ipv4: reloading
bird: 2026-07-17 01:51:17.375 [0000] <INFO> Reloading channel peer50.ipv4 for export
bird: 2026-07-17 01:51:17.375 [0000] <INFO> Reloading channel peer51.ipv4 for import
bird: 2026-07-17 01:51:17.375 [0000] <DBG> peer51.ipv4: reloading
bird: 2026-07-17 01:51:17.375 [0000] <INFO> Reloading channel peer51.ipv4 for export
bird: 2026-07-17 01:51:17.375 [0000] <INFO> Reloading channel peer52.ipv4 for import
bird: 2026-07-17 01:51:17.375 [0000] <DBG> peer52.ipv4: reloading
bird: 2026-07-17 01:51:17.375 [0000] <INFO> Reloading channel peer52.ipv4 for export
bird: 2026-07-17 01:51:17.375 [0000] <INFO> Reloading channel peer53.ipv4 for import
bird: 2026-07-17 01:51:17.375 [0000] <DBG> peer53.ipv4: reloading
bird: 2026-07-17 01:51:17.375 [0000] <INFO> Reloading channel peer53.ipv4 for export
bird: 2026-07-17 01:51:17.375 [0000] <INFO> Reloading channel peer54.ipv4 for import
bird: 2026-07-17 01:51:17.375 [0000] <DBG> peer54.ipv4: reloading
bird: 2026-07-17 01:51:17.375 [0000] <INFO> Reloading channel peer54.ipv4 for export
bird: 2026-07-17 01:51:17.375 [0000] <INFO> Reloading channel peer55.ipv4 for import
bird: 2026-07-17 01:51:17.375 [0000] <DBG> peer55.ipv4: reloading
bird: 2026-07-17 01:51:17.375 [0000] <INFO> Reloading channel peer55.ipv4 for export
bird: 2026-07-17 01:51:17.375 [0000] <INFO> Reloading channel peer56.ipv4 for import
bird: 2026-07-17 01:51:17.375 [0000] <DBG> peer56.ipv4: reloading
bird: 2026-07-17 01:51:17.375 [0000] <INFO> Reloading channel peer56.ipv4 for export
bird: 2026-07-17 01:51:17.375 [0000] <INFO> Reloading channel peer57.ipv4 for import
bird: 2026-07-17 01:51:17.375 [0000] <DBG> peer57.ipv4: reloading
bird: 2026-07-17 01:51:17.375 [0000] <INFO> Reloading channel peer57.ipv4 for export
bird: 2026-07-17 01:51:17.375 [0000] <INFO> Reloading channel peer58.ipv4 for import
bird: 2026-07-17 01:51:17.375 [0000] <DBG> peer58.ipv4: reloading
bird: 2026-07-17 01:51:17.375 [0000] <INFO> Reloading channel peer58.ipv4 for export
bird: 2026-07-17 01:51:17.375 [0000] <INFO> Reloading channel peer59.ipv4 for import
bird: 2026-07-17 01:51:17.375 [0000] <DBG> peer59.ipv4: reloading
bird: 2026-07-17 01:51:17.375 [0000] <INFO> Reloading channel peer59.ipv4 for export
bird: 2026-07-17 01:51:17.375 [0000] <INFO> Reloading channel peer60.ipv4 for import
bird: 2026-07-17 01:51:17.375 [0000] <DBG> peer60.ipv4: reloading
bird: 2026-07-17 01:51:17.375 [0000] <INFO> Reloading channel peer60.ipv4 for export
bird: 2026-07-17 01:51:17.375 [0000] <INFO> Reloading channel peer61.ipv4 for import
bird: 2026-07-17 01:51:17.375 [0000] <DBG> peer61.ipv4: reloading
bird: 2026-07-17 01:51:17.375 [0000] <INFO> Reloading channel peer61.ipv4 for export
bird: 2026-07-17 01:51:17.375 [0000] <INFO> Reloading channel peer62.ipv4 for import
bird: 2026-07-17 01:51:17.375 [0000] <DBG> peer62.ipv4: reloading
bird: 2026-07-17 01:51:17.375 [0000] <INFO> Reloading channel peer62.ipv4 for export
bird: 2026-07-17 01:51:17.375 [0000] <INFO> Reloading channel peer63.ipv4 for import
bird: 2026-07-17 01:51:17.375 [0000] <DBG> peer63.ipv4: reloading
bird: 2026-07-17 01:51:17.375 [0000] <INFO> Reloading channel peer63.ipv4 for export
bird: 2026-07-17 01:51:17.375 [0000] <INFO> Reloading channel peer64.ipv4 for import
bird: 2026-07-17 01:51:17.375 [0000] <DBG> peer64.ipv4: reloading
bird: 2026-07-17 01:51:17.375 [0000] <INFO> Reloading channel peer64.ipv4 for export
bird: 2026-07-17 01:51:17.375 [0000] <INFO> Reloading channel peer65.ipv4 for import
bird: 2026-07-17 01:51:17.375 [0000] <DBG> peer65.ipv4: reloading
bird: 2026-07-17 01:51:17.375 [0000] <INFO> Reloading channel peer65.ipv4 for export
bird: 2026-07-17 01:51:17.375 [0000] <INFO> Reloading channel peer66.ipv4 for import
bird: 2026-07-17 01:51:17.375 [0000] <DBG> peer66.ipv4: reloading
bird: 2026-07-17 01:51:17.375 [0000] <INFO> Reloading channel peer66.ipv4 for export
bird: 2026-07-17 01:51:17.375 [0000] <INFO> Reloading channel peer67.ipv4 for import
bird: 2026-07-17 01:51:17.375 [0000] <DBG> peer67.ipv4: reloading
bird: 2026-07-17 01:51:17.375 [0000] <INFO> Reloading channel peer67.ipv4 for export
bird: 2026-07-17 01:51:17.375 [0000] <INFO> Reloading channel peer68.ipv4 for import
bird: 2026-07-17 01:51:17.375 [0000] <DBG> peer68.ipv4: reloading
bird: 2026-07-17 01:51:17.375 [0000] <INFO> Reloading channel peer68.ipv4 for export
bird: 2026-07-17 01:51:17.375 [0000] <INFO> Reloading channel peer69.ipv4 for import
bird: 2026-07-17 01:51:17.375 [0000] <DBG> peer69.ipv4: reloading
bird: 2026-07-17 01:51:17.375 [0000] <INFO> Reloading channel peer69.ipv4 for export
bird: 2026-07-17 01:51:17.375 [0000] <INFO> Reloading channel peer70.ipv4 for import
bird: 2026-07-17 01:51:17.375 [0000] <DBG> peer70.ipv4: reloading
bird: 2026-07-17 01:51:17.375 [0000] <INFO> Reloading channel peer70.ipv4 for export
bird: 2026-07-17 01:51:17.375 [0000] <INFO> Reloading channel peer71.ipv4 for import
bird: 2026-07-17 01:51:17.375 [0000] <DBG> peer71.ipv4: reloading
bird: 2026-07-17 01:51:17.375 [0000] <INFO> Reloading channel peer71.ipv4 for export
bird: 2026-07-17 01:51:17.375 [0000] <INFO> Reloading channel peer72.ipv4 for import
bird: 2026-07-17 01:51:17.375 [0000] <DBG> peer72.ipv4: reloading
bird: 2026-07-17 01:51:17.375 [0000] <INFO> Reloading channel peer72.ipv4 for export
bird: 2026-07-17 01:51:17.375 [0000] <INFO> Reloading channel peer73.ipv4 for import
bird: 2026-07-17 01:51:17.375 [0000] <DBG> peer73.ipv4: reloading
bird: 2026-07-17 01:51:17.375 [0000] <INFO> Reloading channel peer73.ipv4 for export
bird: 2026-07-17 01:51:17.375 [0000] <INFO> Reloading channel peer74.ipv4 for import
bird: 2026-07-17 01:51:17.375 [0000] <DBG> peer74.ipv4: reloading
bird: 2026-07-17 01:51:17.375 [0000] <INFO> Reloading channel peer74.ipv4 for export
bird: 2026-07-17 01:51:17.375 [0000] <INFO> Reloading channel peer75.ipv4 for import
bird: 2026-07-17 01:51:17.375 [0000] <DBG> peer75.ipv4: reloading
bird: 2026-07-17 01:51:17.375 [0000] <INFO> Reloading channel peer75.ipv4 for export
bird: 2026-07-17 01:51:17.375 [0000] <INFO> Reloading channel peer76.ipv4 for import
bird: 2026-07-17 01:51:17.375 [0000] <DBG> peer76.ipv4: reloading
bird: 2026-07-17 01:51:17.375 [0000] <INFO> Reloading channel peer76.ipv4 for export
bird: 2026-07-17 01:51:17.375 [0000] <INFO> Reloading channel peer77.ipv4 for import
bird: 2026-07-17 01:51:17.375 [0000] <DBG> peer77.ipv4: reloading
bird: 2026-07-17 01:51:17.375 [0000] <INFO> Reloading channel peer77.ipv4 for export
bird: 2026-07-17 01:51:17.375 [0000] <INFO> Reloading channel peer78.ipv4 for import
bird: 2026-07-17 01:51:17.375 [0000] <DBG> peer78.ipv4: reloading
bird: 2026-07-17 01:51:17.375 [0000] <INFO> Reloading channel peer78.ipv4 for export
bird: 2026-07-17 01:51:17.375 [0000] <INFO> Reloading channel peer79.ipv4 for import
bird: 2026-07-17 01:51:17.375 [0000] <DBG> peer79.ipv4: reloading
bird: 2026-07-17 01:51:17.375 [0000] <INFO> Reloading channel peer79.ipv4 for export
bird: 2026-07-17 01:51:17.375 [0000] <INFO> Reloading channel peer80.ipv4 for import
bird: 2026-07-17 01:51:17.375 [0000] <DBG> peer80.ipv4: reloading
bird: 2026-07-17 01:51:17.375 [0000] <INFO> Reloading channel peer80.ipv4 for export
bird: 2026-07-17 01:51:17.375 [0000] <INFO> Reloading channel peer81.ipv4 for import
bird: 2026-07-17 01:51:17.375 [0000] <DBG> peer81.ipv4: reloading
bird: 2026-07-17 01:51:17.375 [0000] <INFO> Reloading channel peer81.ipv4 for export
bird: 2026-07-17 01:51:17.375 [0000] <INFO> Reloading channel peer82.ipv4 for import
bird: 2026-07-17 01:51:17.375 [0000] <DBG> peer82.ipv4: reloading
bird: 2026-07-17 01:51:17.375 [0000] <INFO> Reloading channel peer82.ipv4 for export
bird: 2026-07-17 01:51:17.375 [0000] <INFO> Reloading channel peer83.ipv4 for import
bird: 2026-07-17 01:51:17.375 [0000] <DBG> peer83.ipv4: reloading
bird: 2026-07-17 01:51:17.375 [0000] <INFO> Reloading channel peer83.ipv4 for export
bird: 2026-07-17 01:51:17.375 [0000] <INFO> Reloading channel peer84.ipv4 for import
bird: 2026-07-17 01:51:17.375 [0000] <DBG> peer84.ipv4: reloading
bird: 2026-07-17 01:51:17.375 [0000] <INFO> Reloading channel peer84.ipv4 for export
bird: 2026-07-17 01:51:17.375 [0000] <INFO> Reloading channel peer85.ipv4 for import
bird: 2026-07-17 01:51:17.375 [0000] <DBG> peer85.ipv4: reloading
bird: 2026-07-17 01:51:17.375 [0000] <INFO> Reloading channel peer85.ipv4 for export
bird: 2026-07-17 01:51:17.375 [0000] <INFO> Reloading channel peer86.ipv4 for import
bird: 2026-07-17 01:51:17.375 [0000] <DBG> peer86.ipv4: reloading
bird: 2026-07-17 01:51:17.375 [0000] <INFO> Reloading channel peer86.ipv4 for export
bird: 2026-07-17 01:51:17.375 [0000] <INFO> Reloading channel peer87.ipv4 for import
bird: 2026-07-17 01:51:17.375 [0000] <DBG> peer87.ipv4: reloading
bird: 2026-07-17 01:51:17.375 [0000] <INFO> Reloading channel peer87.ipv4 for export
bird: 2026-07-17 01:51:17.375 [0000] <INFO> Reloading channel peer88.ipv4 for import
bird: 2026-07-17 01:51:17.375 [0000] <DBG> peer88.ipv4: reloading
bird: 2026-07-17 01:51:17.375 [0000] <INFO> Reloading channel peer88.ipv4 for export
bird: 2026-07-17 01:51:17.375 [0000] <INFO> Reloading channel peer89.ipv4 for import
bird: 2026-07-17 01:51:17.375 [0000] <DBG> peer89.ipv4: reloading
bird: 2026-07-17 01:51:17.375 [0000] <INFO> Reloading channel peer89.ipv4 for export
bird: 2026-07-17 01:51:17.375 [0000] <INFO> Reloading channel peer90.ipv4 for import
bird: 2026-07-17 01:51:17.375 [0000] <DBG> peer90.ipv4: reloading
bird: 2026-07-17 01:51:17.375 [0000] <INFO> Reloading channel peer90.ipv4 for export
bird: 2026-07-17 01:51:17.375 [0000] <INFO> Reloading channel peer91.ipv4 for import
bird: 2026-07-17 01:51:17.375 [0000] <DBG> peer91.ipv4: reloading
bird: 2026-07-17 01:51:17.375 [0000] <INFO> Reloading channel peer91.ipv4 for export
bird: 2026-07-17 01:51:17.375 [0000] <INFO> Reloading channel peer92.ipv4 for import
bird: 2026-07-17 01:51:17.375 [0000] <DBG> peer92.ipv4: reloading
bird: 2026-07-17 01:51:17.375 [0000] <INFO> Reloading channel peer92.ipv4 for export
bird: 2026-07-17 01:51:17.375 [0000] <INFO> Reloading channel peer93.ipv4 for import
bird: 2026-07-17 01:51:17.375 [0000] <DBG> peer93.ipv4: reloading
bird: 2026-07-17 01:51:17.375 [0000] <INFO> Reloading channel peer93.ipv4 for export
bird: 2026-07-17 01:51:17.375 [0000] <INFO> Reloading channel peer94.ipv4 for import
bird: 2026-07-17 01:51:17.375 [0000] <DBG> peer94.ipv4: reloading
bird: 2026-07-17 01:51:17.375 [0000] <INFO> Reloading channel peer94.ipv4 for export
bird: 2026-07-17 01:51:17.375 [0000] <INFO> Reloading channel peer95.ipv4 for import
bird: 2026-07-17 01:51:17.375 [0000] <DBG> peer95.ipv4: reloading
bird: 2026-07-17 01:51:17.375 [0000] <INFO> Reloading channel peer95.ipv4 for export
bird: 2026-07-17 01:51:17.375 [0000] <INFO> Reloading channel peer96.ipv4 for import
bird: 2026-07-17 01:51:17.375 [0000] <DBG> peer96.ipv4: reloading
bird: 2026-07-17 01:51:17.375 [0000] <INFO> Reloading channel peer96.ipv4 for export
bird: 2026-07-17 01:51:17.375 [0000] <INFO> Reloading channel peer97.ipv4 for import
bird: 2026-07-17 01:51:17.375 [0000] <DBG> peer97.ipv4: reloading
bird: 2026-07-17 01:51:17.375 [0000] <INFO> Reloading channel peer97.ipv4 for export
bird: 2026-07-17 01:51:17.375 [0000] <INFO> Reloading channel peer98.ipv4 for import
bird: 2026-07-17 01:51:17.375 [0000] <DBG> peer98.ipv4: reloading
bird: 2026-07-17 01:51:17.375 [0000] <INFO> Reloading channel peer98.ipv4 for export
bird: 2026-07-17 01:51:17.375 [0000] <INFO> Reloading channel peer99.ipv4 for import
bird: 2026-07-17 01:51:17.375 [0000] <DBG> peer99.ipv4: reloading
bird: 2026-07-17 01:51:17.375 [0000] <INFO> Reloading channel peer99.ipv4 for export
bird: 2026-07-17 01:51:17.375 [0000] <INFO> Reloading channel peer100.ipv4 for import
bird: 2026-07-17 01:51:17.375 [0000] <DBG> peer100.ipv4: reloading
bird: 2026-07-17 01:51:17.375 [0000] <INFO> Reloading channel peer100.ipv4 for export
bird: 2026-07-17 01:51:17.375 [0000] <INFO> Reloading channel peer101.ipv4 for import
bird: 2026-07-17 01:51:17.375 [0000] <DBG> peer101.ipv4: reloading
bird: 2026-07-17 01:51:17.375 [0000] <INFO> Reloading channel peer101.ipv4 for export
bird: 2026-07-17 01:51:17.375 [0000] <INFO> Reloading channel peer102.ipv4 for import
bird: 2026-07-17 01:51:17.375 [0000] <DBG> peer102.ipv4: reloading
bird: 2026-07-17 01:51:17.375 [0000] <INFO> Reloading channel peer102.ipv4 for export
bird: 2026-07-17 01:51:17.375 [0000] <INFO> Reloading channel peer103.ipv4 for import
bird: 2026-07-17 01:51:17.375 [0000] <DBG> peer103.ipv4: reloading
bird: 2026-07-17 01:51:17.375 [0000] <INFO> Reloading channel peer103.ipv4 for export
bird: 2026-07-17 01:51:17.375 [0000] <INFO> Reloading channel peer104.ipv4 for import
bird: 2026-07-17 01:51:17.375 [0000] <DBG> peer104.ipv4: reloading
bird: 2026-07-17 01:51:17.375 [0000] <INFO> Reloading channel peer104.ipv4 for export
bird: 2026-07-17 01:51:17.375 [0000] <INFO> Reloading channel peer105.ipv4 for import
bird: 2026-07-17 01:51:17.375 [0000] <DBG> peer105.ipv4: reloading
bird: 2026-07-17 01:51:17.375 [0000] <INFO> Reloading channel peer105.ipv4 for export
bird: 2026-07-17 01:51:17.375 [0000] <INFO> Reloading channel peer106.ipv4 for import
bird: 2026-07-17 01:51:17.375 [0000] <DBG> peer106.ipv4: reloading
bird: 2026-07-17 01:51:17.375 [0000] <INFO> Reloading channel peer106.ipv4 for export
bird: 2026-07-17 01:51:17.375 [0000] <INFO> Reloading channel peer107.ipv4 for import
bird: 2026-07-17 01:51:17.375 [0000] <DBG> peer107.ipv4: reloading
bird: 2026-07-17 01:51:17.375 [0000] <INFO> Reloading channel peer107.ipv4 for export
bird: 2026-07-17 01:51:17.375 [0000] <INFO> Reloading channel peer108.ipv4 for import
bird: 2026-07-17 01:51:17.375 [0000] <DBG> peer108.ipv4: reloading
bird: 2026-07-17 01:51:17.375 [0000] <INFO> Reloading channel peer108.ipv4 for export
bird: 2026-07-17 01:51:17.375 [0000] <INFO> Reloading channel peer109.ipv4 for import
bird: 2026-07-17 01:51:17.375 [0000] <DBG> peer109.ipv4: reloading
bird: 2026-07-17 01:51:17.375 [0000] <INFO> Reloading channel peer109.ipv4 for export
bird: 2026-07-17 01:51:17.375 [0000] <INFO> Reloading channel peer110.ipv4 for import
bird: 2026-07-17 01:51:17.375 [0000] <DBG> peer110.ipv4: reloading
bird: 2026-07-17 01:51:17.375 [0000] <INFO> Reloading channel peer110.ipv4 for export
bird: 2026-07-17 01:51:17.375 [0000] <INFO> Reloading channel peer111.ipv4 for import
bird: 2026-07-17 01:51:17.375 [0000] <DBG> peer111.ipv4: reloading
bird: 2026-07-17 01:51:17.375 [0000] <INFO> Reloading channel peer111.ipv4 for export
bird: 2026-07-17 01:51:17.375 [0000] <INFO> Reloading channel peer112.ipv4 for import
bird: 2026-07-17 01:51:17.375 [0000] <DBG> peer112.ipv4: reloading
bird: 2026-07-17 01:51:17.375 [0000] <INFO> Reloading channel peer112.ipv4 for export
bird: 2026-07-17 01:51:17.375 [0000] <INFO> Reloading channel peer113.ipv4 for import
bird: 2026-07-17 01:51:17.375 [0000] <DBG> peer113.ipv4: reloading
bird: 2026-07-17 01:51:17.375 [0000] <INFO> Reloading channel peer113.ipv4 for export
bird: 2026-07-17 01:51:17.375 [0000] <INFO> Reloading channel peer114.ipv4 for import
bird: 2026-07-17 01:51:17.375 [0000] <DBG> peer114.ipv4: reloading
bird: 2026-07-17 01:51:17.375 [0000] <INFO> Reloading channel peer114.ipv4 for export
bird: 2026-07-17 01:51:17.375 [0000] <INFO> Reloading channel peer115.ipv4 for import
bird: 2026-07-17 01:51:17.375 [0000] <DBG> peer115.ipv4: reloading
bird: 2026-07-17 01:51:17.375 [0000] <INFO> Reloading channel peer115.ipv4 for export
bird: 2026-07-17 01:51:17.375 [0000] <INFO> Reloading channel peer116.ipv4 for import
bird: 2026-07-17 01:51:17.375 [0000] <DBG> peer116.ipv4: reloading
bird: 2026-07-17 01:51:17.375 [0000] <INFO> Reloading channel peer116.ipv4 for export
bird: 2026-07-17 01:51:17.375 [0000] <INFO> Reloading channel peer117.ipv4 for import
bird: 2026-07-17 01:51:17.375 [0000] <DBG> peer117.ipv4: reloading
bird: 2026-07-17 01:51:17.375 [0000] <INFO> Reloading channel peer117.ipv4 for export
bird: 2026-07-17 01:51:17.375 [0000] <INFO> Reloading channel peer118.ipv4 for import
bird: 2026-07-17 01:51:17.375 [0000] <DBG> peer118.ipv4: reloading
bird: 2026-07-17 01:51:17.375 [0000] <INFO> Reloading channel peer118.ipv4 for export
bird: 2026-07-17 01:51:17.375 [0000] <INFO> Reloading channel peer119.ipv4 for import
bird: 2026-07-17 01:51:17.375 [0000] <DBG> peer119.ipv4: reloading
bird: 2026-07-17 01:51:17.375 [0000] <INFO> Reloading channel peer119.ipv4 for export
bird: 2026-07-17 01:51:17.375 [0000] <INFO> Reloading channel peer120.ipv4 for import
bird: 2026-07-17 01:51:17.375 [0000] <DBG> peer120.ipv4: reloading
bird: 2026-07-17 01:51:17.375 [0000] <INFO> Reloading channel peer120.ipv4 for export
bird: 2026-07-17 01:51:17.375 [0000] <INFO> Reloading channel peer121.ipv4 for import
bird: 2026-07-17 01:51:17.375 [0000] <DBG> peer121.ipv4: reloading
bird: 2026-07-17 01:51:17.375 [0000] <INFO> Reloading channel peer121.ipv4 for export
bird: 2026-07-17 01:51:17.375 [0000] <INFO> Reloading channel peer122.ipv4 for import
bird: 2026-07-17 01:51:17.375 [0000] <DBG> peer122.ipv4: reloading
bird: 2026-07-17 01:51:17.375 [0000] <INFO> Reloading channel peer122.ipv4 for export
bird: 2026-07-17 01:51:17.375 [0000] <INFO> Reloading channel peer123.ipv4 for import
bird: 2026-07-17 01:51:17.375 [0000] <DBG> peer123.ipv4: reloading
bird: 2026-07-17 01:51:17.375 [0000] <INFO> Reloading channel peer123.ipv4 for export
bird: 2026-07-17 01:51:17.375 [0000] <INFO> Reloading channel peer124.ipv4 for import
bird: 2026-07-17 01:51:17.375 [0000] <DBG> peer124.ipv4: reloading
bird: 2026-07-17 01:51:17.375 [0000] <INFO> Reloading channel peer124.ipv4 for export
bird: 2026-07-17 01:51:17.375 [0000] <INFO> Reloading channel peer125.ipv4 for import
bird: 2026-07-17 01:51:17.375 [0000] <DBG> peer125.ipv4: reloading
bird: 2026-07-17 01:51:17.375 [0000] <INFO> Reloading channel peer125.ipv4 for export
bird: 2026-07-17 01:51:17.375 [0000] <INFO> Reloading channel peer126.ipv4 for import
bird: 2026-07-17 01:51:17.375 [0000] <DBG> peer126.ipv4: reloading
bird: 2026-07-17 01:51:17.375 [0000] <INFO> Reloading channel peer126.ipv4 for export
bird: 2026-07-17 01:51:17.375 [0000] <INFO> Reloading channel peer127.ipv4 for import
bird: 2026-07-17 01:51:17.375 [0000] <DBG> peer127.ipv4: reloading
bird: 2026-07-17 01:51:17.375 [0000] <INFO> Reloading channel peer127.ipv4 for export
bird: 2026-07-17 01:51:17.375 [0000] <INFO> Reloading channel peer128.ipv4 for import
bird: 2026-07-17 01:51:17.375 [0000] <DBG> peer128.ipv4: reloading
bird: 2026-07-17 01:51:17.375 [0000] <INFO> Reloading channel peer128.ipv4 for export
bird: 2026-07-17 01:51:17.375 [0000] <INFO> Reloading channel peer129.ipv4 for import
bird: 2026-07-17 01:51:17.375 [0000] <DBG> peer129.ipv4: reloading
bird: 2026-07-17 01:51:17.375 [0000] <INFO> Reloading channel peer129.ipv4 for export
bird: 2026-07-17 01:51:17.375 [0000] <INFO> Reloading channel peer130.ipv4 for import
bird: 2026-07-17 01:51:17.375 [0000] <DBG> peer130.ipv4: reloading
bird: 2026-07-17 01:51:17.375 [0000] <INFO> Reloading channel peer130.ipv4 for export
bird: 2026-07-17 01:51:17.375 [0000] <INFO> Reloading channel peer131.ipv4 for import
bird: 2026-07-17 01:51:17.375 [0000] <DBG> peer131.ipv4: reloading
bird: 2026-07-17 01:51:17.375 [0000] <INFO> Reloading channel peer131.ipv4 for export
bird: 2026-07-17 01:51:17.375 [0000] <INFO> Reloading channel peer132.ipv4 for import
bird: 2026-07-17 01:51:17.375 [0000] <DBG> peer132.ipv4: reloading
bird: 2026-07-17 01:51:17.375 [0000] <INFO> Reloading channel peer132.ipv4 for export
bird: 2026-07-17 01:51:17.375 [0000] <INFO> Reloading channel peer133.ipv4 for import
bird: 2026-07-17 01:51:17.375 [0000] <DBG> peer133.ipv4: reloading
bird: 2026-07-17 01:51:17.375 [0000] <INFO> Reloading channel peer133.ipv4 for export
bird: 2026-07-17 01:51:17.375 [0000] <INFO> Reloading channel peer134.ipv4 for import
bird: 2026-07-17 01:51:17.375 [0000] <DBG> peer134.ipv4: reloading
bird: 2026-07-17 01:51:17.375 [0000] <INFO> Reloading channel peer134.ipv4 for export
bird: 2026-07-17 01:51:17.375 [0000] <INFO> Reloading channel peer135.ipv4 for import
bird: 2026-07-17 01:51:17.375 [0000] <DBG> peer135.ipv4: reloading
bird: 2026-07-17 01:51:17.375 [0000] <INFO> Reloading channel peer135.ipv4 for export
bird: 2026-07-17 01:51:17.375 [0000] <INFO> Reloading channel peer136.ipv4 for import
bird: 2026-07-17 01:51:17.375 [0000] <DBG> peer136.ipv4: reloading
bird: 2026-07-17 01:51:17.375 [0000] <INFO> Reloading channel peer136.ipv4 for export
bird: 2026-07-17 01:51:17.375 [0000] <INFO> Reloading channel peer137.ipv4 for import
bird: 2026-07-17 01:51:17.375 [0000] <DBG> peer137.ipv4: reloading
bird: 2026-07-17 01:51:17.375 [0000] <INFO> Reloading channel peer137.ipv4 for export
bird: 2026-07-17 01:51:17.375 [0000] <INFO> Reloading channel peer138.ipv4 for import
bird: 2026-07-17 01:51:17.375 [0000] <DBG> peer138.ipv4: reloading
bird: 2026-07-17 01:51:17.375 [0000] <INFO> Reloading channel peer138.ipv4 for export
bird: 2026-07-17 01:51:17.375 [0000] <INFO> Reloading channel peer139.ipv4 for import
bird: 2026-07-17 01:51:17.375 [0000] <DBG> peer139.ipv4: reloading
bird: 2026-07-17 01:51:17.375 [0000] <INFO> Reloading channel peer139.ipv4 for export
bird: 2026-07-17 01:51:17.375 [0000] <INFO> Reloading channel peer140.ipv4 for import
bird: 2026-07-17 01:51:17.375 [0000] <DBG> peer140.ipv4: reloading
bird: 2026-07-17 01:51:17.375 [0000] <INFO> Reloading channel peer140.ipv4 for export
bird: 2026-07-17 01:51:17.375 [0000] <INFO> Reloading channel peer141.ipv4 for import
bird: 2026-07-17 01:51:17.375 [0000] <DBG> peer141.ipv4: reloading
bird: 2026-07-17 01:51:17.375 [0000] <INFO> Reloading channel peer141.ipv4 for export
bird: 2026-07-17 01:51:17.375 [0000] <INFO> Reloading channel peer142.ipv4 for import
bird: 2026-07-17 01:51:17.375 [0000] <DBG> peer142.ipv4: reloading
bird: 2026-07-17 01:51:17.375 [0000] <INFO> Reloading channel peer142.ipv4 for export
bird: 2026-07-17 01:51:17.375 [0000] <INFO> Reloading channel peer143.ipv4 for import
bird: 2026-07-17 01:51:17.375 [0000] <DBG> peer143.ipv4: reloading
bird: 2026-07-17 01:51:17.375 [0000] <INFO> Reloading channel peer143.ipv4 for export
bird: 2026-07-17 01:51:17.375 [0000] <INFO> Reloading channel peer144.ipv4 for import
bird: 2026-07-17 01:51:17.375 [0000] <DBG> peer144.ipv4: reloading
bird: 2026-07-17 01:51:17.375 [0000] <INFO> Reloading channel peer144.ipv4 for export
bird: 2026-07-17 01:51:17.375 [0000] <INFO> Reloading channel peer145.ipv4 for import
bird: 2026-07-17 01:51:17.375 [0000] <DBG> peer145.ipv4: reloading
bird: 2026-07-17 01:51:17.375 [0000] <INFO> Reloading channel peer145.ipv4 for export
bird: 2026-07-17 01:51:17.375 [0000] <INFO> Reloading channel peer146.ipv4 for import
bird: 2026-07-17 01:51:17.375 [0000] <DBG> peer146.ipv4: reloading
bird: 2026-07-17 01:51:17.375 [0000] <INFO> Reloading channel peer146.ipv4 for export
bird: 2026-07-17 01:51:17.375 [0000] <INFO> Reloading channel peer147.ipv4 for import
bird: 2026-07-17 01:51:17.375 [0000] <DBG> peer147.ipv4: reloading
bird: 2026-07-17 01:51:17.375 [0000] <INFO> Reloading channel peer147.ipv4 for export
bird: 2026-07-17 01:51:17.375 [0000] <INFO> Reloading channel peer148.ipv4 for import
bird: 2026-07-17 01:51:17.375 [0000] <DBG> peer148.ipv4: reloading
bird: 2026-07-17 01:51:17.375 [0000] <INFO> Reloading channel peer148.ipv4 for export
bird: 2026-07-17 01:51:17.375 [0000] <INFO> Reloading channel peer149.ipv4 for import
bird: 2026-07-17 01:51:17.375 [0000] <DBG> peer149.ipv4: reloading
bird: 2026-07-17 01:51:17.375 [0000] <INFO> Reloading channel peer149.ipv4 for export
bird: 2026-07-17 01:51:17.375 [0000] <INFO> Reloading channel peer150.ipv4 for import
bird: 2026-07-17 01:51:17.375 [0000] <DBG> peer150.ipv4: reloading
bird: 2026-07-17 01:51:17.375 [0000] <INFO> Reloading channel peer150.ipv4 for export
bird: 2026-07-17 01:51:17.375 [0000] <INFO> Reloading channel peer151.ipv4 for import
bird: 2026-07-17 01:51:17.375 [0000] <DBG> peer151.ipv4: reloading
bird: 2026-07-17 01:51:17.375 [0000] <INFO> Reloading channel peer151.ipv4 for export
bird: 2026-07-17 01:51:17.375 [0000] <INFO> Reloading channel peer152.ipv4 for import
bird: 2026-07-17 01:51:17.375 [0000] <DBG> peer152.ipv4: reloading
bird: 2026-07-17 01:51:17.375 [0000] <INFO> Reloading channel peer152.ipv4 for export
bird: 2026-07-17 01:51:17.375 [0000] <INFO> Reloading channel peer153.ipv4 for import
bird: 2026-07-17 01:51:17.375 [0000] <DBG> peer153.ipv4: reloading
bird: 2026-07-17 01:51:17.375 [0000] <INFO> Reloading channel peer153.ipv4 for export
bird: 2026-07-17 01:51:17.375 [0000] <INFO> Reloading channel peer154.ipv4 for import
bird: 2026-07-17 01:51:17.375 [0000] <DBG> peer154.ipv4: reloading
bird: 2026-07-17 01:51:17.375 [0000] <INFO> Reloading channel peer154.ipv4 for export
bird: 2026-07-17 01:51:17.375 [0000] <INFO> Reloading channel peer155.ipv4 for import
bird: 2026-07-17 01:51:17.375 [0000] <DBG> peer155.ipv4: reloading
bird: 2026-07-17 01:51:17.375 [0000] <INFO> Reloading channel peer155.ipv4 for export
bird: 2026-07-17 01:51:17.375 [0000] <INFO> Reloading channel peer156.ipv4 for import
bird: 2026-07-17 01:51:17.375 [0000] <DBG> peer156.ipv4: reloading
bird: 2026-07-17 01:51:17.375 [0000] <INFO> Reloading channel peer156.ipv4 for export
bird: 2026-07-17 01:51:17.375 [0000] <INFO> Reloading channel peer157.ipv4 for import
bird: 2026-07-17 01:51:17.375 [0000] <DBG> peer157.ipv4: reloading
bird: 2026-07-17 01:51:17.375 [0000] <INFO> Reloading channel peer157.ipv4 for export
bird: 2026-07-17 01:51:17.375 [0000] <INFO> Reloading channel peer158.ipv4 for import
bird: 2026-07-17 01:51:17.375 [0000] <DBG> peer158.ipv4: reloading
bird: 2026-07-17 01:51:17.375 [0000] <INFO> Reloading channel peer158.ipv4 for export
bird: 2026-07-17 01:51:17.375 [0000] <INFO> Reloading channel peer159.ipv4 for import
bird: 2026-07-17 01:51:17.375 [0000] <DBG> peer159.ipv4: reloading
bird: 2026-07-17 01:51:17.375 [0000] <INFO> Reloading channel peer159.ipv4 for export
bird: 2026-07-17 01:51:17.375 [0000] <INFO> Reloading channel peer160.ipv4 for import
bird: 2026-07-17 01:51:17.375 [0000] <DBG> peer160.ipv4: reloading
bird: 2026-07-17 01:51:17.375 [0000] <INFO> Reloading channel peer160.ipv4 for export
bird: 2026-07-17 01:51:17.375 [0000] <INFO> Reloading channel peer161.ipv4 for import
bird: 2026-07-17 01:51:17.375 [0000] <DBG> peer161.ipv4: reloading
bird: 2026-07-17 01:51:17.375 [0000] <INFO> Reloading channel peer161.ipv4 for export
bird: 2026-07-17 01:51:17.375 [0000] <INFO> Reloading channel peer162.ipv4 for import
bird: 2026-07-17 01:51:17.375 [0000] <DBG> peer162.ipv4: reloading
bird: 2026-07-17 01:51:17.375 [0000] <INFO> Reloading channel peer162.ipv4 for export
bird: 2026-07-17 01:51:17.375 [0000] <INFO> Reloading channel peer163.ipv4 for import
bird: 2026-07-17 01:51:17.375 [0000] <DBG> peer163.ipv4: reloading
bird: 2026-07-17 01:51:17.375 [0000] <INFO> Reloading channel peer163.ipv4 for export
bird: 2026-07-17 01:51:17.375 [0000] <INFO> Reloading channel peer164.ipv4 for import
bird: 2026-07-17 01:51:17.375 [0000] <DBG> peer164.ipv4: reloading
bird: 2026-07-17 01:51:17.375 [0000] <INFO> Reloading channel peer164.ipv4 for export
bird: 2026-07-17 01:51:17.375 [0000] <INFO> Reloading channel peer165.ipv4 for import
bird: 2026-07-17 01:51:17.375 [0000] <DBG> peer165.ipv4: reloading
bird: 2026-07-17 01:51:17.375 [0000] <INFO> Reloading channel peer165.ipv4 for export
bird: 2026-07-17 01:51:17.375 [0000] <INFO> Reloading channel peer166.ipv4 for import
bird: 2026-07-17 01:51:17.375 [0000] <DBG> peer166.ipv4: reloading
bird: 2026-07-17 01:51:17.375 [0000] <INFO> Reloading channel peer166.ipv4 for export
bird: 2026-07-17 01:51:17.375 [0000] <INFO> Reloading channel peer167.ipv4 for import
bird: 2026-07-17 01:51:17.375 [0000] <DBG> peer167.ipv4: reloading
bird: 2026-07-17 01:51:17.375 [0000] <INFO> Reloading channel peer167.ipv4 for export
bird: 2026-07-17 01:51:17.375 [0000] <INFO> Reloading channel peer168.ipv4 for import
bird: 2026-07-17 01:51:17.375 [0000] <DBG> peer168.ipv4: reloading
bird: 2026-07-17 01:51:17.375 [0000] <INFO> Reloading channel peer168.ipv4 for export
bird: 2026-07-17 01:51:17.375 [0000] <INFO> Reloading channel peer169.ipv4 for import
bird: 2026-07-17 01:51:17.375 [0000] <DBG> peer169.ipv4: reloading
bird: 2026-07-17 01:51:17.375 [0000] <INFO> Reloading channel peer169.ipv4 for export
bird: 2026-07-17 01:51:17.375 [0000] <INFO> Reloading channel peer170.ipv4 for import
bird: 2026-07-17 01:51:17.375 [0000] <DBG> peer170.ipv4: reloading
bird: 2026-07-17 01:51:17.375 [0000] <INFO> Reloading channel peer170.ipv4 for export
bird: 2026-07-17 01:51:17.375 [0000] <INFO> Reloading channel peer171.ipv4 for import
bird: 2026-07-17 01:51:17.375 [0000] <DBG> peer171.ipv4: reloading
bird: 2026-07-17 01:51:17.375 [0000] <INFO> Reloading channel peer171.ipv4 for export
bird: 2026-07-17 01:51:17.375 [0000] <INFO> Reloading channel peer172.ipv4 for import
bird: 2026-07-17 01:51:17.375 [0000] <DBG> peer172.ipv4: reloading
bird: 2026-07-17 01:51:17.375 [0000] <INFO> Reloading channel peer172.ipv4 for export
bird: 2026-07-17 01:51:17.375 [0000] <INFO> Reloading channel peer173.ipv4 for import
bird: 2026-07-17 01:51:17.375 [0000] <DBG> peer173.ipv4: reloading
bird: 2026-07-17 01:51:17.375 [0000] <INFO> Reloading channel peer173.ipv4 for export
bird: 2026-07-17 01:51:17.375 [0000] <INFO> Reloading channel peer174.ipv4 for import
bird: 2026-07-17 01:51:17.375 [0000] <DBG> peer174.ipv4: reloading
bird: 2026-07-17 01:51:17.375 [0000] <INFO> Reloading channel peer174.ipv4 for export
bird: 2026-07-17 01:51:17.375 [0000] <INFO> Reloading channel peer175.ipv4 for import
bird: 2026-07-17 01:51:17.375 [0000] <DBG> peer175.ipv4: reloading
bird: 2026-07-17 01:51:17.375 [0000] <INFO> Reloading channel peer175.ipv4 for export
bird: 2026-07-17 01:51:17.375 [0000] <INFO> Reloading channel peer176.ipv4 for import
bird: 2026-07-17 01:51:17.375 [0000] <DBG> peer176.ipv4: reloading
bird: 2026-07-17 01:51:17.375 [0000] <INFO> Reloading channel peer176.ipv4 for export
bird: 2026-07-17 01:51:17.375 [0000] <INFO> Reloading channel peer177.ipv4 for import
bird: 2026-07-17 01:51:17.375 [0000] <DBG> peer177.ipv4: reloading
bird: 2026-07-17 01:51:17.375 [0000] <INFO> Reloading channel peer177.ipv4 for export
bird: 2026-07-17 01:51:17.375 [0000] <INFO> Reloading channel peer178.ipv4 for import
bird: 2026-07-17 01:51:17.375 [0000] <DBG> peer178.ipv4: reloading
bird: 2026-07-17 01:51:17.375 [0000] <INFO> Reloading channel peer178.ipv4 for export
bird: 2026-07-17 01:51:17.375 [0000] <INFO> Reloading channel peer179.ipv4 for import
bird: 2026-07-17 01:51:17.375 [0000] <DBG> peer179.ipv4: reloading
bird: 2026-07-17 01:51:17.375 [0000] <INFO> Reloading channel peer179.ipv4 for export
bird: 2026-07-17 01:51:17.375 [0000] <INFO> Reloading channel peer180.ipv4 for import
bird: 2026-07-17 01:51:17.375 [0000] <DBG> peer180.ipv4: reloading
bird: 2026-07-17 01:51:17.375 [0000] <INFO> Reloading channel peer180.ipv4 for export
bird: 2026-07-17 01:51:17.375 [0000] <INFO> Reloading channel peer181.ipv4 for import
bird: 2026-07-17 01:51:17.375 [0000] <DBG> peer181.ipv4: reloading
bird: 2026-07-17 01:51:17.375 [0000] <INFO> Reloading channel peer181.ipv4 for export
bird: 2026-07-17 01:51:17.375 [0000] <INFO> Reloading channel peer182.ipv4 for import
bird: 2026-07-17 01:51:17.375 [0000] <DBG> peer182.ipv4: reloading
bird: 2026-07-17 01:51:17.375 [0000] <INFO> Reloading channel peer182.ipv4 for export
bird: 2026-07-17 01:51:17.375 [0000] <INFO> Reloading channel peer183.ipv4 for import
bird: 2026-07-17 01:51:17.375 [0000] <DBG> peer183.ipv4: reloading
bird: 2026-07-17 01:51:17.375 [0000] <INFO> Reloading channel peer183.ipv4 for export
bird: 2026-07-17 01:51:17.375 [0000] <INFO> Reloading channel peer184.ipv4 for import
bird: 2026-07-17 01:51:17.375 [0000] <DBG> peer184.ipv4: reloading
bird: 2026-07-17 01:51:17.375 [0000] <INFO> Reloading channel peer184.ipv4 for export
bird: 2026-07-17 01:51:17.375 [0000] <INFO> Reloading channel peer185.ipv4 for import
bird: 2026-07-17 01:51:17.375 [0000] <DBG> peer185.ipv4: reloading
bird: 2026-07-17 01:51:17.375 [0000] <INFO> Reloading channel peer185.ipv4 for export
bird: 2026-07-17 01:51:17.375 [0000] <INFO> Reloading channel peer186.ipv4 for import
bird: 2026-07-17 01:51:17.375 [0000] <DBG> peer186.ipv4: reloading
bird: 2026-07-17 01:51:17.375 [0000] <INFO> Reloading channel peer186.ipv4 for export
bird: 2026-07-17 01:51:17.375 [0000] <INFO> Reloading channel peer187.ipv4 for import
bird: 2026-07-17 01:51:17.375 [0000] <DBG> peer187.ipv4: reloading
bird: 2026-07-17 01:51:17.375 [0000] <INFO> Reloading channel peer187.ipv4 for export
bird: 2026-07-17 01:51:17.375 [0000] <INFO> Reloading channel peer188.ipv4 for import
bird: 2026-07-17 01:51:17.375 [0000] <DBG> peer188.ipv4: reloading
bird: 2026-07-17 01:51:17.375 [0000] <INFO> Reloading channel peer188.ipv4 for export
bird: 2026-07-17 01:51:17.375 [0000] <INFO> Reloading channel peer189.ipv4 for import
bird: 2026-07-17 01:51:17.375 [0000] <DBG> peer189.ipv4: reloading
bird: 2026-07-17 01:51:17.375 [0000] <INFO> Reloading channel peer189.ipv4 for export
bird: 2026-07-17 01:51:17.375 [0000] <INFO> Reloading channel peer190.ipv4 for import
bird: 2026-07-17 01:51:17.375 [0000] <DBG> peer190.ipv4: reloading
bird: 2026-07-17 01:51:17.375 [0000] <INFO> Reloading channel peer190.ipv4 for export
bird: 2026-07-17 01:51:17.375 [0000] <INFO> Reloading channel peer191.ipv4 for import
bird: 2026-07-17 01:51:17.375 [0000] <DBG> peer191.ipv4: reloading
bird: 2026-07-17 01:51:17.375 [0000] <INFO> Reloading channel peer191.ipv4 for export
bird: 2026-07-17 01:51:17.375 [0000] <INFO> Reloading channel peer192.ipv4 for import
bird: 2026-07-17 01:51:17.375 [0000] <DBG> peer192.ipv4: reloading
bird: 2026-07-17 01:51:17.375 [0000] <INFO> Reloading channel peer192.ipv4 for export
bird: 2026-07-17 01:51:17.375 [0000] <INFO> Reloading channel peer193.ipv4 for import
bird: 2026-07-17 01:51:17.375 [0000] <DBG> peer193.ipv4: reloading
bird: 2026-07-17 01:51:17.375 [0000] <INFO> Reloading channel peer193.ipv4 for export
bird: 2026-07-17 01:51:17.375 [0000] <INFO> Reloading channel peer194.ipv4 for import
bird: 2026-07-17 01:51:17.375 [0000] <DBG> peer194.ipv4: reloading
bird: 2026-07-17 01:51:17.375 [0000] <INFO> Reloading channel peer194.ipv4 for export
bird: 2026-07-17 01:51:17.375 [0000] <INFO> Reloading channel peer195.ipv4 for import
bird: 2026-07-17 01:51:17.375 [0000] <DBG> peer195.ipv4: reloading
bird: 2026-07-17 01:51:17.375 [0000] <INFO> Reloading channel peer195.ipv4 for export
bird: 2026-07-17 01:51:17.375 [0000] <INFO> Reloading channel peer196.ipv4 for import
bird: 2026-07-17 01:51:17.375 [0000] <DBG> peer196.ipv4: reloading
bird: 2026-07-17 01:51:17.375 [0000] <INFO> Reloading channel peer196.ipv4 for export
bird: 2026-07-17 01:51:17.375 [0000] <INFO> Reloading channel peer197.ipv4 for import
bird: 2026-07-17 01:51:17.375 [0000] <DBG> peer197.ipv4: reloading
bird: 2026-07-17 01:51:17.375 [0000] <INFO> Reloading channel peer197.ipv4 for export
bird: 2026-07-17 01:51:17.375 [0000] <INFO> Reloading channel peer198.ipv4 for import
bird: 2026-07-17 01:51:17.375 [0000] <DBG> peer198.ipv4: reloading
bird: 2026-07-17 01:51:17.375 [0000] <INFO> Reloading channel peer198.ipv4 for export
bird: 2026-07-17 01:51:17.375 [0000] <INFO> Reloading channel peer199.ipv4 for import
bird: 2026-07-17 01:51:17.375 [0000] <DBG> peer199.ipv4: reloading
bird: 2026-07-17 01:51:17.375 [0000] <INFO> Reloading channel peer199.ipv4 for export
bird: 2026-07-17 01:51:17.375 [0000] <INFO> Reconfigured
bird: 2026-07-17 01:51:46.833 [0000] <INFO> Reconfiguring
bird: 2026-07-17 01:51:46.833 [0000] <INFO> Reloading channel peer0.ipv4 for import
bird: 2026-07-17 01:51:46.834 [0000] <DBG> peer0.ipv4: reloading
bird: 2026-07-17 01:51:46.834 [0000] <INFO> Reloading channel peer0.ipv4 for export
bird: 2026-07-17 01:51:46.834 [0000] <INFO> Reloading channel peer1.ipv4 for import
bird: 2026-07-17 01:51:46.834 [0000] <DBG> peer1.ipv4: reloading
bird: 2026-07-17 01:51:46.834 [0000] <INFO> Reloading channel peer1.ipv4 for export
bird: 2026-07-17 01:51:46.834 [0000] <INFO> Reloading channel peer2.ipv4 for import
bird: 2026-07-17 01:51:46.834 [0000] <DBG> peer2.ipv4: reloading
bird: 2026-07-17 01:51:46.834 [0000] <INFO> Reloading channel peer2.ipv4 for export
bird: 2026-07-17 01:51:46.834 [0000] <INFO> Reloading channel peer3.ipv4 for import
bird: 2026-07-17 01:51:46.834 [0000] <DBG> peer3.ipv4: reloading
bird: 2026-07-17 01:51:46.834 [0000] <INFO> Reloading channel peer3.ipv4 for export
bird: 2026-07-17 01:51:46.834 [0000] <INFO> Reloading channel peer4.ipv4 for import
bird: 2026-07-17 01:51:46.834 [0000] <DBG> peer4.ipv4: reloading
bird: 2026-07-17 01:51:46.834 [0000] <INFO> Reloading channel peer4.ipv4 for export
bird: 2026-07-17 01:51:46.834 [0000] <INFO> Reloading channel peer5.ipv4 for import
bird: 2026-07-17 01:51:46.834 [0000] <DBG> peer5.ipv4: reloading
bird: 2026-07-17 01:51:46.834 [0000] <INFO> Reloading channel peer5.ipv4 for export
bird: 2026-07-17 01:51:46.834 [0000] <INFO> Reloading channel peer6.ipv4 for import
bird: 2026-07-17 01:51:46.834 [0000] <DBG> peer6.ipv4: reloading
bird: 2026-07-17 01:51:46.834 [0000] <INFO> Reloading channel peer6.ipv4 for export
bird: 2026-07-17 01:51:46.834 [0000] <INFO> Reloading channel peer7.ipv4 for import
bird: 2026-07-17 01:51:46.834 [0000] <DBG> peer7.ipv4: reloading
bird: 2026-07-17 01:51:46.834 [0000] <INFO> Reloading channel peer7.ipv4 for export
bird: 2026-07-17 01:51:46.834 [0000] <INFO> Reloading channel peer8.ipv4 for import
bird: 2026-07-17 01:51:46.834 [0000] <DBG> peer8.ipv4: reloading
bird: 2026-07-17 01:51:46.834 [0000] <INFO> Reloading channel peer8.ipv4 for export
bird: 2026-07-17 01:51:46.834 [0000] <INFO> Reloading channel peer9.ipv4 for import
bird: 2026-07-17 01:51:46.834 [0000] <DBG> peer9.ipv4: reloading
bird: 2026-07-17 01:51:46.834 [0000] <INFO> Reloading channel peer9.ipv4 for export
bird: 2026-07-17 01:51:46.834 [0000] <INFO> Reloading channel peer10.ipv4 for import
bird: 2026-07-17 01:51:46.834 [0000] <DBG> peer10.ipv4: reloading
bird: 2026-07-17 01:51:46.834 [0000] <INFO> Reloading channel peer10.ipv4 for export
bird: 2026-07-17 01:51:46.834 [0000] <INFO> Reloading channel peer11.ipv4 for import
bird: 2026-07-17 01:51:46.834 [0000] <DBG> peer11.ipv4: reloading
bird: 2026-07-17 01:51:46.834 [0000] <INFO> Reloading channel peer11.ipv4 for export
bird: 2026-07-17 01:51:46.834 [0000] <INFO> Reloading channel peer12.ipv4 for import
bird: 2026-07-17 01:51:46.834 [0000] <DBG> peer12.ipv4: reloading
bird: 2026-07-17 01:51:46.834 [0000] <INFO> Reloading channel peer12.ipv4 for export
bird: 2026-07-17 01:51:46.834 [0000] <INFO> Reloading channel peer13.ipv4 for import
bird: 2026-07-17 01:51:46.834 [0000] <DBG> peer13.ipv4: reloading
bird: 2026-07-17 01:51:46.834 [0000] <INFO> Reloading channel peer13.ipv4 for export
bird: 2026-07-17 01:51:46.834 [0000] <INFO> Reloading channel peer14.ipv4 for import
bird: 2026-07-17 01:51:46.834 [0000] <DBG> peer14.ipv4: reloading
bird: 2026-07-17 01:51:46.834 [0000] <INFO> Reloading channel peer14.ipv4 for export
bird: 2026-07-17 01:51:46.834 [0000] <INFO> Reloading channel peer15.ipv4 for import
bird: 2026-07-17 01:51:46.834 [0000] <DBG> peer15.ipv4: reloading
bird: 2026-07-17 01:51:46.834 [0000] <INFO> Reloading channel peer15.ipv4 for export
bird: 2026-07-17 01:51:46.834 [0000] <INFO> Reloading channel peer16.ipv4 for import
bird: 2026-07-17 01:51:46.834 [0000] <DBG> peer16.ipv4: reloading
bird: 2026-07-17 01:51:46.834 [0000] <INFO> Reloading channel peer16.ipv4 for export
bird: 2026-07-17 01:51:46.834 [0000] <INFO> Reloading channel peer17.ipv4 for import
bird: 2026-07-17 01:51:46.834 [0000] <DBG> peer17.ipv4: reloading
bird: 2026-07-17 01:51:46.834 [0000] <INFO> Reloading channel peer17.ipv4 for export
bird: 2026-07-17 01:51:46.834 [0000] <INFO> Reloading channel peer18.ipv4 for import
bird: 2026-07-17 01:51:46.834 [0000] <DBG> peer18.ipv4: reloading
bird: 2026-07-17 01:51:46.834 [0000] <INFO> Reloading channel peer18.ipv4 for export
bird: 2026-07-17 01:51:46.834 [0000] <INFO> Reloading channel peer19.ipv4 for import
bird: 2026-07-17 01:51:46.834 [0000] <DBG> peer19.ipv4: reloading
bird: 2026-07-17 01:51:46.834 [0000] <INFO> Reloading channel peer19.ipv4 for export
bird: 2026-07-17 01:51:46.834 [0000] <INFO> Reloading channel peer20.ipv4 for import
bird: 2026-07-17 01:51:46.834 [0000] <DBG> peer20.ipv4: reloading
bird: 2026-07-17 01:51:46.834 [0000] <INFO> Reloading channel peer20.ipv4 for export
bird: 2026-07-17 01:51:46.834 [0000] <INFO> Reloading channel peer21.ipv4 for import
bird: 2026-07-17 01:51:46.834 [0000] <DBG> peer21.ipv4: reloading
bird: 2026-07-17 01:51:46.834 [0000] <INFO> Reloading channel peer21.ipv4 for export
bird: 2026-07-17 01:51:46.834 [0000] <INFO> Reloading channel peer22.ipv4 for import
bird: 2026-07-17 01:51:46.834 [0000] <DBG> peer22.ipv4: reloading
bird: 2026-07-17 01:51:46.834 [0000] <INFO> Reloading channel peer22.ipv4 for export
bird: 2026-07-17 01:51:46.834 [0000] <INFO> Reloading channel peer23.ipv4 for import
bird: 2026-07-17 01:51:46.834 [0000] <DBG> peer23.ipv4: reloading
bird: 2026-07-17 01:51:46.834 [0000] <INFO> Reloading channel peer23.ipv4 for export
bird: 2026-07-17 01:51:46.834 [0000] <INFO> Reloading channel peer24.ipv4 for import
bird: 2026-07-17 01:51:46.834 [0000] <DBG> peer24.ipv4: reloading
bird: 2026-07-17 01:51:46.834 [0000] <INFO> Reloading channel peer24.ipv4 for export
bird: 2026-07-17 01:51:46.834 [0000] <INFO> Reloading channel peer25.ipv4 for import
bird: 2026-07-17 01:51:46.834 [0000] <DBG> peer25.ipv4: reloading
bird: 2026-07-17 01:51:46.834 [0000] <INFO> Reloading channel peer25.ipv4 for export
bird: 2026-07-17 01:51:46.834 [0000] <INFO> Reloading channel peer26.ipv4 for import
bird: 2026-07-17 01:51:46.834 [0000] <DBG> peer26.ipv4: reloading
bird: 2026-07-17 01:51:46.834 [0000] <INFO> Reloading channel peer26.ipv4 for export
bird: 2026-07-17 01:51:46.834 [0000] <INFO> Reloading channel peer27.ipv4 for import
bird: 2026-07-17 01:51:46.834 [0000] <DBG> peer27.ipv4: reloading
bird: 2026-07-17 01:51:46.835 [0000] <INFO> Reloading channel peer27.ipv4 for export
bird: 2026-07-17 01:51:46.835 [0000] <INFO> Reloading channel peer28.ipv4 for import
bird: 2026-07-17 01:51:46.835 [0000] <DBG> peer28.ipv4: reloading
bird: 2026-07-17 01:51:46.835 [0000] <INFO> Reloading channel peer28.ipv4 for export
bird: 2026-07-17 01:51:46.835 [0000] <INFO> Reloading channel peer29.ipv4 for import
bird: 2026-07-17 01:51:46.835 [0000] <DBG> peer29.ipv4: reloading
bird: 2026-07-17 01:51:46.835 [0000] <INFO> Reloading channel peer29.ipv4 for export
bird: 2026-07-17 01:51:46.835 [0000] <INFO> Reloading channel peer30.ipv4 for import
bird: 2026-07-17 01:51:46.835 [0000] <DBG> peer30.ipv4: reloading
bird: 2026-07-17 01:51:46.835 [0000] <INFO> Reloading channel peer30.ipv4 for export
bird: 2026-07-17 01:51:46.835 [0000] <INFO> Reloading channel peer31.ipv4 for import
bird: 2026-07-17 01:51:46.835 [0000] <DBG> peer31.ipv4: reloading
bird: 2026-07-17 01:51:46.835 [0000] <INFO> Reloading channel peer31.ipv4 for export
bird: 2026-07-17 01:51:46.835 [0000] <INFO> Reloading channel peer32.ipv4 for import
bird: 2026-07-17 01:51:46.835 [0000] <DBG> peer32.ipv4: reloading
bird: 2026-07-17 01:51:46.835 [0000] <INFO> Reloading channel peer32.ipv4 for export
bird: 2026-07-17 01:51:46.835 [0000] <INFO> Reloading channel peer33.ipv4 for import
bird: 2026-07-17 01:51:46.835 [0000] <DBG> peer33.ipv4: reloading
bird: 2026-07-17 01:51:46.835 [0000] <INFO> Reloading channel peer33.ipv4 for export
bird: 2026-07-17 01:51:46.835 [0000] <INFO> Reloading channel peer34.ipv4 for import
bird: 2026-07-17 01:51:46.835 [0000] <DBG> peer34.ipv4: reloading
bird: 2026-07-17 01:51:46.835 [0000] <INFO> Reloading channel peer34.ipv4 for export
bird: 2026-07-17 01:51:46.835 [0000] <INFO> Reloading channel peer35.ipv4 for import
bird: 2026-07-17 01:51:46.835 [0000] <DBG> peer35.ipv4: reloading
bird: 2026-07-17 01:51:46.835 [0000] <INFO> Reloading channel peer35.ipv4 for export
bird: 2026-07-17 01:51:46.835 [0000] <INFO> Reloading channel peer36.ipv4 for import
bird: 2026-07-17 01:51:46.835 [0000] <DBG> peer36.ipv4: reloading
bird: 2026-07-17 01:51:46.835 [0000] <INFO> Reloading channel peer36.ipv4 for export
bird: 2026-07-17 01:51:46.835 [0000] <INFO> Reloading channel peer37.ipv4 for import
bird: 2026-07-17 01:51:46.835 [0000] <DBG> peer37.ipv4: reloading
bird: 2026-07-17 01:51:46.835 [0000] <INFO> Reloading channel peer37.ipv4 for export
bird: 2026-07-17 01:51:46.835 [0000] <INFO> Reloading channel peer38.ipv4 for import
bird: 2026-07-17 01:51:46.835 [0000] <DBG> peer38.ipv4: reloading
bird: 2026-07-17 01:51:46.835 [0000] <INFO> Reloading channel peer38.ipv4 for export
bird: 2026-07-17 01:51:46.835 [0000] <INFO> Reloading channel peer39.ipv4 for import
bird: 2026-07-17 01:51:46.835 [0000] <DBG> peer39.ipv4: reloading
bird: 2026-07-17 01:51:46.835 [0000] <INFO> Reloading channel peer39.ipv4 for export
bird: 2026-07-17 01:51:46.835 [0000] <INFO> Reloading channel peer40.ipv4 for import
bird: 2026-07-17 01:51:46.835 [0000] <DBG> peer40.ipv4: reloading
bird: 2026-07-17 01:51:46.835 [0000] <INFO> Reloading channel peer40.ipv4 for export
bird: 2026-07-17 01:51:46.835 [0000] <INFO> Reloading channel peer41.ipv4 for import
bird: 2026-07-17 01:51:46.835 [0000] <DBG> peer41.ipv4: reloading
bird: 2026-07-17 01:51:46.835 [0000] <INFO> Reloading channel peer41.ipv4 for export
bird: 2026-07-17 01:51:46.835 [0000] <INFO> Reloading channel peer42.ipv4 for import
bird: 2026-07-17 01:51:46.835 [0000] <DBG> peer42.ipv4: reloading
bird: 2026-07-17 01:51:46.835 [0000] <INFO> Reloading channel peer42.ipv4 for export
bird: 2026-07-17 01:51:46.835 [0000] <INFO> Reloading channel peer43.ipv4 for import
bird: 2026-07-17 01:51:46.835 [0000] <DBG> peer43.ipv4: reloading
bird: 2026-07-17 01:51:46.835 [0000] <INFO> Reloading channel peer43.ipv4 for export
bird: 2026-07-17 01:51:46.835 [0000] <INFO> Reloading channel peer44.ipv4 for import
bird: 2026-07-17 01:51:46.835 [0000] <DBG> peer44.ipv4: reloading
bird: 2026-07-17 01:51:46.835 [0000] <INFO> Reloading channel peer44.ipv4 for export
bird: 2026-07-17 01:51:46.835 [0000] <INFO> Reloading channel peer45.ipv4 for import
bird: 2026-07-17 01:51:46.835 [0000] <DBG> peer45.ipv4: reloading
bird: 2026-07-17 01:51:46.835 [0000] <INFO> Reloading channel peer45.ipv4 for export
bird: 2026-07-17 01:51:46.835 [0000] <INFO> Reloading channel peer46.ipv4 for import
bird: 2026-07-17 01:51:46.835 [0000] <DBG> peer46.ipv4: reloading
bird: 2026-07-17 01:51:46.835 [0000] <INFO> Reloading channel peer46.ipv4 for export
bird: 2026-07-17 01:51:46.835 [0000] <INFO> Reloading channel peer47.ipv4 for import
bird: 2026-07-17 01:51:46.835 [0000] <DBG> peer47.ipv4: reloading
bird: 2026-07-17 01:51:46.835 [0000] <INFO> Reloading channel peer47.ipv4 for export
bird: 2026-07-17 01:51:46.835 [0000] <INFO> Reloading channel peer48.ipv4 for import
bird: 2026-07-17 01:51:46.835 [0000] <DBG> peer48.ipv4: reloading
bird: 2026-07-17 01:51:46.835 [0000] <INFO> Reloading channel peer48.ipv4 for export
bird: 2026-07-17 01:51:46.835 [0000] <INFO> Reloading channel peer49.ipv4 for import
bird: 2026-07-17 01:51:46.835 [0000] <DBG> peer49.ipv4: reloading
bird: 2026-07-17 01:51:46.835 [0000] <INFO> Reloading channel peer49.ipv4 for export
bird: 2026-07-17 01:51:46.835 [0000] <INFO> Reloading channel peer50.ipv4 for import
bird: 2026-07-17 01:51:46.835 [0000] <DBG> peer50.ipv4: reloading
bird: 2026-07-17 01:51:46.835 [0000] <INFO> Reloading channel peer50.ipv4 for export
bird: 2026-07-17 01:51:46.835 [0000] <INFO> Reloading channel peer51.ipv4 for import
bird: 2026-07-17 01:51:46.835 [0000] <DBG> peer51.ipv4: reloading
bird: 2026-07-17 01:51:46.835 [0000] <INFO> Reloading channel peer51.ipv4 for export
bird: 2026-07-17 01:51:46.835 [0000] <INFO> Reloading channel peer52.ipv4 for import
bird: 2026-07-17 01:51:46.835 [0000] <DBG> peer52.ipv4: reloading
bird: 2026-07-17 01:51:46.835 [0000] <INFO> Reloading channel peer52.ipv4 for export
bird: 2026-07-17 01:51:46.835 [0000] <INFO> Reloading channel peer53.ipv4 for import
bird: 2026-07-17 01:51:46.835 [0000] <DBG> peer53.ipv4: reloading
bird: 2026-07-17 01:51:46.835 [0000] <INFO> Reloading channel peer53.ipv4 for export
bird: 2026-07-17 01:51:46.835 [0000] <INFO> Reloading channel peer54.ipv4 for import
bird: 2026-07-17 01:51:46.835 [0000] <DBG> peer54.ipv4: reloading
bird: 2026-07-17 01:51:46.835 [0000] <INFO> Reloading channel peer54.ipv4 for export
bird: 2026-07-17 01:51:46.835 [0000] <INFO> Reloading channel peer55.ipv4 for import
bird: 2026-07-17 01:51:46.835 [0000] <DBG> peer55.ipv4: reloading
bird: 2026-07-17 01:51:46.835 [0000] <INFO> Reloading channel peer55.ipv4 for export
bird: 2026-07-17 01:51:46.835 [0000] <INFO> Reloading channel peer56.ipv4 for import
bird: 2026-07-17 01:51:46.835 [0000] <DBG> peer56.ipv4: reloading
bird: 2026-07-17 01:51:46.835 [0000] <INFO> Reloading channel peer56.ipv4 for export
bird: 2026-07-17 01:51:46.835 [0000] <INFO> Reloading channel peer57.ipv4 for import
bird: 2026-07-17 01:51:46.835 [0000] <DBG> peer57.ipv4: reloading
bird: 2026-07-17 01:51:46.835 [0000] <INFO> Reloading channel peer57.ipv4 for export
bird: 2026-07-17 01:51:46.835 [0000] <INFO> Reloading channel peer58.ipv4 for import
bird: 2026-07-17 01:51:46.835 [0000] <DBG> peer58.ipv4: reloading
bird: 2026-07-17 01:51:46.835 [0000] <INFO> Reloading channel peer58.ipv4 for export
bird: 2026-07-17 01:51:46.835 [0000] <INFO> Reloading channel peer59.ipv4 for import
bird: 2026-07-17 01:51:46.835 [0000] <DBG> peer59.ipv4: reloading
bird: 2026-07-17 01:51:46.835 [0000] <INFO> Reloading channel peer59.ipv4 for export
bird: 2026-07-17 01:51:46.835 [0000] <INFO> Reloading channel peer60.ipv4 for import
bird: 2026-07-17 01:51:46.835 [0000] <DBG> peer60.ipv4: reloading
bird: 2026-07-17 01:51:46.835 [0000] <INFO> Reloading channel peer60.ipv4 for export
bird: 2026-07-17 01:51:46.835 [0000] <INFO> Reloading channel peer61.ipv4 for import
bird: 2026-07-17 01:51:46.835 [0000] <DBG> peer61.ipv4: reloading
bird: 2026-07-17 01:51:46.835 [0000] <INFO> Reloading channel peer61.ipv4 for export
bird: 2026-07-17 01:51:46.835 [0000] <INFO> Reloading channel peer62.ipv4 for import
bird: 2026-07-17 01:51:46.835 [0000] <DBG> peer62.ipv4: reloading
bird: 2026-07-17 01:51:46.835 [0000] <INFO> Reloading channel peer62.ipv4 for export
bird: 2026-07-17 01:51:46.835 [0000] <INFO> Reloading channel peer63.ipv4 for import
bird: 2026-07-17 01:51:46.835 [0000] <DBG> peer63.ipv4: reloading
bird: 2026-07-17 01:51:46.835 [0000] <INFO> Reloading channel peer63.ipv4 for export
bird: 2026-07-17 01:51:46.835 [0000] <INFO> Reloading channel peer64.ipv4 for import
bird: 2026-07-17 01:51:46.835 [0000] <DBG> peer64.ipv4: reloading
bird: 2026-07-17 01:51:46.835 [0000] <INFO> Reloading channel peer64.ipv4 for export
bird: 2026-07-17 01:51:46.835 [0000] <INFO> Reloading channel peer65.ipv4 for import
bird: 2026-07-17 01:51:46.835 [0000] <DBG> peer65.ipv4: reloading
bird: 2026-07-17 01:51:46.835 [0000] <INFO> Reloading channel peer65.ipv4 for export
bird: 2026-07-17 01:51:46.835 [0000] <INFO> Reloading channel peer66.ipv4 for import
bird: 2026-07-17 01:51:46.835 [0000] <DBG> peer66.ipv4: reloading
bird: 2026-07-17 01:51:46.835 [0000] <INFO> Reloading channel peer66.ipv4 for export
bird: 2026-07-17 01:51:46.835 [0000] <INFO> Reloading channel peer67.ipv4 for import
bird: 2026-07-17 01:51:46.835 [0000] <DBG> peer67.ipv4: reloading
bird: 2026-07-17 01:51:46.835 [0000] <INFO> Reloading channel peer67.ipv4 for export
bird: 2026-07-17 01:51:46.835 [0000] <INFO> Reloading channel peer68.ipv4 for import
bird: 2026-07-17 01:51:46.835 [0000] <DBG> peer68.ipv4: reloading
bird: 2026-07-17 01:51:46.835 [0000] <INFO> Reloading channel peer68.ipv4 for export
bird: 2026-07-17 01:51:46.835 [0000] <INFO> Reloading channel peer69.ipv4 for import
bird: 2026-07-17 01:51:46.835 [0000] <DBG> peer69.ipv4: reloading
bird: 2026-07-17 01:51:46.835 [0000] <INFO> Reloading channel peer69.ipv4 for export
bird: 2026-07-17 01:51:46.835 [0000] <INFO> Reloading channel peer70.ipv4 for import
bird: 2026-07-17 01:51:46.835 [0000] <DBG> peer70.ipv4: reloading
bird: 2026-07-17 01:51:46.835 [0000] <INFO> Reloading channel peer70.ipv4 for export
bird: 2026-07-17 01:51:46.835 [0000] <INFO> Reloading channel peer71.ipv4 for import
bird: 2026-07-17 01:51:46.835 [0000] <DBG> peer71.ipv4: reloading
bird: 2026-07-17 01:51:46.835 [0000] <INFO> Reloading channel peer71.ipv4 for export
bird: 2026-07-17 01:51:46.835 [0000] <INFO> Reloading channel peer72.ipv4 for import
bird: 2026-07-17 01:51:46.835 [0000] <DBG> peer72.ipv4: reloading
bird: 2026-07-17 01:51:46.835 [0000] <INFO> Reloading channel peer72.ipv4 for export
bird: 2026-07-17 01:51:46.835 [0000] <INFO> Reloading channel peer73.ipv4 for import
bird: 2026-07-17 01:51:46.835 [0000] <DBG> peer73.ipv4: reloading
bird: 2026-07-17 01:51:46.835 [0000] <INFO> Reloading channel peer73.ipv4 for export
bird: 2026-07-17 01:51:46.835 [0000] <INFO> Reloading channel peer74.ipv4 for import
bird: 2026-07-17 01:51:46.835 [0000] <DBG> peer74.ipv4: reloading
bird: 2026-07-17 01:51:46.835 [0000] <INFO> Reloading channel peer74.ipv4 for export
bird: 2026-07-17 01:51:46.835 [0000] <INFO> Reloading channel peer75.ipv4 for import
bird: 2026-07-17 01:51:46.835 [0000] <DBG> peer75.ipv4: reloading
bird: 2026-07-17 01:51:46.835 [0000] <INFO> Reloading channel peer75.ipv4 for export
bird: 2026-07-17 01:51:46.835 [0000] <INFO> Reloading channel peer76.ipv4 for import
bird: 2026-07-17 01:51:46.835 [0000] <DBG> peer76.ipv4: reloading
bird: 2026-07-17 01:51:46.835 [0000] <INFO> Reloading channel peer76.ipv4 for export
bird: 2026-07-17 01:51:46.835 [0000] <INFO> Reloading channel peer77.ipv4 for import
bird: 2026-07-17 01:51:46.835 [0000] <DBG> peer77.ipv4: reloading
bird: 2026-07-17 01:51:46.835 [0000] <INFO> Reloading channel peer77.ipv4 for export
bird: 2026-07-17 01:51:46.835 [0000] <INFO> Reloading channel peer78.ipv4 for import
bird: 2026-07-17 01:51:46.835 [0000] <DBG> peer78.ipv4: reloading
bird: 2026-07-17 01:51:46.835 [0000] <INFO> Reloading channel peer78.ipv4 for export
bird: 2026-07-17 01:51:46.835 [0000] <INFO> Reloading channel peer79.ipv4 for import
bird: 2026-07-17 01:51:46.835 [0000] <DBG> peer79.ipv4: reloading
bird: 2026-07-17 01:51:46.835 [0000] <INFO> Reloading channel peer79.ipv4 for export
bird: 2026-07-17 01:51:46.835 [0000] <INFO> Reloading channel peer80.ipv4 for import
bird: 2026-07-17 01:51:46.835 [0000] <DBG> peer80.ipv4: reloading
bird: 2026-07-17 01:51:46.835 [0000] <INFO> Reloading channel peer80.ipv4 for export
bird: 2026-07-17 01:51:46.835 [0000] <INFO> Reloading channel peer81.ipv4 for import
bird: 2026-07-17 01:51:46.837 [0000] <DBG> peer81.ipv4: reloading
bird: 2026-07-17 01:51:46.837 [0000] <INFO> Reloading channel peer81.ipv4 for export
bird: 2026-07-17 01:51:46.837 [0000] <INFO> Reloading channel peer82.ipv4 for import
bird: 2026-07-17 01:51:46.837 [0000] <DBG> peer82.ipv4: reloading
bird: 2026-07-17 01:51:46.837 [0000] <INFO> Reloading channel peer82.ipv4 for export
bird: 2026-07-17 01:51:46.837 [0000] <INFO> Reloading channel peer83.ipv4 for import
bird: 2026-07-17 01:51:46.837 [0000] <DBG> peer83.ipv4: reloading
bird: 2026-07-17 01:51:46.837 [0000] <INFO> Reloading channel peer83.ipv4 for export
bird: 2026-07-17 01:51:46.837 [0000] <INFO> Reloading channel peer84.ipv4 for import
bird: 2026-07-17 01:51:46.837 [0000] <DBG> peer84.ipv4: reloading
bird: 2026-07-17 01:51:46.837 [0000] <INFO> Reloading channel peer84.ipv4 for export
bird: 2026-07-17 01:51:46.837 [0000] <INFO> Reloading channel peer85.ipv4 for import
bird: 2026-07-17 01:51:46.837 [0000] <DBG> peer85.ipv4: reloading
bird: 2026-07-17 01:51:46.837 [0000] <INFO> Reloading channel peer85.ipv4 for export
bird: 2026-07-17 01:51:46.837 [0000] <INFO> Reloading channel peer86.ipv4 for import
bird: 2026-07-17 01:51:46.837 [0000] <DBG> peer86.ipv4: reloading
bird: 2026-07-17 01:51:46.837 [0000] <INFO> Reloading channel peer86.ipv4 for export
bird: 2026-07-17 01:51:46.837 [0000] <INFO> Reloading channel peer87.ipv4 for import
bird: 2026-07-17 01:51:46.837 [0000] <DBG> peer87.ipv4: reloading
bird: 2026-07-17 01:51:46.837 [0000] <INFO> Reloading channel peer87.ipv4 for export
bird: 2026-07-17 01:51:46.837 [0000] <INFO> Reloading channel peer88.ipv4 for import
bird: 2026-07-17 01:51:46.837 [0000] <DBG> peer88.ipv4: reloading
bird: 2026-07-17 01:51:46.837 [0000] <INFO> Reloading channel peer88.ipv4 for export
bird: 2026-07-17 01:51:46.837 [0000] <INFO> Reloading channel peer89.ipv4 for import
bird: 2026-07-17 01:51:46.837 [0000] <DBG> peer89.ipv4: reloading
bird: 2026-07-17 01:51:46.837 [0000] <INFO> Reloading channel peer89.ipv4 for export
bird: 2026-07-17 01:51:46.837 [0000] <INFO> Reloading channel peer90.ipv4 for import
bird: 2026-07-17 01:51:46.837 [0000] <DBG> peer90.ipv4: reloading
bird: 2026-07-17 01:51:46.837 [0000] <INFO> Reloading channel peer90.ipv4 for export
bird: 2026-07-17 01:51:46.837 [0000] <INFO> Reloading channel peer91.ipv4 for import
bird: 2026-07-17 01:51:46.837 [0000] <DBG> peer91.ipv4: reloading
bird: 2026-07-17 01:51:46.837 [0000] <INFO> Reloading channel peer91.ipv4 for export
bird: 2026-07-17 01:51:46.837 [0000] <INFO> Reloading channel peer92.ipv4 for import
bird: 2026-07-17 01:51:46.837 [0000] <DBG> peer92.ipv4: reloading
bird: 2026-07-17 01:51:46.837 [0000] <INFO> Reloading channel peer92.ipv4 for export
bird: 2026-07-17 01:51:46.837 [0000] <INFO> Reloading channel peer93.ipv4 for import
bird: 2026-07-17 01:51:46.837 [0000] <DBG> peer93.ipv4: reloading
bird: 2026-07-17 01:51:46.837 [0000] <INFO> Reloading channel peer93.ipv4 for export
bird: 2026-07-17 01:51:46.837 [0000] <INFO> Reloading channel peer94.ipv4 for import
bird: 2026-07-17 01:51:46.837 [0000] <DBG> peer94.ipv4: reloading
bird: 2026-07-17 01:51:46.837 [0000] <INFO> Reloading channel peer94.ipv4 for export
bird: 2026-07-17 01:51:46.837 [0000] <INFO> Reloading channel peer95.ipv4 for import
bird: 2026-07-17 01:51:46.837 [0000] <DBG> peer95.ipv4: reloading
bird: 2026-07-17 01:51:46.837 [0000] <INFO> Reloading channel peer95.ipv4 for export
bird: 2026-07-17 01:51:46.837 [0000] <INFO> Reloading channel peer96.ipv4 for import
bird: 2026-07-17 01:51:46.837 [0000] <DBG> peer96.ipv4: reloading
bird: 2026-07-17 01:51:46.837 [0000] <INFO> Reloading channel peer96.ipv4 for export
bird: 2026-07-17 01:51:46.837 [0000] <INFO> Reloading channel peer97.ipv4 for import
bird: 2026-07-17 01:51:46.837 [0000] <DBG> peer97.ipv4: reloading
bird: 2026-07-17 01:51:46.837 [0000] <INFO> Reloading channel peer97.ipv4 for export
bird: 2026-07-17 01:51:46.837 [0000] <INFO> Reloading channel peer98.ipv4 for import
bird: 2026-07-17 01:51:46.837 [0000] <DBG> peer98.ipv4: reloading
bird: 2026-07-17 01:51:46.837 [0000] <INFO> Reloading channel peer98.ipv4 for export
bird: 2026-07-17 01:51:46.837 [0000] <INFO> Reloading channel peer99.ipv4 for import
bird: 2026-07-17 01:51:46.837 [0000] <DBG> peer99.ipv4: reloading
bird: 2026-07-17 01:51:46.837 [0000] <INFO> Reloading channel peer99.ipv4 for export
bird: 2026-07-17 01:51:46.837 [0000] <INFO> Reloading channel peer100.ipv4 for import
bird: 2026-07-17 01:51:46.837 [0000] <DBG> peer100.ipv4: reloading
bird: 2026-07-17 01:51:46.837 [0000] <INFO> Reloading channel peer100.ipv4 for export
bird: 2026-07-17 01:51:46.837 [0000] <INFO> Reloading channel peer101.ipv4 for import
bird: 2026-07-17 01:51:46.837 [0000] <DBG> peer101.ipv4: reloading
bird: 2026-07-17 01:51:46.837 [0000] <INFO> Reloading channel peer101.ipv4 for export
bird: 2026-07-17 01:51:46.837 [0000] <INFO> Reloading channel peer102.ipv4 for import
bird: 2026-07-17 01:51:46.837 [0000] <DBG> peer102.ipv4: reloading
bird: 2026-07-17 01:51:46.837 [0000] <INFO> Reloading channel peer102.ipv4 for export
bird: 2026-07-17 01:51:46.837 [0000] <INFO> Reloading channel peer103.ipv4 for import
bird: 2026-07-17 01:51:46.837 [0000] <DBG> peer103.ipv4: reloading
bird: 2026-07-17 01:51:46.837 [0000] <INFO> Reloading channel peer103.ipv4 for export
bird: 2026-07-17 01:51:46.837 [0000] <INFO> Reloading channel peer104.ipv4 for import
bird: 2026-07-17 01:51:46.837 [0000] <DBG> peer104.ipv4: reloading
bird: 2026-07-17 01:51:46.837 [0000] <INFO> Reloading channel peer104.ipv4 for export
bird: 2026-07-17 01:51:46.837 [0000] <INFO> Reloading channel peer105.ipv4 for import
bird: 2026-07-17 01:51:46.837 [0000] <DBG> peer105.ipv4: reloading
bird: 2026-07-17 01:51:46.837 [0000] <INFO> Reloading channel peer105.ipv4 for export
bird: 2026-07-17 01:51:46.837 [0000] <INFO> Reloading channel peer106.ipv4 for import
bird: 2026-07-17 01:51:46.837 [0000] <DBG> peer106.ipv4: reloading
bird: 2026-07-17 01:51:46.837 [0000] <INFO> Reloading channel peer106.ipv4 for export
bird: 2026-07-17 01:51:46.837 [0000] <INFO> Reloading channel peer107.ipv4 for import
bird: 2026-07-17 01:51:46.837 [0000] <DBG> peer107.ipv4: reloading
bird: 2026-07-17 01:51:46.837 [0000] <INFO> Reloading channel peer107.ipv4 for export
bird: 2026-07-17 01:51:46.837 [0000] <INFO> Reloading channel peer108.ipv4 for import
bird: 2026-07-17 01:51:46.837 [0000] <DBG> peer108.ipv4: reloading
bird: 2026-07-17 01:51:46.837 [0000] <INFO> Reloading channel peer108.ipv4 for export
bird: 2026-07-17 01:51:46.837 [0000] <INFO> Reloading channel peer109.ipv4 for import
bird: 2026-07-17 01:51:46.837 [0000] <DBG> peer109.ipv4: reloading
bird: 2026-07-17 01:51:46.837 [0000] <INFO> Reloading channel peer109.ipv4 for export
bird: 2026-07-17 01:51:46.837 [0000] <INFO> Reloading channel peer110.ipv4 for import
bird: 2026-07-17 01:51:46.837 [0000] <DBG> peer110.ipv4: reloading
bird: 2026-07-17 01:51:46.837 [0000] <INFO> Reloading channel peer110.ipv4 for export
bird: 2026-07-17 01:51:46.837 [0000] <INFO> Reloading channel peer111.ipv4 for import
bird: 2026-07-17 01:51:46.837 [0000] <DBG> peer111.ipv4: reloading
bird: 2026-07-17 01:51:46.837 [0000] <INFO> Reloading channel peer111.ipv4 for export
bird: 2026-07-17 01:51:46.837 [0000] <INFO> Reloading channel peer112.ipv4 for import
bird: 2026-07-17 01:51:46.837 [0000] <DBG> peer112.ipv4: reloading
bird: 2026-07-17 01:51:46.837 [0000] <INFO> Reloading channel peer112.ipv4 for export
bird: 2026-07-17 01:51:46.837 [0000] <INFO> Reloading channel peer113.ipv4 for import
bird: 2026-07-17 01:51:46.837 [0000] <DBG> peer113.ipv4: reloading
bird: 2026-07-17 01:51:46.837 [0000] <INFO> Reloading channel peer113.ipv4 for export
bird: 2026-07-17 01:51:46.837 [0000] <INFO> Reloading channel peer114.ipv4 for import
bird: 2026-07-17 01:51:46.837 [0000] <DBG> peer114.ipv4: reloading
bird: 2026-07-17 01:51:46.837 [0000] <INFO> Reloading channel peer114.ipv4 for export
bird: 2026-07-17 01:51:46.837 [0000] <INFO> Reloading channel peer115.ipv4 for import
bird: 2026-07-17 01:51:46.837 [0000] <DBG> peer115.ipv4: reloading
bird: 2026-07-17 01:51:46.837 [0000] <INFO> Reloading channel peer115.ipv4 for export
bird: 2026-07-17 01:51:46.837 [0000] <INFO> Reloading channel peer116.ipv4 for import
bird: 2026-07-17 01:51:46.837 [0000] <DBG> peer116.ipv4: reloading
bird: 2026-07-17 01:51:46.837 [0000] <INFO> Reloading channel peer116.ipv4 for export
bird: 2026-07-17 01:51:46.837 [0000] <INFO> Reloading channel peer117.ipv4 for import
bird: 2026-07-17 01:51:46.837 [0000] <DBG> peer117.ipv4: reloading
bird: 2026-07-17 01:51:46.837 [0000] <INFO> Reloading channel peer117.ipv4 for export
bird: 2026-07-17 01:51:46.837 [0000] <INFO> Reloading channel peer118.ipv4 for import
bird: 2026-07-17 01:51:46.837 [0000] <DBG> peer118.ipv4: reloading
bird: 2026-07-17 01:51:46.837 [0000] <INFO> Reloading channel peer118.ipv4 for export
bird: 2026-07-17 01:51:46.837 [0000] <INFO> Reloading channel peer119.ipv4 for import
bird: 2026-07-17 01:51:46.837 [0000] <DBG> peer119.ipv4: reloading
bird: 2026-07-17 01:51:46.837 [0000] <INFO> Reloading channel peer119.ipv4 for export
bird: 2026-07-17 01:51:46.837 [0000] <INFO> Reloading channel peer120.ipv4 for import
bird: 2026-07-17 01:51:46.837 [0000] <DBG> peer120.ipv4: reloading
bird: 2026-07-17 01:51:46.837 [0000] <INFO> Reloading channel peer120.ipv4 for export
bird: 2026-07-17 01:51:46.837 [0000] <INFO> Reloading channel peer121.ipv4 for import
bird: 2026-07-17 01:51:46.837 [0000] <DBG> peer121.ipv4: reloading
bird: 2026-07-17 01:51:46.837 [0000] <INFO> Reloading channel peer121.ipv4 for export
bird: 2026-07-17 01:51:46.837 [0000] <INFO> Reloading channel peer122.ipv4 for import
bird: 2026-07-17 01:51:46.837 [0000] <DBG> peer122.ipv4: reloading
bird: 2026-07-17 01:51:46.837 [0000] <INFO> Reloading channel peer122.ipv4 for export
bird: 2026-07-17 01:51:46.837 [0000] <INFO> Reloading channel peer123.ipv4 for import
bird: 2026-07-17 01:51:46.837 [0000] <DBG> peer123.ipv4: reloading
bird: 2026-07-17 01:51:46.837 [0000] <INFO> Reloading channel peer123.ipv4 for export
bird: 2026-07-17 01:51:46.837 [0000] <INFO> Reloading channel peer124.ipv4 for import
bird: 2026-07-17 01:51:46.837 [0000] <DBG> peer124.ipv4: reloading
bird: 2026-07-17 01:51:46.837 [0000] <INFO> Reloading channel peer124.ipv4 for export
bird: 2026-07-17 01:51:46.837 [0000] <INFO> Reloading channel peer125.ipv4 for import
bird: 2026-07-17 01:51:46.837 [0000] <DBG> peer125.ipv4: reloading
bird: 2026-07-17 01:51:46.837 [0000] <INFO> Reloading channel peer125.ipv4 for export
bird: 2026-07-17 01:51:46.837 [0000] <INFO> Reloading channel peer126.ipv4 for import
bird: 2026-07-17 01:51:46.837 [0000] <DBG> peer126.ipv4: reloading
bird: 2026-07-17 01:51:46.837 [0000] <INFO> Reloading channel peer126.ipv4 for export
bird: 2026-07-17 01:51:46.837 [0000] <INFO> Reloading channel peer127.ipv4 for import
bird: 2026-07-17 01:51:46.837 [0000] <DBG> peer127.ipv4: reloading
bird: 2026-07-17 01:51:46.837 [0000] <INFO> Reloading channel peer127.ipv4 for export
bird: 2026-07-17 01:51:46.837 [0000] <INFO> Reloading channel peer128.ipv4 for import
bird: 2026-07-17 01:51:46.837 [0000] <DBG> peer128.ipv4: reloading
bird: 2026-07-17 01:51:46.837 [0000] <INFO> Reloading channel peer128.ipv4 for export
bird: 2026-07-17 01:51:46.837 [0000] <INFO> Reloading channel peer129.ipv4 for import
bird: 2026-07-17 01:51:46.837 [0000] <DBG> peer129.ipv4: reloading
bird: 2026-07-17 01:51:46.837 [0000] <INFO> Reloading channel peer129.ipv4 for export
bird: 2026-07-17 01:51:46.837 [0000] <INFO> Reloading channel peer130.ipv4 for import
bird: 2026-07-17 01:51:46.837 [0000] <DBG> peer130.ipv4: reloading
bird: 2026-07-17 01:51:46.837 [0000] <INFO> Reloading channel peer130.ipv4 for export
bird: 2026-07-17 01:51:46.837 [0000] <INFO> Reloading channel peer131.ipv4 for import
bird: 2026-07-17 01:51:46.837 [0000] <DBG> peer131.ipv4: reloading
bird: 2026-07-17 01:51:46.837 [0000] <INFO> Reloading channel peer131.ipv4 for export
bird: 2026-07-17 01:51:46.837 [0000] <INFO> Reloading channel peer132.ipv4 for import
bird: 2026-07-17 01:51:46.837 [0000] <DBG> peer132.ipv4: reloading
bird: 2026-07-17 01:51:46.837 [0000] <INFO> Reloading channel peer132.ipv4 for export
bird: 2026-07-17 01:51:46.837 [0000] <INFO> Reloading channel peer133.ipv4 for import
bird: 2026-07-17 01:51:46.837 [0000] <DBG> peer133.ipv4: reloading
bird: 2026-07-17 01:51:46.837 [0000] <INFO> Reloading channel peer133.ipv4 for export
bird: 2026-07-17 01:51:46.837 [0000] <INFO> Reloading channel peer134.ipv4 for import
bird: 2026-07-17 01:51:46.837 [0000] <DBG> peer134.ipv4: reloading
bird: 2026-07-17 01:51:46.837 [0000] <INFO> Reloading channel peer134.ipv4 for export
bird: 2026-07-17 01:51:46.837 [0000] <INFO> Reloading channel peer135.ipv4 for import
bird: 2026-07-17 01:51:46.837 [0000] <DBG> peer135.ipv4: reloading
bird: 2026-07-17 01:51:46.837 [0000] <INFO> Reloading channel peer135.ipv4 for export
bird: 2026-07-17 01:51:46.837 [0000] <INFO> Reloading channel peer136.ipv4 for import
bird: 2026-07-17 01:51:46.837 [0000] <DBG> peer136.ipv4: reloading
bird: 2026-07-17 01:51:46.837 [0000] <INFO> Reloading channel peer136.ipv4 for export
bird: 2026-07-17 01:51:46.837 [0000] <INFO> Reloading channel peer137.ipv4 for import
bird: 2026-07-17 01:51:46.837 [0000] <DBG> peer137.ipv4: reloading
bird: 2026-07-17 01:51:46.837 [0000] <INFO> Reloading channel peer137.ipv4 for export
bird: 2026-07-17 01:51:46.837 [0000] <INFO> Reloading channel peer138.ipv4 for import
bird: 2026-07-17 01:51:46.837 [0000] <DBG> peer138.ipv4: reloading
bird: 2026-07-17 01:51:46.837 [0000] <INFO> Reloading channel peer138.ipv4 for export
bird: 2026-07-17 01:51:46.837 [0000] <INFO> Reloading channel peer139.ipv4 for import
bird: 2026-07-17 01:51:46.837 [0000] <DBG> peer139.ipv4: reloading
bird: 2026-07-17 01:51:46.837 [0000] <INFO> Reloading channel peer139.ipv4 for export
bird: 2026-07-17 01:51:46.837 [0000] <INFO> Reloading channel peer140.ipv4 for import
bird: 2026-07-17 01:51:46.837 [0000] <DBG> peer140.ipv4: reloading
bird: 2026-07-17 01:51:46.837 [0000] <INFO> Reloading channel peer140.ipv4 for export
bird: 2026-07-17 01:51:46.837 [0000] <INFO> Reloading channel peer141.ipv4 for import
bird: 2026-07-17 01:51:46.837 [0000] <DBG> peer141.ipv4: reloading
bird: 2026-07-17 01:51:46.837 [0000] <INFO> Reloading channel peer141.ipv4 for export
bird: 2026-07-17 01:51:46.837 [0000] <INFO> Reloading channel peer142.ipv4 for import
bird: 2026-07-17 01:51:46.837 [0000] <DBG> peer142.ipv4: reloading
bird: 2026-07-17 01:51:46.837 [0000] <INFO> Reloading channel peer142.ipv4 for export
bird: 2026-07-17 01:51:46.837 [0000] <INFO> Reloading channel peer143.ipv4 for import
bird: 2026-07-17 01:51:46.837 [0000] <DBG> peer143.ipv4: reloading
bird: 2026-07-17 01:51:46.837 [0000] <INFO> Reloading channel peer143.ipv4 for export
bird: 2026-07-17 01:51:46.837 [0000] <INFO> Reloading channel peer144.ipv4 for import
bird: 2026-07-17 01:51:46.837 [0000] <DBG> peer144.ipv4: reloading
bird: 2026-07-17 01:51:46.837 [0000] <INFO> Reloading channel peer144.ipv4 for export
bird: 2026-07-17 01:51:46.837 [0000] <INFO> Reloading channel peer145.ipv4 for import
bird: 2026-07-17 01:51:46.837 [0000] <DBG> peer145.ipv4: reloading
bird: 2026-07-17 01:51:46.837 [0000] <INFO> Reloading channel peer145.ipv4 for export
bird: 2026-07-17 01:51:46.837 [0000] <INFO> Reloading channel peer146.ipv4 for import
bird: 2026-07-17 01:51:46.837 [0000] <DBG> peer146.ipv4: reloading
bird: 2026-07-17 01:51:46.837 [0000] <INFO> Reloading channel peer146.ipv4 for export
bird: 2026-07-17 01:51:46.837 [0000] <INFO> Reloading channel peer147.ipv4 for import
bird: 2026-07-17 01:51:46.837 [0000] <DBG> peer147.ipv4: reloading
bird: 2026-07-17 01:51:46.837 [0000] <INFO> Reloading channel peer147.ipv4 for export
bird: 2026-07-17 01:51:46.837 [0000] <INFO> Reloading channel peer148.ipv4 for import
bird: 2026-07-17 01:51:46.837 [0000] <DBG> peer148.ipv4: reloading
bird: 2026-07-17 01:51:46.837 [0000] <INFO> Reloading channel peer148.ipv4 for export
bird: 2026-07-17 01:51:46.837 [0000] <INFO> Reloading channel peer149.ipv4 for import
bird: 2026-07-17 01:51:46.837 [0000] <DBG> peer149.ipv4: reloading
bird: 2026-07-17 01:51:46.837 [0000] <INFO> Reloading channel peer149.ipv4 for export
bird: 2026-07-17 01:51:46.837 [0000] <INFO> Reloading channel peer150.ipv4 for import
bird: 2026-07-17 01:51:46.837 [0000] <DBG> peer150.ipv4: reloading
bird: 2026-07-17 01:51:46.837 [0000] <INFO> Reloading channel peer150.ipv4 for export
bird: 2026-07-17 01:51:46.837 [0000] <INFO> Reloading channel peer151.ipv4 for import
bird: 2026-07-17 01:51:46.837 [0000] <DBG> peer151.ipv4: reloading
bird: 2026-07-17 01:51:46.837 [0000] <INFO> Reloading channel peer151.ipv4 for export
bird: 2026-07-17 01:51:46.837 [0000] <INFO> Reloading channel peer152.ipv4 for import
bird: 2026-07-17 01:51:46.837 [0000] <DBG> peer152.ipv4: reloading
bird: 2026-07-17 01:51:46.837 [0000] <INFO> Reloading channel peer152.ipv4 for export
bird: 2026-07-17 01:51:46.837 [0000] <INFO> Reloading channel peer153.ipv4 for import
bird: 2026-07-17 01:51:46.837 [0000] <DBG> peer153.ipv4: reloading
bird: 2026-07-17 01:51:46.837 [0000] <INFO> Reloading channel peer153.ipv4 for export
bird: 2026-07-17 01:51:46.837 [0000] <INFO> Reloading channel peer154.ipv4 for import
bird: 2026-07-17 01:51:46.837 [0000] <DBG> peer154.ipv4: reloading
bird: 2026-07-17 01:51:46.837 [0000] <INFO> Reloading channel peer154.ipv4 for export
bird: 2026-07-17 01:51:46.837 [0000] <INFO> Reloading channel peer155.ipv4 for import
bird: 2026-07-17 01:51:46.837 [0000] <DBG> peer155.ipv4: reloading
bird: 2026-07-17 01:51:46.837 [0000] <INFO> Reloading channel peer155.ipv4 for export
bird: 2026-07-17 01:51:46.837 [0000] <INFO> Reloading channel peer156.ipv4 for import
bird: 2026-07-17 01:51:46.837 [0000] <DBG> peer156.ipv4: reloading
bird: 2026-07-17 01:51:46.837 [0000] <INFO> Reloading channel peer156.ipv4 for export
bird: 2026-07-17 01:51:46.837 [0000] <INFO> Reloading channel peer157.ipv4 for import
bird: 2026-07-17 01:51:46.837 [0000] <DBG> peer157.ipv4: reloading
bird: 2026-07-17 01:51:46.837 [0000] <INFO> Reloading channel peer157.ipv4 for export
bird: 2026-07-17 01:51:46.837 [0000] <INFO> Reloading channel peer158.ipv4 for import
bird: 2026-07-17 01:51:46.837 [0000] <DBG> peer158.ipv4: reloading
bird: 2026-07-17 01:51:46.837 [0000] <INFO> Reloading channel peer158.ipv4 for export
bird: 2026-07-17 01:51:46.837 [0000] <INFO> Reloading channel peer159.ipv4 for import
bird: 2026-07-17 01:51:46.837 [0000] <DBG> peer159.ipv4: reloading
bird: 2026-07-17 01:51:46.837 [0000] <INFO> Reloading channel peer159.ipv4 for export
bird: 2026-07-17 01:51:46.837 [0000] <INFO> Reloading channel peer160.ipv4 for import
bird: 2026-07-17 01:51:46.837 [0000] <DBG> peer160.ipv4: reloading
bird: 2026-07-17 01:51:46.837 [0000] <INFO> Reloading channel peer160.ipv4 for export
bird: 2026-07-17 01:51:46.837 [0000] <INFO> Reloading channel peer161.ipv4 for import
bird: 2026-07-17 01:51:46.837 [0000] <DBG> peer161.ipv4: reloading
bird: 2026-07-17 01:51:46.837 [0000] <INFO> Reloading channel peer161.ipv4 for export
bird: 2026-07-17 01:51:46.837 [0000] <INFO> Reloading channel peer162.ipv4 for import
bird: 2026-07-17 01:51:46.837 [0000] <DBG> peer162.ipv4: reloading
bird: 2026-07-17 01:51:46.837 [0000] <INFO> Reloading channel peer162.ipv4 for export
bird: 2026-07-17 01:51:46.837 [0000] <INFO> Reloading channel peer163.ipv4 for import
bird: 2026-07-17 01:51:46.837 [0000] <DBG> peer163.ipv4: reloading
bird: 2026-07-17 01:51:46.837 [0000] <INFO> Reloading channel peer163.ipv4 for export
bird: 2026-07-17 01:51:46.837 [0000] <INFO> Reloading channel peer164.ipv4 for import
bird: 2026-07-17 01:51:46.837 [0000] <DBG> peer164.ipv4: reloading
bird: 2026-07-17 01:51:46.837 [0000] <INFO> Reloading channel peer164.ipv4 for export
bird: 2026-07-17 01:51:46.837 [0000] <INFO> Reloading channel peer165.ipv4 for import
bird: 2026-07-17 01:51:46.837 [0000] <DBG> peer165.ipv4: reloading
bird: 2026-07-17 01:51:46.837 [0000] <INFO> Reloading channel peer165.ipv4 for export
bird: 2026-07-17 01:51:46.837 [0000] <INFO> Reloading channel peer166.ipv4 for import
bird: 2026-07-17 01:51:46.837 [0000] <DBG> peer166.ipv4: reloading
bird: 2026-07-17 01:51:46.837 [0000] <INFO> Reloading channel peer166.ipv4 for export
bird: 2026-07-17 01:51:46.837 [0000] <INFO> Reloading channel peer167.ipv4 for import
bird: 2026-07-17 01:51:46.837 [0000] <DBG> peer167.ipv4: reloading
bird: 2026-07-17 01:51:46.837 [0000] <INFO> Reloading channel peer167.ipv4 for export
bird: 2026-07-17 01:51:46.837 [0000] <INFO> Reloading channel peer168.ipv4 for import
bird: 2026-07-17 01:51:46.837 [0000] <DBG> peer168.ipv4: reloading
bird: 2026-07-17 01:51:46.837 [0000] <INFO> Reloading channel peer168.ipv4 for export
bird: 2026-07-17 01:51:46.837 [0000] <INFO> Reloading channel peer169.ipv4 for import
bird: 2026-07-17 01:51:46.837 [0000] <DBG> peer169.ipv4: reloading
bird: 2026-07-17 01:51:46.837 [0000] <INFO> Reloading channel peer169.ipv4 for export
bird: 2026-07-17 01:51:46.837 [0000] <INFO> Reloading channel peer170.ipv4 for import
bird: 2026-07-17 01:51:46.837 [0000] <DBG> peer170.ipv4: reloading
bird: 2026-07-17 01:51:46.837 [0000] <INFO> Reloading channel peer170.ipv4 for export
bird: 2026-07-17 01:51:46.837 [0000] <INFO> Reloading channel peer171.ipv4 for import
bird: 2026-07-17 01:51:46.837 [0000] <DBG> peer171.ipv4: reloading
bird: 2026-07-17 01:51:46.837 [0000] <INFO> Reloading channel peer171.ipv4 for export
bird: 2026-07-17 01:51:46.837 [0000] <INFO> Reloading channel peer172.ipv4 for import
bird: 2026-07-17 01:51:46.837 [0000] <DBG> peer172.ipv4: reloading
bird: 2026-07-17 01:51:46.837 [0000] <INFO> Reloading channel peer172.ipv4 for export
bird: 2026-07-17 01:51:46.837 [0000] <INFO> Reloading channel peer173.ipv4 for import
bird: 2026-07-17 01:51:46.837 [0000] <DBG> peer173.ipv4: reloading
bird: 2026-07-17 01:51:46.837 [0000] <INFO> Reloading channel peer173.ipv4 for export
bird: 2026-07-17 01:51:46.837 [0000] <INFO> Reloading channel peer174.ipv4 for import
bird: 2026-07-17 01:51:46.837 [0000] <DBG> peer174.ipv4: reloading
bird: 2026-07-17 01:51:46.837 [0000] <INFO> Reloading channel peer174.ipv4 for export
bird: 2026-07-17 01:51:46.837 [0000] <INFO> Reloading channel peer175.ipv4 for import
bird: 2026-07-17 01:51:46.837 [0000] <DBG> peer175.ipv4: reloading
bird: 2026-07-17 01:51:46.837 [0000] <INFO> Reloading channel peer175.ipv4 for export
bird: 2026-07-17 01:51:46.837 [0000] <INFO> Reloading channel peer176.ipv4 for import
bird: 2026-07-17 01:51:46.837 [0000] <DBG> peer176.ipv4: reloading
bird: 2026-07-17 01:51:46.837 [0000] <INFO> Reloading channel peer176.ipv4 for export
bird: 2026-07-17 01:51:46.837 [0000] <INFO> Reloading channel peer177.ipv4 for import
bird: 2026-07-17 01:51:46.837 [0000] <DBG> peer177.ipv4: reloading
bird: 2026-07-17 01:51:46.837 [0000] <INFO> Reloading channel peer177.ipv4 for export
bird: 2026-07-17 01:51:46.837 [0000] <INFO> Reloading channel peer178.ipv4 for import
bird: 2026-07-17 01:51:46.837 [0000] <DBG> peer178.ipv4: reloading
bird: 2026-07-17 01:51:46.837 [0000] <INFO> Reloading channel peer178.ipv4 for export
bird: 2026-07-17 01:51:46.837 [0000] <INFO> Reloading channel peer179.ipv4 for import
bird: 2026-07-17 01:51:46.837 [0000] <DBG> peer179.ipv4: reloading
bird: 2026-07-17 01:51:46.837 [0000] <INFO> Reloading channel peer179.ipv4 for export
bird: 2026-07-17 01:51:46.837 [0000] <INFO> Reloading channel peer180.ipv4 for import
bird: 2026-07-17 01:51:46.837 [0000] <DBG> peer180.ipv4: reloading
bird: 2026-07-17 01:51:46.837 [0000] <INFO> Reloading channel peer180.ipv4 for export
bird: 2026-07-17 01:51:46.837 [0000] <INFO> Reloading channel peer181.ipv4 for import
bird: 2026-07-17 01:51:46.837 [0000] <DBG> peer181.ipv4: reloading
bird: 2026-07-17 01:51:46.837 [0000] <INFO> Reloading channel peer181.ipv4 for export
bird: 2026-07-17 01:51:46.837 [0000] <INFO> Reloading channel peer182.ipv4 for import
bird: 2026-07-17 01:51:46.837 [0000] <DBG> peer182.ipv4: reloading
bird: 2026-07-17 01:51:46.837 [0000] <INFO> Reloading channel peer182.ipv4 for export
bird: 2026-07-17 01:51:46.837 [0000] <INFO> Reloading channel peer183.ipv4 for import
bird: 2026-07-17 01:51:46.837 [0000] <DBG> peer183.ipv4: reloading
bird: 2026-07-17 01:51:46.837 [0000] <INFO> Reloading channel peer183.ipv4 for export
bird: 2026-07-17 01:51:46.837 [0000] <INFO> Reloading channel peer184.ipv4 for import
bird: 2026-07-17 01:51:46.837 [0000] <DBG> peer184.ipv4: reloading
bird: 2026-07-17 01:51:46.837 [0000] <INFO> Reloading channel peer184.ipv4 for export
bird: 2026-07-17 01:51:46.837 [0000] <INFO> Reloading channel peer185.ipv4 for import
bird: 2026-07-17 01:51:46.837 [0000] <DBG> peer185.ipv4: reloading
bird: 2026-07-17 01:51:46.837 [0000] <INFO> Reloading channel peer185.ipv4 for export
bird: 2026-07-17 01:51:46.837 [0000] <INFO> Reloading channel peer186.ipv4 for import
bird: 2026-07-17 01:51:46.837 [0000] <DBG> peer186.ipv4: reloading
bird: 2026-07-17 01:51:46.837 [0000] <INFO> Reloading channel peer186.ipv4 for export
bird: 2026-07-17 01:51:46.837 [0000] <INFO> Reloading channel peer187.ipv4 for import
bird: 2026-07-17 01:51:46.837 [0000] <DBG> peer187.ipv4: reloading
bird: 2026-07-17 01:51:46.837 [0000] <INFO> Reloading channel peer187.ipv4 for export
bird: 2026-07-17 01:51:46.837 [0000] <INFO> Reloading channel peer188.ipv4 for import
bird: 2026-07-17 01:51:46.837 [0000] <DBG> peer188.ipv4: reloading
bird: 2026-07-17 01:51:46.837 [0000] <INFO> Reloading channel peer188.ipv4 for export
bird: 2026-07-17 01:51:46.837 [0000] <INFO> Reloading channel peer189.ipv4 for import
bird: 2026-07-17 01:51:46.837 [0000] <DBG> peer189.ipv4: reloading
bird: 2026-07-17 01:51:46.837 [0000] <INFO> Reloading channel peer189.ipv4 for export
bird: 2026-07-17 01:51:46.837 [0000] <INFO> Reloading channel peer190.ipv4 for import
bird: 2026-07-17 01:51:46.837 [0000] <DBG> peer190.ipv4: reloading
bird: 2026-07-17 01:51:46.837 [0000] <INFO> Reloading channel peer190.ipv4 for export
bird: 2026-07-17 01:51:46.837 [0000] <INFO> Reloading channel peer191.ipv4 for import
bird: 2026-07-17 01:51:46.837 [0000] <DBG> peer191.ipv4: reloading
bird: 2026-07-17 01:51:46.837 [0000] <INFO> Reloading channel peer191.ipv4 for export
bird: 2026-07-17 01:51:46.837 [0000] <INFO> Reloading channel peer192.ipv4 for import
bird: 2026-07-17 01:51:46.837 [0000] <DBG> peer192.ipv4: reloading
bird: 2026-07-17 01:51:46.837 [0000] <INFO> Reloading channel peer192.ipv4 for export
bird: 2026-07-17 01:51:46.837 [0000] <INFO> Reloading channel peer193.ipv4 for import
bird: 2026-07-17 01:51:46.837 [0000] <DBG> peer193.ipv4: reloading
bird: 2026-07-17 01:51:46.837 [0000] <INFO> Reloading channel peer193.ipv4 for export
bird: 2026-07-17 01:51:46.837 [0000] <INFO> Reloading channel peer194.ipv4 for import
bird: 2026-07-17 01:51:46.837 [0000] <DBG> peer194.ipv4: reloading
bird: 2026-07-17 01:51:46.837 [0000] <INFO> Reloading channel peer194.ipv4 for export
bird: 2026-07-17 01:51:46.837 [0000] <INFO> Reloading channel peer195.ipv4 for import
bird: 2026-07-17 01:51:46.837 [0000] <DBG> peer195.ipv4: reloading
bird: 2026-07-17 01:51:46.837 [0000] <INFO> Reloading channel peer195.ipv4 for export
bird: 2026-07-17 01:51:46.837 [0000] <INFO> Reloading channel peer196.ipv4 for import
bird: 2026-07-17 01:51:46.837 [0000] <DBG> peer196.ipv4: reloading
bird: 2026-07-17 01:51:46.837 [0000] <INFO> Reloading channel peer196.ipv4 for export
bird: 2026-07-17 01:51:46.837 [0000] <INFO> Reloading channel peer197.ipv4 for import
bird: 2026-07-17 01:51:46.837 [0000] <DBG> peer197.ipv4: reloading
bird: 2026-07-17 01:51:46.837 [0000] <INFO> Reloading channel peer197.ipv4 for export
bird: 2026-07-17 01:51:46.837 [0000] <INFO> Reloading channel peer198.ipv4 for import
bird: 2026-07-17 01:51:46.837 [0000] <DBG> peer198.ipv4: reloading
bird: 2026-07-17 01:51:46.837 [0000] <INFO> Reloading channel peer198.ipv4 for export
bird: 2026-07-17 01:51:46.837 [0000] <INFO> Reloading channel peer199.ipv4 for import
bird: 2026-07-17 01:51:46.837 [0000] <DBG> peer199.ipv4: reloading
bird: 2026-07-17 01:51:46.837 [0000] <INFO> Reloading channel peer199.ipv4 for export
bird: 2026-07-17 01:51:46.837 [0000] <INFO> Reconfigured
bird: 2026-07-17 01:52:04.061 [0001] <WARN> Attribute cache lookup collision, deduplication may be suboptimal.
