# reloadstall peers=200 changed_peers=200 stable_peers=0 prefixes=115000 per_peer=575 pid=0
established 200 at 5.2s
converged (>= 114425/observer) at 9.0s rss_mib=0
control_maxgap_ms: p50=20.07 p95=20.51 max=42.37 (n=200)
control_rss_mib 0
reloadstall_csv_header,reload,peers_total,peers_changed,peers_stable,prefixes,completion_p50_s,completion_p95_s,completion_max_s,changed_maxgap_p50_ms,changed_maxgap_p95_ms,changed_maxgap_max_ms,all_observer_maxgap_p50_ms,all_observer_maxgap_p95_ms,all_observer_maxgap_max_ms,changed_first_update_p50_ms,changed_first_update_p95_ms,changed_first_update_max_ms,rss_before_mib,rss_after_mib,stable_marker_peers,sessions_up,parse_errors
reload 1 reload_cmd wall_us=1784253077326440 policy=/tmp/ixp-bird/gen-b.conf
BIRD 3.3.1 ready.
Reading configuration from /etc/bird/bird.conf
Reconfigured
reload 1 completion_s: p50=7.66 p95=9.27 max=9.36 (n=200)
reload 1 maxgap_ms: p50=984.84 p95=1735.91 max=2457.22 (n=200)
reload 1 all_observer_maxgap_ms: p50=1089.08 p95=1948.71 max=2457.22 (n=200)
reload 1 first_update_ms: p50=10.96 p95=11.52 max=34.25 (n=200)
reload 1 rss_mib before=0 after=0 comms_sample=[4292610000]
reload 1 sessions_up 200/200
reload 1 stable_marker_peers 0/0
reloadstall_csv,1,200,200,0,115000,7.664592,9.265682,9.357420,984.836,1735.910,2457.220,1089.079,1948.711,2457.220,10.962,11.524,34.248,0,0,0,200,0
reload 2 reload_cmd wall_us=1784253106786022 policy=/tmp/ixp-bird/gen-a.conf
BIRD 3.3.1 ready.
Reading configuration from /etc/bird/bird.conf
Reconfigured
reload 2 completion_s: p50=7.52 p95=9.28 max=9.37 (n=200)
reload 2 maxgap_ms: p50=984.30 p95=1430.35 max=1852.76 (n=200)
reload 2 all_observer_maxgap_ms: p50=995.12 p95=1430.35 max=1852.76 (n=200)
reload 2 first_update_ms: p50=9.28 p95=9.70 max=36.66 (n=200)
reload 2 rss_mib before=0 after=0 comms_sample=[4292609000]
reload 2 sessions_up 200/200
reload 2 stable_marker_peers 0/0
reloadstall_csv,2,200,200,0,115000,7.520772,9.282935,9.373767,984.300,1430.345,1852.755,995.123,1430.345,1852.755,9.275,9.700,36.664,0,0,0,200,0
done rss_mib=0
