# reloadstall peers=700 changed_peers=700 stable_peers=0 prefixes=400400 per_peer=572 pid=466160
established 700 at 0.7s
establishment transport_retries=0 recovered_peers=0
first_exact_bitmap,mode=flapstorm,peers=700,total=400400,per_peer=572,expected=399828,completed=700,min_unique=399828,max_unique=399828
converged (>= 399828/observer) at 3.4s rss_mib=419
control_maxgap_ms: p50=18.94 p95=19.40 max=41.99 (n=700)
control_rss_mib 360
flapstorm_csv_header,round,peers_total,peers_flapped,prefixes,flap_prefixes,withdraw_p50_s,withdraw_p95_s,withdraw_max_s,reannounce_p50_s,reannounce_p95_s,reannounce_max_s,rss_mib,sessions_up,parse_errors
flap 1 close wall_us=1790576322158335
flap 1 withdraw_s: p50=0.25 p95=0.26 max=0.28 (n=650)
flap 1 reconnect transport_retries=0 recovered_peers=0
flap 1 reannounce wall_us=1790576332179349
flap 1 reannounce_s: p50=0.39 p95=0.39 max=0.42 (n=650)
flap 1 first_reann_s: p50=0.21 p95=0.21 max=0.24 (n=650)
flap 1 sessions_up 700/700 rss_mib=408
flapstorm_csv,1,700,50,400400,28600,0.249739,0.257928,0.283960,0.393027,0.394026,0.423657,408,700,0
flap 2 close wall_us=1790576342718765
flap 2 withdraw_s: p50=0.46 p95=0.46 max=0.48 (n=650)
flap 2 reconnect transport_retries=0 recovered_peers=0
flap 2 reannounce wall_us=1790576352744306
flap 2 reannounce_s: p50=0.38 p95=0.38 max=0.42 (n=650)
flap 2 first_reann_s: p50=0.22 p95=0.22 max=0.25 (n=650)
flap 2 sessions_up 700/700 rss_mib=411
flapstorm_csv,2,700,50,400400,28600,0.455746,0.462251,0.477855,0.380967,0.382019,0.418653,411,700,0
flap 3 close wall_us=1790576363255250
flap 3 withdraw_s: p50=0.33 p95=0.36 max=0.36 (n=650)
flap 3 reconnect transport_retries=0 recovered_peers=0
flap 3 reannounce wall_us=1790576373308085
flap 3 reannounce_s: p50=0.35 p95=0.35 max=0.39 (n=650)
flap 3 first_reann_s: p50=0.18 p95=0.18 max=0.21 (n=650)
flap 3 sessions_up 700/700 rss_mib=389
flapstorm_csv,3,700,50,400400,28600,0.329274,0.360727,0.363713,0.352060,0.352945,0.388817,389,700,0
done rss_mib=506
