# reloadstall peers=320 changed_peers=320 stable_peers=0 prefixes=183040 per_peer=572 pid=1687290
established 320 at 0.3s
establishment transport_retries=0 recovered_peers=0
first_exact_bitmap,mode=reload,peers=320,total=183040,per_peer=572,expected=182468,completed=320,min_unique=182468,max_unique=182468
converged (>= 182468/observer) at 3.2s rss_mib=511
control_maxgap_ms: p50=19.00 p95=19.37 max=41.95 (n=320)
control_rss_mib 485
reloadstall_csv_header,reload,peers_total,peers_changed,peers_stable,prefixes,completion_p50_s,completion_p95_s,completion_max_s,changed_maxgap_p50_ms,changed_maxgap_p95_ms,changed_maxgap_max_ms,all_observer_maxgap_p50_ms,all_observer_maxgap_p95_ms,all_observer_maxgap_max_ms,changed_first_generation_update_p50_ms,changed_first_generation_update_p95_ms,changed_first_generation_update_max_ms,rss_before_mib,rss_after_mib,stable_marker_peers,sessions_up,parse_errors
dataset-stage generation=b changed=36 total=640
reload 1 SIGHUP wall_us=1790422976326334 policy=/tmp/irr-rustbgpd-sighup/gen-b.rpol
reload 1 receiver_barriers_complete awaiting_daemon_settlement
reload 1 daemon_applied complete_before=0 complete_after=1
reload 1 completion_s: p50=1.30 p95=1.34 max=1.35 (n=320)
reload 1 maxgap_ms: p50=508.18 p95=526.68 max=563.23 (n=320)
reload 1 all_observer_maxgap_ms: p50=508.18 p95=526.68 max=563.23 (n=320)
reload 1 changed_first_generation_update_ms: p50=1118.85 p95=1137.29 max=1174.79 (n=320)
reload 1 rss_mib before=494 after=619 comms_sample=[4286056400]
reload 1 sessions_up 320/320
reload 1 stable_marker_peers 0/0
reload 1 withdrawals: v4 named 0/0 v6 named 0/0 leaked=0 bystander=0 stable=0 duplicate=0
reloadstall_csv,1,320,320,0,183040,1.299207,1.344971,1.348885,508.182,526.682,563.231,508.182,526.682,563.231,1118.849,1137.285,1174.790,494,619,0,320,0
dataset-stage generation=a changed=36 total=640
reload 2 SIGHUP wall_us=1790422999714380 policy=/tmp/irr-rustbgpd-sighup/gen-a.rpol
reload 2 receiver_barriers_complete awaiting_daemon_settlement
reload 2 daemon_applied complete_before=1 complete_after=2
reload 2 completion_s: p50=1.27 p95=1.36 max=1.36 (n=320)
reload 2 maxgap_ms: p50=505.74 p95=545.14 max=637.03 (n=320)
reload 2 all_observer_maxgap_ms: p50=505.74 p95=545.14 max=637.03 (n=320)
reload 2 changed_first_generation_update_ms: p50=1121.31 p95=1161.26 max=1252.05 (n=320)
reload 2 rss_mib before=555 after=657 comms_sample=[4286055400]
reload 2 sessions_up 320/320
reload 2 stable_marker_peers 0/0
reload 2 withdrawals: v4 named 0/0 v6 named 0/0 leaked=0 bystander=0 stable=0 duplicate=0
reloadstall_csv,2,320,320,0,183040,1.274523,1.358240,1.364578,505.737,545.141,637.027,505.737,545.141,637.027,1121.314,1161.259,1252.047,555,657,0,320,0
dataset-stage generation=b changed=36 total=640
reload 3 SIGHUP wall_us=1790423023169765 policy=/tmp/irr-rustbgpd-sighup/gen-b.rpol
reload 3 receiver_barriers_complete awaiting_daemon_settlement
reload 3 daemon_applied complete_before=2 complete_after=3
reload 3 completion_s: p50=1.24 p95=1.33 max=1.34 (n=320)
reload 3 maxgap_ms: p50=516.91 p95=665.73 max=744.93 (n=320)
reload 3 all_observer_maxgap_ms: p50=516.91 p95=665.73 max=744.93 (n=320)
reload 3 changed_first_generation_update_ms: p50=1093.09 p95=1242.22 max=1320.93 (n=320)
reload 3 rss_mib before=600 after=680 comms_sample=[4286056400]
reload 3 sessions_up 320/320
reload 3 stable_marker_peers 0/0
reload 3 withdrawals: v4 named 0/0 v6 named 0/0 leaked=0 bystander=0 stable=0 duplicate=0
reloadstall_csv,3,320,320,0,183040,1.244275,1.326858,1.337466,516.914,665.730,744.933,516.914,665.730,744.933,1093.091,1242.225,1320.927,600,680,0,320,0
dataset-stage generation=a changed=36 total=640
reload 4 SIGHUP wall_us=1790423046555294 policy=/tmp/irr-rustbgpd-sighup/gen-a.rpol
reload 4 receiver_barriers_complete awaiting_daemon_settlement
reload 4 daemon_applied complete_before=3 complete_after=4
reload 4 completion_s: p50=1.29 p95=1.38 max=1.39 (n=320)
reload 4 maxgap_ms: p50=560.04 p95=698.31 max=753.32 (n=320)
reload 4 all_observer_maxgap_ms: p50=560.04 p95=698.31 max=753.32 (n=320)
reload 4 changed_first_generation_update_ms: p50=1136.84 p95=1275.53 max=1330.03 (n=320)
reload 4 rss_mib before=576 after=671 comms_sample=[4286055400]
reload 4 sessions_up 320/320
reload 4 stable_marker_peers 0/0
reload 4 withdrawals: v4 named 0/0 v6 named 0/0 leaked=0 bystander=0 stable=0 duplicate=0
reloadstall_csv,4,320,320,0,183040,1.293857,1.382133,1.390943,560.036,698.308,753.315,560.036,698.308,753.315,1136.835,1275.532,1330.032,576,671,0,320,0
final sessions_up 320/320 parse_errors=0
done rss_mib=547
