# reloadstall peers=700 changed_peers=700 stable_peers=0 prefixes=400400 per_peer=572 pid=468368
established 700 at 0.7s
establishment transport_retries=0 recovered_peers=0
first_exact_bitmap,mode=flapstorm,peers=700,total=400400,per_peer=572,expected=399828,completed=700,min_unique=399828,max_unique=399828
converged (>= 399828/observer) at 3.4s rss_mib=416
control_maxgap_ms: p50=20.89 p95=21.38 max=42.98 (n=700)
control_rss_mib 360
flapstorm_csv_header,round,peers_total,peers_flapped,prefixes,flap_prefixes,withdraw_p50_s,withdraw_p95_s,withdraw_max_s,reannounce_p50_s,reannounce_p95_s,reannounce_max_s,rss_mib,sessions_up,parse_errors
flap 1 close wall_us=1790577218001563
flap 1 withdraw_s: p50=0.36 p95=0.36 max=0.37 (n=650)
flap 1 reconnect transport_retries=0 recovered_peers=0
flap 1 reannounce wall_us=1790577228025142
flap 1 reannounce_s: p50=0.38 p95=0.38 max=0.41 (n=650)
flap 1 first_reann_s: p50=0.21 p95=0.21 max=0.25 (n=650)
flap 1 sessions_up 700/700 rss_mib=405
flapstorm_csv,1,700,50,400400,28600,0.361602,0.364901,0.365499,0.375796,0.377152,0.409841,405,700,0
flap 2 close wall_us=1790577238536128
flap 2 withdraw_s: p50=0.43 p95=0.44 max=0.47 (n=650)
flap 2 reconnect transport_retries=0 recovered_peers=0
flap 2 reannounce wall_us=1790577248587406
flap 2 reannounce_s: p50=0.37 p95=0.37 max=0.40 (n=650)
flap 2 first_reann_s: p50=0.19 p95=0.19 max=0.23 (n=650)
flap 2 sessions_up 700/700 rss_mib=380
flapstorm_csv,2,700,50,400400,28600,0.433507,0.435462,0.468814,0.367919,0.368899,0.400793,380,700,0
flap 3 close wall_us=1790577258997417
flap 3 withdraw_s: p50=0.39 p95=0.39 max=0.42 (n=650)
flap 3 reconnect transport_retries=0 recovered_peers=0
flap 3 reannounce wall_us=1790577269024967
flap 3 reannounce_s: p50=0.40 p95=0.40 max=0.42 (n=650)
flap 3 first_reann_s: p50=0.22 p95=0.22 max=0.23 (n=650)
flap 3 sessions_up 700/700 rss_mib=403
flapstorm_csv,3,700,50,400400,28600,0.385451,0.388353,0.420528,0.397769,0.398852,0.422029,403,700,0
done rss_mib=444
