# reloadstall peers=200 changed_peers=200 stable_peers=0 prefixes=115000 per_peer=575 pid=0
established 200 at 27.4s
converged (>= 114425/observer) at 45.7s rss_mib=0
control_maxgap_ms: p50=36.59 p95=36.63 max=43.80 (n=200)
control_rss_mib 0
reloadstall_csv_header,reload,peers_total,peers_changed,peers_stable,prefixes,completion_p50_s,completion_p95_s,completion_max_s,changed_maxgap_p50_ms,changed_maxgap_p95_ms,changed_maxgap_max_ms,all_observer_maxgap_p50_ms,all_observer_maxgap_p95_ms,all_observer_maxgap_max_ms,changed_first_update_p50_ms,changed_first_update_p95_ms,changed_first_update_max_ms,rss_before_mib,rss_after_mib,stable_marker_peers,sessions_up,parse_errors
reload 1 reload_cmd wall_us=1784253522438772 policy=/tmp/ixp-openbgpd/gen-b.conf
reload request sent.
request processed
reload 1 progress: complete=0/200
reload 1 completion_s: p50=15.18 p95=15.18 max=15.18 (n=200)
reload 1 maxgap_ms: p50=35.76 p95=39.81 max=40.80 (n=200)
reload 1 all_observer_maxgap_ms: p50=35.76 p95=39.81 max=40.80 (n=200)
reload 1 first_update_ms: p50=1.32 p95=1.82 max=7.43 (n=200)
reload 1 rss_mib before=0 after=0 comms_sample=[4292610000]
reload 1 sessions_up 200/200
reload 1 stable_marker_peers 0/0
reloadstall_csv,1,200,200,0,115000,15.175384,15.176129,15.176189,35.764,39.812,40.805,35.764,39.812,40.805,1.325,1.824,7.433,0,0,0,200,0
reload 2 reload_cmd wall_us=1784253557660280 policy=/tmp/ixp-openbgpd/gen-a.conf
reload request sent.
request processed
reload 2 progress: complete=0/200
reload 2 completion_s: p50=15.21 p95=15.21 max=15.21 (n=200)
reload 2 maxgap_ms: p50=60.58 p95=60.62 max=76.48 (n=200)
reload 2 all_observer_maxgap_ms: p50=60.58 p95=60.62 max=76.48 (n=200)
reload 2 first_update_ms: p50=1.47 p95=2.06 max=6.57 (n=200)
reload 2 rss_mib before=0 after=0 comms_sample=[4292609000]
reload 2 sessions_up 200/200
reload 2 stable_marker_peers 0/0
reloadstall_csv,2,200,200,0,115000,15.206508,15.206919,15.207638,60.582,60.622,76.484,60.582,60.622,76.484,1.465,2.063,6.566,0,0,0,200,0
done rss_mib=0
