# reloadstall peers=320 changed_peers=320 stable_peers=0 prefixes=183040 per_peer=572 pid=0
established 320 at 56.5s
establishment transport_retries=0 recovered_peers=0
first_exact_bitmap,mode=reload,peers=320,total=183040,per_peer=572,expected=182468,completed=320,min_unique=182468,max_unique=182468
converged (>= 182468/observer) at 99.7s rss_mib=0
control_maxgap_ms: p50=33.12 p95=33.21 max=43.56 (n=320)
control_rss_mib 0
reloadstall_csv_header,reload,peers_total,peers_changed,peers_stable,prefixes,completion_p50_s,completion_p95_s,completion_max_s,changed_maxgap_p50_ms,changed_maxgap_p95_ms,changed_maxgap_max_ms,all_observer_maxgap_p50_ms,all_observer_maxgap_p95_ms,all_observer_maxgap_max_ms,changed_first_generation_update_p50_ms,changed_first_generation_update_p95_ms,changed_first_generation_update_max_ms,rss_before_mib,rss_after_mib,stable_marker_peers,sessions_up,parse_errors
reload 1 reload_cmd wall_us=1791094909478895 policy=/tmp/irr-openbgpd/gen-b.conf
reload request sent.
request processed
reload 1 progress: complete=0/320
reload 1 progress: complete=0/320
reload 1 progress: complete=0/320
reload 1 progress: complete=0/320
reload 1 completion_s: p50=51.52 p95=51.52 max=51.53 (n=320)
reload 1 maxgap_ms: p50=369.89 p95=370.32 max=390.77 (n=320)
reload 1 all_observer_maxgap_ms: p50=369.89 p95=370.32 max=390.77 (n=320)
reload 1 changed_first_generation_update_ms: p50=7220.41 p95=7221.14 max=7310.23 (n=320)
reload 1 rss_mib before=0 after=0 comms_sample=[4286056400]
reload 1 sessions_up 320/320
reload 1 stable_marker_peers 0/0
reload 1 withdrawals: v4 named 0/0 v6 named 0/0 leaked=0 bystander=0 stable=0 duplicate=0
reloadstall_csv,1,320,320,0,183040,51.521571,51.523770,51.525362,369.890,370.321,390.771,369.890,370.321,390.771,7220.413,7221.135,7310.234,0,0,0,320,0
reload 2 reload_cmd wall_us=1791094981110415 policy=/tmp/irr-openbgpd/gen-a.conf
reload request sent.
request processed
reload 2 progress: complete=0/320
reload 2 progress: complete=0/320
reload 2 progress: complete=0/320
reload 2 completion_s: p50=43.97 p95=43.97 max=43.98 (n=320)
reload 2 maxgap_ms: p50=423.13 p95=423.65 max=423.71 (n=320)
reload 2 all_observer_maxgap_ms: p50=423.13 p95=423.65 max=423.71 (n=320)
reload 2 changed_first_generation_update_ms: p50=7227.85 p95=7228.57 max=7347.74 (n=320)
reload 2 rss_mib before=0 after=0 comms_sample=[4286055400]
reload 2 sessions_up 320/320
reload 2 stable_marker_peers 0/0
reload 2 withdrawals: v4 named 0/0 v6 named 0/0 leaked=0 bystander=0 stable=0 duplicate=0
reloadstall_csv,2,320,320,0,183040,43.969719,43.971983,43.978136,423.131,423.649,423.706,423.131,423.649,423.706,7227.852,7228.574,7347.739,0,0,0,320,0
reload 3 reload_cmd wall_us=1791095045145021 policy=/tmp/irr-openbgpd/gen-b.conf
reload request sent.
request processed
reload 3 progress: complete=0/320
reload 3 progress: complete=0/320
reload 3 progress: complete=0/320
reload 3 progress: complete=0/320
reload 3 progress: complete=0/320
reload 3 completion_s: p50=57.02 p95=57.02 max=57.03 (n=320)
reload 3 maxgap_ms: p50=463.28 p95=463.80 max=463.86 (n=320)
reload 3 all_observer_maxgap_ms: p50=463.28 p95=463.80 max=463.86 (n=320)
reload 3 changed_first_generation_update_ms: p50=7131.53 p95=7132.67 max=7336.08 (n=320)
reload 3 rss_mib before=0 after=0 comms_sample=[4286056400]
reload 3 sessions_up 320/320
reload 3 stable_marker_peers 0/0
reload 3 withdrawals: v4 named 0/0 v6 named 0/0 leaked=0 bystander=0 stable=0 duplicate=0
reloadstall_csv,3,320,320,0,183040,57.020629,57.023636,57.026958,463.279,463.798,463.863,463.279,463.798,463.863,7131.528,7132.671,7336.081,0,0,0,320,0
reload 4 reload_cmd wall_us=1791095122294958 policy=/tmp/irr-openbgpd/gen-a.conf
reload request sent.
request processed
reload 4 progress: complete=0/320
reload 4 progress: complete=0/320
reload 4 progress: complete=0/320
reload 4 completion_s: p50=44.50 p95=44.50 max=44.51 (n=320)
reload 4 maxgap_ms: p50=429.87 p95=430.44 max=430.48 (n=320)
reload 4 all_observer_maxgap_ms: p50=429.87 p95=430.44 max=430.48 (n=320)
reload 4 changed_first_generation_update_ms: p50=7237.21 p95=7237.95 max=7343.99 (n=320)
reload 4 rss_mib before=0 after=0 comms_sample=[4286055400]
reload 4 sessions_up 320/320
reload 4 stable_marker_peers 0/0
reload 4 withdrawals: v4 named 0/0 v6 named 0/0 leaked=0 bystander=0 stable=0 duplicate=0
reloadstall_csv,4,320,320,0,183040,44.500639,44.501770,44.506766,429.874,430.440,430.482,429.874,430.440,430.482,7237.212,7237.948,7343.987,0,0,0,320,0
final sessions_up 320/320 parse_errors=0
done rss_mib=0
