# reloadstall peers=320 changed_peers=320 stable_peers=0 prefixes=183040 per_peer=572 pid=0
established 320 at 78.2s
establishment transport_retries=0 recovered_peers=0
first_exact_bitmap,mode=reload,peers=320,total=183040,per_peer=572,expected=182468,completed=320,min_unique=182468,max_unique=182468
converged (>= 182468/observer) at 121.3s rss_mib=0
control_maxgap_ms: p50=28.72 p95=29.51 max=48.69 (n=320)
control_rss_mib 0
reloadstall_csv_header,reload,peers_total,peers_changed,peers_stable,prefixes,completion_p50_s,completion_p95_s,completion_max_s,changed_maxgap_p50_ms,changed_maxgap_p95_ms,changed_maxgap_max_ms,all_observer_maxgap_p50_ms,all_observer_maxgap_p95_ms,all_observer_maxgap_max_ms,changed_first_generation_update_p50_ms,changed_first_generation_update_p95_ms,changed_first_generation_update_max_ms,rss_before_mib,rss_after_mib,stable_marker_peers,sessions_up,parse_errors
reload 1 reload_cmd wall_us=1791096717992918 policy=/tmp/irr-openbgpd/gen-b.conf
reload request sent.
request processed
reload 1 progress: complete=0/320
reload 1 progress: complete=0/320
reload 1 progress: complete=0/320
reload 1 progress: complete=0/320
reload 1 completion_s: p50=52.11 p95=52.11 max=52.11 (n=320)
reload 1 maxgap_ms: p50=368.22 p95=368.58 max=382.21 (n=320)
reload 1 all_observer_maxgap_ms: p50=368.22 p95=368.58 max=382.21 (n=320)
reload 1 changed_first_generation_update_ms: p50=7128.34 p95=7129.04 max=7258.00 (n=320)
reload 1 rss_mib before=0 after=0 comms_sample=[4286056400]
reload 1 sessions_up 320/320
reload 1 stable_marker_peers 0/0
reload 1 withdrawals: v4 named 0/0 v6 named 0/0 leaked=0 bystander=0 stable=0 duplicate=0
reloadstall_csv,1,320,320,0,183040,52.111798,52.112830,52.112969,368.222,368.585,382.213,368.222,368.585,382.213,7128.343,7129.039,7257.999,0,0,0,320,0
reload 2 reload_cmd wall_us=1791096790156204 policy=/tmp/irr-openbgpd/gen-a.conf
reload request sent.
request processed
reload 2 progress: complete=0/320
reload 2 progress: complete=0/320
reload 2 progress: complete=0/320
reload 2 completion_s: p50=44.24 p95=44.24 max=44.24 (n=320)
reload 2 maxgap_ms: p50=435.20 p95=435.71 max=442.10 (n=320)
reload 2 all_observer_maxgap_ms: p50=435.20 p95=435.71 max=442.10 (n=320)
reload 2 changed_first_generation_update_ms: p50=7250.15 p95=7250.95 max=7416.10 (n=320)
reload 2 rss_mib before=0 after=0 comms_sample=[4286055400]
reload 2 sessions_up 320/320
reload 2 stable_marker_peers 0/0
reload 2 withdrawals: v4 named 0/0 v6 named 0/0 leaked=0 bystander=0 stable=0 duplicate=0
reloadstall_csv,2,320,320,0,183040,44.238424,44.239362,44.239484,435.197,435.707,442.097,435.197,435.707,442.097,7250.151,7250.949,7416.100,0,0,0,320,0
reload 3 reload_cmd wall_us=1791096854483318 policy=/tmp/irr-openbgpd/gen-b.conf
reload request sent.
request processed
reload 3 progress: complete=0/320
reload 3 progress: complete=0/320
reload 3 progress: complete=0/320
reload 3 progress: complete=0/320
reload 3 progress: complete=0/320
reload 3 completion_s: p50=58.42 p95=58.42 max=58.42 (n=320)
reload 3 maxgap_ms: p50=443.55 p95=444.13 max=444.18 (n=320)
reload 3 all_observer_maxgap_ms: p50=443.55 p95=444.13 max=444.18 (n=320)
reload 3 changed_first_generation_update_ms: p50=7272.28 p95=7273.03 max=7497.43 (n=320)
reload 3 rss_mib before=0 after=0 comms_sample=[4286056400]
reload 3 sessions_up 320/320
reload 3 stable_marker_peers 0/0
reload 3 withdrawals: v4 named 0/0 v6 named 0/0 leaked=0 bystander=0 stable=0 duplicate=0
reloadstall_csv,3,320,320,0,183040,58.415781,58.417104,58.418513,443.549,444.128,444.179,443.549,444.128,444.179,7272.285,7273.030,7497.432,0,0,0,320,0
reload 4 reload_cmd wall_us=1791096932965405 policy=/tmp/irr-openbgpd/gen-a.conf
reload request sent.
request processed
reload 4 progress: complete=0/320
reload 4 progress: complete=0/320
reload 4 progress: complete=0/320
reload 4 completion_s: p50=44.58 p95=44.59 max=44.60 (n=320)
reload 4 maxgap_ms: p50=434.66 p95=435.18 max=435.24 (n=320)
reload 4 all_observer_maxgap_ms: p50=434.66 p95=435.18 max=435.24 (n=320)
reload 4 changed_first_generation_update_ms: p50=7231.05 p95=7231.77 max=7364.97 (n=320)
reload 4 rss_mib before=0 after=0 comms_sample=[4286055400]
reload 4 sessions_up 320/320
reload 4 stable_marker_peers 0/0
reload 4 withdrawals: v4 named 0/0 v6 named 0/0 leaked=0 bystander=0 stable=0 duplicate=0
reloadstall_csv,4,320,320,0,183040,44.577086,44.588564,44.595212,434.659,435.183,435.235,434.659,435.183,435.235,7231.045,7231.770,7364.967,0,0,0,320,0
final sessions_up 320/320 parse_errors=0
done rss_mib=0
