# reloadstall peers=700 changed_peers=700 stable_peers=0 prefixes=400400 per_peer=572 pid=2365278
established 700 at 0.7s
first_exact_bitmap,mode=flapstorm,peers=700,total=400400,per_peer=572,expected=399828,completed=700,min_unique=399828,max_unique=399828
converged (>= 399828/observer) at 4.8s rss_mib=460
control_maxgap_ms: p50=50.76 p95=51.52 max=65.96 (n=700)
control_rss_mib 404
flapstorm_csv_header,round,peers_total,peers_flapped,prefixes,flap_prefixes,withdraw_p50_s,withdraw_p95_s,withdraw_max_s,reannounce_p50_s,reannounce_p95_s,reannounce_max_s,rss_mib,sessions_up,parse_errors
flap 1 close wall_us=1786213334924055
flap 1 withdraw_s: p50=0.31 p95=0.31 max=0.32 (n=650)
flap 1 reannounce wall_us=1786213344947260
flap 1 reannounce_s: p50=0.54 p95=0.54 max=0.58 (n=650)
flap 1 first_reann_s: p50=0.29 p95=0.29 max=0.33 (n=650)
flap 1 sessions_up 700/700 rss_mib=427
flapstorm_csv,1,700,50,400400,28600,0.310051,0.312662,0.321655,0.542978,0.544850,0.581424,427,700,0
flap 2 close wall_us=1786213355556943
flap 2 withdraw_s: p50=0.37 p95=0.37 max=0.40 (n=650)
flap 2 reannounce wall_us=1786213365577848
flap 2 reannounce_s: p50=0.52 p95=0.52 max=0.55 (n=650)
flap 2 first_reann_s: p50=0.28 p95=0.28 max=0.28 (n=650)
flap 2 sessions_up 700/700 rss_mib=436
flapstorm_csv,2,700,50,400400,28600,0.370080,0.371604,0.395771,0.521577,0.523436,0.548865,436,700,0
flap 3 close wall_us=1786213376189885
flap 3 withdraw_s: p50=0.41 p95=0.42 max=0.42 (n=650)
flap 3 reannounce wall_us=1786213386240006
flap 3 reannounce_s: p50=0.55 p95=0.55 max=0.55 (n=650)
flap 3 first_reann_s: p50=0.27 p95=0.27 max=0.28 (n=650)
flap 3 sessions_up 700/700 rss_mib=427
flapstorm_csv,3,700,50,400400,28600,0.412924,0.417058,0.417886,0.545483,0.547273,0.549713,427,700,0
done rss_mib=489
