# reloadstall peers=700 changed_peers=700 stable_peers=0 prefixes=400400 per_peer=572 pid=2308071
established 700 at 0.8s
establishment transport_retries=0 recovered_peers=0
first_exact_bitmap,mode=flapstorm,peers=700,total=400400,per_peer=572,expected=399828,completed=700,min_unique=399828,max_unique=399828
converged (>= 399828/observer) at 3.2s rss_mib=410
control_maxgap_ms: p50=115.06 p95=115.68 max=117.48 (n=700)
control_rss_mib 352
converged_rejoin_csv_header,round,peers_total,peers_flapped,prefixes,rejoin_p50_s,rejoin_max_s,survivor_maxgap_ms,readiness_samples,rss_mib,sessions_up,parse_errors
converged_table_checkpoint,round=1,phase=disconnected,observers=1:2,unique=399828,eor=present
converged_rejoin 1 reconnect transport_retries=0
flap 1 peer 0 rejoin_complete_s=0.187052 eor_before_full_table=false eor=present
flap 1 rejoin_complete_s: p50=0.19 p95=0.19 max=0.19 (n=1)
converged_table_checkpoint,round=1,phase=settled,observers=1:2,unique=399828,eor=present
converged_rejoin 1 survivor_maxgap_ms: p50=122.25 p95=122.37 max=122.46 (n=699)
converged_rejoin_csv,1,700,1,400400,0.187052,0.187052,122.457000,12,413,700,0
converged_table_checkpoint,round=2,phase=disconnected,observers=1:2,unique=399828,eor=present
converged_rejoin 2 reconnect transport_retries=0
flap 2 peer 0 rejoin_complete_s=0.180866 eor_before_full_table=false eor=present
flap 2 rejoin_complete_s: p50=0.18 p95=0.18 max=0.18 (n=1)
converged_table_checkpoint,round=2,phase=settled,observers=1:2,unique=399828,eor=present
converged_rejoin 2 survivor_maxgap_ms: p50=120.79 p95=122.35 max=122.52 (n=699)
converged_rejoin_csv,2,700,1,400400,0.180866,0.180866,122.518000,12,429,700,0
converged_table_checkpoint,round=3,phase=disconnected,observers=1:2,unique=399828,eor=present
converged_rejoin 3 reconnect transport_retries=0
flap 3 peer 0 rejoin_complete_s=0.185436 eor_before_full_table=false eor=present
flap 3 rejoin_complete_s: p50=0.19 p95=0.19 max=0.19 (n=1)
converged_table_checkpoint,round=3,phase=settled,observers=1:2,unique=399828,eor=present
converged_rejoin 3 survivor_maxgap_ms: p50=122.79 p95=124.11 max=124.21 (n=699)
converged_rejoin_csv,3,700,1,400400,0.185436,0.185436,124.210000,12,410,700,0
done rss_mib=353
