# reloadstall peers=700 changed_peers=700 stable_peers=0 prefixes=400400 per_peer=572 pid=2955702
established 700 at 0.8s
establishment transport_retries=0 recovered_peers=0
first_exact_bitmap,mode=reload,peers=700,total=400400,per_peer=572,expected=399828,completed=700,min_unique=399828,max_unique=399828
converged (>= 399828/observer) at 2.8s rss_mib=399
control_maxgap_ms: p50=18.80 p95=19.11 max=42.01 (n=700)
control_rss_mib 348
reloadstall_csv_header,reload,peers_total,peers_changed,peers_stable,prefixes,completion_p50_s,completion_p95_s,completion_max_s,changed_maxgap_p50_ms,changed_maxgap_p95_ms,changed_maxgap_max_ms,all_observer_maxgap_p50_ms,all_observer_maxgap_p95_ms,all_observer_maxgap_max_ms,changed_first_generation_update_p50_ms,changed_first_generation_update_p95_ms,changed_first_generation_update_max_ms,rss_before_mib,rss_after_mib,stable_marker_peers,sessions_up,parse_errors
reload 1 SIGHUP wall_us=1791032194514589 policy=<scenario-dir>/gen-b.rpol
reload 1 receiver_barriers_complete awaiting_daemon_settlement
reload 1 daemon_applied complete_before=0 complete_after=1
reload 1 completion_s: p50=1.02 p95=1.07 max=1.08 (n=700)
reload 1 maxgap_ms: p50=403.37 p95=496.82 max=527.40 (n=700)
reload 1 all_observer_maxgap_ms: p50=403.37 p95=496.82 max=527.40 (n=700)
reload 1 changed_first_generation_update_ms: p50=867.88 p95=961.39 max=993.13 (n=700)
reload 1 rss_mib before=374 after=456 comms_sample=[4286056400]
reload 1 sessions_up 700/700
reload 1 stable_marker_peers 0/0
reload 1 withdrawals: v4 named 0/0 v6 named 0/0 leaked=0 bystander=0 stable=0 duplicate=0
reloadstall_csv,1,700,700,0,400400,1.016270,1.074316,1.078933,403.371,496.816,527.397,403.371,496.816,527.397,867.881,961.389,993.126,374,456,0,700,0
reload 2 SIGHUP wall_us=1791032215854138 policy=<scenario-dir>/gen-a.rpol
reload 2 receiver_barriers_complete awaiting_daemon_settlement
reload 2 daemon_applied complete_before=1 complete_after=2
reload 2 completion_s: p50=0.99 p95=1.04 max=1.05 (n=700)
reload 2 maxgap_ms: p50=376.42 p95=499.95 max=558.23 (n=700)
reload 2 all_observer_maxgap_ms: p50=376.42 p95=499.95 max=558.23 (n=700)
reload 2 changed_first_generation_update_ms: p50=858.56 p95=983.60 max=1039.32 (n=700)
reload 2 rss_mib before=386 after=455 comms_sample=[4286055400]
reload 2 sessions_up 700/700
reload 2 stable_marker_peers 0/0
reload 2 withdrawals: v4 named 0/0 v6 named 0/0 leaked=0 bystander=0 stable=0 duplicate=0
reloadstall_csv,2,700,700,0,400400,0.987111,1.038580,1.045177,376.422,499.955,558.232,376.422,499.955,558.232,858.556,983.602,1039.317,386,455,0,700,0
reload 3 SIGHUP wall_us=1791032237145004 policy=<scenario-dir>/gen-b.rpol
reload 3 receiver_barriers_complete awaiting_daemon_settlement
reload 3 daemon_applied complete_before=2 complete_after=3
reload 3 completion_s: p50=0.97 p95=1.03 max=1.04 (n=700)
reload 3 maxgap_ms: p50=385.32 p95=563.75 max=584.46 (n=700)
reload 3 all_observer_maxgap_ms: p50=385.32 p95=563.75 max=584.46 (n=700)
reload 3 changed_first_generation_update_ms: p50=835.95 p95=1014.77 max=1034.27 (n=700)
reload 3 rss_mib before=386 after=452 comms_sample=[4286056400]
reload 3 sessions_up 700/700
reload 3 stable_marker_peers 0/0
reload 3 withdrawals: v4 named 0/0 v6 named 0/0 leaked=0 bystander=0 stable=0 duplicate=0
reloadstall_csv,3,700,700,0,400400,0.974742,1.031984,1.040058,385.323,563.752,584.457,385.323,563.752,584.457,835.950,1014.766,1034.271,386,452,0,700,0
reload 4 SIGHUP wall_us=1791032258445355 policy=<scenario-dir>/gen-a.rpol
reload 4 receiver_barriers_complete awaiting_daemon_settlement
reload 4 daemon_applied complete_before=3 complete_after=4
reload 4 completion_s: p50=0.99 p95=1.04 max=1.05 (n=700)
reload 4 maxgap_ms: p50=388.63 p95=467.29 max=546.51 (n=700)
reload 4 all_observer_maxgap_ms: p50=388.63 p95=467.29 max=546.51 (n=700)
reload 4 changed_first_generation_update_ms: p50=856.20 p95=933.83 max=1013.41 (n=700)
reload 4 rss_mib before=386 after=462 comms_sample=[4286055400]
reload 4 sessions_up 700/700
reload 4 stable_marker_peers 0/0
reload 4 withdrawals: v4 named 0/0 v6 named 0/0 leaked=0 bystander=0 stable=0 duplicate=0
reloadstall_csv,4,700,700,0,400400,0.986993,1.042417,1.048392,388.633,467.291,546.511,388.633,467.291,546.511,856.198,933.826,1013.413,386,462,0,700,0
done rss_mib=362
route_refresh_accounting,peer=0,family=ipv4,received=4,suppressed=0,completed=4,sent_nlri=2288
route_refresh_accounting,peer=1,family=ipv4,received=4,suppressed=0,completed=4,sent_nlri=2288
route_refresh_accounting,peer=2,family=ipv4,received=4,suppressed=0,completed=4,sent_nlri=2288
route_refresh_accounting,peer=3,family=ipv4,received=4,suppressed=0,completed=4,sent_nlri=2288
route_refresh_accounting,peer=4,family=ipv4,received=4,suppressed=0,completed=4,sent_nlri=2288
route_refresh_accounting,peer=5,family=ipv4,received=4,suppressed=0,completed=4,sent_nlri=2288
route_refresh_accounting,peer=6,family=ipv4,received=4,suppressed=0,completed=4,sent_nlri=2288
route_refresh_accounting,peer=7,family=ipv4,received=4,suppressed=0,completed=4,sent_nlri=2288
route_refresh_accounting,peer=8,family=ipv4,received=4,suppressed=0,completed=4,sent_nlri=2288
route_refresh_accounting,peer=9,family=ipv4,received=4,suppressed=0,completed=4,sent_nlri=2288
route_refresh_accounting,peer=10,family=ipv4,received=4,suppressed=0,completed=4,sent_nlri=2288
route_refresh_accounting,peer=11,family=ipv4,received=4,suppressed=0,completed=4,sent_nlri=2288
route_refresh_accounting,peer=12,family=ipv4,received=4,suppressed=0,completed=4,sent_nlri=2288
route_refresh_accounting,peer=13,family=ipv4,received=4,suppressed=0,completed=4,sent_nlri=2288
route_refresh_accounting,peer=14,family=ipv4,received=4,suppressed=0,completed=4,sent_nlri=2288
route_refresh_accounting,peer=15,family=ipv4,received=4,suppressed=0,completed=4,sent_nlri=2288
route_refresh_accounting,peer=16,family=ipv4,received=4,suppressed=0,completed=4,sent_nlri=2288
route_refresh_accounting,peer=17,family=ipv4,received=4,suppressed=0,completed=4,sent_nlri=2288
route_refresh_accounting,peer=18,family=ipv4,received=4,suppressed=0,completed=4,sent_nlri=2288
route_refresh_accounting,peer=19,family=ipv4,received=4,suppressed=0,completed=4,sent_nlri=2288
route_refresh_accounting,peer=20,family=ipv4,received=4,suppressed=0,completed=4,sent_nlri=2288
route_refresh_accounting,peer=21,family=ipv4,received=4,suppressed=0,completed=4,sent_nlri=2288
route_refresh_accounting,peer=22,family=ipv4,received=4,suppressed=0,completed=4,sent_nlri=2288
route_refresh_accounting,peer=23,family=ipv4,received=4,suppressed=0,completed=4,sent_nlri=2288
route_refresh_accounting,peer=24,family=ipv4,received=4,suppressed=0,completed=4,sent_nlri=2288
route_refresh_accounting,peer=25,family=ipv4,received=4,suppressed=0,completed=4,sent_nlri=2288
route_refresh_accounting,peer=26,family=ipv4,received=4,suppressed=0,completed=4,sent_nlri=2288
route_refresh_accounting,peer=27,family=ipv4,received=4,suppressed=0,completed=4,sent_nlri=2288
route_refresh_accounting,peer=28,family=ipv4,received=4,suppressed=0,completed=4,sent_nlri=2288
route_refresh_accounting,peer=29,family=ipv4,received=4,suppressed=0,completed=4,sent_nlri=2288
route_refresh_accounting,peer=30,family=ipv4,received=4,suppressed=0,completed=4,sent_nlri=2288
route_refresh_accounting,peer=31,family=ipv4,received=4,suppressed=0,completed=4,sent_nlri=2288
route_refresh_accounting,peer=32,family=ipv4,received=4,suppressed=0,completed=4,sent_nlri=2288
route_refresh_accounting,peer=33,family=ipv4,received=4,suppressed=0,completed=4,sent_nlri=2288
route_refresh_accounting,peer=34,family=ipv4,received=4,suppressed=0,completed=4,sent_nlri=2288
route_refresh_accounting,peer=35,family=ipv4,received=4,suppressed=0,completed=4,sent_nlri=2288
route_refresh_accounting,peer=36,family=ipv4,received=4,suppressed=0,completed=4,sent_nlri=2288
route_refresh_accounting,peer=37,family=ipv4,received=4,suppressed=0,completed=4,sent_nlri=2288
route_refresh_accounting,peer=38,family=ipv4,received=4,suppressed=0,completed=4,sent_nlri=2288
route_refresh_accounting,peer=39,family=ipv4,received=4,suppressed=0,completed=4,sent_nlri=2288
route_refresh_accounting,peer=40,family=ipv4,received=4,suppressed=0,completed=4,sent_nlri=2288
route_refresh_accounting,peer=41,family=ipv4,received=4,suppressed=0,completed=4,sent_nlri=2288
route_refresh_accounting,peer=42,family=ipv4,received=4,suppressed=0,completed=4,sent_nlri=2288
route_refresh_accounting,peer=43,family=ipv4,received=4,suppressed=0,completed=4,sent_nlri=2288
route_refresh_accounting,peer=44,family=ipv4,received=4,suppressed=0,completed=4,sent_nlri=2288
route_refresh_accounting,peer=45,family=ipv4,received=4,suppressed=0,completed=4,sent_nlri=2288
route_refresh_accounting,peer=46,family=ipv4,received=4,suppressed=0,completed=4,sent_nlri=2288
route_refresh_accounting,peer=47,family=ipv4,received=4,suppressed=0,completed=4,sent_nlri=2288
route_refresh_accounting,peer=48,family=ipv4,received=4,suppressed=0,completed=4,sent_nlri=2288
route_refresh_accounting,peer=49,family=ipv4,received=4,suppressed=0,completed=4,sent_nlri=2288
route_refresh_accounting,peer=50,family=ipv4,received=4,suppressed=0,completed=4,sent_nlri=2288
route_refresh_accounting,peer=51,family=ipv4,received=4,suppressed=0,completed=4,sent_nlri=2288
route_refresh_accounting,peer=52,family=ipv4,received=4,suppressed=0,completed=4,sent_nlri=2288
route_refresh_accounting,peer=53,family=ipv4,received=4,suppressed=0,completed=4,sent_nlri=2288
route_refresh_accounting,peer=54,family=ipv4,received=4,suppressed=0,completed=4,sent_nlri=2288
route_refresh_accounting,peer=55,family=ipv4,received=4,suppressed=0,completed=4,sent_nlri=2288
route_refresh_accounting,peer=56,family=ipv4,received=4,suppressed=0,completed=4,sent_nlri=2288
route_refresh_accounting,peer=57,family=ipv4,received=4,suppressed=0,completed=4,sent_nlri=2288
route_refresh_accounting,peer=58,family=ipv4,received=4,suppressed=0,completed=4,sent_nlri=2288
route_refresh_accounting,peer=59,family=ipv4,received=4,suppressed=0,completed=4,sent_nlri=2288
route_refresh_accounting,peer=60,family=ipv4,received=4,suppressed=0,completed=4,sent_nlri=2288
route_refresh_accounting,peer=61,family=ipv4,received=4,suppressed=0,completed=4,sent_nlri=2288
route_refresh_accounting,peer=62,family=ipv4,received=4,suppressed=0,completed=4,sent_nlri=2288
route_refresh_accounting,peer=63,family=ipv4,received=4,suppressed=0,completed=4,sent_nlri=2288
route_refresh_accounting,peer=64,family=ipv4,received=4,suppressed=0,completed=4,sent_nlri=2288
route_refresh_accounting,peer=65,family=ipv4,received=4,suppressed=0,completed=4,sent_nlri=2288
route_refresh_accounting,peer=66,family=ipv4,received=4,suppressed=0,completed=4,sent_nlri=2288
route_refresh_accounting,peer=67,family=ipv4,received=4,suppressed=0,completed=4,sent_nlri=2288
route_refresh_accounting,peer=68,family=ipv4,received=4,suppressed=0,completed=4,sent_nlri=2288
route_refresh_accounting,peer=69,family=ipv4,received=4,suppressed=0,completed=4,sent_nlri=2288
route_refresh_accounting,peer=70,family=ipv4,received=4,suppressed=0,completed=4,sent_nlri=2288
route_refresh_accounting,peer=71,family=ipv4,received=4,suppressed=0,completed=4,sent_nlri=2288
route_refresh_accounting,peer=72,family=ipv4,received=4,suppressed=0,completed=4,sent_nlri=2288
route_refresh_accounting,peer=73,family=ipv4,received=4,suppressed=0,completed=4,sent_nlri=2288
route_refresh_accounting,peer=74,family=ipv4,received=4,suppressed=0,completed=4,sent_nlri=2288
route_refresh_accounting,peer=75,family=ipv4,received=4,suppressed=0,completed=4,sent_nlri=2288
route_refresh_accounting,peer=76,family=ipv4,received=4,suppressed=0,completed=4,sent_nlri=2288
route_refresh_accounting,peer=77,family=ipv4,received=4,suppressed=0,completed=4,sent_nlri=2288
route_refresh_accounting,peer=78,family=ipv4,received=4,suppressed=0,completed=4,sent_nlri=2288
route_refresh_accounting,peer=79,family=ipv4,received=4,suppressed=0,completed=4,sent_nlri=2288
route_refresh_accounting,peer=80,family=ipv4,received=4,suppressed=0,completed=4,sent_nlri=2288
route_refresh_accounting,peer=81,family=ipv4,received=4,suppressed=0,completed=4,sent_nlri=2288
route_refresh_accounting,peer=82,family=ipv4,received=4,suppressed=0,completed=4,sent_nlri=2288
route_refresh_accounting,peer=83,family=ipv4,received=4,suppressed=0,completed=4,sent_nlri=2288
route_refresh_accounting,peer=84,family=ipv4,received=4,suppressed=0,completed=4,sent_nlri=2288
route_refresh_accounting,peer=85,family=ipv4,received=4,suppressed=0,completed=4,sent_nlri=2288
route_refresh_accounting,peer=86,family=ipv4,received=4,suppressed=0,completed=4,sent_nlri=2288
route_refresh_accounting,peer=87,family=ipv4,received=4,suppressed=0,completed=4,sent_nlri=2288
route_refresh_accounting,peer=88,family=ipv4,received=4,suppressed=0,completed=4,sent_nlri=2288
route_refresh_accounting,peer=89,family=ipv4,received=4,suppressed=0,completed=4,sent_nlri=2288
route_refresh_accounting,peer=90,family=ipv4,received=4,suppressed=0,completed=4,sent_nlri=2288
route_refresh_accounting,peer=91,family=ipv4,received=4,suppressed=0,completed=4,sent_nlri=2288
route_refresh_accounting,peer=92,family=ipv4,received=4,suppressed=0,completed=4,sent_nlri=2288
route_refresh_accounting,peer=93,family=ipv4,received=4,suppressed=0,completed=4,sent_nlri=2288
route_refresh_accounting,peer=94,family=ipv4,received=4,suppressed=0,completed=4,sent_nlri=2288
route_refresh_accounting,peer=95,family=ipv4,received=4,suppressed=0,completed=4,sent_nlri=2288
route_refresh_accounting,peer=96,family=ipv4,received=4,suppressed=0,completed=4,sent_nlri=2288
route_refresh_accounting,peer=97,family=ipv4,received=4,suppressed=0,completed=4,sent_nlri=2288
route_refresh_accounting,peer=98,family=ipv4,received=4,suppressed=0,completed=4,sent_nlri=2288
route_refresh_accounting,peer=99,family=ipv4,received=4,suppressed=0,completed=4,sent_nlri=2288
route_refresh_accounting,peer=100,family=ipv4,received=4,suppressed=0,completed=4,sent_nlri=2288
route_refresh_accounting,peer=101,family=ipv4,received=4,suppressed=0,completed=4,sent_nlri=2288
route_refresh_accounting,peer=102,family=ipv4,received=4,suppressed=0,completed=4,sent_nlri=2288
route_refresh_accounting,peer=103,family=ipv4,received=4,suppressed=0,completed=4,sent_nlri=2288
route_refresh_accounting,peer=104,family=ipv4,received=4,suppressed=0,completed=4,sent_nlri=2288
route_refresh_accounting,peer=105,family=ipv4,received=4,suppressed=0,completed=4,sent_nlri=2288
route_refresh_accounting,peer=106,family=ipv4,received=4,suppressed=0,completed=4,sent_nlri=2288
route_refresh_accounting,peer=107,family=ipv4,received=4,suppressed=0,completed=4,sent_nlri=2288
route_refresh_accounting,peer=108,family=ipv4,received=4,suppressed=0,completed=4,sent_nlri=2288
route_refresh_accounting,peer=109,family=ipv4,received=4,suppressed=0,completed=4,sent_nlri=2288
route_refresh_accounting,peer=110,family=ipv4,received=4,suppressed=0,completed=4,sent_nlri=2288
route_refresh_accounting,peer=111,family=ipv4,received=4,suppressed=0,completed=4,sent_nlri=2288
route_refresh_accounting,peer=112,family=ipv4,received=4,suppressed=0,completed=4,sent_nlri=2288
route_refresh_accounting,peer=113,family=ipv4,received=4,suppressed=0,completed=4,sent_nlri=2288
route_refresh_accounting,peer=114,family=ipv4,received=4,suppressed=0,completed=4,sent_nlri=2288
route_refresh_accounting,peer=115,family=ipv4,received=4,suppressed=0,completed=4,sent_nlri=2288
route_refresh_accounting,peer=116,family=ipv4,received=4,suppressed=0,completed=4,sent_nlri=2288
route_refresh_accounting,peer=117,family=ipv4,received=4,suppressed=0,completed=4,sent_nlri=2288
route_refresh_accounting,peer=118,family=ipv4,received=4,suppressed=0,completed=4,sent_nlri=2288
route_refresh_accounting,peer=119,family=ipv4,received=4,suppressed=0,completed=4,sent_nlri=2288
route_refresh_accounting,peer=120,family=ipv4,received=4,suppressed=0,completed=4,sent_nlri=2288
route_refresh_accounting,peer=121,family=ipv4,received=4,suppressed=0,completed=4,sent_nlri=2288
route_refresh_accounting,peer=122,family=ipv4,received=4,suppressed=0,completed=4,sent_nlri=2288
route_refresh_accounting,peer=123,family=ipv4,received=4,suppressed=0,completed=4,sent_nlri=2288
route_refresh_accounting,peer=124,family=ipv4,received=4,suppressed=0,completed=4,sent_nlri=2288
route_refresh_accounting,peer=125,family=ipv4,received=4,suppressed=0,completed=4,sent_nlri=2288
route_refresh_accounting,peer=126,family=ipv4,received=4,suppressed=0,completed=4,sent_nlri=2288
route_refresh_accounting,peer=127,family=ipv4,received=4,suppressed=0,completed=4,sent_nlri=2288
route_refresh_accounting,peer=128,family=ipv4,received=4,suppressed=0,completed=4,sent_nlri=2288
route_refresh_accounting,peer=129,family=ipv4,received=4,suppressed=0,completed=4,sent_nlri=2288
route_refresh_accounting,peer=130,family=ipv4,received=4,suppressed=0,completed=4,sent_nlri=2288
route_refresh_accounting,peer=131,family=ipv4,received=4,suppressed=0,completed=4,sent_nlri=2288
route_refresh_accounting,peer=132,family=ipv4,received=4,suppressed=0,completed=4,sent_nlri=2288
route_refresh_accounting,peer=133,family=ipv4,received=4,suppressed=0,completed=4,sent_nlri=2288
route_refresh_accounting,peer=134,family=ipv4,received=4,suppressed=0,completed=4,sent_nlri=2288
route_refresh_accounting,peer=135,family=ipv4,received=4,suppressed=0,completed=4,sent_nlri=2288
route_refresh_accounting,peer=136,family=ipv4,received=4,suppressed=0,completed=4,sent_nlri=2288
route_refresh_accounting,peer=137,family=ipv4,received=4,suppressed=0,completed=4,sent_nlri=2288
route_refresh_accounting,peer=138,family=ipv4,received=4,suppressed=0,completed=4,sent_nlri=2288
route_refresh_accounting,peer=139,family=ipv4,received=4,suppressed=0,completed=4,sent_nlri=2288
route_refresh_accounting,peer=140,family=ipv4,received=4,suppressed=0,completed=4,sent_nlri=2288
route_refresh_accounting,peer=141,family=ipv4,received=4,suppressed=0,completed=4,sent_nlri=2288
route_refresh_accounting,peer=142,family=ipv4,received=4,suppressed=0,completed=4,sent_nlri=2288
route_refresh_accounting,peer=143,family=ipv4,received=4,suppressed=0,completed=4,sent_nlri=2288
route_refresh_accounting,peer=144,family=ipv4,received=4,suppressed=0,completed=4,sent_nlri=2288
route_refresh_accounting,peer=145,family=ipv4,received=4,suppressed=0,completed=4,sent_nlri=2288
route_refresh_accounting,peer=146,family=ipv4,received=4,suppressed=0,completed=4,sent_nlri=2288
route_refresh_accounting,peer=147,family=ipv4,received=4,suppressed=0,completed=4,sent_nlri=2288
route_refresh_accounting,peer=148,family=ipv4,received=4,suppressed=0,completed=4,sent_nlri=2288
route_refresh_accounting,peer=149,family=ipv4,received=4,suppressed=0,completed=4,sent_nlri=2288
route_refresh_accounting,peer=150,family=ipv4,received=4,suppressed=0,completed=4,sent_nlri=2288
route_refresh_accounting,peer=151,family=ipv4,received=4,suppressed=0,completed=4,sent_nlri=2288
route_refresh_accounting,peer=152,family=ipv4,received=4,suppressed=0,completed=4,sent_nlri=2288
route_refresh_accounting,peer=153,family=ipv4,received=4,suppressed=0,completed=4,sent_nlri=2288
route_refresh_accounting,peer=154,family=ipv4,received=4,suppressed=0,completed=4,sent_nlri=2288
route_refresh_accounting,peer=155,family=ipv4,received=4,suppressed=0,completed=4,sent_nlri=2288
route_refresh_accounting,peer=156,family=ipv4,received=4,suppressed=0,completed=4,sent_nlri=2288
route_refresh_accounting,peer=157,family=ipv4,received=4,suppressed=0,completed=4,sent_nlri=2288
route_refresh_accounting,peer=158,family=ipv4,received=4,suppressed=0,completed=4,sent_nlri=2288
route_refresh_accounting,peer=159,family=ipv4,received=4,suppressed=0,completed=4,sent_nlri=2288
route_refresh_accounting,peer=160,family=ipv4,received=4,suppressed=0,completed=4,sent_nlri=2288
route_refresh_accounting,peer=161,family=ipv4,received=4,suppressed=0,completed=4,sent_nlri=2288
route_refresh_accounting,peer=162,family=ipv4,received=4,suppressed=0,completed=4,sent_nlri=2288
route_refresh_accounting,peer=163,family=ipv4,received=4,suppressed=0,completed=4,sent_nlri=2288
route_refresh_accounting,peer=164,family=ipv4,received=4,suppressed=0,completed=4,sent_nlri=2288
route_refresh_accounting,peer=165,family=ipv4,received=4,suppressed=0,completed=4,sent_nlri=2288
route_refresh_accounting,peer=166,family=ipv4,received=4,suppressed=0,completed=4,sent_nlri=2288
route_refresh_accounting,peer=167,family=ipv4,received=4,suppressed=0,completed=4,sent_nlri=2288
route_refresh_accounting,peer=168,family=ipv4,received=4,suppressed=0,completed=4,sent_nlri=2288
route_refresh_accounting,peer=169,family=ipv4,received=4,suppressed=0,completed=4,sent_nlri=2288
route_refresh_accounting,peer=170,family=ipv4,received=4,suppressed=0,completed=4,sent_nlri=2288
route_refresh_accounting,peer=171,family=ipv4,received=4,suppressed=0,completed=4,sent_nlri=2288
route_refresh_accounting,peer=172,family=ipv4,received=4,suppressed=0,completed=4,sent_nlri=2288
route_refresh_accounting,peer=173,family=ipv4,received=4,suppressed=0,completed=4,sent_nlri=2288
route_refresh_accounting,peer=174,family=ipv4,received=4,suppressed=0,completed=4,sent_nlri=2288
route_refresh_accounting,peer=175,family=ipv4,received=4,suppressed=0,completed=4,sent_nlri=2288
route_refresh_accounting,peer=176,family=ipv4,received=4,suppressed=0,completed=4,sent_nlri=2288
route_refresh_accounting,peer=177,family=ipv4,received=4,suppressed=0,completed=4,sent_nlri=2288
route_refresh_accounting,peer=178,family=ipv4,received=4,suppressed=0,completed=4,sent_nlri=2288
route_refresh_accounting,peer=179,family=ipv4,received=4,suppressed=0,completed=4,sent_nlri=2288
route_refresh_accounting,peer=180,family=ipv4,received=4,suppressed=0,completed=4,sent_nlri=2288
route_refresh_accounting,peer=181,family=ipv4,received=4,suppressed=0,completed=4,sent_nlri=2288
route_refresh_accounting,peer=182,family=ipv4,received=4,suppressed=0,completed=4,sent_nlri=2288
route_refresh_accounting,peer=183,family=ipv4,received=4,suppressed=0,completed=4,sent_nlri=2288
route_refresh_accounting,peer=184,family=ipv4,received=4,suppressed=0,completed=4,sent_nlri=2288
route_refresh_accounting,peer=185,family=ipv4,received=4,suppressed=0,completed=4,sent_nlri=2288
route_refresh_accounting,peer=186,family=ipv4,received=4,suppressed=0,completed=4,sent_nlri=2288
route_refresh_accounting,peer=187,family=ipv4,received=4,suppressed=0,completed=4,sent_nlri=2288
route_refresh_accounting,peer=188,family=ipv4,received=4,suppressed=0,completed=4,sent_nlri=2288
route_refresh_accounting,peer=189,family=ipv4,received=4,suppressed=0,completed=4,sent_nlri=2288
route_refresh_accounting,peer=190,family=ipv4,received=4,suppressed=0,completed=4,sent_nlri=2288
route_refresh_accounting,peer=191,family=ipv4,received=4,suppressed=0,completed=4,sent_nlri=2288
route_refresh_accounting,peer=192,family=ipv4,received=4,suppressed=0,completed=4,sent_nlri=2288
route_refresh_accounting,peer=193,family=ipv4,received=4,suppressed=0,completed=4,sent_nlri=2288
route_refresh_accounting,peer=194,family=ipv4,received=4,suppressed=0,completed=4,sent_nlri=2288
route_refresh_accounting,peer=195,family=ipv4,received=4,suppressed=0,completed=4,sent_nlri=2288
route_refresh_accounting,peer=196,family=ipv4,received=4,suppressed=0,completed=4,sent_nlri=2288
route_refresh_accounting,peer=197,family=ipv4,received=4,suppressed=0,completed=4,sent_nlri=2288
route_refresh_accounting,peer=198,family=ipv4,received=4,suppressed=0,completed=4,sent_nlri=2288
route_refresh_accounting,peer=199,family=ipv4,received=4,suppressed=0,completed=4,sent_nlri=2288
route_refresh_accounting,peer=200,family=ipv4,received=4,suppressed=0,completed=4,sent_nlri=2288
route_refresh_accounting,peer=201,family=ipv4,received=4,suppressed=0,completed=4,sent_nlri=2288
route_refresh_accounting,peer=202,family=ipv4,received=4,suppressed=0,completed=4,sent_nlri=2288
route_refresh_accounting,peer=203,family=ipv4,received=4,suppressed=0,completed=4,sent_nlri=2288
route_refresh_accounting,peer=204,family=ipv4,received=4,suppressed=0,completed=4,sent_nlri=2288
route_refresh_accounting,peer=205,family=ipv4,received=4,suppressed=0,completed=4,sent_nlri=2288
route_refresh_accounting,peer=206,family=ipv4,received=4,suppressed=0,completed=4,sent_nlri=2288
route_refresh_accounting,peer=207,family=ipv4,received=4,suppressed=0,completed=4,sent_nlri=2288
route_refresh_accounting,peer=208,family=ipv4,received=4,suppressed=0,completed=4,sent_nlri=2288
route_refresh_accounting,peer=209,family=ipv4,received=4,suppressed=0,completed=4,sent_nlri=2288
route_refresh_accounting,peer=210,family=ipv4,received=4,suppressed=0,completed=4,sent_nlri=2288
route_refresh_accounting,peer=211,family=ipv4,received=4,suppressed=0,completed=4,sent_nlri=2288
route_refresh_accounting,peer=212,family=ipv4,received=4,suppressed=0,completed=4,sent_nlri=2288
route_refresh_accounting,peer=213,family=ipv4,received=4,suppressed=0,completed=4,sent_nlri=2288
route_refresh_accounting,peer=214,family=ipv4,received=4,suppressed=0,completed=4,sent_nlri=2288
route_refresh_accounting,peer=215,family=ipv4,received=4,suppressed=0,completed=4,sent_nlri=2288
route_refresh_accounting,peer=216,family=ipv4,received=4,suppressed=0,completed=4,sent_nlri=2288
route_refresh_accounting,peer=217,family=ipv4,received=4,suppressed=0,completed=4,sent_nlri=2288
route_refresh_accounting,peer=218,family=ipv4,received=4,suppressed=0,completed=4,sent_nlri=2288
route_refresh_accounting,peer=219,family=ipv4,received=4,suppressed=0,completed=4,sent_nlri=2288
route_refresh_accounting,peer=220,family=ipv4,received=4,suppressed=0,completed=4,sent_nlri=2288
route_refresh_accounting,peer=221,family=ipv4,received=4,suppressed=0,completed=4,sent_nlri=2288
route_refresh_accounting,peer=222,family=ipv4,received=4,suppressed=0,completed=4,sent_nlri=2288
route_refresh_accounting,peer=223,family=ipv4,received=4,suppressed=0,completed=4,sent_nlri=2288
route_refresh_accounting,peer=224,family=ipv4,received=4,suppressed=0,completed=4,sent_nlri=2288
route_refresh_accounting,peer=225,family=ipv4,received=4,suppressed=0,completed=4,sent_nlri=2288
route_refresh_accounting,peer=226,family=ipv4,received=4,suppressed=0,completed=4,sent_nlri=2288
route_refresh_accounting,peer=227,family=ipv4,received=4,suppressed=0,completed=4,sent_nlri=2288
route_refresh_accounting,peer=228,family=ipv4,received=4,suppressed=0,completed=4,sent_nlri=2288
route_refresh_accounting,peer=229,family=ipv4,received=4,suppressed=0,completed=4,sent_nlri=2288
route_refresh_accounting,peer=230,family=ipv4,received=4,suppressed=0,completed=4,sent_nlri=2288
route_refresh_accounting,peer=231,family=ipv4,received=4,suppressed=0,completed=4,sent_nlri=2288
route_refresh_accounting,peer=232,family=ipv4,received=4,suppressed=0,completed=4,sent_nlri=2288
route_refresh_accounting,peer=233,family=ipv4,received=4,suppressed=0,completed=4,sent_nlri=2288
route_refresh_accounting,peer=234,family=ipv4,received=4,suppressed=0,completed=4,sent_nlri=2288
route_refresh_accounting,peer=235,family=ipv4,received=4,suppressed=0,completed=4,sent_nlri=2288
route_refresh_accounting,peer=236,family=ipv4,received=4,suppressed=0,completed=4,sent_nlri=2288
route_refresh_accounting,peer=237,family=ipv4,received=4,suppressed=0,completed=4,sent_nlri=2288
route_refresh_accounting,peer=238,family=ipv4,received=4,suppressed=0,completed=4,sent_nlri=2288
route_refresh_accounting,peer=239,family=ipv4,received=4,suppressed=0,completed=4,sent_nlri=2288
route_refresh_accounting,peer=240,family=ipv4,received=4,suppressed=0,completed=4,sent_nlri=2288
route_refresh_accounting,peer=241,family=ipv4,received=4,suppressed=0,completed=4,sent_nlri=2288
route_refresh_accounting,peer=242,family=ipv4,received=4,suppressed=0,completed=4,sent_nlri=2288
route_refresh_accounting,peer=243,family=ipv4,received=4,suppressed=0,completed=4,sent_nlri=2288
route_refresh_accounting,peer=244,family=ipv4,received=4,suppressed=0,completed=4,sent_nlri=2288
route_refresh_accounting,peer=245,family=ipv4,received=4,suppressed=0,completed=4,sent_nlri=2288
route_refresh_accounting,peer=246,family=ipv4,received=4,suppressed=0,completed=4,sent_nlri=2288
route_refresh_accounting,peer=247,family=ipv4,received=4,suppressed=0,completed=4,sent_nlri=2288
route_refresh_accounting,peer=248,family=ipv4,received=4,suppressed=0,completed=4,sent_nlri=2288
route_refresh_accounting,peer=249,family=ipv4,received=4,suppressed=0,completed=4,sent_nlri=2288
route_refresh_accounting,peer=250,family=ipv4,received=4,suppressed=0,completed=4,sent_nlri=2288
route_refresh_accounting,peer=251,family=ipv4,received=4,suppressed=0,completed=4,sent_nlri=2288
route_refresh_accounting,peer=252,family=ipv4,received=4,suppressed=0,completed=4,sent_nlri=2288
route_refresh_accounting,peer=253,family=ipv4,received=4,suppressed=0,completed=4,sent_nlri=2288
route_refresh_accounting,peer=254,family=ipv4,received=4,suppressed=0,completed=4,sent_nlri=2288
route_refresh_accounting,peer=255,family=ipv4,received=4,suppressed=0,completed=4,sent_nlri=2288
route_refresh_accounting,peer=256,family=ipv4,received=4,suppressed=0,completed=4,sent_nlri=2288
route_refresh_accounting,peer=257,family=ipv4,received=4,suppressed=0,completed=4,sent_nlri=2288
route_refresh_accounting,peer=258,family=ipv4,received=4,suppressed=0,completed=4,sent_nlri=2288
route_refresh_accounting,peer=259,family=ipv4,received=4,suppressed=0,completed=4,sent_nlri=2288
route_refresh_accounting,peer=260,family=ipv4,received=4,suppressed=0,completed=4,sent_nlri=2288
route_refresh_accounting,peer=261,family=ipv4,received=4,suppressed=0,completed=4,sent_nlri=2288
route_refresh_accounting,peer=262,family=ipv4,received=4,suppressed=0,completed=4,sent_nlri=2288
route_refresh_accounting,peer=263,family=ipv4,received=4,suppressed=0,completed=4,sent_nlri=2288
route_refresh_accounting,peer=264,family=ipv4,received=4,suppressed=0,completed=4,sent_nlri=2288
route_refresh_accounting,peer=265,family=ipv4,received=4,suppressed=0,completed=4,sent_nlri=2288
route_refresh_accounting,peer=266,family=ipv4,received=4,suppressed=0,completed=4,sent_nlri=2288
route_refresh_accounting,peer=267,family=ipv4,received=4,suppressed=0,completed=4,sent_nlri=2288
route_refresh_accounting,peer=268,family=ipv4,received=4,suppressed=0,completed=4,sent_nlri=2288
route_refresh_accounting,peer=269,family=ipv4,received=4,suppressed=0,completed=4,sent_nlri=2288
route_refresh_accounting,peer=270,family=ipv4,received=4,suppressed=0,completed=4,sent_nlri=2288
route_refresh_accounting,peer=271,family=ipv4,received=4,suppressed=0,completed=4,sent_nlri=2288
route_refresh_accounting,peer=272,family=ipv4,received=4,suppressed=0,completed=4,sent_nlri=2288
route_refresh_accounting,peer=273,family=ipv4,received=4,suppressed=0,completed=4,sent_nlri=2288
route_refresh_accounting,peer=274,family=ipv4,received=4,suppressed=0,completed=4,sent_nlri=2288
route_refresh_accounting,peer=275,family=ipv4,received=4,suppressed=0,completed=4,sent_nlri=2288
route_refresh_accounting,peer=276,family=ipv4,received=4,suppressed=0,completed=4,sent_nlri=2288
route_refresh_accounting,peer=277,family=ipv4,received=4,suppressed=0,completed=4,sent_nlri=2288
route_refresh_accounting,peer=278,family=ipv4,received=4,suppressed=0,completed=4,sent_nlri=2288
route_refresh_accounting,peer=279,family=ipv4,received=4,suppressed=0,completed=4,sent_nlri=2288
route_refresh_accounting,peer=280,family=ipv4,received=4,suppressed=0,completed=4,sent_nlri=2288
route_refresh_accounting,peer=281,family=ipv4,received=4,suppressed=0,completed=4,sent_nlri=2288
route_refresh_accounting,peer=282,family=ipv4,received=4,suppressed=0,completed=4,sent_nlri=2288
route_refresh_accounting,peer=283,family=ipv4,received=4,suppressed=0,completed=4,sent_nlri=2288
route_refresh_accounting,peer=284,family=ipv4,received=4,suppressed=0,completed=4,sent_nlri=2288
route_refresh_accounting,peer=285,family=ipv4,received=4,suppressed=0,completed=4,sent_nlri=2288
route_refresh_accounting,peer=286,family=ipv4,received=4,suppressed=0,completed=4,sent_nlri=2288
route_refresh_accounting,peer=287,family=ipv4,received=4,suppressed=0,completed=4,sent_nlri=2288
route_refresh_accounting,peer=288,family=ipv4,received=4,suppressed=0,completed=4,sent_nlri=2288
route_refresh_accounting,peer=289,family=ipv4,received=4,suppressed=0,completed=4,sent_nlri=2288
route_refresh_accounting,peer=290,family=ipv4,received=4,suppressed=0,completed=4,sent_nlri=2288
route_refresh_accounting,peer=291,family=ipv4,received=4,suppressed=0,completed=4,sent_nlri=2288
route_refresh_accounting,peer=292,family=ipv4,received=4,suppressed=0,completed=4,sent_nlri=2288
route_refresh_accounting,peer=293,family=ipv4,received=4,suppressed=0,completed=4,sent_nlri=2288
route_refresh_accounting,peer=294,family=ipv4,received=4,suppressed=0,completed=4,sent_nlri=2288
route_refresh_accounting,peer=295,family=ipv4,received=4,suppressed=0,completed=4,sent_nlri=2288
route_refresh_accounting,peer=296,family=ipv4,received=4,suppressed=0,completed=4,sent_nlri=2288
route_refresh_accounting,peer=297,family=ipv4,received=4,suppressed=0,completed=4,sent_nlri=2288
route_refresh_accounting,peer=298,family=ipv4,received=4,suppressed=0,completed=4,sent_nlri=2288
route_refresh_accounting,peer=299,family=ipv4,received=4,suppressed=0,completed=4,sent_nlri=2288
route_refresh_accounting,peer=300,family=ipv4,received=4,suppressed=0,completed=4,sent_nlri=2288
route_refresh_accounting,peer=301,family=ipv4,received=4,suppressed=0,completed=4,sent_nlri=2288
route_refresh_accounting,peer=302,family=ipv4,received=4,suppressed=0,completed=4,sent_nlri=2288
route_refresh_accounting,peer=303,family=ipv4,received=4,suppressed=0,completed=4,sent_nlri=2288
route_refresh_accounting,peer=304,family=ipv4,received=4,suppressed=0,completed=4,sent_nlri=2288
route_refresh_accounting,peer=305,family=ipv4,received=4,suppressed=0,completed=4,sent_nlri=2288
route_refresh_accounting,peer=306,family=ipv4,received=4,suppressed=0,completed=4,sent_nlri=2288
route_refresh_accounting,peer=307,family=ipv4,received=4,suppressed=0,completed=4,sent_nlri=2288
route_refresh_accounting,peer=308,family=ipv4,received=4,suppressed=0,completed=4,sent_nlri=2288
route_refresh_accounting,peer=309,family=ipv4,received=4,suppressed=0,completed=4,sent_nlri=2288
route_refresh_accounting,peer=310,family=ipv4,received=4,suppressed=0,completed=4,sent_nlri=2288
route_refresh_accounting,peer=311,family=ipv4,received=4,suppressed=0,completed=4,sent_nlri=2288
route_refresh_accounting,peer=312,family=ipv4,received=4,suppressed=0,completed=4,sent_nlri=2288
route_refresh_accounting,peer=313,family=ipv4,received=4,suppressed=0,completed=4,sent_nlri=2288
route_refresh_accounting,peer=314,family=ipv4,received=4,suppressed=0,completed=4,sent_nlri=2288
route_refresh_accounting,peer=315,family=ipv4,received=4,suppressed=0,completed=4,sent_nlri=2288
route_refresh_accounting,peer=316,family=ipv4,received=4,suppressed=0,completed=4,sent_nlri=2288
route_refresh_accounting,peer=317,family=ipv4,received=4,suppressed=0,completed=4,sent_nlri=2288
route_refresh_accounting,peer=318,family=ipv4,received=4,suppressed=0,completed=4,sent_nlri=2288
route_refresh_accounting,peer=319,family=ipv4,received=4,suppressed=0,completed=4,sent_nlri=2288
route_refresh_accounting,peer=320,family=ipv4,received=4,suppressed=0,completed=4,sent_nlri=2288
route_refresh_accounting,peer=321,family=ipv4,received=4,suppressed=0,completed=4,sent_nlri=2288
route_refresh_accounting,peer=322,family=ipv4,received=4,suppressed=0,completed=4,sent_nlri=2288
route_refresh_accounting,peer=323,family=ipv4,received=4,suppressed=0,completed=4,sent_nlri=2288
route_refresh_accounting,peer=324,family=ipv4,received=4,suppressed=0,completed=4,sent_nlri=2288
route_refresh_accounting,peer=325,family=ipv4,received=4,suppressed=0,completed=4,sent_nlri=2288
route_refresh_accounting,peer=326,family=ipv4,received=4,suppressed=0,completed=4,sent_nlri=2288
route_refresh_accounting,peer=327,family=ipv4,received=4,suppressed=0,completed=4,sent_nlri=2288
route_refresh_accounting,peer=328,family=ipv4,received=4,suppressed=0,completed=4,sent_nlri=2288
route_refresh_accounting,peer=329,family=ipv4,received=4,suppressed=0,completed=4,sent_nlri=2288
route_refresh_accounting,peer=330,family=ipv4,received=4,suppressed=0,completed=4,sent_nlri=2288
route_refresh_accounting,peer=331,family=ipv4,received=4,suppressed=0,completed=4,sent_nlri=2288
route_refresh_accounting,peer=332,family=ipv4,received=4,suppressed=0,completed=4,sent_nlri=2288
route_refresh_accounting,peer=333,family=ipv4,received=4,suppressed=0,completed=4,sent_nlri=2288
route_refresh_accounting,peer=334,family=ipv4,received=4,suppressed=0,completed=4,sent_nlri=2288
route_refresh_accounting,peer=335,family=ipv4,received=4,suppressed=0,completed=4,sent_nlri=2288
route_refresh_accounting,peer=336,family=ipv4,received=4,suppressed=0,completed=4,sent_nlri=2288
route_refresh_accounting,peer=337,family=ipv4,received=4,suppressed=0,completed=4,sent_nlri=2288
route_refresh_accounting,peer=338,family=ipv4,received=4,suppressed=0,completed=4,sent_nlri=2288
route_refresh_accounting,peer=339,family=ipv4,received=4,suppressed=0,completed=4,sent_nlri=2288
route_refresh_accounting,peer=340,family=ipv4,received=4,suppressed=0,completed=4,sent_nlri=2288
route_refresh_accounting,peer=341,family=ipv4,received=4,suppressed=0,completed=4,sent_nlri=2288
route_refresh_accounting,peer=342,family=ipv4,received=4,suppressed=0,completed=4,sent_nlri=2288
route_refresh_accounting,peer=343,family=ipv4,received=4,suppressed=0,completed=4,sent_nlri=2288
route_refresh_accounting,peer=344,family=ipv4,received=4,suppressed=0,completed=4,sent_nlri=2288
route_refresh_accounting,peer=345,family=ipv4,received=4,suppressed=0,completed=4,sent_nlri=2288
route_refresh_accounting,peer=346,family=ipv4,received=4,suppressed=0,completed=4,sent_nlri=2288
route_refresh_accounting,peer=347,family=ipv4,received=4,suppressed=0,completed=4,sent_nlri=2288
route_refresh_accounting,peer=348,family=ipv4,received=4,suppressed=0,completed=4,sent_nlri=2288
route_refresh_accounting,peer=349,family=ipv4,received=4,suppressed=0,completed=4,sent_nlri=2288
route_refresh_accounting,peer=350,family=ipv4,received=4,suppressed=0,completed=4,sent_nlri=2288
route_refresh_accounting,peer=351,family=ipv4,received=4,suppressed=0,completed=4,sent_nlri=2288
route_refresh_accounting,peer=352,family=ipv4,received=4,suppressed=0,completed=4,sent_nlri=2288
route_refresh_accounting,peer=353,family=ipv4,received=4,suppressed=0,completed=4,sent_nlri=2288
route_refresh_accounting,peer=354,family=ipv4,received=4,suppressed=0,completed=4,sent_nlri=2288
route_refresh_accounting,peer=355,family=ipv4,received=4,suppressed=0,completed=4,sent_nlri=2288
route_refresh_accounting,peer=356,family=ipv4,received=4,suppressed=0,completed=4,sent_nlri=2288
route_refresh_accounting,peer=357,family=ipv4,received=4,suppressed=0,completed=4,sent_nlri=2288
route_refresh_accounting,peer=358,family=ipv4,received=4,suppressed=0,completed=4,sent_nlri=2288
route_refresh_accounting,peer=359,family=ipv4,received=4,suppressed=0,completed=4,sent_nlri=2288
route_refresh_accounting,peer=360,family=ipv4,received=4,suppressed=0,completed=4,sent_nlri=2288
route_refresh_accounting,peer=361,family=ipv4,received=4,suppressed=0,completed=4,sent_nlri=2288
route_refresh_accounting,peer=362,family=ipv4,received=4,suppressed=0,completed=4,sent_nlri=2288
route_refresh_accounting,peer=363,family=ipv4,received=4,suppressed=0,completed=4,sent_nlri=2288
route_refresh_accounting,peer=364,family=ipv4,received=4,suppressed=0,completed=4,sent_nlri=2288
route_refresh_accounting,peer=365,family=ipv4,received=4,suppressed=0,completed=4,sent_nlri=2288
route_refresh_accounting,peer=366,family=ipv4,received=4,suppressed=0,completed=4,sent_nlri=2288
route_refresh_accounting,peer=367,family=ipv4,received=4,suppressed=0,completed=4,sent_nlri=2288
route_refresh_accounting,peer=368,family=ipv4,received=4,suppressed=0,completed=4,sent_nlri=2288
route_refresh_accounting,peer=369,family=ipv4,received=4,suppressed=0,completed=4,sent_nlri=2288
route_refresh_accounting,peer=370,family=ipv4,received=4,suppressed=0,completed=4,sent_nlri=2288
route_refresh_accounting,peer=371,family=ipv4,received=4,suppressed=0,completed=4,sent_nlri=2288
route_refresh_accounting,peer=372,family=ipv4,received=4,suppressed=0,completed=4,sent_nlri=2288
route_refresh_accounting,peer=373,family=ipv4,received=4,suppressed=0,completed=4,sent_nlri=2288
route_refresh_accounting,peer=374,family=ipv4,received=4,suppressed=0,completed=4,sent_nlri=2288
route_refresh_accounting,peer=375,family=ipv4,received=4,suppressed=0,completed=4,sent_nlri=2288
route_refresh_accounting,peer=376,family=ipv4,received=4,suppressed=0,completed=4,sent_nlri=2288
route_refresh_accounting,peer=377,family=ipv4,received=4,suppressed=0,completed=4,sent_nlri=2288
route_refresh_accounting,peer=378,family=ipv4,received=4,suppressed=0,completed=4,sent_nlri=2288
route_refresh_accounting,peer=379,family=ipv4,received=4,suppressed=0,completed=4,sent_nlri=2288
route_refresh_accounting,peer=380,family=ipv4,received=4,suppressed=0,completed=4,sent_nlri=2288
route_refresh_accounting,peer=381,family=ipv4,received=4,suppressed=0,completed=4,sent_nlri=2288
route_refresh_accounting,peer=382,family=ipv4,received=4,suppressed=0,completed=4,sent_nlri=2288
route_refresh_accounting,peer=383,family=ipv4,received=4,suppressed=0,completed=4,sent_nlri=2288
route_refresh_accounting,peer=384,family=ipv4,received=4,suppressed=0,completed=4,sent_nlri=2288
route_refresh_accounting,peer=385,family=ipv4,received=4,suppressed=0,completed=4,sent_nlri=2288
route_refresh_accounting,peer=386,family=ipv4,received=4,suppressed=0,completed=4,sent_nlri=2288
route_refresh_accounting,peer=387,family=ipv4,received=4,suppressed=0,completed=4,sent_nlri=2288
route_refresh_accounting,peer=388,family=ipv4,received=4,suppressed=0,completed=4,sent_nlri=2288
route_refresh_accounting,peer=389,family=ipv4,received=4,suppressed=0,completed=4,sent_nlri=2288
route_refresh_accounting,peer=390,family=ipv4,received=4,suppressed=0,completed=4,sent_nlri=2288
route_refresh_accounting,peer=391,family=ipv4,received=4,suppressed=0,completed=4,sent_nlri=2288
route_refresh_accounting,peer=392,family=ipv4,received=4,suppressed=0,completed=4,sent_nlri=2288
route_refresh_accounting,peer=393,family=ipv4,received=4,suppressed=0,completed=4,sent_nlri=2288
route_refresh_accounting,peer=394,family=ipv4,received=4,suppressed=0,completed=4,sent_nlri=2288
route_refresh_accounting,peer=395,family=ipv4,received=4,suppressed=0,completed=4,sent_nlri=2288
route_refresh_accounting,peer=396,family=ipv4,received=4,suppressed=0,completed=4,sent_nlri=2288
route_refresh_accounting,peer=397,family=ipv4,received=4,suppressed=0,completed=4,sent_nlri=2288
route_refresh_accounting,peer=398,family=ipv4,received=4,suppressed=0,completed=4,sent_nlri=2288
route_refresh_accounting,peer=399,family=ipv4,received=4,suppressed=0,completed=4,sent_nlri=2288
route_refresh_accounting,peer=400,family=ipv4,received=4,suppressed=0,completed=4,sent_nlri=2288
route_refresh_accounting,peer=401,family=ipv4,received=4,suppressed=0,completed=4,sent_nlri=2288
route_refresh_accounting,peer=402,family=ipv4,received=4,suppressed=0,completed=4,sent_nlri=2288
route_refresh_accounting,peer=403,family=ipv4,received=4,suppressed=0,completed=4,sent_nlri=2288
route_refresh_accounting,peer=404,family=ipv4,received=4,suppressed=0,completed=4,sent_nlri=2288
route_refresh_accounting,peer=405,family=ipv4,received=4,suppressed=0,completed=4,sent_nlri=2288
route_refresh_accounting,peer=406,family=ipv4,received=4,suppressed=0,completed=4,sent_nlri=2288
route_refresh_accounting,peer=407,family=ipv4,received=4,suppressed=0,completed=4,sent_nlri=2288
route_refresh_accounting,peer=408,family=ipv4,received=4,suppressed=0,completed=4,sent_nlri=2288
route_refresh_accounting,peer=409,family=ipv4,received=4,suppressed=0,completed=4,sent_nlri=2288
route_refresh_accounting,peer=410,family=ipv4,received=4,suppressed=0,completed=4,sent_nlri=2288
route_refresh_accounting,peer=411,family=ipv4,received=4,suppressed=0,completed=4,sent_nlri=2288
route_refresh_accounting,peer=412,family=ipv4,received=4,suppressed=0,completed=4,sent_nlri=2288
route_refresh_accounting,peer=413,family=ipv4,received=4,suppressed=0,completed=4,sent_nlri=2288
route_refresh_accounting,peer=414,family=ipv4,received=4,suppressed=0,completed=4,sent_nlri=2288
route_refresh_accounting,peer=415,family=ipv4,received=4,suppressed=0,completed=4,sent_nlri=2288
route_refresh_accounting,peer=416,family=ipv4,received=4,suppressed=0,completed=4,sent_nlri=2288
route_refresh_accounting,peer=417,family=ipv4,received=4,suppressed=0,completed=4,sent_nlri=2288
route_refresh_accounting,peer=418,family=ipv4,received=4,suppressed=0,completed=4,sent_nlri=2288
route_refresh_accounting,peer=419,family=ipv4,received=4,suppressed=0,completed=4,sent_nlri=2288
route_refresh_accounting,peer=420,family=ipv4,received=4,suppressed=0,completed=4,sent_nlri=2288
route_refresh_accounting,peer=421,family=ipv4,received=4,suppressed=0,completed=4,sent_nlri=2288
route_refresh_accounting,peer=422,family=ipv4,received=4,suppressed=0,completed=4,sent_nlri=2288
route_refresh_accounting,peer=423,family=ipv4,received=4,suppressed=0,completed=4,sent_nlri=2288
route_refresh_accounting,peer=424,family=ipv4,received=4,suppressed=0,completed=4,sent_nlri=2288
route_refresh_accounting,peer=425,family=ipv4,received=4,suppressed=0,completed=4,sent_nlri=2288
route_refresh_accounting,peer=426,family=ipv4,received=4,suppressed=0,completed=4,sent_nlri=2288
route_refresh_accounting,peer=427,family=ipv4,received=4,suppressed=0,completed=4,sent_nlri=2288
route_refresh_accounting,peer=428,family=ipv4,received=4,suppressed=0,completed=4,sent_nlri=2288
route_refresh_accounting,peer=429,family=ipv4,received=4,suppressed=0,completed=4,sent_nlri=2288
route_refresh_accounting,peer=430,family=ipv4,received=4,suppressed=0,completed=4,sent_nlri=2288
route_refresh_accounting,peer=431,family=ipv4,received=4,suppressed=0,completed=4,sent_nlri=2288
route_refresh_accounting,peer=432,family=ipv4,received=4,suppressed=0,completed=4,sent_nlri=2288
route_refresh_accounting,peer=433,family=ipv4,received=4,suppressed=0,completed=4,sent_nlri=2288
route_refresh_accounting,peer=434,family=ipv4,received=4,suppressed=0,completed=4,sent_nlri=2288
route_refresh_accounting,peer=435,family=ipv4,received=4,suppressed=0,completed=4,sent_nlri=2288
route_refresh_accounting,peer=436,family=ipv4,received=4,suppressed=0,completed=4,sent_nlri=2288
route_refresh_accounting,peer=437,family=ipv4,received=4,suppressed=0,completed=4,sent_nlri=2288
route_refresh_accounting,peer=438,family=ipv4,received=4,suppressed=0,completed=4,sent_nlri=2288
route_refresh_accounting,peer=439,family=ipv4,received=4,suppressed=0,completed=4,sent_nlri=2288
route_refresh_accounting,peer=440,family=ipv4,received=4,suppressed=0,completed=4,sent_nlri=2288
route_refresh_accounting,peer=441,family=ipv4,received=4,suppressed=0,completed=4,sent_nlri=2288
route_refresh_accounting,peer=442,family=ipv4,received=4,suppressed=0,completed=4,sent_nlri=2288
route_refresh_accounting,peer=443,family=ipv4,received=4,suppressed=0,completed=4,sent_nlri=2288
route_refresh_accounting,peer=444,family=ipv4,received=4,suppressed=0,completed=4,sent_nlri=2288
route_refresh_accounting,peer=445,family=ipv4,received=4,suppressed=0,completed=4,sent_nlri=2288
route_refresh_accounting,peer=446,family=ipv4,received=4,suppressed=0,completed=4,sent_nlri=2288
route_refresh_accounting,peer=447,family=ipv4,received=4,suppressed=0,completed=4,sent_nlri=2288
route_refresh_accounting,peer=448,family=ipv4,received=4,suppressed=0,completed=4,sent_nlri=2288
route_refresh_accounting,peer=449,family=ipv4,received=4,suppressed=0,completed=4,sent_nlri=2288
route_refresh_accounting,peer=450,family=ipv4,received=4,suppressed=0,completed=4,sent_nlri=2288
route_refresh_accounting,peer=451,family=ipv4,received=4,suppressed=0,completed=4,sent_nlri=2288
route_refresh_accounting,peer=452,family=ipv4,received=4,suppressed=0,completed=4,sent_nlri=2288
route_refresh_accounting,peer=453,family=ipv4,received=4,suppressed=0,completed=4,sent_nlri=2288
route_refresh_accounting,peer=454,family=ipv4,received=4,suppressed=0,completed=4,sent_nlri=2288
route_refresh_accounting,peer=455,family=ipv4,received=4,suppressed=0,completed=4,sent_nlri=2288
route_refresh_accounting,peer=456,family=ipv4,received=4,suppressed=0,completed=4,sent_nlri=2288
route_refresh_accounting,peer=457,family=ipv4,received=4,suppressed=0,completed=4,sent_nlri=2288
route_refresh_accounting,peer=458,family=ipv4,received=4,suppressed=0,completed=4,sent_nlri=2288
route_refresh_accounting,peer=459,family=ipv4,received=4,suppressed=0,completed=4,sent_nlri=2288
route_refresh_accounting,peer=460,family=ipv4,received=4,suppressed=0,completed=4,sent_nlri=2288
route_refresh_accounting,peer=461,family=ipv4,received=4,suppressed=0,completed=4,sent_nlri=2288
route_refresh_accounting,peer=462,family=ipv4,received=4,suppressed=0,completed=4,sent_nlri=2288
route_refresh_accounting,peer=463,family=ipv4,received=4,suppressed=0,completed=4,sent_nlri=2288
route_refresh_accounting,peer=464,family=ipv4,received=4,suppressed=0,completed=4,sent_nlri=2288
route_refresh_accounting,peer=465,family=ipv4,received=4,suppressed=0,completed=4,sent_nlri=2288
route_refresh_accounting,peer=466,family=ipv4,received=4,suppressed=0,completed=4,sent_nlri=2288
route_refresh_accounting,peer=467,family=ipv4,received=4,suppressed=0,completed=4,sent_nlri=2288
route_refresh_accounting,peer=468,family=ipv4,received=4,suppressed=0,completed=4,sent_nlri=2288
route_refresh_accounting,peer=469,family=ipv4,received=4,suppressed=0,completed=4,sent_nlri=2288
route_refresh_accounting,peer=470,family=ipv4,received=4,suppressed=0,completed=4,sent_nlri=2288
route_refresh_accounting,peer=471,family=ipv4,received=4,suppressed=0,completed=4,sent_nlri=2288
route_refresh_accounting,peer=472,family=ipv4,received=4,suppressed=0,completed=4,sent_nlri=2288
route_refresh_accounting,peer=473,family=ipv4,received=4,suppressed=0,completed=4,sent_nlri=2288
route_refresh_accounting,peer=474,family=ipv4,received=4,suppressed=0,completed=4,sent_nlri=2288
route_refresh_accounting,peer=475,family=ipv4,received=4,suppressed=0,completed=4,sent_nlri=2288
route_refresh_accounting,peer=476,family=ipv4,received=4,suppressed=0,completed=4,sent_nlri=2288
route_refresh_accounting,peer=477,family=ipv4,received=4,suppressed=0,completed=4,sent_nlri=2288
route_refresh_accounting,peer=478,family=ipv4,received=4,suppressed=0,completed=4,sent_nlri=2288
route_refresh_accounting,peer=479,family=ipv4,received=4,suppressed=0,completed=4,sent_nlri=2288
route_refresh_accounting,peer=480,family=ipv4,received=4,suppressed=0,completed=4,sent_nlri=2288
route_refresh_accounting,peer=481,family=ipv4,received=4,suppressed=0,completed=4,sent_nlri=2288
route_refresh_accounting,peer=482,family=ipv4,received=4,suppressed=0,completed=4,sent_nlri=2288
route_refresh_accounting,peer=483,family=ipv4,received=4,suppressed=0,completed=4,sent_nlri=2288
route_refresh_accounting,peer=484,family=ipv4,received=4,suppressed=0,completed=4,sent_nlri=2288
route_refresh_accounting,peer=485,family=ipv4,received=4,suppressed=0,completed=4,sent_nlri=2288
route_refresh_accounting,peer=486,family=ipv4,received=4,suppressed=0,completed=4,sent_nlri=2288
route_refresh_accounting,peer=487,family=ipv4,received=4,suppressed=0,completed=4,sent_nlri=2288
route_refresh_accounting,peer=488,family=ipv4,received=4,suppressed=0,completed=4,sent_nlri=2288
route_refresh_accounting,peer=489,family=ipv4,received=4,suppressed=0,completed=4,sent_nlri=2288
route_refresh_accounting,peer=490,family=ipv4,received=4,suppressed=0,completed=4,sent_nlri=2288
route_refresh_accounting,peer=491,family=ipv4,received=4,suppressed=0,completed=4,sent_nlri=2288
route_refresh_accounting,peer=492,family=ipv4,received=4,suppressed=0,completed=4,sent_nlri=2288
route_refresh_accounting,peer=493,family=ipv4,received=4,suppressed=0,completed=4,sent_nlri=2288
route_refresh_accounting,peer=494,family=ipv4,received=4,suppressed=0,completed=4,sent_nlri=2288
route_refresh_accounting,peer=495,family=ipv4,received=4,suppressed=0,completed=4,sent_nlri=2288
route_refresh_accounting,peer=496,family=ipv4,received=4,suppressed=0,completed=4,sent_nlri=2288
route_refresh_accounting,peer=497,family=ipv4,received=4,suppressed=0,completed=4,sent_nlri=2288
route_refresh_accounting,peer=498,family=ipv4,received=4,suppressed=0,completed=4,sent_nlri=2288
route_refresh_accounting,peer=499,family=ipv4,received=4,suppressed=0,completed=4,sent_nlri=2288
route_refresh_accounting,peer=500,family=ipv4,received=4,suppressed=0,completed=4,sent_nlri=2288
route_refresh_accounting,peer=501,family=ipv4,received=4,suppressed=0,completed=4,sent_nlri=2288
route_refresh_accounting,peer=502,family=ipv4,received=4,suppressed=0,completed=4,sent_nlri=2288
route_refresh_accounting,peer=503,family=ipv4,received=4,suppressed=0,completed=4,sent_nlri=2288
route_refresh_accounting,peer=504,family=ipv4,received=4,suppressed=0,completed=4,sent_nlri=2288
route_refresh_accounting,peer=505,family=ipv4,received=4,suppressed=0,completed=4,sent_nlri=2288
route_refresh_accounting,peer=506,family=ipv4,received=4,suppressed=0,completed=4,sent_nlri=2288
route_refresh_accounting,peer=507,family=ipv4,received=4,suppressed=0,completed=4,sent_nlri=2288
route_refresh_accounting,peer=508,family=ipv4,received=4,suppressed=0,completed=4,sent_nlri=2288
route_refresh_accounting,peer=509,family=ipv4,received=4,suppressed=0,completed=4,sent_nlri=2288
route_refresh_accounting,peer=510,family=ipv4,received=4,suppressed=0,completed=4,sent_nlri=2288
route_refresh_accounting,peer=511,family=ipv4,received=4,suppressed=0,completed=4,sent_nlri=2288
route_refresh_accounting,peer=512,family=ipv4,received=4,suppressed=0,completed=4,sent_nlri=2288
route_refresh_accounting,peer=513,family=ipv4,received=4,suppressed=0,completed=4,sent_nlri=2288
route_refresh_accounting,peer=514,family=ipv4,received=4,suppressed=0,completed=4,sent_nlri=2288
route_refresh_accounting,peer=515,family=ipv4,received=4,suppressed=0,completed=4,sent_nlri=2288
route_refresh_accounting,peer=516,family=ipv4,received=4,suppressed=0,completed=4,sent_nlri=2288
route_refresh_accounting,peer=517,family=ipv4,received=4,suppressed=0,completed=4,sent_nlri=2288
route_refresh_accounting,peer=518,family=ipv4,received=4,suppressed=0,completed=4,sent_nlri=2288
route_refresh_accounting,peer=519,family=ipv4,received=4,suppressed=0,completed=4,sent_nlri=2288
route_refresh_accounting,peer=520,family=ipv4,received=4,suppressed=0,completed=4,sent_nlri=2288
route_refresh_accounting,peer=521,family=ipv4,received=4,suppressed=0,completed=4,sent_nlri=2288
route_refresh_accounting,peer=522,family=ipv4,received=4,suppressed=0,completed=4,sent_nlri=2288
route_refresh_accounting,peer=523,family=ipv4,received=4,suppressed=0,completed=4,sent_nlri=2288
route_refresh_accounting,peer=524,family=ipv4,received=4,suppressed=0,completed=4,sent_nlri=2288
route_refresh_accounting,peer=525,family=ipv4,received=4,suppressed=0,completed=4,sent_nlri=2288
route_refresh_accounting,peer=526,family=ipv4,received=4,suppressed=0,completed=4,sent_nlri=2288
route_refresh_accounting,peer=527,family=ipv4,received=4,suppressed=0,completed=4,sent_nlri=2288
route_refresh_accounting,peer=528,family=ipv4,received=4,suppressed=0,completed=4,sent_nlri=2288
route_refresh_accounting,peer=529,family=ipv4,received=4,suppressed=0,completed=4,sent_nlri=2288
route_refresh_accounting,peer=530,family=ipv4,received=4,suppressed=0,completed=4,sent_nlri=2288
route_refresh_accounting,peer=531,family=ipv4,received=4,suppressed=0,completed=4,sent_nlri=2288
route_refresh_accounting,peer=532,family=ipv4,received=4,suppressed=0,completed=4,sent_nlri=2288
route_refresh_accounting,peer=533,family=ipv4,received=4,suppressed=0,completed=4,sent_nlri=2288
route_refresh_accounting,peer=534,family=ipv4,received=4,suppressed=0,completed=4,sent_nlri=2288
route_refresh_accounting,peer=535,family=ipv4,received=4,suppressed=0,completed=4,sent_nlri=2288
route_refresh_accounting,peer=536,family=ipv4,received=4,suppressed=0,completed=4,sent_nlri=2288
route_refresh_accounting,peer=537,family=ipv4,received=4,suppressed=0,completed=4,sent_nlri=2288
route_refresh_accounting,peer=538,family=ipv4,received=4,suppressed=0,completed=4,sent_nlri=2288
route_refresh_accounting,peer=539,family=ipv4,received=4,suppressed=0,completed=4,sent_nlri=2288
route_refresh_accounting,peer=540,family=ipv4,received=4,suppressed=0,completed=4,sent_nlri=2288
route_refresh_accounting,peer=541,family=ipv4,received=4,suppressed=0,completed=4,sent_nlri=2288
route_refresh_accounting,peer=542,family=ipv4,received=4,suppressed=0,completed=4,sent_nlri=2288
route_refresh_accounting,peer=543,family=ipv4,received=4,suppressed=0,completed=4,sent_nlri=2288
route_refresh_accounting,peer=544,family=ipv4,received=4,suppressed=0,completed=4,sent_nlri=2288
route_refresh_accounting,peer=545,family=ipv4,received=4,suppressed=0,completed=4,sent_nlri=2288
route_refresh_accounting,peer=546,family=ipv4,received=4,suppressed=0,completed=4,sent_nlri=2288
route_refresh_accounting,peer=547,family=ipv4,received=4,suppressed=0,completed=4,sent_nlri=2288
route_refresh_accounting,peer=548,family=ipv4,received=4,suppressed=0,completed=4,sent_nlri=2288
route_refresh_accounting,peer=549,family=ipv4,received=4,suppressed=0,completed=4,sent_nlri=2288
route_refresh_accounting,peer=550,family=ipv4,received=4,suppressed=0,completed=4,sent_nlri=2288
route_refresh_accounting,peer=551,family=ipv4,received=4,suppressed=0,completed=4,sent_nlri=2288
route_refresh_accounting,peer=552,family=ipv4,received=4,suppressed=0,completed=4,sent_nlri=2288
route_refresh_accounting,peer=553,family=ipv4,received=4,suppressed=0,completed=4,sent_nlri=2288
route_refresh_accounting,peer=554,family=ipv4,received=4,suppressed=0,completed=4,sent_nlri=2288
route_refresh_accounting,peer=555,family=ipv4,received=4,suppressed=0,completed=4,sent_nlri=2288
route_refresh_accounting,peer=556,family=ipv4,received=4,suppressed=0,completed=4,sent_nlri=2288
route_refresh_accounting,peer=557,family=ipv4,received=4,suppressed=0,completed=4,sent_nlri=2288
route_refresh_accounting,peer=558,family=ipv4,received=4,suppressed=0,completed=4,sent_nlri=2288
route_refresh_accounting,peer=559,family=ipv4,received=4,suppressed=0,completed=4,sent_nlri=2288
route_refresh_accounting,peer=560,family=ipv4,received=4,suppressed=0,completed=4,sent_nlri=2288
route_refresh_accounting,peer=561,family=ipv4,received=4,suppressed=0,completed=4,sent_nlri=2288
route_refresh_accounting,peer=562,family=ipv4,received=4,suppressed=0,completed=4,sent_nlri=2288
route_refresh_accounting,peer=563,family=ipv4,received=4,suppressed=0,completed=4,sent_nlri=2288
route_refresh_accounting,peer=564,family=ipv4,received=4,suppressed=0,completed=4,sent_nlri=2288
route_refresh_accounting,peer=565,family=ipv4,received=4,suppressed=0,completed=4,sent_nlri=2288
route_refresh_accounting,peer=566,family=ipv4,received=4,suppressed=0,completed=4,sent_nlri=2288
route_refresh_accounting,peer=567,family=ipv4,received=4,suppressed=0,completed=4,sent_nlri=2288
route_refresh_accounting,peer=568,family=ipv4,received=4,suppressed=0,completed=4,sent_nlri=2288
route_refresh_accounting,peer=569,family=ipv4,received=4,suppressed=0,completed=4,sent_nlri=2288
route_refresh_accounting,peer=570,family=ipv4,received=4,suppressed=0,completed=4,sent_nlri=2288
route_refresh_accounting,peer=571,family=ipv4,received=4,suppressed=0,completed=4,sent_nlri=2288
route_refresh_accounting,peer=572,family=ipv4,received=4,suppressed=0,completed=4,sent_nlri=2288
route_refresh_accounting,peer=573,family=ipv4,received=4,suppressed=0,completed=4,sent_nlri=2288
route_refresh_accounting,peer=574,family=ipv4,received=4,suppressed=0,completed=4,sent_nlri=2288
route_refresh_accounting,peer=575,family=ipv4,received=4,suppressed=0,completed=4,sent_nlri=2288
route_refresh_accounting,peer=576,family=ipv4,received=4,suppressed=0,completed=4,sent_nlri=2288
route_refresh_accounting,peer=577,family=ipv4,received=4,suppressed=0,completed=4,sent_nlri=2288
route_refresh_accounting,peer=578,family=ipv4,received=4,suppressed=0,completed=4,sent_nlri=2288
route_refresh_accounting,peer=579,family=ipv4,received=4,suppressed=0,completed=4,sent_nlri=2288
route_refresh_accounting,peer=580,family=ipv4,received=4,suppressed=0,completed=4,sent_nlri=2288
route_refresh_accounting,peer=581,family=ipv4,received=4,suppressed=0,completed=4,sent_nlri=2288
route_refresh_accounting,peer=582,family=ipv4,received=4,suppressed=0,completed=4,sent_nlri=2288
route_refresh_accounting,peer=583,family=ipv4,received=4,suppressed=0,completed=4,sent_nlri=2288
route_refresh_accounting,peer=584,family=ipv4,received=4,suppressed=0,completed=4,sent_nlri=2288
route_refresh_accounting,peer=585,family=ipv4,received=4,suppressed=0,completed=4,sent_nlri=2288
route_refresh_accounting,peer=586,family=ipv4,received=4,suppressed=0,completed=4,sent_nlri=2288
route_refresh_accounting,peer=587,family=ipv4,received=4,suppressed=0,completed=4,sent_nlri=2288
route_refresh_accounting,peer=588,family=ipv4,received=4,suppressed=0,completed=4,sent_nlri=2288
route_refresh_accounting,peer=589,family=ipv4,received=4,suppressed=0,completed=4,sent_nlri=2288
route_refresh_accounting,peer=590,family=ipv4,received=4,suppressed=0,completed=4,sent_nlri=2288
route_refresh_accounting,peer=591,family=ipv4,received=4,suppressed=0,completed=4,sent_nlri=2288
route_refresh_accounting,peer=592,family=ipv4,received=4,suppressed=0,completed=4,sent_nlri=2288
route_refresh_accounting,peer=593,family=ipv4,received=4,suppressed=0,completed=4,sent_nlri=2288
route_refresh_accounting,peer=594,family=ipv4,received=4,suppressed=0,completed=4,sent_nlri=2288
route_refresh_accounting,peer=595,family=ipv4,received=4,suppressed=0,completed=4,sent_nlri=2288
route_refresh_accounting,peer=596,family=ipv4,received=4,suppressed=0,completed=4,sent_nlri=2288
route_refresh_accounting,peer=597,family=ipv4,received=4,suppressed=0,completed=4,sent_nlri=2288
route_refresh_accounting,peer=598,family=ipv4,received=4,suppressed=0,completed=4,sent_nlri=2288
route_refresh_accounting,peer=599,family=ipv4,received=4,suppressed=0,completed=4,sent_nlri=2288
route_refresh_accounting,peer=600,family=ipv4,received=4,suppressed=0,completed=4,sent_nlri=2288
route_refresh_accounting,peer=601,family=ipv4,received=4,suppressed=0,completed=4,sent_nlri=2288
route_refresh_accounting,peer=602,family=ipv4,received=4,suppressed=0,completed=4,sent_nlri=2288
route_refresh_accounting,peer=603,family=ipv4,received=4,suppressed=0,completed=4,sent_nlri=2288
route_refresh_accounting,peer=604,family=ipv4,received=4,suppressed=0,completed=4,sent_nlri=2288
route_refresh_accounting,peer=605,family=ipv4,received=4,suppressed=0,completed=4,sent_nlri=2288
route_refresh_accounting,peer=606,family=ipv4,received=4,suppressed=0,completed=4,sent_nlri=2288
route_refresh_accounting,peer=607,family=ipv4,received=4,suppressed=0,completed=4,sent_nlri=2288
route_refresh_accounting,peer=608,family=ipv4,received=4,suppressed=0,completed=4,sent_nlri=2288
route_refresh_accounting,peer=609,family=ipv4,received=4,suppressed=0,completed=4,sent_nlri=2288
route_refresh_accounting,peer=610,family=ipv4,received=4,suppressed=0,completed=4,sent_nlri=2288
route_refresh_accounting,peer=611,family=ipv4,received=4,suppressed=0,completed=4,sent_nlri=2288
route_refresh_accounting,peer=612,family=ipv4,received=4,suppressed=0,completed=4,sent_nlri=2288
route_refresh_accounting,peer=613,family=ipv4,received=4,suppressed=0,completed=4,sent_nlri=2288
route_refresh_accounting,peer=614,family=ipv4,received=4,suppressed=0,completed=4,sent_nlri=2288
route_refresh_accounting,peer=615,family=ipv4,received=4,suppressed=0,completed=4,sent_nlri=2288
route_refresh_accounting,peer=616,family=ipv4,received=4,suppressed=0,completed=4,sent_nlri=2288
route_refresh_accounting,peer=617,family=ipv4,received=4,suppressed=0,completed=4,sent_nlri=2288
route_refresh_accounting,peer=618,family=ipv4,received=4,suppressed=0,completed=4,sent_nlri=2288
route_refresh_accounting,peer=619,family=ipv4,received=4,suppressed=0,completed=4,sent_nlri=2288
route_refresh_accounting,peer=620,family=ipv4,received=4,suppressed=0,completed=4,sent_nlri=2288
route_refresh_accounting,peer=621,family=ipv4,received=4,suppressed=0,completed=4,sent_nlri=2288
route_refresh_accounting,peer=622,family=ipv4,received=4,suppressed=0,completed=4,sent_nlri=2288
route_refresh_accounting,peer=623,family=ipv4,received=4,suppressed=0,completed=4,sent_nlri=2288
route_refresh_accounting,peer=624,family=ipv4,received=4,suppressed=0,completed=4,sent_nlri=2288
route_refresh_accounting,peer=625,family=ipv4,received=4,suppressed=0,completed=4,sent_nlri=2288
route_refresh_accounting,peer=626,family=ipv4,received=4,suppressed=0,completed=4,sent_nlri=2288
route_refresh_accounting,peer=627,family=ipv4,received=4,suppressed=0,completed=4,sent_nlri=2288
route_refresh_accounting,peer=628,family=ipv4,received=4,suppressed=0,completed=4,sent_nlri=2288
route_refresh_accounting,peer=629,family=ipv4,received=4,suppressed=0,completed=4,sent_nlri=2288
route_refresh_accounting,peer=630,family=ipv4,received=4,suppressed=0,completed=4,sent_nlri=2288
route_refresh_accounting,peer=631,family=ipv4,received=4,suppressed=0,completed=4,sent_nlri=2288
route_refresh_accounting,peer=632,family=ipv4,received=4,suppressed=0,completed=4,sent_nlri=2288
route_refresh_accounting,peer=633,family=ipv4,received=4,suppressed=0,completed=4,sent_nlri=2288
route_refresh_accounting,peer=634,family=ipv4,received=4,suppressed=0,completed=4,sent_nlri=2288
route_refresh_accounting,peer=635,family=ipv4,received=4,suppressed=0,completed=4,sent_nlri=2288
route_refresh_accounting,peer=636,family=ipv4,received=4,suppressed=0,completed=4,sent_nlri=2288
route_refresh_accounting,peer=637,family=ipv4,received=4,suppressed=0,completed=4,sent_nlri=2288
route_refresh_accounting,peer=638,family=ipv4,received=4,suppressed=0,completed=4,sent_nlri=2288
route_refresh_accounting,peer=639,family=ipv4,received=4,suppressed=0,completed=4,sent_nlri=2288
route_refresh_accounting,peer=640,family=ipv4,received=4,suppressed=0,completed=4,sent_nlri=2288
route_refresh_accounting,peer=641,family=ipv4,received=4,suppressed=0,completed=4,sent_nlri=2288
route_refresh_accounting,peer=642,family=ipv4,received=4,suppressed=0,completed=4,sent_nlri=2288
route_refresh_accounting,peer=643,family=ipv4,received=4,suppressed=0,completed=4,sent_nlri=2288
route_refresh_accounting,peer=644,family=ipv4,received=4,suppressed=0,completed=4,sent_nlri=2288
route_refresh_accounting,peer=645,family=ipv4,received=4,suppressed=0,completed=4,sent_nlri=2288
route_refresh_accounting,peer=646,family=ipv4,received=4,suppressed=0,completed=4,sent_nlri=2288
route_refresh_accounting,peer=647,family=ipv4,received=4,suppressed=0,completed=4,sent_nlri=2288
route_refresh_accounting,peer=648,family=ipv4,received=4,suppressed=0,completed=4,sent_nlri=2288
route_refresh_accounting,peer=649,family=ipv4,received=4,suppressed=0,completed=4,sent_nlri=2288
route_refresh_accounting,peer=650,family=ipv4,received=4,suppressed=0,completed=4,sent_nlri=2288
route_refresh_accounting,peer=651,family=ipv4,received=4,suppressed=0,completed=4,sent_nlri=2288
route_refresh_accounting,peer=652,family=ipv4,received=4,suppressed=0,completed=4,sent_nlri=2288
route_refresh_accounting,peer=653,family=ipv4,received=4,suppressed=0,completed=4,sent_nlri=2288
route_refresh_accounting,peer=654,family=ipv4,received=4,suppressed=0,completed=4,sent_nlri=2288
route_refresh_accounting,peer=655,family=ipv4,received=4,suppressed=0,completed=4,sent_nlri=2288
route_refresh_accounting,peer=656,family=ipv4,received=4,suppressed=0,completed=4,sent_nlri=2288
route_refresh_accounting,peer=657,family=ipv4,received=4,suppressed=0,completed=4,sent_nlri=2288
route_refresh_accounting,peer=658,family=ipv4,received=4,suppressed=0,completed=4,sent_nlri=2288
route_refresh_accounting,peer=659,family=ipv4,received=4,suppressed=0,completed=4,sent_nlri=2288
route_refresh_accounting,peer=660,family=ipv4,received=4,suppressed=0,completed=4,sent_nlri=2288
route_refresh_accounting,peer=661,family=ipv4,received=4,suppressed=0,completed=4,sent_nlri=2288
route_refresh_accounting,peer=662,family=ipv4,received=4,suppressed=0,completed=4,sent_nlri=2288
route_refresh_accounting,peer=663,family=ipv4,received=4,suppressed=0,completed=4,sent_nlri=2288
route_refresh_accounting,peer=664,family=ipv4,received=4,suppressed=0,completed=4,sent_nlri=2288
route_refresh_accounting,peer=665,family=ipv4,received=4,suppressed=0,completed=4,sent_nlri=2288
route_refresh_accounting,peer=666,family=ipv4,received=4,suppressed=0,completed=4,sent_nlri=2288
route_refresh_accounting,peer=667,family=ipv4,received=4,suppressed=0,completed=4,sent_nlri=2288
route_refresh_accounting,peer=668,family=ipv4,received=4,suppressed=0,completed=4,sent_nlri=2288
route_refresh_accounting,peer=669,family=ipv4,received=4,suppressed=0,completed=4,sent_nlri=2288
route_refresh_accounting,peer=670,family=ipv4,received=4,suppressed=0,completed=4,sent_nlri=2288
route_refresh_accounting,peer=671,family=ipv4,received=4,suppressed=0,completed=4,sent_nlri=2288
route_refresh_accounting,peer=672,family=ipv4,received=4,suppressed=0,completed=4,sent_nlri=2288
route_refresh_accounting,peer=673,family=ipv4,received=4,suppressed=0,completed=4,sent_nlri=2288
route_refresh_accounting,peer=674,family=ipv4,received=4,suppressed=0,completed=4,sent_nlri=2288
route_refresh_accounting,peer=675,family=ipv4,received=4,suppressed=0,completed=4,sent_nlri=2288
route_refresh_accounting,peer=676,family=ipv4,received=4,suppressed=0,completed=4,sent_nlri=2288
route_refresh_accounting,peer=677,family=ipv4,received=4,suppressed=0,completed=4,sent_nlri=2288
route_refresh_accounting,peer=678,family=ipv4,received=4,suppressed=0,completed=4,sent_nlri=2288
route_refresh_accounting,peer=679,family=ipv4,received=4,suppressed=0,completed=4,sent_nlri=2288
route_refresh_accounting,peer=680,family=ipv4,received=4,suppressed=0,completed=4,sent_nlri=2288
route_refresh_accounting,peer=681,family=ipv4,received=4,suppressed=0,completed=4,sent_nlri=2288
route_refresh_accounting,peer=682,family=ipv4,received=4,suppressed=0,completed=4,sent_nlri=2288
route_refresh_accounting,peer=683,family=ipv4,received=4,suppressed=0,completed=4,sent_nlri=2288
route_refresh_accounting,peer=684,family=ipv4,received=4,suppressed=0,completed=4,sent_nlri=2288
route_refresh_accounting,peer=685,family=ipv4,received=4,suppressed=0,completed=4,sent_nlri=2288
route_refresh_accounting,peer=686,family=ipv4,received=4,suppressed=0,completed=4,sent_nlri=2288
route_refresh_accounting,peer=687,family=ipv4,received=4,suppressed=0,completed=4,sent_nlri=2288
route_refresh_accounting,peer=688,family=ipv4,received=4,suppressed=0,completed=4,sent_nlri=2288
route_refresh_accounting,peer=689,family=ipv4,received=4,suppressed=0,completed=4,sent_nlri=2288
route_refresh_accounting,peer=690,family=ipv4,received=4,suppressed=0,completed=4,sent_nlri=2288
route_refresh_accounting,peer=691,family=ipv4,received=4,suppressed=0,completed=4,sent_nlri=2288
route_refresh_accounting,peer=692,family=ipv4,received=4,suppressed=0,completed=4,sent_nlri=2288
route_refresh_accounting,peer=693,family=ipv4,received=4,suppressed=0,completed=4,sent_nlri=2288
route_refresh_accounting,peer=694,family=ipv4,received=4,suppressed=0,completed=4,sent_nlri=2288
route_refresh_accounting,peer=695,family=ipv4,received=4,suppressed=0,completed=4,sent_nlri=2288
route_refresh_accounting,peer=696,family=ipv4,received=4,suppressed=0,completed=4,sent_nlri=2288
route_refresh_accounting,peer=697,family=ipv4,received=4,suppressed=0,completed=4,sent_nlri=2288
route_refresh_accounting,peer=698,family=ipv4,received=4,suppressed=0,completed=4,sent_nlri=2288
route_refresh_accounting,peer=699,family=ipv4,received=4,suppressed=0,completed=4,sent_nlri=2288
