# reloadstall peers=700 changed_peers=600 stable_peers=100 prefixes=200200 per_peer=286 pid=321677
# dualstack total_prefixes=400400 ipv4_prefixes=200200 ipv6_prefixes=200200 distribution=quotient-remainder filter_count=32
established 700 at 0.7s
establishment transport_retries=0 recovered_peers=0
first_exact_bitmap,mode=reload,peers=700,total=200200,per_peer_min=286,per_peer_max=286,expected_min=199914,expected_max=199914,completed=700,min_unique=199914,max_unique=199914
first_exact_bitmap6,mode=reload,peers=700,total=200200,per_peer_min=286,per_peer_max=286,expected_min=199914,expected_max=199914,completed=700,min_unique=199914,max_unique=199914
converged exact per-family observer inventories at 6.4s rss_mib=475
control_maxgap_ms: p50=16.92 p95=18.26 max=42.05 (n=700)
control_maxgap_v4_ms: p50=19.04 p95=20.38 max=42.05 (n=700)
control_maxgap_v6_ms: p50=23.53 p95=23.96 max=72.33 (n=700)
control_rss_mib 445
reloadstall_csv_header,reload,peers_total,peers_changed,peers_stable,prefixes,completion_p50_s,completion_p95_s,completion_max_s,changed_maxgap_p50_ms,changed_maxgap_p95_ms,changed_maxgap_max_ms,all_observer_maxgap_p50_ms,all_observer_maxgap_p95_ms,all_observer_maxgap_max_ms,changed_first_generation_update_p50_ms,changed_first_generation_update_p95_ms,changed_first_generation_update_max_ms,rss_before_mib,rss_after_mib,stable_marker_peers,sessions_up,parse_errors
reloadstall_dualstack_csv_header,reload,peers_total,peers_changed,prefixes_total,ipv4_prefixes,ipv6_prefixes,generation,filter_count,v4_completion_p50_s,v4_completion_p95_s,v4_completion_max_s,v6_completion_p50_s,v6_completion_p95_s,v6_completion_max_s,v4_maxgap_p50_ms,v4_maxgap_p95_ms,v4_maxgap_max_ms,v6_maxgap_p50_ms,v6_maxgap_p95_ms,v6_maxgap_max_ms,v4_first_generation_update_p50_ms,v4_first_generation_update_p95_ms,v4_first_generation_update_max_ms,v6_first_generation_update_p50_ms,v6_first_generation_update_p95_ms,v6_first_generation_update_max_ms,v4_filtered_withdrawn,v4_filtered_expected,v6_filtered_withdrawn,v6_filtered_expected,filtered_leaked,bystander_withdrawn,stable_withdrawn,duplicate_withdrawn,stable_marker_peers_v4,stable_marker_peers_v6,sessions_up,parse_errors
reload 1 SIGHUP wall_us=1788998879188242 policy=/tmp/ixp-rustbgpd/gen-b.rpol
reloadstall_churn_overlap,reload=1,trigger_us=39425721,completion_us=42779537,v4_writes=199,v4_first_us=Some(39441536),v4_last_us=Some(42775007),v6_writes=199,v6_first_us=Some(39441547),v6_last_us=Some(42775014),overlap_observed=true
reload 1 completion_s: p50=2.94 p95=3.34 max=3.35 (n=600)
reload 1 maxgap_ms: p50=1126.26 p95=1326.11 max=1515.25 (n=600)
reload 1 all_observer_maxgap_ms: p50=1125.22 p95=1323.01 max=1515.25 (n=700)
reload 1 changed_first_generation_update_ms: p50=2345.69 p95=2546.22 max=2734.64 (n=600)
reload 1 rss_mib before=445 after=509 comms_sample=[4286056400]
reload 1 sessions_up 700/700
reload 1 stable_marker_peers 100/100
reload 1 withdrawals: v4 named 19168/19168 v6 named 19168/19168 leaked=0 bystander=0 stable=0 duplicate=0
reloadstall_csv,1,700,600,100,400400,2.939592,3.335438,3.353816,1126.260,1326.114,1515.253,1125.221,1323.012,1515.253,2345.686,2546.216,2734.636,445,509,100,700,0
reload 1 v4_completion_s: p50=2.94 p95=3.34 max=3.35 (n=600)
reload 1 v4_maxgap_ms: p50=1128.38 p95=1328.25 max=1517.25 (n=600)
reload 1 v4_first_generation_update_ms: p50=2345.69 p95=2546.22 max=2734.64 (n=600)
reload 1 v6_completion_s: p50=2.94 p95=3.34 max=3.35 (n=600)
reload 1 v6_maxgap_ms: p50=1126.31 p95=1326.12 max=1515.26 (n=600)
reload 1 v6_first_generation_update_ms: p50=2345.70 p95=2546.22 max=2734.64 (n=600)
reloadstall_dualstack_csv,1,700,600,400400,200200,200200,b,32,2.939576,3.335432,3.353813,2.939592,3.335438,3.353816,1128.383,1328.246,1517.251,1126.311,1326.123,1515.259,2345.686,2546.216,2734.636,2345.702,2546.225,2734.642,19168,19168,19168,19168,0,0,0,0,100,100,700,0
reload 2 SIGHUP wall_us=1788998902761696 policy=/tmp/ixp-rustbgpd/gen-a.rpol
reloadstall_churn_overlap,reload=2,trigger_us=62999176,completion_us=66568468,v4_writes=178,v4_first_us=Some(63013892),v4_last_us=Some(66517892),v6_writes=178,v6_first_us=Some(63013901),v6_last_us=Some(66517909),overlap_observed=true
reload 2 completion_s: p50=3.13 p95=3.52 max=3.57 (n=600)
reload 2 maxgap_ms: p50=1147.96 p95=2007.16 max=2064.30 (n=600)
reload 2 all_observer_maxgap_ms: p50=1140.94 p95=1996.33 max=2064.30 (n=700)
reload 2 changed_first_generation_update_ms: p50=2613.90 p95=3471.81 max=3530.04 (n=600)
reload 2 rss_mib before=465 after=517 comms_sample=[4286055400]
reload 2 sessions_up 700/700
reload 2 stable_marker_peers 100/100
reload 2 withdrawals: v4 named 0/0 v6 named 0/0 leaked=0 bystander=0 stable=0 duplicate=0
reloadstall_csv,2,700,600,100,400400,3.125668,3.522621,3.569292,1147.961,2007.159,2064.296,1140.937,1996.329,2064.296,2613.903,3471.809,3530.044,465,517,100,700,0
reload 2 v4_completion_s: p50=3.13 p95=3.52 max=3.57 (n=600)
reload 2 v4_maxgap_ms: p50=1151.40 p95=2011.09 max=2067.95 (n=600)
reload 2 v4_first_generation_update_ms: p50=2613.90 p95=3471.81 max=3530.04 (n=600)
reload 2 v6_completion_s: p50=3.13 p95=3.52 max=3.57 (n=600)
reload 2 v6_maxgap_ms: p50=1147.96 p95=2007.16 max=2064.30 (n=600)
reload 2 v6_first_generation_update_ms: p50=2613.89 p95=3471.80 max=3530.04 (n=600)
reloadstall_dualstack_csv,2,700,600,400400,200200,200200,a,32,3.125656,3.522616,3.569287,3.125668,3.522621,3.569292,1151.400,2011.089,2067.945,1147.961,2007.159,2064.296,2613.903,3471.809,3530.044,2613.891,3471.803,3530.036,0,0,0,0,0,0,0,0,100,100,700,0
reload 3 SIGHUP wall_us=1788998926446639 policy=/tmp/ixp-rustbgpd/gen-b.rpol
reloadstall_churn_overlap,reload=3,trigger_us=86684117,completion_us=90049674,v4_writes=188,v4_first_us=Some(86731279),v4_last_us=Some(90042995),v6_writes=188,v6_first_us=Some(86731289),v6_last_us=Some(90043003),overlap_observed=true
reload 3 completion_s: p50=2.91 p95=3.31 max=3.37 (n=600)
reload 3 maxgap_ms: p50=1136.31 p95=1948.22 max=2095.70 (n=600)
reload 3 all_observer_maxgap_ms: p50=1134.60 p95=1917.62 max=2095.70 (n=700)
reload 3 changed_first_generation_update_ms: p50=2356.11 p95=3167.68 max=3316.42 (n=600)
reload 3 rss_mib before=463 after=519 comms_sample=[4286056400]
reload 3 sessions_up 700/700
reload 3 stable_marker_peers 100/100
reload 3 withdrawals: v4 named 19168/19168 v6 named 19168/19168 leaked=0 bystander=0 stable=0 duplicate=0
reloadstall_csv,3,700,600,100,400400,2.913800,3.309929,3.365557,1136.306,1948.224,2095.703,1134.598,1917.616,2095.703,2356.107,3167.679,3316.424,463,519,100,700,0
reload 3 v4_completion_s: p50=2.91 p95=3.31 max=3.37 (n=600)
reload 3 v4_maxgap_ms: p50=1139.20 p95=1951.18 max=2098.55 (n=600)
reload 3 v4_first_generation_update_ms: p50=2356.11 p95=3167.68 max=3316.42 (n=600)
reload 3 v6_completion_s: p50=2.91 p95=3.31 max=3.37 (n=600)
reload 3 v6_maxgap_ms: p50=1136.31 p95=1948.23 max=2095.82 (n=600)
reload 3 v6_first_generation_update_ms: p50=2356.12 p95=3167.69 max=3316.54 (n=600)
reloadstall_dualstack_csv,3,700,600,400400,200200,200200,b,32,2.913797,3.309911,3.365553,2.913800,3.309929,3.365557,1139.204,1951.177,2098.547,1136.311,1948.233,2095.815,2356.107,3167.679,3316.424,2356.117,3167.688,3316.536,19168,19168,19168,19168,0,0,0,0,100,100,700,0
reload 4 SIGHUP wall_us=1788998949974791 policy=/tmp/ixp-rustbgpd/gen-a.rpol
reloadstall_churn_overlap,reload=4,trigger_us=110212270,completion_us=113821830,v4_writes=191,v4_first_us=Some(110220228),v4_last_us=Some(113794709),v6_writes=191,v6_first_us=Some(110220237),v6_last_us=Some(113794719),overlap_observed=true
reload 4 completion_s: p50=3.14 p95=3.57 max=3.61 (n=600)
reload 4 maxgap_ms: p50=1134.95 p95=2033.48 max=2108.46 (n=600)
reload 4 all_observer_maxgap_ms: p50=1137.47 p95=2031.20 max=2108.46 (n=700)
reload 4 changed_first_generation_update_ms: p50=2606.26 p95=3504.61 max=3579.46 (n=600)
reload 4 rss_mib before=468 after=505 comms_sample=[4286055400]
reload 4 sessions_up 700/700
reload 4 stable_marker_peers 100/100
reload 4 withdrawals: v4 named 0/0 v6 named 0/0 leaked=0 bystander=0 stable=0 duplicate=0
reloadstall_csv,4,700,600,100,400400,3.137467,3.565919,3.609560,1134.953,2033.483,2108.462,1137.470,2031.198,2108.462,2606.262,3504.615,3579.461,468,505,100,700,0
reload 4 v4_completion_s: p50=3.14 p95=3.57 max=3.61 (n=600)
reload 4 v4_maxgap_ms: p50=1139.06 p95=2037.61 max=2112.47 (n=600)
reload 4 v4_first_generation_update_ms: p50=2606.26 p95=3504.61 max=3579.46 (n=600)
reload 4 v6_completion_s: p50=3.14 p95=3.57 max=3.61 (n=600)
reload 4 v6_maxgap_ms: p50=1134.95 p95=2033.48 max=2108.46 (n=600)
reload 4 v6_first_generation_update_ms: p50=2606.26 p95=3504.56 max=3579.45 (n=600)
reloadstall_dualstack_csv,4,700,600,400400,200200,200200,a,32,3.137444,3.565897,3.609556,3.137467,3.565919,3.609560,1139.061,2037.605,2112.471,1134.953,2033.483,2108.462,2606.262,3504.615,3579.461,2606.255,3504.562,3579.453,0,0,0,0,0,0,0,0,100,100,700,0
done rss_mib=470
