# reloadstall peers=700 changed_peers=700 stable_peers=0 prefixes=400400 per_peer=572 pid=3478235
established 700 at 0.8s
establishment transport_retries=0 recovered_peers=0
first_exact_bitmap,mode=flapstorm,peers=700,total=400400,per_peer=572,expected=399828,completed=700,min_unique=399828,max_unique=399828
converged (>= 399828/observer) at 2.8s rss_mib=400
control_maxgap_ms: p50=18.98 p95=19.63 max=41.90 (n=700)
control_rss_mib 350
flapstorm_failover_csv_header,round,peers_total,peers_flapped,flap_prefixes,alternate_prefixes,alternate_sources,daemon_cpu_s,scrape_bracketed_flush_sum_s,scrape_bracketed_flush_count,withdraw_p50_s,withdraw_max_s,window_s,background_cpu_s_per_s
flapstorm_csv_header,round,peers_total,peers_flapped,prefixes,flap_prefixes,withdraw_p50_s,withdraw_p95_s,withdraw_max_s,reannounce_p50_s,reannounce_p95_s,reannounce_max_s,rss_mib,sessions_up,parse_errors
flap 1 close wall_us=1791171986998830
flap 1 withdraw_s: p50=0.26 p95=0.26 max=0.28 (n=650)
flapstorm_failover_csv,1,700,50,28600,0,0,0.980,NaN,0,0.258683,0.282126,0.303254,0.735
flap 1 reconnect transport_retries=0 recovered_peers=0
flap 1 reannounce wall_us=1791171997025246
flap 1 peer 0 rejoin_complete_s=0.347901 eor_before_full_table=true eor=present
flap 1 peer 1 rejoin_complete_s=0.572152 eor_before_full_table=false eor=present
flap 1 peer 2 rejoin_complete_s=0.759040 eor_before_full_table=false eor=present
flap 1 peer 3 rejoin_complete_s=0.945152 eor_before_full_table=false eor=present
flap 1 peer 4 rejoin_complete_s=1.135541 eor_before_full_table=false eor=present
flap 1 peer 5 rejoin_complete_s=1.320261 eor_before_full_table=false eor=present
flap 1 peer 6 rejoin_complete_s=1.506622 eor_before_full_table=false eor=present
flap 1 peer 7 rejoin_complete_s=1.691056 eor_before_full_table=false eor=present
flap 1 peer 8 rejoin_complete_s=1.875667 eor_before_full_table=false eor=present
flap 1 peer 9 rejoin_complete_s=2.059976 eor_before_full_table=false eor=present
flap 1 peer 10 rejoin_complete_s=2.242193 eor_before_full_table=false eor=present
flap 1 peer 11 rejoin_complete_s=2.431757 eor_before_full_table=false eor=present
flap 1 peer 12 rejoin_complete_s=2.621030 eor_before_full_table=false eor=present
flap 1 peer 13 rejoin_complete_s=2.802530 eor_before_full_table=false eor=present
flap 1 peer 14 rejoin_complete_s=2.989795 eor_before_full_table=false eor=present
flap 1 peer 15 rejoin_complete_s=3.175166 eor_before_full_table=false eor=present
flap 1 peer 16 rejoin_complete_s=3.360801 eor_before_full_table=false eor=present
flap 1 peer 17 rejoin_complete_s=3.547377 eor_before_full_table=false eor=present
flap 1 peer 18 rejoin_complete_s=3.736016 eor_before_full_table=false eor=present
flap 1 peer 19 rejoin_complete_s=3.923580 eor_before_full_table=false eor=present
flap 1 peer 20 rejoin_complete_s=4.112073 eor_before_full_table=false eor=present
flap 1 peer 21 rejoin_complete_s=4.299875 eor_before_full_table=false eor=present
flap 1 peer 22 rejoin_complete_s=4.483503 eor_before_full_table=false eor=present
flap 1 peer 23 rejoin_complete_s=4.671173 eor_before_full_table=false eor=present
flap 1 peer 24 rejoin_complete_s=4.858758 eor_before_full_table=false eor=present
flap 1 peer 25 rejoin_complete_s=5.042412 eor_before_full_table=false eor=present
flap 1 peer 26 rejoin_complete_s=5.224004 eor_before_full_table=false eor=present
flap 1 peer 27 rejoin_complete_s=5.406718 eor_before_full_table=false eor=present
flap 1 peer 28 rejoin_complete_s=5.589603 eor_before_full_table=false eor=present
flap 1 peer 29 rejoin_complete_s=5.775160 eor_before_full_table=false eor=present
flap 1 peer 30 rejoin_complete_s=5.959740 eor_before_full_table=false eor=present
flap 1 peer 31 rejoin_complete_s=6.146471 eor_before_full_table=false eor=present
flap 1 peer 32 rejoin_complete_s=6.333010 eor_before_full_table=false eor=present
flap 1 peer 33 rejoin_complete_s=6.519667 eor_before_full_table=false eor=present
flap 1 peer 34 rejoin_complete_s=6.712461 eor_before_full_table=false eor=present
flap 1 peer 35 rejoin_complete_s=6.898060 eor_before_full_table=false eor=present
flap 1 peer 36 rejoin_complete_s=7.079686 eor_before_full_table=false eor=present
flap 1 peer 37 rejoin_complete_s=7.268399 eor_before_full_table=false eor=present
flap 1 peer 38 rejoin_complete_s=7.461044 eor_before_full_table=false eor=present
flap 1 peer 39 rejoin_complete_s=7.647718 eor_before_full_table=false eor=present
flap 1 peer 40 rejoin_complete_s=7.836280 eor_before_full_table=false eor=present
flap 1 peer 41 rejoin_complete_s=8.029045 eor_before_full_table=false eor=present
flap 1 peer 42 rejoin_complete_s=8.210724 eor_before_full_table=false eor=present
flap 1 peer 43 rejoin_complete_s=8.395330 eor_before_full_table=false eor=present
flap 1 peer 44 rejoin_complete_s=8.576921 eor_before_full_table=false eor=present
flap 1 peer 45 rejoin_complete_s=8.763595 eor_before_full_table=false eor=present
flap 1 peer 46 rejoin_complete_s=8.953242 eor_before_full_table=false eor=present
flap 1 peer 47 rejoin_complete_s=9.139007 eor_before_full_table=false eor=present
flap 1 peer 48 rejoin_complete_s=9.325679 eor_before_full_table=false eor=present
flap 1 peer 49 rejoin_complete_s=9.511178 eor_before_full_table=false eor=present
flap 1 rejoin_complete_s: p50=5.04 p95=9.14 max=9.51 (n=50)
flap 1 reannounce_s: p50=0.33 p95=0.33 max=0.34 (n=650)
flap 1 first_reann_s: p50=0.17 p95=0.17 max=0.20 (n=650)
flap 1 sessions_up 700/700 rss_mib=430
flap 1 heap allocated_mib=322 active_mib=343 resident_mib=447 mapped_mib=475
flapstorm_csv,1,700,50,400400,28600,0.258683,0.260399,0.282126,0.326177,0.327610,0.336717,430,700,0
flap 2 close wall_us=1791172018685642
flap 2 withdraw_s: p50=0.20 p95=0.20 max=0.23 (n=650)
flapstorm_failover_csv,2,700,50,28600,0,0,0.950,NaN,0,0.199842,0.231318,0.306497,0.745
flap 2 reconnect transport_retries=0 recovered_peers=0
flap 2 reannounce wall_us=1791172028714404
flap 2 peer 0 rejoin_complete_s=0.339187 eor_before_full_table=true eor=present
flap 2 peer 1 rejoin_complete_s=0.561621 eor_before_full_table=false eor=present
flap 2 peer 2 rejoin_complete_s=0.762876 eor_before_full_table=false eor=present
flap 2 peer 3 rejoin_complete_s=0.954724 eor_before_full_table=false eor=present
flap 2 peer 4 rejoin_complete_s=1.138673 eor_before_full_table=false eor=present
flap 2 peer 5 rejoin_complete_s=1.334039 eor_before_full_table=false eor=present
flap 2 peer 6 rejoin_complete_s=1.525442 eor_before_full_table=false eor=present
flap 2 peer 7 rejoin_complete_s=1.705292 eor_before_full_table=false eor=present
flap 2 peer 8 rejoin_complete_s=1.893887 eor_before_full_table=false eor=present
flap 2 peer 9 rejoin_complete_s=2.080479 eor_before_full_table=false eor=present
flap 2 peer 10 rejoin_complete_s=2.271207 eor_before_full_table=false eor=present
flap 2 peer 11 rejoin_complete_s=2.463769 eor_before_full_table=false eor=present
flap 2 peer 12 rejoin_complete_s=2.645632 eor_before_full_table=false eor=present
flap 2 peer 13 rejoin_complete_s=2.831584 eor_before_full_table=false eor=present
flap 2 peer 14 rejoin_complete_s=3.014006 eor_before_full_table=false eor=present
flap 2 peer 15 rejoin_complete_s=3.201665 eor_before_full_table=false eor=present
flap 2 peer 16 rejoin_complete_s=3.388145 eor_before_full_table=false eor=present
flap 2 peer 17 rejoin_complete_s=3.575983 eor_before_full_table=false eor=present
flap 2 peer 18 rejoin_complete_s=3.762511 eor_before_full_table=false eor=present
flap 2 peer 19 rejoin_complete_s=3.950278 eor_before_full_table=false eor=present
flap 2 peer 20 rejoin_complete_s=4.128290 eor_before_full_table=false eor=present
flap 2 peer 21 rejoin_complete_s=4.316554 eor_before_full_table=false eor=present
flap 2 peer 22 rejoin_complete_s=4.499898 eor_before_full_table=false eor=present
flap 2 peer 23 rejoin_complete_s=4.689659 eor_before_full_table=false eor=present
flap 2 peer 24 rejoin_complete_s=4.879118 eor_before_full_table=false eor=present
flap 2 peer 25 rejoin_complete_s=5.068818 eor_before_full_table=false eor=present
flap 2 peer 26 rejoin_complete_s=5.254176 eor_before_full_table=false eor=present
flap 2 peer 27 rejoin_complete_s=5.441322 eor_before_full_table=false eor=present
flap 2 peer 28 rejoin_complete_s=5.625625 eor_before_full_table=false eor=present
flap 2 peer 29 rejoin_complete_s=5.817705 eor_before_full_table=false eor=present
flap 2 peer 30 rejoin_complete_s=6.005497 eor_before_full_table=false eor=present
flap 2 peer 31 rejoin_complete_s=6.196064 eor_before_full_table=false eor=present
flap 2 peer 32 rejoin_complete_s=6.383698 eor_before_full_table=false eor=present
flap 2 peer 33 rejoin_complete_s=6.576046 eor_before_full_table=false eor=present
flap 2 peer 34 rejoin_complete_s=6.760896 eor_before_full_table=false eor=present
flap 2 peer 35 rejoin_complete_s=6.949398 eor_before_full_table=false eor=present
flap 2 peer 36 rejoin_complete_s=7.133006 eor_before_full_table=false eor=present
flap 2 peer 37 rejoin_complete_s=7.318629 eor_before_full_table=false eor=present
flap 2 peer 38 rejoin_complete_s=7.506259 eor_before_full_table=false eor=present
flap 2 peer 39 rejoin_complete_s=7.698962 eor_before_full_table=false eor=present
flap 2 peer 40 rejoin_complete_s=7.888549 eor_before_full_table=false eor=present
flap 2 peer 41 rejoin_complete_s=8.069930 eor_before_full_table=false eor=present
flap 2 peer 42 rejoin_complete_s=8.257712 eor_before_full_table=false eor=present
flap 2 peer 43 rejoin_complete_s=8.444454 eor_before_full_table=false eor=present
flap 2 peer 44 rejoin_complete_s=8.633840 eor_before_full_table=false eor=present
flap 2 peer 45 rejoin_complete_s=8.823712 eor_before_full_table=false eor=present
flap 2 peer 46 rejoin_complete_s=9.013319 eor_before_full_table=false eor=present
flap 2 peer 47 rejoin_complete_s=9.196868 eor_before_full_table=false eor=present
flap 2 peer 48 rejoin_complete_s=9.396383 eor_before_full_table=false eor=present
flap 2 peer 49 rejoin_complete_s=9.592087 eor_before_full_table=false eor=present
flap 2 rejoin_complete_s: p50=5.07 p95=9.20 max=9.59 (n=50)
flap 2 reannounce_s: p50=0.32 p95=0.32 max=0.32 (n=650)
flap 2 first_reann_s: p50=0.16 p95=0.17 max=0.20 (n=650)
flap 2 sessions_up 700/700 rss_mib=410
flap 2 heap allocated_mib=322 active_mib=344 resident_mib=422 mapped_mib=450
flapstorm_csv,2,700,50,400400,28600,0.199842,0.201725,0.231318,0.317543,0.319532,0.319602,410,700,0
flap 3 close wall_us=1791172050378238
flap 3 withdraw_s: p50=0.25 p95=0.25 max=0.28 (n=650)
flapstorm_failover_csv,3,700,50,28600,0,0,1.120,NaN,0,0.245125,0.277846,0.303381,0.845
flap 3 reconnect transport_retries=0 recovered_peers=0
flap 3 reannounce wall_us=1791172060404504
flap 3 peer 0 rejoin_complete_s=0.345241 eor_before_full_table=true eor=present
flap 3 peer 1 rejoin_complete_s=0.571831 eor_before_full_table=false eor=present
flap 3 peer 2 rejoin_complete_s=0.766918 eor_before_full_table=false eor=present
flap 3 peer 3 rejoin_complete_s=0.965091 eor_before_full_table=false eor=present
flap 3 peer 4 rejoin_complete_s=1.149443 eor_before_full_table=false eor=present
flap 3 peer 5 rejoin_complete_s=1.340009 eor_before_full_table=false eor=present
flap 3 peer 6 rejoin_complete_s=1.526613 eor_before_full_table=false eor=present
flap 3 peer 7 rejoin_complete_s=1.725391 eor_before_full_table=false eor=present
flap 3 peer 8 rejoin_complete_s=1.910910 eor_before_full_table=false eor=present
flap 3 peer 9 rejoin_complete_s=2.102544 eor_before_full_table=false eor=present
flap 3 peer 10 rejoin_complete_s=2.284253 eor_before_full_table=false eor=present
flap 3 peer 11 rejoin_complete_s=2.470808 eor_before_full_table=false eor=present
flap 3 peer 12 rejoin_complete_s=2.659422 eor_before_full_table=false eor=present
flap 3 peer 13 rejoin_complete_s=2.848882 eor_before_full_table=false eor=present
flap 3 peer 14 rejoin_complete_s=3.029980 eor_before_full_table=false eor=present
flap 3 peer 15 rejoin_complete_s=3.215465 eor_before_full_table=false eor=present
flap 3 peer 16 rejoin_complete_s=3.399122 eor_before_full_table=false eor=present
flap 3 peer 17 rejoin_complete_s=3.590928 eor_before_full_table=false eor=present
flap 3 peer 18 rejoin_complete_s=3.777332 eor_before_full_table=false eor=present
flap 3 peer 19 rejoin_complete_s=3.961987 eor_before_full_table=false eor=present
flap 3 peer 20 rejoin_complete_s=4.147691 eor_before_full_table=false eor=present
flap 3 peer 21 rejoin_complete_s=4.340327 eor_before_full_table=false eor=present
flap 3 peer 22 rejoin_complete_s=4.527975 eor_before_full_table=false eor=present
flap 3 peer 23 rejoin_complete_s=4.714604 eor_before_full_table=false eor=present
flap 3 peer 24 rejoin_complete_s=4.905339 eor_before_full_table=false eor=present
flap 3 peer 25 rejoin_complete_s=5.093945 eor_before_full_table=false eor=present
flap 3 peer 26 rejoin_complete_s=5.285603 eor_before_full_table=false eor=present
flap 3 peer 27 rejoin_complete_s=5.471317 eor_before_full_table=false eor=present
flap 3 peer 28 rejoin_complete_s=5.656933 eor_before_full_table=false eor=present
flap 3 peer 29 rejoin_complete_s=5.842582 eor_before_full_table=false eor=present
flap 3 peer 30 rejoin_complete_s=6.026233 eor_before_full_table=false eor=present
flap 3 peer 31 rejoin_complete_s=6.211921 eor_before_full_table=false eor=present
flap 3 peer 32 rejoin_complete_s=6.400559 eor_before_full_table=false eor=present
flap 3 peer 33 rejoin_complete_s=6.586207 eor_before_full_table=false eor=present
flap 3 peer 34 rejoin_complete_s=6.779873 eor_before_full_table=false eor=present
flap 3 peer 35 rejoin_complete_s=6.965526 eor_before_full_table=false eor=present
flap 3 peer 36 rejoin_complete_s=7.150188 eor_before_full_table=false eor=present
flap 3 peer 37 rejoin_complete_s=7.339816 eor_before_full_table=false eor=present
flap 3 peer 38 rejoin_complete_s=7.524430 eor_before_full_table=false eor=present
flap 3 peer 39 rejoin_complete_s=7.711147 eor_before_full_table=false eor=present
flap 3 peer 40 rejoin_complete_s=7.900740 eor_before_full_table=false eor=present
flap 3 peer 41 rejoin_complete_s=8.090390 eor_before_full_table=false eor=present
flap 3 peer 42 rejoin_complete_s=8.281056 eor_before_full_table=false eor=present
flap 3 peer 43 rejoin_complete_s=8.468623 eor_before_full_table=false eor=present
flap 3 peer 44 rejoin_complete_s=8.660221 eor_before_full_table=false eor=present
flap 3 peer 45 rejoin_complete_s=8.845856 eor_before_full_table=false eor=present
flap 3 peer 46 rejoin_complete_s=9.032452 eor_before_full_table=false eor=present
flap 3 peer 47 rejoin_complete_s=9.224150 eor_before_full_table=false eor=present
flap 3 peer 48 rejoin_complete_s=9.416710 eor_before_full_table=false eor=present
flap 3 peer 49 rejoin_complete_s=9.610234 eor_before_full_table=false eor=present
flap 3 rejoin_complete_s: p50=5.09 p95=9.22 max=9.61 (n=50)
flap 3 reannounce_s: p50=0.31 p95=0.32 max=0.33 (n=650)
flap 3 first_reann_s: p50=0.17 p95=0.17 max=0.20 (n=650)
flap 3 sessions_up 700/700 rss_mib=414
flap 3 heap allocated_mib=322 active_mib=344 resident_mib=420 mapped_mib=448
flapstorm_csv,3,700,50,400400,28600,0.245125,0.248855,0.277846,0.313066,0.316313,0.330493,414,700,0
done rss_mib=354
