# reloadstall peers=700 changed_peers=700 stable_peers=0 prefixes=400400 per_peer=572 pid=2064403
established 700 at 0.8s
establishment transport_retries=0 recovered_peers=0
first_exact_bitmap,mode=flapstorm,peers=700,total=400400,per_peer=572,expected=399828,completed=700,min_unique=399828,max_unique=399828
converged (>= 399828/observer) at 3.2s rss_mib=400
control_maxgap_ms: p50=41.95 p95=42.14 max=44.89 (n=700)
control_rss_mib 348
converged_rejoin_csv_header,round,peers_total,peers_flapped,prefixes,rejoin_p50_s,rejoin_max_s,survivor_maxgap_ms,readiness_samples,rss_mib,sessions_up,parse_errors
converged_table_checkpoint,round=1,phase=disconnected,observers=1:2,unique=399828,eor=present
converged_rejoin 1 reconnect transport_retries=0
flap 1 peer 0 rejoin_complete_s=0.146341 eor_before_full_table=false eor=present
flap 1 rejoin_complete_s: p50=0.15 p95=0.15 max=0.15 (n=1)
converged_table_checkpoint,round=1,phase=settled,observers=1:2,unique=399828,eor=present
converged_rejoin 1 survivor_maxgap_ms: p50=123.21 p95=124.86 max=125.05 (n=699)
converged_rejoin_csv,1,700,1,400400,0.146341,0.146341,125.050000,12,419,700,0
converged_table_checkpoint,round=2,phase=disconnected,observers=1:2,unique=399828,eor=present
converged_rejoin 2 reconnect transport_retries=0
flap 2 peer 0 rejoin_complete_s=0.178498 eor_before_full_table=false eor=present
flap 2 rejoin_complete_s: p50=0.18 p95=0.18 max=0.18 (n=1)
converged_table_checkpoint,round=2,phase=settled,observers=1:2,unique=399828,eor=present
converged_rejoin 2 survivor_maxgap_ms: p50=120.94 p95=122.59 max=122.78 (n=699)
converged_rejoin_csv,2,700,1,400400,0.178498,0.178498,122.778000,12,428,700,0
converged_table_checkpoint,round=3,phase=disconnected,observers=1:2,unique=399828,eor=present
converged_rejoin 3 reconnect transport_retries=0
flap 3 peer 0 rejoin_complete_s=0.180057 eor_before_full_table=false eor=present
flap 3 rejoin_complete_s: p50=0.18 p95=0.18 max=0.18 (n=1)
converged_table_checkpoint,round=3,phase=settled,observers=1:2,unique=399828,eor=present
converged_rejoin 3 survivor_maxgap_ms: p50=121.14 p95=123.09 max=123.29 (n=699)
converged_rejoin_csv,3,700,1,400400,0.180057,0.180057,123.287000,12,411,700,0
done rss_mib=350
