# reloadstall peers=700 changed_peers=700 stable_peers=0 prefixes=400400 per_peer=572 pid=1646189
established 700 at 0.7s
establishment transport_retries=0 recovered_peers=0
first_exact_bitmap,mode=reload,peers=700,total=400400,per_peer=572,expected=399828,completed=700,min_unique=399828,max_unique=399828
converged (>= 399828/observer) at 3.8s rss_mib=419
control_maxgap_ms: p50=18.90 p95=19.88 max=41.99 (n=700)
control_rss_mib 367
reloadstall_csv_header,reload,peers_total,peers_changed,peers_stable,prefixes,completion_p50_s,completion_p95_s,completion_max_s,changed_maxgap_p50_ms,changed_maxgap_p95_ms,changed_maxgap_max_ms,all_observer_maxgap_p50_ms,all_observer_maxgap_p95_ms,all_observer_maxgap_max_ms,changed_first_generation_update_p50_ms,changed_first_generation_update_p95_ms,changed_first_generation_update_max_ms,rss_before_mib,rss_after_mib,stable_marker_peers,sessions_up,parse_errors
reload 1 SIGHUP wall_us=1790417430172043 policy=/tmp/ixp-rustbgpd/gen-b.rpol
reload 1 receiver_barriers_complete awaiting_daemon_settlement
reload 1 daemon_applied complete_before=0 complete_after=1
reload 1 completion_s: p50=1.62 p95=1.90 max=1.91 (n=700)
reload 1 maxgap_ms: p50=470.08 p95=702.37 max=765.32 (n=700)
reload 1 all_observer_maxgap_ms: p50=470.08 p95=702.37 max=765.32 (n=700)
reload 1 changed_first_generation_update_ms: p50=1074.33 p95=1306.60 max=1368.27 (n=700)
reload 1 rss_mib before=391 after=495 comms_sample=[4286056400]
reload 1 sessions_up 700/700
reload 1 stable_marker_peers 0/0
reload 1 withdrawals: v4 named 0/0 v6 named 0/0 leaked=0 bystander=0 stable=0 duplicate=0
reloadstall_csv,1,700,700,0,400400,1.620809,1.901815,1.914710,470.082,702.371,765.319,470.082,702.371,765.319,1074.330,1306.601,1368.265,391,495,0,700,0
reload 2 SIGHUP wall_us=1790417452714348 policy=/tmp/ixp-rustbgpd/gen-a.rpol
reload 2 receiver_barriers_complete awaiting_daemon_settlement
reload 2 daemon_applied complete_before=1 complete_after=2
reload 2 completion_s: p50=1.50 p95=1.77 max=1.80 (n=700)
reload 2 maxgap_ms: p50=522.93 p95=1079.35 max=1183.66 (n=700)
reload 2 all_observer_maxgap_ms: p50=522.93 p95=1079.35 max=1183.66 (n=700)
reload 2 changed_first_generation_update_ms: p50=1078.94 p95=1676.35 max=1780.51 (n=700)
reload 2 rss_mib before=407 after=493 comms_sample=[4286055400]
reload 2 sessions_up 700/700
reload 2 stable_marker_peers 0/0
reload 2 withdrawals: v4 named 0/0 v6 named 0/0 leaked=0 bystander=0 stable=0 duplicate=0
reloadstall_csv,2,700,700,0,400400,1.498488,1.773423,1.803930,522.931,1079.353,1183.665,522.931,1079.353,1183.665,1078.941,1676.351,1780.511,407,493,0,700,0
reload 3 SIGHUP wall_us=1790417475245372 policy=/tmp/ixp-rustbgpd/gen-b.rpol
reload 3 daemon_applied complete_before=2 complete_after=3
reload 3 completion_s: p50=1.45 p95=1.77 max=1.80 (n=700)
reload 3 maxgap_ms: p50=525.93 p95=1161.89 max=1197.55 (n=700)
reload 3 all_observer_maxgap_ms: p50=525.93 p95=1161.89 max=1197.55 (n=700)
reload 3 changed_first_generation_update_ms: p50=1049.25 p95=1744.04 max=1780.64 (n=700)
reload 3 rss_mib before=405 after=490 comms_sample=[4286056400]
reload 3 sessions_up 700/700
reload 3 stable_marker_peers 0/0
reload 3 withdrawals: v4 named 0/0 v6 named 0/0 leaked=0 bystander=0 stable=0 duplicate=0
reloadstall_csv,3,700,700,0,400400,1.447406,1.768837,1.801341,525.928,1161.894,1197.554,525.928,1161.894,1197.554,1049.248,1744.044,1780.643,405,490,0,700,0
reload 4 SIGHUP wall_us=1790417497158148 policy=/tmp/ixp-rustbgpd/gen-a.rpol
reload 4 daemon_applied complete_before=3 complete_after=4
reload 4 completion_s: p50=1.48 p95=1.74 max=1.78 (n=700)
reload 4 maxgap_ms: p50=504.58 p95=1049.88 max=1158.35 (n=700)
reload 4 all_observer_maxgap_ms: p50=504.58 p95=1049.88 max=1158.35 (n=700)
reload 4 changed_first_generation_update_ms: p50=1053.37 p95=1645.04 max=1754.45 (n=700)
reload 4 rss_mib before=406 after=477 comms_sample=[4286055400]
reload 4 sessions_up 700/700
reload 4 stable_marker_peers 0/0
reload 4 withdrawals: v4 named 0/0 v6 named 0/0 leaked=0 bystander=0 stable=0 duplicate=0
reloadstall_csv,4,700,700,0,400400,1.477562,1.744794,1.777237,504.582,1049.883,1158.345,504.582,1049.883,1158.345,1053.367,1645.036,1754.455,406,477,0,700,0
done rss_mib=384
