[2026-08-16T06:21:19Z] reload 1 issued
[2026-08-16T06:21:22Z] reload 1 complete
[2026-08-16T06:51:22Z] reload 2 issued
[2026-08-16T06:51:25Z] reload 2 complete
[2026-08-16T07:21:25Z] reload 3 issued
[2026-08-16T07:21:28Z] reload 3 complete
[2026-08-16T07:51:28Z] reload 4 issued
[2026-08-16T07:51:31Z] reload 4 complete
[2026-08-16T08:21:31Z] reload 5 issued
[2026-08-16T08:21:34Z] reload 5 complete
[2026-08-16T08:51:34Z] reload 6 issued
[2026-08-16T08:51:37Z] reload 6 complete
[2026-08-16T09:21:37Z] reload 7 issued
[2026-08-16T09:21:40Z] reload 7 complete
[2026-08-16T09:51:40Z] reload 8 issued
[2026-08-16T09:51:43Z] reload 8 complete
[2026-08-16T10:21:43Z] trip 1 announce_over
[2026-08-16T10:21:43Z] trip 1 torn_down
[2026-08-16T10:21:43Z] trip 1 exceeded_total=1
[2026-08-16T10:21:43Z] trip 1 countdown_ms=119558 action=restart
[2026-08-16T10:23:43Z] trip 1 reestablished
[2026-08-16T10:23:43Z] trip 1 reannounced
[2026-08-16T10:23:43Z] reload 9 issued
[2026-08-16T10:23:43Z] trip 1 complete usage=400 limit=450 headroom=50
[2026-08-16T10:23:46Z] reload 9 complete
[2026-08-16T10:53:46Z] reload 10 issued
[2026-08-16T10:53:49Z] reload 10 complete
[2026-08-16T11:23:50Z] reload 11 issued
[2026-08-16T11:23:53Z] reload 11 complete
[2026-08-16T11:53:53Z] reload 12 issued
[2026-08-16T11:53:56Z] reload 12 complete
[2026-08-16T12:23:55Z] reload 13 issued
[2026-08-16T12:23:59Z] reload 13 complete
[2026-08-16T12:53:58Z] reload 14 issued
[2026-08-16T12:54:01Z] reload 14 complete
[2026-08-16T13:24:01Z] reload 15 issued
[2026-08-16T13:24:04Z] reload 15 complete
[2026-08-16T13:54:04Z] reload 16 issued
[2026-08-16T13:54:07Z] reload 16 complete
[2026-08-16T14:24:07Z] trip 2 announce_over
[2026-08-16T14:24:07Z] trip 2 torn_down
[2026-08-16T14:24:07Z] trip 2 exceeded_total=2
[2026-08-16T14:24:07Z] trip 2 countdown_ms=119436 action=restart
[2026-08-16T14:26:07Z] trip 2 reestablished
[2026-08-16T14:26:07Z] trip 2 reannounced
[2026-08-16T14:26:07Z] reload 17 issued
[2026-08-16T14:26:07Z] trip 2 complete usage=400 limit=450 headroom=50
[2026-08-16T14:26:10Z] reload 17 complete
[2026-08-16T14:56:11Z] reload 18 issued
[2026-08-16T14:56:15Z] reload 18 complete
[2026-08-16T15:26:15Z] reload 19 issued
[2026-08-16T15:26:18Z] reload 19 complete
[2026-08-16T15:56:18Z] reload 20 issued
[2026-08-16T15:56:21Z] reload 20 complete
[2026-08-16T16:26:21Z] reload 21 issued
[2026-08-16T16:26:24Z] reload 21 complete
[2026-08-16T16:56:24Z] reload 22 issued
[2026-08-16T16:56:27Z] reload 22 complete
[2026-08-16T17:26:27Z] reload 23 issued
[2026-08-16T17:26:30Z] reload 23 complete
[2026-08-16T17:56:29Z] reload 24 issued
[2026-08-16T17:56:32Z] reload 24 complete
[2026-08-16T18:26:33Z] trip 3 announce_over
[2026-08-16T18:26:33Z] trip 3 torn_down
[2026-08-16T18:26:33Z] trip 3 exceeded_total=3
[2026-08-16T18:26:33Z] trip 3 countdown_ms=119129 action=restart
[2026-08-16T18:28:33Z] trip 3 reestablished
[2026-08-16T18:28:33Z] trip 3 reannounced
[2026-08-16T18:28:33Z] reload 25 issued
[2026-08-16T18:28:33Z] trip 3 complete usage=400 limit=450 headroom=50
[2026-08-16T18:28:36Z] reload 25 complete
[2026-08-16T18:58:36Z] reload 26 issued
[2026-08-16T18:58:39Z] reload 26 complete
[2026-08-16T19:28:39Z] reload 27 issued
[2026-08-16T19:28:42Z] reload 27 complete
[2026-08-16T19:58:41Z] reload 28 issued
[2026-08-16T19:58:45Z] reload 28 complete
[2026-08-16T20:28:45Z] reload 29 issued
[2026-08-16T20:28:48Z] reload 29 complete
[2026-08-16T20:58:48Z] reload 30 issued
[2026-08-16T20:58:51Z] reload 30 complete
[2026-08-16T21:28:51Z] reload 31 issued
[2026-08-16T21:28:53Z] reload 31 complete
[2026-08-16T21:58:54Z] reload 32 issued
[2026-08-16T21:58:57Z] reload 32 complete
[2026-08-16T22:28:56Z] trip 4 announce_over
[2026-08-16T22:28:56Z] trip 4 torn_down
[2026-08-16T22:28:56Z] trip 4 exceeded_total=4
[2026-08-16T22:28:56Z] trip 4 countdown_ms=119731 action=restart
[2026-08-16T22:30:57Z] trip 4 reestablished
[2026-08-16T22:30:57Z] trip 4 reannounced
[2026-08-16T22:30:58Z] reload 33 issued
[2026-08-16T22:30:58Z] trip 4 complete usage=400 limit=450 headroom=50
[2026-08-16T22:31:01Z] reload 33 complete
[2026-08-16T23:01:00Z] reload 34 issued
[2026-08-16T23:01:03Z] reload 34 complete
[2026-08-16T23:31:04Z] reload 35 issued
[2026-08-16T23:31:07Z] reload 35 complete
[2026-08-17T00:01:06Z] reload 36 issued
[2026-08-17T00:01:10Z] reload 36 complete
[2026-08-17T00:31:09Z] reload 37 issued
[2026-08-17T00:31:12Z] reload 37 complete
[2026-08-17T01:01:12Z] reload 38 issued
[2026-08-17T01:01:15Z] reload 38 complete
[2026-08-17T01:31:15Z] reload 39 issued
[2026-08-17T01:31:18Z] reload 39 complete
[2026-08-17T02:01:18Z] reload 40 issued
[2026-08-17T02:01:21Z] reload 40 complete
[2026-08-17T02:31:21Z] trip 5 announce_over
[2026-08-17T02:31:21Z] trip 5 torn_down
[2026-08-17T02:31:21Z] trip 5 exceeded_total=5
[2026-08-17T02:31:21Z] trip 5 countdown_ms=119641 action=restart
[2026-08-17T02:33:21Z] trip 5 reestablished
[2026-08-17T02:33:21Z] trip 5 reannounced
[2026-08-17T02:33:21Z] reload 41 issued
[2026-08-17T02:33:21Z] trip 5 complete usage=400 limit=450 headroom=50
[2026-08-17T02:33:24Z] reload 41 complete
[2026-08-17T03:03:25Z] reload 42 issued
[2026-08-17T03:03:27Z] reload 42 complete
[2026-08-17T03:33:28Z] reload 43 issued
[2026-08-17T03:33:31Z] reload 43 complete
[2026-08-17T04:03:31Z] reload 44 issued
[2026-08-17T04:03:33Z] reload 44 complete
[2026-08-17T04:33:34Z] reload 45 issued
[2026-08-17T04:33:37Z] reload 45 complete
[2026-08-17T05:03:37Z] reload 46 issued
[2026-08-17T05:03:40Z] reload 46 complete
[2026-08-17T05:33:40Z] reload 47 issued
[2026-08-17T05:33:43Z] reload 47 complete
[2026-08-17T06:03:43Z] reload 48 issued
[2026-08-17T06:03:46Z] reload 48 complete
[2026-08-17T06:33:45Z] trip 6 announce_over
[2026-08-17T06:33:45Z] trip 6 torn_down
[2026-08-17T06:33:45Z] trip 6 exceeded_total=6
[2026-08-17T06:33:45Z] trip 6 countdown_ms=119546 action=restart
[2026-08-17T06:35:46Z] trip 6 reestablished
[2026-08-17T06:35:46Z] trip 6 reannounced
[2026-08-17T06:35:46Z] trip 6 complete usage=400 limit=450 headroom=50
