# reloadstall peers=100 changed_peers=100 stable_peers=0 prefixes=500000 per_peer=5000 pid=3753093
established 100 at 0.1s
converged (>= 495000/observer) at 3.4s rss_mib=584
control_maxgap_ms: p50=86.71 p95=86.81 max=87.08 (n=100)
control_rss_mib 513
reloadstall_csv_header,reload,peers_total,peers_changed,peers_stable,prefixes,completion_p50_s,completion_p95_s,completion_max_s,changed_maxgap_p50_ms,changed_maxgap_p95_ms,changed_maxgap_max_ms,all_observer_maxgap_p50_ms,all_observer_maxgap_p95_ms,all_observer_maxgap_max_ms,changed_first_update_p50_ms,changed_first_update_p95_ms,changed_first_update_max_ms,rss_before_mib,rss_after_mib,stable_marker_peers,sessions_up,parse_errors
reload 1 SIGHUP wall_us=1785019310064958 policy=$RUN/gen-b.rpol
reload 1 completion_s: p50=1.08 p95=1.11 max=1.14 (n=100)
reload 1 maxgap_ms: p50=440.66 p95=442.08 max=442.51 (n=100)
reload 1 all_observer_maxgap_ms: p50=440.66 p95=442.08 max=442.51 (n=100)
reload 1 first_update_ms: p50=60.84 p95=61.19 max=61.44 (n=100)
reload 1 rss_mib before=513 after=556 comms_sample=[4286056400]
reload 1 sessions_up 100/100
reload 1 stable_marker_peers 0/0
reloadstall_csv,1,100,100,0,500000,1.077903,1.110864,1.140276,440.660,442.079,442.508,440.660,442.079,442.508,60.835,61.188,61.440,513,556,0,100,0
reload 2 SIGHUP wall_us=1785019331218486 policy=$RUN/gen-a.rpol
reload 2 completion_s: p50=1.05 p95=1.06 max=1.06 (n=100)
reload 2 maxgap_ms: p50=410.83 p95=411.10 max=412.34 (n=100)
reload 2 all_observer_maxgap_ms: p50=410.83 p95=411.10 max=412.34 (n=100)
reload 2 first_update_ms: p50=0.40 p95=0.71 max=0.99 (n=100)
reload 2 rss_mib before=523 after=560 comms_sample=[4286055400]
reload 2 sessions_up 100/100
reload 2 stable_marker_peers 0/0
reloadstall_csv,2,100,100,0,500000,1.047065,1.062794,1.064532,410.831,411.098,412.338,410.831,411.098,412.338,0.400,0.715,0.988,523,560,0,100,0
reload 3 SIGHUP wall_us=1785019352359693 policy=$RUN/gen-b.rpol
reload 3 completion_s: p50=1.06 p95=1.08 max=1.08 (n=100)
reload 3 maxgap_ms: p50=440.00 p95=441.31 max=442.28 (n=100)
reload 3 all_observer_maxgap_ms: p50=440.00 p95=441.31 max=442.28 (n=100)
reload 3 first_update_ms: p50=111.33 p95=111.60 max=111.67 (n=100)
reload 3 rss_mib before=524 after=557 comms_sample=[4286056400]
reload 3 sessions_up 100/100
reload 3 stable_marker_peers 0/0
reloadstall_csv,3,100,100,0,500000,1.062292,1.082309,1.083600,440.000,441.306,442.284,440.000,441.306,442.284,111.326,111.603,111.674,524,557,0,100,0
reload 4 SIGHUP wall_us=1785019373523375 policy=$RUN/gen-a.rpol
reload 4 completion_s: p50=1.05 p95=1.07 max=1.07 (n=100)
reload 4 maxgap_ms: p50=438.76 p95=439.21 max=441.17 (n=100)
reload 4 all_observer_maxgap_ms: p50=438.76 p95=439.21 max=441.17 (n=100)
reload 4 first_update_ms: p50=111.58 p95=111.81 max=111.99 (n=100)
reload 4 rss_mib before=523 after=559 comms_sample=[4286055400]
reload 4 sessions_up 100/100
reload 4 stable_marker_peers 0/0
reloadstall_csv,4,100,100,0,500000,1.054854,1.070796,1.072907,438.758,439.212,441.167,438.758,439.212,441.167,111.575,111.805,111.986,523,559,0,100,0
done rss_mib=524
