# reloadstall peers=700 changed_peers=700 stable_peers=0 prefixes=400400 per_peer=572 pid=0
established 700 at 19.4s
first_exact_bitmap,mode=flapstorm,peers=700,total=400400,per_peer=572,expected=399828,completed=700,min_unique=399828,max_unique=399828
converged (>= 399828/observer) at 62.7s rss_mib=0
control_maxgap_ms: p50=40.34 p95=41.03 max=49.41 (n=700)
control_rss_mib 0
flapstorm_csv_header,round,peers_total,peers_flapped,prefixes,flap_prefixes,withdraw_p50_s,withdraw_p95_s,withdraw_max_s,reannounce_p50_s,reannounce_p95_s,reannounce_max_s,rss_mib,sessions_up,parse_errors
flap 1 close wall_us=1786209031418861
flap 1 withdraw_s: p50=0.52 p95=0.53 max=0.55 (n=650)
flap 1 reannounce wall_us=1786209044471606
flap 1 reannounce_s: p50=3.64 p95=3.83 max=3.85 (n=650)
flap 1 first_reann_s: p50=0.67 p95=1.90 max=2.24 (n=650)
flap 1 sessions_up 700/700 rss_mib=0
flapstorm_csv,1,700,50,400400,28600,0.518014,0.530460,0.545088,3.644012,3.829389,3.850344,0,700,0
flap 2 close wall_us=1786209058415399
flap 2 withdraw_s: p50=0.61 p95=0.63 max=0.64 (n=650)
flap 2 reannounce wall_us=1786209071657039
flap 2 reannounce_s: p50=3.13 p95=3.87 max=3.92 (n=650)
flap 2 first_reann_s: p50=0.70 p95=1.87 max=2.33 (n=650)
flap 2 sessions_up 700/700 rss_mib=0
flapstorm_csv,2,700,50,400400,28600,0.606169,0.632002,0.637001,3.129178,3.874541,3.915782,0,700,0
flap 3 close wall_us=1786209085603994
flap 3 withdraw_s: p50=0.51 p95=0.62 max=0.64 (n=650)
flap 3 reannounce wall_us=1786209098493236
flap 3 reannounce_s: p50=3.67 p95=4.40 max=4.55 (n=650)
flap 3 first_reann_s: p50=0.63 p95=2.27 max=2.88 (n=650)
flap 3 sessions_up 700/700 rss_mib=0
flapstorm_csv,3,700,50,400400,28600,0.514567,0.616506,0.635071,3.668145,4.398987,4.545905,0,700,0
done rss_mib=0
