# reloadstall peers=320 changed_peers=320 stable_peers=0 prefixes=183040 per_peer=572 pid=0
established 320 at 20.1s
establishment transport_retries=0 recovered_peers=0
first_exact_bitmap,mode=reload,peers=320,total=183040,per_peer=572,expected=182468,completed=320,min_unique=182388,max_unique=182432
converged (>= 182468/observer) at 68.6s rss_mib=0
control_maxgap_ms: p50=28.63 p95=28.75 max=43.45 (n=320)
control_rss_mib 0
reloadstall_csv_header,reload,peers_total,peers_changed,peers_stable,prefixes,completion_p50_s,completion_p95_s,completion_max_s,changed_maxgap_p50_ms,changed_maxgap_p95_ms,changed_maxgap_max_ms,all_observer_maxgap_p50_ms,all_observer_maxgap_p95_ms,all_observer_maxgap_max_ms,changed_first_generation_update_p50_ms,changed_first_generation_update_p95_ms,changed_first_generation_update_max_ms,rss_before_mib,rss_after_mib,stable_marker_peers,sessions_up,parse_errors
reload 1 reload_cmd wall_us=1791183026900547 policy=/tmp/irr-openbgpd/gen-b.conf
reload request sent.
request processed
reload 1 progress: complete=0/320
reload 1 progress: complete=0/320
reload 1 progress: complete=0/320
reload 1 progress: complete=0/320
reload 1 completion_s: p50=54.90 p95=54.91 max=54.91 (n=320)
reload 1 maxgap_ms: p50=367.40 p95=368.01 max=384.27 (n=320)
reload 1 all_observer_maxgap_ms: p50=367.40 p95=368.01 max=384.27 (n=320)
reload 1 changed_first_generation_update_ms: p50=7440.08 p95=7440.94 max=7532.74 (n=320)
reload 1 rss_mib before=0 after=0 comms_sample=[4286056400]
reload 1 sessions_up 320/320
reload 1 stable_marker_peers 0/0
reload 1 withdrawals: v4 named 0/0 v6 named 0/0 leaked=0 bystander=0 stable=0 duplicate=0
reloadstall_csv,1,320,320,0,183040,54.902103,54.907910,54.910973,367.400,368.007,384.273,367.400,368.007,384.273,7440.079,7440.937,7532.736,0,0,0,320,0
reload 2 reload_cmd wall_us=1791183101863615 policy=/tmp/irr-openbgpd/gen-a.conf
reload request sent.
request processed
reload 2 progress: complete=0/320
reload 2 progress: complete=0/320
reload 2 progress: complete=0/320
reload 2 progress: complete=0/320
reload 2 progress: complete=0/320
reload 2 completion_s: p50=59.08 p95=59.08 max=59.08 (n=320)
reload 2 maxgap_ms: p50=442.21 p95=442.75 max=442.81 (n=320)
reload 2 all_observer_maxgap_ms: p50=442.21 p95=442.75 max=442.81 (n=320)
reload 2 changed_first_generation_update_ms: p50=7306.93 p95=7307.76 max=7483.17 (n=320)
reload 2 rss_mib before=0 after=0 comms_sample=[4286055400]
reload 2 sessions_up 320/320
reload 2 stable_marker_peers 0/0
reload 2 withdrawals: v4 named 0/0 v6 named 0/0 leaked=0 bystander=0 stable=0 duplicate=0
reloadstall_csv,2,320,320,0,183040,59.078363,59.082624,59.084165,442.214,442.754,442.807,442.214,442.754,442.807,7306.932,7307.760,7483.174,0,0,0,320,0
reload 3 reload_cmd wall_us=1791183181024779 policy=/tmp/irr-openbgpd/gen-b.conf
reload request sent.
request processed
reload 3 progress: complete=0/320
reload 3 progress: complete=0/320
reload 3 progress: complete=0/320
reload 3 progress: complete=0/320
reload 3 progress: complete=0/320
reload 3 completion_s: p50=63.04 p95=63.04 max=63.05 (n=320)
reload 3 maxgap_ms: p50=439.67 p95=440.60 max=442.40 (n=320)
reload 3 all_observer_maxgap_ms: p50=439.67 p95=440.60 max=442.40 (n=320)
reload 3 changed_first_generation_update_ms: p50=7213.69 p95=7214.81 max=7462.66 (n=320)
reload 3 rss_mib before=0 after=0 comms_sample=[4286056400]
reload 3 sessions_up 320/320
reload 3 stable_marker_peers 0/0
reload 3 withdrawals: v4 named 0/0 v6 named 0/0 leaked=0 bystander=0 stable=0 duplicate=0
reloadstall_csv,3,320,320,0,183040,63.037082,63.043614,63.045555,439.671,440.602,442.400,439.671,440.602,442.400,7213.686,7214.809,7462.661,0,0,0,320,0
reload 4 reload_cmd wall_us=1791183264176959 policy=/tmp/irr-openbgpd/gen-a.conf
reload request sent.
request processed
reload 4 progress: complete=0/320
reload 4 progress: complete=0/320
reload 4 progress: complete=0/320
reload 4 progress: complete=0/320
reload 4 progress: complete=0/320
reload 4 completion_s: p50=60.36 p95=60.36 max=60.37 (n=320)
reload 4 maxgap_ms: p50=532.28 p95=532.78 max=532.84 (n=320)
reload 4 all_observer_maxgap_ms: p50=532.28 p95=532.78 max=532.84 (n=320)
reload 4 changed_first_generation_update_ms: p50=7167.28 p95=7168.03 max=7364.37 (n=320)
reload 4 rss_mib before=0 after=0 comms_sample=[4286055400]
reload 4 sessions_up 320/320
reload 4 stable_marker_peers 0/0
reload 4 withdrawals: v4 named 0/0 v6 named 0/0 leaked=0 bystander=0 stable=0 duplicate=0
reloadstall_csv,4,320,320,0,183040,60.361681,60.363916,60.365515,532.276,532.784,532.837,532.276,532.784,532.837,7167.278,7168.027,7364.366,0,0,0,320,0
final sessions_up 320/320 parse_errors=0
done rss_mib=0
