# reloadstall peers=320 changed_peers=320 stable_peers=0 prefixes=183040 per_peer=572 pid=0
established 320 at 6.4s
establishment transport_retries=0 recovered_peers=0
first_exact_bitmap,mode=reload,peers=320,total=183040,per_peer=572,expected=182468,completed=320,min_unique=182468,max_unique=182468
converged (>= 182468/observer) at 17.5s rss_mib=0
control_maxgap_ms: p50=30.54 p95=31.71 max=47.13 (n=320)
control_rss_mib 0
reloadstall_csv_header,reload,peers_total,peers_changed,peers_stable,prefixes,completion_p50_s,completion_p95_s,completion_max_s,changed_maxgap_p50_ms,changed_maxgap_p95_ms,changed_maxgap_max_ms,all_observer_maxgap_p50_ms,all_observer_maxgap_p95_ms,all_observer_maxgap_max_ms,changed_first_generation_update_p50_ms,changed_first_generation_update_p95_ms,changed_first_generation_update_max_ms,rss_before_mib,rss_after_mib,stable_marker_peers,sessions_up,parse_errors
reload 1 reload_cmd wall_us=1791175192970478 policy=/tmp/irr-bird/gen-b.conf
BIRD 3.3.2 ready.
Reading configuration from /etc/bird/bird.conf
Reconfigured
reload 1 progress: complete=60/320
reload 1 completion_s: p50=13.39 p95=14.65 max=14.80 (n=320)
reload 1 maxgap_ms: p50=856.88 p95=1559.34 max=2325.65 (n=320)
reload 1 all_observer_maxgap_ms: p50=857.05 p95=1559.34 max=2325.65 (n=320)
reload 1 changed_first_generation_update_ms: p50=1748.11 p95=2172.03 max=2317.32 (n=320)
reload 1 rss_mib before=0 after=0 comms_sample=[4286056400]
reload 1 sessions_up 320/320
reload 1 stable_marker_peers 0/0
reload 1 withdrawals: v4 named 0/0 v6 named 0/0 leaked=0 bystander=0 stable=0 duplicate=0
reloadstall_csv,1,320,320,0,183040,13.392528,14.645735,14.804576,856.880,1559.338,2325.648,857.052,1559.338,2325.648,1748.109,2172.033,2317.316,0,0,0,320,0
reload 2 reload_cmd wall_us=1791175227858136 policy=/tmp/irr-bird/gen-a.conf
BIRD 3.3.2 ready.
Reading configuration from /etc/bird/bird.conf
Reconfigured
reload 2 progress: complete=63/320
reload 2 completion_s: p50=13.57 p95=14.65 max=14.74 (n=320)
reload 2 maxgap_ms: p50=847.03 p95=1624.36 max=2207.93 (n=320)
reload 2 all_observer_maxgap_ms: p50=909.50 p95=1859.01 max=2207.93 (n=320)
reload 2 changed_first_generation_update_ms: p50=1536.72 p95=1932.04 max=2013.47 (n=320)
reload 2 rss_mib before=0 after=0 comms_sample=[4286055400]
reload 2 sessions_up 320/320
reload 2 stable_marker_peers 0/0
reload 2 withdrawals: v4 named 0/0 v6 named 0/0 leaked=0 bystander=0 stable=0 duplicate=0
reloadstall_csv,2,320,320,0,183040,13.572404,14.647329,14.736411,847.035,1624.360,2207.925,909.503,1859.010,2207.925,1536.724,1932.044,2013.470,0,0,0,320,0
reload 3 reload_cmd wall_us=1791175262722554 policy=/tmp/irr-bird/gen-b.conf
BIRD 3.3.2 ready.
Reading configuration from /etc/bird/bird.conf
Reconfigured
reload 3 progress: complete=28/320
reload 3 completion_s: p50=13.38 p95=14.41 max=14.50 (n=320)
reload 3 maxgap_ms: p50=832.17 p95=1568.29 max=2296.01 (n=320)
reload 3 all_observer_maxgap_ms: p50=841.80 p95=1568.29 max=2296.01 (n=320)
reload 3 changed_first_generation_update_ms: p50=1558.46 p95=1944.53 max=2022.71 (n=320)
reload 3 rss_mib before=0 after=0 comms_sample=[4286056400]
reload 3 sessions_up 320/320
reload 3 stable_marker_peers 0/0
reload 3 withdrawals: v4 named 0/0 v6 named 0/0 leaked=0 bystander=0 stable=0 duplicate=0
reloadstall_csv,3,320,320,0,183040,13.380624,14.413391,14.497695,832.168,1568.294,2296.011,841.800,1568.294,2296.011,1558.461,1944.527,2022.715,0,0,0,320,0
reload 4 reload_cmd wall_us=1791175297283272 policy=/tmp/irr-bird/gen-a.conf
BIRD 3.3.2 ready.
Reading configuration from /etc/bird/bird.conf
Reconfigured
reload 4 progress: complete=39/320
reload 4 completion_s: p50=13.04 p95=14.27 max=14.38 (n=320)
reload 4 maxgap_ms: p50=872.92 p95=1413.84 max=2505.41 (n=320)
reload 4 all_observer_maxgap_ms: p50=873.26 p95=1413.84 max=2505.41 (n=320)
reload 4 changed_first_generation_update_ms: p50=1577.16 p95=1996.79 max=2935.84 (n=320)
reload 4 rss_mib before=0 after=0 comms_sample=[4286055400]
reload 4 sessions_up 320/320
reload 4 stable_marker_peers 0/0
reload 4 withdrawals: v4 named 0/0 v6 named 0/0 leaked=0 bystander=0 stable=0 duplicate=0
reloadstall_csv,4,320,320,0,183040,13.038294,14.268591,14.376229,872.917,1413.842,2505.408,873.256,1413.842,2505.408,1577.157,1996.785,2935.835,0,0,0,320,0
final sessions_up 320/320 parse_errors=0
done rss_mib=0
route_refresh_accounting,peer=4,family=ipv4,received=4,suppressed=0,completed=4,sent_nlri=2288
route_refresh_accounting,peer=8,family=ipv4,received=4,suppressed=0,completed=4,sent_nlri=2288
route_refresh_accounting,peer=25,family=ipv4,received=4,suppressed=0,completed=4,sent_nlri=2288
route_refresh_accounting,peer=27,family=ipv4,received=4,suppressed=0,completed=4,sent_nlri=2288
route_refresh_accounting,peer=49,family=ipv4,received=4,suppressed=0,completed=4,sent_nlri=2288
route_refresh_accounting,peer=53,family=ipv4,received=4,suppressed=0,completed=4,sent_nlri=2288
route_refresh_accounting,peer=62,family=ipv4,received=4,suppressed=0,completed=4,sent_nlri=2288
route_refresh_accounting,peer=64,family=ipv4,received=4,suppressed=0,completed=4,sent_nlri=2288
route_refresh_accounting,peer=66,family=ipv4,received=4,suppressed=0,completed=4,sent_nlri=2288
route_refresh_accounting,peer=70,family=ipv4,received=4,suppressed=0,completed=4,sent_nlri=2288
route_refresh_accounting,peer=84,family=ipv4,received=4,suppressed=0,completed=4,sent_nlri=2288
route_refresh_accounting,peer=96,family=ipv4,received=4,suppressed=0,completed=4,sent_nlri=2288
route_refresh_accounting,peer=102,family=ipv4,received=4,suppressed=0,completed=4,sent_nlri=2288
route_refresh_accounting,peer=117,family=ipv4,received=4,suppressed=0,completed=4,sent_nlri=2288
route_refresh_accounting,peer=122,family=ipv4,received=4,suppressed=0,completed=4,sent_nlri=2288
route_refresh_accounting,peer=128,family=ipv4,received=4,suppressed=0,completed=4,sent_nlri=2288
route_refresh_accounting,peer=133,family=ipv4,received=4,suppressed=0,completed=4,sent_nlri=2288
route_refresh_accounting,peer=137,family=ipv4,received=4,suppressed=0,completed=4,sent_nlri=2288
route_refresh_accounting,peer=149,family=ipv4,received=4,suppressed=0,completed=4,sent_nlri=2288
route_refresh_accounting,peer=153,family=ipv4,received=4,suppressed=0,completed=4,sent_nlri=2288
route_refresh_accounting,peer=164,family=ipv4,received=4,suppressed=0,completed=4,sent_nlri=2288
route_refresh_accounting,peer=165,family=ipv4,received=4,suppressed=0,completed=4,sent_nlri=2288
route_refresh_accounting,peer=166,family=ipv4,received=4,suppressed=0,completed=4,sent_nlri=2288
route_refresh_accounting,peer=169,family=ipv4,received=4,suppressed=0,completed=4,sent_nlri=2288
route_refresh_accounting,peer=177,family=ipv4,received=4,suppressed=0,completed=4,sent_nlri=2288
route_refresh_accounting,peer=209,family=ipv4,received=4,suppressed=0,completed=4,sent_nlri=2288
route_refresh_accounting,peer=219,family=ipv4,received=4,suppressed=0,completed=4,sent_nlri=2288
route_refresh_accounting,peer=223,family=ipv4,received=4,suppressed=0,completed=4,sent_nlri=2288
route_refresh_accounting,peer=227,family=ipv4,received=4,suppressed=0,completed=4,sent_nlri=2288
route_refresh_accounting,peer=249,family=ipv4,received=4,suppressed=0,completed=4,sent_nlri=2288
route_refresh_accounting,peer=251,family=ipv4,received=4,suppressed=0,completed=4,sent_nlri=2288
route_refresh_accounting,peer=254,family=ipv4,received=4,suppressed=0,completed=4,sent_nlri=2288
route_refresh_accounting,peer=266,family=ipv4,received=4,suppressed=0,completed=4,sent_nlri=2288
route_refresh_accounting,peer=310,family=ipv4,received=4,suppressed=0,completed=4,sent_nlri=2288
route_refresh_accounting,peer=311,family=ipv4,received=4,suppressed=0,completed=4,sent_nlri=2288
route_refresh_accounting,peer=317,family=ipv4,received=4,suppressed=0,completed=4,sent_nlri=2288
