# reloadstall peers=200 changed_peers=200 stable_peers=0 prefixes=115000 per_peer=575 pid=3248860
established 200 at 0.2s
converged (>= 114425/observer) at 0.8s rss_mib=291
control_maxgap_ms: p50=87.48 p95=87.64 max=88.45 (n=200)
control_rss_mib 291
reloadstall_csv_header,reload,peers_total,peers_changed,peers_stable,prefixes,completion_p50_s,completion_p95_s,completion_max_s,changed_maxgap_p50_ms,changed_maxgap_p95_ms,changed_maxgap_max_ms,all_observer_maxgap_p50_ms,all_observer_maxgap_p95_ms,all_observer_maxgap_max_ms,changed_first_update_p50_ms,changed_first_update_p95_ms,changed_first_update_max_ms,rss_before_mib,rss_after_mib,stable_marker_peers,sessions_up,parse_errors
reload 1 SIGHUP wall_us=1784252690969084 policy=/tmp/ixp-rustbgpd/gen-b.rpol
reload 1 completion_s: p50=0.29 p95=0.33 max=0.42 (n=200)
reload 1 maxgap_ms: p50=128.39 p95=162.33 max=197.99 (n=200)
reload 1 all_observer_maxgap_ms: p50=128.39 p95=162.33 max=197.99 (n=200)
reload 1 first_update_ms: p50=13.63 p95=14.19 max=14.36 (n=200)
reload 1 rss_mib before=291 after=342 comms_sample=[4292610000]
reload 1 sessions_up 200/200
reload 1 stable_marker_peers 0/0
reloadstall_csv,1,200,200,0,115000,0.290378,0.334598,0.415442,128.389,162.334,197.986,128.389,162.334,197.986,13.634,14.185,14.355,291,342,0,200,0
reload 2 SIGHUP wall_us=1784252711486697 policy=/tmp/ixp-rustbgpd/gen-a.rpol
reload 2 completion_s: p50=0.31 p95=0.34 max=0.44 (n=200)
reload 2 maxgap_ms: p50=108.62 p95=167.51 max=199.15 (n=200)
reload 2 all_observer_maxgap_ms: p50=108.89 p95=167.51 max=199.15 (n=200)
reload 2 first_update_ms: p50=90.20 p95=90.84 max=114.09 (n=200)
reload 2 rss_mib before=343 after=421 comms_sample=[4292609000]
reload 2 sessions_up 200/200
reload 2 stable_marker_peers 0/0
reloadstall_csv,2,200,200,0,115000,0.310507,0.341803,0.442193,108.619,167.513,199.154,108.887,167.513,199.154,90.203,90.843,114.093,343,421,0,200,0
done rss_mib=421
