# reloadstall peers=320 changed_peers=320 stable_peers=0 prefixes=183040 per_peer=572 pid=399710
established 320 at 0.3s
establishment transport_retries=0 recovered_peers=0
first_exact_bitmap,mode=reload,peers=320,total=183040,per_peer=572,expected=182468,completed=320,min_unique=182468,max_unique=182468
converged (>= 182468/observer) at 2.1s rss_mib=504
control_maxgap_ms: p50=18.40 p95=18.77 max=41.92 (n=320)
control_rss_mib 480
reloadstall_csv_header,reload,peers_total,peers_changed,peers_stable,prefixes,completion_p50_s,completion_p95_s,completion_max_s,changed_maxgap_p50_ms,changed_maxgap_p95_ms,changed_maxgap_max_ms,all_observer_maxgap_p50_ms,all_observer_maxgap_p95_ms,all_observer_maxgap_max_ms,changed_first_generation_update_p50_ms,changed_first_generation_update_p95_ms,changed_first_generation_update_max_ms,rss_before_mib,rss_after_mib,stable_marker_peers,sessions_up,parse_errors
dataset-stage generation=b changed=36 total=640
reload 1 SIGHUP wall_us=1790572152878222 policy=/tmp/irr-rustbgpd-sighup/gen-b.rpol
reload 1 completion_s: p50=0.95 p95=0.99 max=0.99 (n=320)
reload 1 maxgap_ms: p50=447.29 p95=467.44 max=487.32 (n=320)
reload 1 all_observer_maxgap_ms: p50=447.29 p95=467.44 max=487.32 (n=320)
reload 1 changed_first_generation_update_ms: p50=791.79 p95=812.24 max=832.12 (n=320)
reload 1 rss_mib before=480 after=586 comms_sample=[4286056400]
reload 1 sessions_up 320/320
reload 1 stable_marker_peers 0/0
reloadstall_csv,1,320,320,0,183040,0.945343,0.987534,0.990634,447.288,467.443,487.325,447.288,467.443,487.325,791.794,812.237,832.117,480,586,0,320,0
dataset-stage generation=a changed=36 total=640
reload 2 SIGHUP wall_us=1790572174966076 policy=/tmp/irr-rustbgpd-sighup/gen-a.rpol
reload 2 completion_s: p50=0.87 p95=0.92 max=0.93 (n=320)
reload 2 maxgap_ms: p50=420.49 p95=539.18 max=575.95 (n=320)
reload 2 all_observer_maxgap_ms: p50=420.49 p95=539.18 max=575.95 (n=320)
reload 2 changed_first_generation_update_ms: p50=763.55 p95=881.95 max=918.93 (n=320)
reload 2 rss_mib before=538 after=627 comms_sample=[4286055400]
reload 2 sessions_up 320/320
reload 2 stable_marker_peers 0/0
reloadstall_csv,2,320,320,0,183040,0.870350,0.923892,0.929339,420.486,539.183,575.953,420.486,539.183,575.953,763.553,881.945,918.927,538,627,0,320,0
dataset-stage generation=b changed=36 total=640
reload 3 SIGHUP wall_us=1790572196981272 policy=/tmp/irr-rustbgpd-sighup/gen-b.rpol
reload 3 completion_s: p50=0.86 p95=0.92 max=0.93 (n=320)
reload 3 maxgap_ms: p50=416.83 p95=544.48 max=585.56 (n=320)
reload 3 all_observer_maxgap_ms: p50=416.83 p95=544.48 max=585.56 (n=320)
reload 3 changed_first_generation_update_ms: p50=745.48 p95=873.04 max=913.94 (n=320)
reload 3 rss_mib before=539 after=640 comms_sample=[4286056400]
reload 3 sessions_up 320/320
reload 3 stable_marker_peers 0/0
reloadstall_csv,3,320,320,0,183040,0.857488,0.920244,0.927648,416.835,544.477,585.561,416.835,544.477,585.561,745.479,873.045,913.939,539,640,0,320,0
dataset-stage generation=a changed=36 total=640
reload 4 SIGHUP wall_us=1790572219065052 policy=/tmp/irr-rustbgpd-sighup/gen-a.rpol
reload 4 completion_s: p50=0.86 p95=0.94 max=0.94 (n=320)
reload 4 maxgap_ms: p50=428.86 p95=504.31 max=555.25 (n=320)
reload 4 all_observer_maxgap_ms: p50=428.86 p95=504.31 max=555.25 (n=320)
reload 4 changed_first_generation_update_ms: p50=758.50 p95=833.83 max=884.60 (n=320)
reload 4 rss_mib before=540 after=636 comms_sample=[4286055400]
reload 4 sessions_up 320/320
reload 4 stable_marker_peers 0/0
reloadstall_csv,4,320,320,0,183040,0.863867,0.935273,0.942236,428.858,504.315,555.247,428.858,504.315,555.247,758.498,833.828,884.598,540,636,0,320,0
final sessions_up 320/320 parse_errors=0
done rss_mib=541
