# reloadstall peers=320 changed_peers=320 stable_peers=0 prefixes=183040 per_peer=572 pid=509665
established 320 at 0.3s
establishment transport_retries=0 recovered_peers=0
first_exact_bitmap,mode=reload,peers=320,total=183040,per_peer=572,expected=182468,completed=320,min_unique=182468,max_unique=182468
converged (>= 182468/observer) at 3.0s rss_mib=513
control_maxgap_ms: p50=24.88 p95=25.12 max=42.09 (n=320)
control_rss_mib 488
reloadstall_csv_header,reload,peers_total,peers_changed,peers_stable,prefixes,completion_p50_s,completion_p95_s,completion_max_s,changed_maxgap_p50_ms,changed_maxgap_p95_ms,changed_maxgap_max_ms,all_observer_maxgap_p50_ms,all_observer_maxgap_p95_ms,all_observer_maxgap_max_ms,changed_first_generation_update_p50_ms,changed_first_generation_update_p95_ms,changed_first_generation_update_max_ms,rss_before_mib,rss_after_mib,stable_marker_peers,sessions_up,parse_errors
dataset-stage generation=b changed=36 total=640
reload 1 SIGHUP wall_us=1790582754205610 policy=/tmp/irr-rustbgpd-sighup/gen-b.rpol
reload 1 receiver_barriers_complete awaiting_daemon_settlement
reload 1 daemon_applied complete_before=0 complete_after=1
reload 1 completion_s: p50=1.83 p95=1.97 max=1.98 (n=320)
reload 1 maxgap_ms: p50=569.38 p95=706.43 max=791.65 (n=320)
reload 1 all_observer_maxgap_ms: p50=569.38 p95=706.43 max=791.65 (n=320)
reload 1 changed_first_generation_update_ms: p50=1188.68 p95=1326.12 max=1410.30 (n=320)
reload 1 rss_mib before=498 after=617 comms_sample=[4286056400]
reload 1 sessions_up 320/320
reload 1 stable_marker_peers 0/0
reload 1 withdrawals: v4 named 0/0 v6 named 0/0 leaked=0 bystander=0 stable=0 duplicate=0
reloadstall_csv,1,320,320,0,183040,1.834252,1.974260,1.979217,569.385,706.430,791.651,569.385,706.430,791.651,1188.683,1326.120,1410.295,498,617,0,320,0
dataset-stage generation=a changed=36 total=640
reload 2 SIGHUP wall_us=1790582777697560 policy=/tmp/irr-rustbgpd-sighup/gen-a.rpol
reload 2 daemon_applied complete_before=1 complete_after=2
reload 2 completion_s: p50=1.54 p95=1.83 max=1.84 (n=320)
reload 2 maxgap_ms: p50=665.49 p95=1104.65 max=1195.62 (n=320)
reload 2 all_observer_maxgap_ms: p50=665.49 p95=1104.65 max=1195.62 (n=320)
reload 2 changed_first_generation_update_ms: p50=1212.50 p95=1652.19 max=1741.46 (n=320)
reload 2 rss_mib before=560 after=647 comms_sample=[4286055400]
reload 2 sessions_up 320/320
reload 2 stable_marker_peers 0/0
reload 2 withdrawals: v4 named 0/0 v6 named 0/0 leaked=0 bystander=0 stable=0 duplicate=0
reloadstall_csv,2,320,320,0,183040,1.539801,1.832614,1.839673,665.486,1104.647,1195.619,665.486,1104.647,1195.619,1212.504,1652.189,1741.465,560,647,0,320,0
dataset-stage generation=b changed=36 total=640
reload 3 SIGHUP wall_us=1790582800687294 policy=/tmp/irr-rustbgpd-sighup/gen-b.rpol
reload 3 daemon_applied complete_before=2 complete_after=3
reload 3 completion_s: p50=1.56 p95=1.88 max=1.90 (n=320)
reload 3 maxgap_ms: p50=652.05 p95=1159.04 max=1255.82 (n=320)
reload 3 all_observer_maxgap_ms: p50=654.14 p95=1159.04 max=1255.82 (n=320)
reload 3 changed_first_generation_update_ms: p50=1199.43 p95=1720.72 max=1817.37 (n=320)
reload 3 rss_mib before=559 after=652 comms_sample=[4286056400]
reload 3 sessions_up 320/320
reload 3 stable_marker_peers 0/0
reload 3 withdrawals: v4 named 0/0 v6 named 0/0 leaked=0 bystander=0 stable=0 duplicate=0
reloadstall_csv,3,320,320,0,183040,1.561577,1.880668,1.895288,652.048,1159.044,1255.816,654.136,1159.044,1255.816,1199.427,1720.722,1817.368,559,652,0,320,0
dataset-stage generation=a changed=36 total=640
reload 4 SIGHUP wall_us=1790582823764543 policy=/tmp/irr-rustbgpd-sighup/gen-a.rpol
reload 4 daemon_applied complete_before=3 complete_after=4
reload 4 completion_s: p50=1.54 p95=1.89 max=1.90 (n=320)
reload 4 maxgap_ms: p50=722.85 p95=1230.93 max=1277.25 (n=320)
reload 4 all_observer_maxgap_ms: p50=722.85 p95=1230.93 max=1277.25 (n=320)
reload 4 changed_first_generation_update_ms: p50=1276.41 p95=1784.59 max=1831.66 (n=320)
reload 4 rss_mib before=561 after=653 comms_sample=[4286055400]
reload 4 sessions_up 320/320
reload 4 stable_marker_peers 0/0
reload 4 withdrawals: v4 named 0/0 v6 named 0/0 leaked=0 bystander=0 stable=0 duplicate=0
reloadstall_csv,4,320,320,0,183040,1.540143,1.888385,1.899648,722.851,1230.927,1277.252,722.851,1230.927,1277.252,1276.414,1784.589,1831.658,561,653,0,320,0
final sessions_up 320/320 parse_errors=0
done rss_mib=553
