[2026-10-06T03:20:07Z] reload 1 issued
[2026-10-06T03:20:12Z] reload 1 complete
[2026-10-06T03:50:12Z] reload 2 issued
[2026-10-06T03:50:17Z] reload 2 complete
[2026-10-06T04:20:17Z] reload 3 issued
[2026-10-06T04:20:22Z] reload 3 complete
[2026-10-06T04:50:22Z] reload 4 issued
[2026-10-06T04:50:27Z] reload 4 complete
[2026-10-06T05:20:28Z] reload 5 issued
[2026-10-06T05:20:33Z] reload 5 complete
[2026-10-06T05:50:33Z] reload 6 issued
[2026-10-06T05:50:38Z] reload 6 complete
[2026-10-06T06:20:38Z] reload 7 issued
[2026-10-06T06:20:43Z] reload 7 complete
[2026-10-06T06:50:44Z] reload 8 issued
[2026-10-06T06:50:49Z] reload 8 complete
[2026-10-06T07:20:50Z] trip 1 announce_over
[2026-10-06T07:20:50Z] trip 1 torn_down
[2026-10-06T07:20:50Z] trip 1 exceeded_total=1
[2026-10-06T07:20:50Z] trip 1 countdown_ms=118889 action=restart
[2026-10-06T07:22:50Z] trip 1 reestablished
[2026-10-06T07:22:50Z] trip 1 reannounced
[2026-10-06T07:22:50Z] reload 9 issued
[2026-10-06T07:22:50Z] trip 1 complete usage=400 limit=450 headroom=50
[2026-10-06T07:22:55Z] reload 9 complete
[2026-10-06T07:52:55Z] reload 10 issued
[2026-10-06T07:53:00Z] reload 10 complete
[2026-10-06T08:23:01Z] reload 11 issued
[2026-10-06T08:23:06Z] reload 11 complete
[2026-10-06T08:53:06Z] reload 12 issued
[2026-10-06T08:53:11Z] reload 12 complete
[2026-10-06T09:23:12Z] reload 13 issued
[2026-10-06T09:23:17Z] reload 13 complete
[2026-10-06T09:53:16Z] reload 14 issued
[2026-10-06T09:53:22Z] reload 14 complete
[2026-10-06T10:23:22Z] reload 15 issued
[2026-10-06T10:23:28Z] reload 15 complete
[2026-10-06T10:53:28Z] reload 16 issued
[2026-10-06T10:53:33Z] reload 16 complete
[2026-10-06T11:23:33Z] trip 2 announce_over
[2026-10-06T11:23:33Z] trip 2 torn_down
[2026-10-06T11:23:33Z] trip 2 exceeded_total=2
[2026-10-06T11:23:33Z] trip 2 countdown_ms=119711 action=restart
[2026-10-06T11:25:34Z] trip 2 reestablished
[2026-10-06T11:25:34Z] trip 2 reannounced
[2026-10-06T11:25:34Z] reload 17 issued
[2026-10-06T11:25:34Z] trip 2 complete usage=400 limit=450 headroom=50
[2026-10-06T11:25:39Z] reload 17 complete
[2026-10-06T11:55:40Z] reload 18 issued
[2026-10-06T11:55:45Z] reload 18 complete
[2026-10-06T12:25:45Z] reload 19 issued
[2026-10-06T12:25:52Z] reload 19 complete
[2026-10-06T12:55:51Z] reload 20 issued
[2026-10-06T12:55:57Z] reload 20 complete
[2026-10-06T13:25:57Z] reload 21 issued
[2026-10-06T13:26:03Z] reload 21 complete
[2026-10-06T13:56:03Z] reload 22 issued
[2026-10-06T13:56:09Z] reload 22 complete
[2026-10-06T14:26:09Z] reload 23 issued
[2026-10-06T14:26:15Z] reload 23 complete
[2026-10-06T14:56:16Z] reload 24 issued
[2026-10-06T14:56:22Z] reload 24 complete
[2026-10-06T15:26:22Z] trip 3 announce_over
[2026-10-06T15:26:22Z] trip 3 torn_down
[2026-10-06T15:26:22Z] trip 3 exceeded_total=3
[2026-10-06T15:26:22Z] trip 3 countdown_ms=118889 action=restart
[2026-10-06T15:28:22Z] trip 3 reestablished
[2026-10-06T15:28:22Z] trip 3 reannounced
[2026-10-06T15:28:22Z] reload 25 issued
[2026-10-06T15:28:22Z] trip 3 complete usage=400 limit=450 headroom=50
[2026-10-06T15:28:28Z] reload 25 complete
[2026-10-06T15:58:29Z] reload 26 issued
[2026-10-06T15:58:34Z] reload 26 complete
[2026-10-06T16:28:33Z] reload 27 issued
[2026-10-06T16:28:40Z] reload 27 complete
[2026-10-06T16:58:40Z] reload 28 issued
[2026-10-06T16:58:46Z] reload 28 complete
[2026-10-06T17:28:46Z] reload 29 issued
[2026-10-06T17:28:51Z] reload 29 complete
[2026-10-06T17:58:51Z] reload 30 issued
[2026-10-06T17:58:58Z] reload 30 complete
[2026-10-06T18:28:59Z] reload 31 issued
[2026-10-06T18:29:04Z] reload 31 complete
[2026-10-06T18:59:05Z] reload 32 issued
[2026-10-06T18:59:11Z] reload 32 complete
[2026-10-06T19:29:11Z] trip 4 announce_over
[2026-10-06T19:29:11Z] trip 4 torn_down
[2026-10-06T19:29:11Z] trip 4 exceeded_total=4
[2026-10-06T19:29:11Z] trip 4 countdown_ms=118805 action=restart
[2026-10-06T19:31:11Z] trip 4 reestablished
[2026-10-06T19:31:11Z] trip 4 reannounced
[2026-10-06T19:31:11Z] reload 33 issued
[2026-10-06T19:31:12Z] trip 4 complete usage=400 limit=450 headroom=50
[2026-10-06T19:31:17Z] reload 33 complete
[2026-10-06T20:01:17Z] reload 34 issued
[2026-10-06T20:01:23Z] reload 34 complete
[2026-10-06T20:31:23Z] reload 35 issued
[2026-10-06T20:31:29Z] reload 35 complete
[2026-10-06T21:01:29Z] reload 36 issued
[2026-10-06T21:01:34Z] reload 36 complete
[2026-10-06T21:31:35Z] reload 37 issued
[2026-10-06T21:31:40Z] reload 37 complete
[2026-10-06T22:01:40Z] reload 38 issued
[2026-10-06T22:01:45Z] reload 38 complete
[2026-10-06T22:31:45Z] reload 39 issued
[2026-10-06T22:31:51Z] reload 39 complete
[2026-10-06T23:01:51Z] reload 40 issued
[2026-10-06T23:01:57Z] reload 40 complete
[2026-10-06T23:31:57Z] trip 5 announce_over
[2026-10-06T23:31:57Z] trip 5 torn_down
[2026-10-06T23:31:57Z] trip 5 exceeded_total=5
[2026-10-06T23:31:57Z] trip 5 countdown_ms=119286 action=restart
[2026-10-06T23:33:57Z] trip 5 reestablished
[2026-10-06T23:33:57Z] trip 5 reannounced
[2026-10-06T23:33:57Z] trip 5 complete usage=400 limit=450 headroom=50
[2026-10-06T23:33:58Z] reload 41 issued
[2026-10-06T23:34:03Z] reload 41 complete
[2026-10-07T00:04:03Z] reload 42 issued
[2026-10-07T00:04:09Z] reload 42 complete
[2026-10-07T00:34:09Z] reload 43 issued
[2026-10-07T00:34:14Z] reload 43 complete
[2026-10-07T01:04:15Z] reload 44 issued
[2026-10-07T01:04:20Z] reload 44 complete
[2026-10-07T01:34:21Z] reload 45 issued
[2026-10-07T01:34:27Z] reload 45 complete
[2026-10-07T02:04:27Z] reload 46 issued
[2026-10-07T02:04:32Z] reload 46 complete
[2026-10-07T02:34:32Z] reload 47 issued
[2026-10-07T02:34:38Z] reload 47 complete
[2026-10-07T03:04:38Z] reload 48 issued
[2026-10-07T03:04:44Z] reload 48 complete
[2026-10-07T03:34:44Z] trip 6 announce_over
[2026-10-07T03:34:44Z] trip 6 torn_down
[2026-10-07T03:34:44Z] trip 6 exceeded_total=6
[2026-10-07T03:34:44Z] trip 6 countdown_ms=119044 action=restart
[2026-10-07T03:36:44Z] trip 6 reestablished
[2026-10-07T03:36:44Z] trip 6 reannounced
[2026-10-07T03:36:44Z] trip 6 complete usage=400 limit=450 headroom=50
