# reloadstall peers=1000 changed_peers=1000 stable_peers=0 prefixes=400000 per_peer=400 pid=892518
established 1000 at 2.1s
establishment transport_retries=0 recovered_peers=0
first_exact_bitmap,mode=reload,peers=1000,total=400000,per_peer=400,expected=399600,completed=1000,min_unique=399600,max_unique=399600
converged (>= 399600/observer) at 9.0s rss_mib=406
control_maxgap_ms: p50=47.45 p95=49.01 max=61.59 (n=1000)
control_rss_mib 416
reloadstall_csv_header,reload,peers_total,peers_changed,peers_stable,prefixes,completion_p50_s,completion_p95_s,completion_max_s,changed_maxgap_p50_ms,changed_maxgap_p95_ms,changed_maxgap_max_ms,all_observer_maxgap_p50_ms,all_observer_maxgap_p95_ms,all_observer_maxgap_max_ms,changed_first_generation_update_p50_ms,changed_first_generation_update_p95_ms,changed_first_generation_update_max_ms,rss_before_mib,rss_after_mib,stable_marker_peers,sessions_up,parse_errors
trip_csv_header,trip,peers_total,teardown_s,withdraw_s,holddown_s,reannounce_s,rss_mib,sessions_up,parse_errors
reload 1 SIGHUP wall_us=1791256806851020 policy=/tmp/rsfs.cxmVo7/gen-b.rpol
reload 1 daemon_applied complete_before=0 complete_after=1
reload 1 completion_s: p50=4.00 p95=4.64 max=4.70 (n=1000)
reload 1 maxgap_ms: p50=1033.03 p95=2169.88 max=2678.37 (n=1000)
reload 1 all_observer_maxgap_ms: p50=1050.12 p95=2169.88 max=2678.37 (n=1000)
reload 1 changed_first_generation_update_ms: p50=2657.95 p95=4156.90 max=4671.85 (n=1000)
reload 1 rss_mib before=417 after=466 comms_sample=[4286056400]
reload 1 sessions_up 1000/1000
reload 1 stable_marker_peers 0/0
reload 1 withdrawals: v4 named 0/0 v6 named 0/0 leaked=0 bystander=0 stable=0 duplicate=0
reloadstall_csv,1,1000,1000,0,400000,4.001507,4.642767,4.703560,1033.029,2169.883,2678.373,1050.118,2169.883,2678.373,2657.953,4156.900,4671.850,417,466,0,1000,0
reload 2 SIGHUP wall_us=1791258611890295 policy=/tmp/rsfs.cxmVo7/gen-a.rpol
reload 2 daemon_applied complete_before=1 complete_after=2
reload 2 completion_s: p50=3.55 p95=4.24 max=4.33 (n=1000)
reload 2 maxgap_ms: p50=1218.50 p95=2442.38 max=2650.94 (n=1000)
reload 2 all_observer_maxgap_ms: p50=1246.65 p95=2442.38 max=2650.94 (n=1000)
reload 2 changed_first_generation_update_ms: p50=2260.66 p95=4085.06 max=4293.97 (n=1000)
reload 2 rss_mib before=443 after=466 comms_sample=[4286055400]
reload 2 sessions_up 1000/1000
reload 2 stable_marker_peers 0/0
reload 2 withdrawals: v4 named 0/0 v6 named 0/0 leaked=0 bystander=0 stable=0 duplicate=0
reloadstall_csv,2,1000,1000,0,400000,3.549424,4.236557,4.332078,1218.500,2442.377,2650.940,1246.653,2442.377,2650.940,2260.661,4085.058,4293.965,443,466,0,1000,0
reload 3 SIGHUP wall_us=1791260417200413 policy=/tmp/rsfs.cxmVo7/gen-b.rpol
reload 3 daemon_applied complete_before=2 complete_after=3
reload 3 completion_s: p50=3.91 p95=4.56 max=4.63 (n=1000)
reload 3 maxgap_ms: p50=1370.10 p95=2715.95 max=2929.68 (n=1000)
reload 3 all_observer_maxgap_ms: p50=1375.94 p95=2715.95 max=2929.68 (n=1000)
reload 3 changed_first_generation_update_ms: p50=2263.60 p95=4378.01 max=4593.75 (n=1000)
reload 3 rss_mib before=452 after=476 comms_sample=[4286056400]
reload 3 sessions_up 1000/1000
reload 3 stable_marker_peers 0/0
reload 3 withdrawals: v4 named 0/0 v6 named 0/0 leaked=0 bystander=0 stable=0 duplicate=0
reloadstall_csv,3,1000,1000,0,400000,3.908049,4.564795,4.633522,1370.097,2715.948,2929.684,1375.944,2715.948,2929.684,2263.603,4378.005,4593.751,452,476,0,1000,0
reload 4 SIGHUP wall_us=1791262222632793 policy=/tmp/rsfs.cxmVo7/gen-a.rpol
reload 4 daemon_applied complete_before=3 complete_after=4
reload 4 completion_s: p50=3.84 p95=4.49 max=4.56 (n=1000)
reload 4 maxgap_ms: p50=1369.44 p95=2406.29 max=2650.95 (n=1000)
reload 4 all_observer_maxgap_ms: p50=1407.90 p95=2406.29 max=2650.95 (n=1000)
reload 4 changed_first_generation_update_ms: p50=2478.10 p95=4273.15 max=4515.61 (n=1000)
reload 4 rss_mib before=472 after=496 comms_sample=[4286055400]
reload 4 sessions_up 1000/1000
reload 4 stable_marker_peers 0/0
reload 4 withdrawals: v4 named 0/0 v6 named 0/0 leaked=0 bystander=0 stable=0 duplicate=0
reloadstall_csv,4,1000,1000,0,400000,3.838196,4.494126,4.564160,1369.438,2406.286,2650.952,1407.899,2406.286,2650.952,2478.097,4273.154,4515.608,472,496,0,1000,0
reload 5 SIGHUP wall_us=1791264028098733 policy=/tmp/rsfs.cxmVo7/gen-b.rpol
reload 5 daemon_applied complete_before=4 complete_after=5
reload 5 completion_s: p50=3.78 p95=4.31 max=4.39 (n=1000)
reload 5 maxgap_ms: p50=1263.57 p95=2172.17 max=2644.15 (n=1000)
reload 5 all_observer_maxgap_ms: p50=1264.65 p95=2172.17 max=2644.15 (n=1000)
reload 5 changed_first_generation_update_ms: p50=2324.43 p95=3882.29 max=4349.06 (n=1000)
reload 5 rss_mib before=486 after=488 comms_sample=[4286056400]
reload 5 sessions_up 1000/1000
reload 5 stable_marker_peers 0/0
reload 5 withdrawals: v4 named 0/0 v6 named 0/0 leaked=0 bystander=0 stable=0 duplicate=0
reloadstall_csv,5,1000,1000,0,400000,3.782996,4.314636,4.390349,1263.565,2172.172,2644.146,1264.648,2172.172,2644.146,2324.430,3882.290,4349.061,486,488,0,1000,0
reload 6 SIGHUP wall_us=1791265833384689 policy=/tmp/rsfs.cxmVo7/gen-a.rpol
reload 6 daemon_applied complete_before=5 complete_after=6
reload 6 completion_s: p50=3.57 p95=4.26 max=4.32 (n=1000)
reload 6 maxgap_ms: p50=1312.87 p95=2282.55 max=2634.53 (n=1000)
reload 6 all_observer_maxgap_ms: p50=1332.58 p95=2282.55 max=2634.53 (n=1000)
reload 6 changed_first_generation_update_ms: p50=2296.75 p95=3937.26 max=4294.90 (n=1000)
reload 6 rss_mib before=479 after=501 comms_sample=[4286055400]
reload 6 sessions_up 1000/1000
reload 6 stable_marker_peers 0/0
reload 6 withdrawals: v4 named 0/0 v6 named 0/0 leaked=0 bystander=0 stable=0 duplicate=0
reloadstall_csv,6,1000,1000,0,400000,3.574234,4.262536,4.324066,1312.873,2282.552,2634.532,1332.579,2282.552,2634.532,2296.746,3937.256,4294.895,479,501,0,1000,0
reload 7 SIGHUP wall_us=1791267638609952 policy=/tmp/rsfs.cxmVo7/gen-b.rpol
reload 7 daemon_applied complete_before=6 complete_after=7
reload 7 completion_s: p50=3.81 p95=4.38 max=4.45 (n=1000)
reload 7 maxgap_ms: p50=1208.42 p95=2498.42 max=2681.16 (n=1000)
reload 7 all_observer_maxgap_ms: p50=1222.90 p95=2498.42 max=2681.16 (n=1000)
reload 7 changed_first_generation_update_ms: p50=2391.05 p95=4242.53 max=4424.95 (n=1000)
reload 7 rss_mib before=475 after=496 comms_sample=[4286056400]
reload 7 sessions_up 1000/1000
reload 7 stable_marker_peers 0/0
reload 7 withdrawals: v4 named 0/0 v6 named 0/0 leaked=0 bystander=0 stable=0 duplicate=0
reloadstall_csv,7,1000,1000,0,400000,3.805730,4.376675,4.449659,1208.423,2498.420,2681.165,1222.902,2498.420,2681.165,2391.050,4242.529,4424.947,475,496,0,1000,0
reload 8 SIGHUP wall_us=1791269443982199 policy=/tmp/rsfs.cxmVo7/gen-a.rpol
reload 8 daemon_applied complete_before=7 complete_after=8
reload 8 completion_s: p50=3.76 p95=4.31 max=4.37 (n=1000)
reload 8 maxgap_ms: p50=1272.20 p95=2195.65 max=2631.40 (n=1000)
reload 8 all_observer_maxgap_ms: p50=1272.71 p95=2195.65 max=2631.40 (n=1000)
reload 8 changed_first_generation_update_ms: p50=2272.09 p95=3889.87 max=4326.72 (n=1000)
reload 8 rss_mib before=465 after=508 comms_sample=[4286055400]
reload 8 sessions_up 1000/1000
reload 8 stable_marker_peers 0/0
reload 8 withdrawals: v4 named 0/0 v6 named 0/0 leaked=0 bystander=0 stable=0 duplicate=0
reloadstall_csv,8,1000,1000,0,400000,3.762543,4.309476,4.369548,1272.202,2195.648,2631.399,1272.708,2195.648,2631.399,2272.089,3889.866,4326.721,465,508,0,1000,0
trip 1 announce_over wall_us=1791271249117251 member=0 prefixes=64
trip 1 torn_down wall_us=1791271249168520 after_s=0.051
trip 1 reconnect transport_retries=0 recovered_peers=0
trip 1 reestablished wall_us=1791271369294896 holddown_s=120.126
trip 1 reannounced wall_us=1791271369294953
trip_csv,1,1000,0.051,0.000,120.126,0.024,487,1000,0
trip 1 complete wall_us=1791271369396398 rss_mib=487
reload 9 SIGHUP wall_us=1791271369578272 policy=/tmp/rsfs.cxmVo7/gen-b.rpol
reload 9 daemon_applied complete_before=8 complete_after=9
reload 9 completion_s: p50=3.86 p95=4.43 max=4.50 (n=1000)
reload 9 maxgap_ms: p50=1403.57 p95=2363.08 max=2630.57 (n=1000)
reload 9 all_observer_maxgap_ms: p50=1403.57 p95=2363.08 max=2630.57 (n=1000)
reload 9 changed_first_generation_update_ms: p50=2566.98 p95=4181.40 max=4456.52 (n=1000)
reload 9 rss_mib before=529 after=495 comms_sample=[4286056400]
reload 9 sessions_up 1000/1000
reload 9 stable_marker_peers 0/0
reload 9 withdrawals: v4 named 0/0 v6 named 0/0 leaked=0 bystander=0 stable=0 duplicate=0
reloadstall_csv,9,1000,1000,0,400000,3.860089,4.434803,4.502587,1403.565,2363.079,2630.570,1403.565,2363.079,2630.570,2566.978,4181.404,4456.522,529,495,0,1000,0
reload 10 SIGHUP wall_us=1791273175127236 policy=/tmp/rsfs.cxmVo7/gen-a.rpol
reload 10 daemon_applied complete_before=9 complete_after=10
reload 10 completion_s: p50=3.85 p95=4.43 max=4.50 (n=1000)
reload 10 maxgap_ms: p50=1265.38 p95=2471.51 max=2711.19 (n=1000)
reload 10 all_observer_maxgap_ms: p50=1279.99 p95=2471.51 max=2711.19 (n=1000)
reload 10 changed_first_generation_update_ms: p50=2419.74 p95=4227.95 max=4466.16 (n=1000)
reload 10 rss_mib before=475 after=485 comms_sample=[4286055400]
reload 10 sessions_up 1000/1000
reload 10 stable_marker_peers 0/0
reload 10 withdrawals: v4 named 0/0 v6 named 0/0 leaked=0 bystander=0 stable=0 duplicate=0
reloadstall_csv,10,1000,1000,0,400000,3.852879,4.430987,4.499213,1265.375,2471.515,2711.193,1279.986,2471.515,2711.193,2419.736,4227.954,4466.159,475,485,0,1000,0
reload 11 SIGHUP wall_us=1791274980498333 policy=/tmp/rsfs.cxmVo7/gen-b.rpol
reload 11 daemon_applied complete_before=10 complete_after=11
reload 11 completion_s: p50=3.69 p95=4.30 max=4.39 (n=1000)
reload 11 maxgap_ms: p50=1188.57 p95=2392.88 max=2721.60 (n=1000)
reload 11 all_observer_maxgap_ms: p50=1189.16 p95=2392.88 max=2721.60 (n=1000)
reload 11 changed_first_generation_update_ms: p50=2235.30 p95=4024.99 max=4352.27 (n=1000)
reload 11 rss_mib before=478 after=505 comms_sample=[4286056400]
reload 11 sessions_up 1000/1000
reload 11 stable_marker_peers 0/0
reload 11 withdrawals: v4 named 0/0 v6 named 0/0 leaked=0 bystander=0 stable=0 duplicate=0
reloadstall_csv,11,1000,1000,0,400000,3.686639,4.304462,4.392349,1188.574,2392.882,2721.597,1189.160,2392.882,2721.597,2235.295,4024.993,4352.273,478,505,0,1000,0
reload 12 SIGHUP wall_us=1791276785737143 policy=/tmp/rsfs.cxmVo7/gen-a.rpol
reload 12 daemon_applied complete_before=11 complete_after=12
reload 12 completion_s: p50=3.80 p95=4.31 max=4.38 (n=1000)
reload 12 maxgap_ms: p50=1275.70 p95=1982.33 max=2745.72 (n=1000)
reload 12 all_observer_maxgap_ms: p50=1275.70 p95=1982.33 max=2745.72 (n=1000)
reload 12 changed_first_generation_update_ms: p50=2171.70 p95=3246.71 max=4320.66 (n=1000)
reload 12 rss_mib before=472 after=506 comms_sample=[4286055400]
reload 12 sessions_up 1000/1000
reload 12 stable_marker_peers 0/0
reload 12 withdrawals: v4 named 0/0 v6 named 0/0 leaked=0 bystander=0 stable=0 duplicate=0
reloadstall_csv,12,1000,1000,0,400000,3.797893,4.305938,4.379244,1275.701,1982.325,2745.722,1275.701,1982.325,2745.722,2171.705,3246.707,4320.663,472,506,0,1000,0
reload 13 SIGHUP wall_us=1791278591153442 policy=/tmp/rsfs.cxmVo7/gen-b.rpol
reload 13 daemon_applied complete_before=12 complete_after=13
reload 13 completion_s: p50=3.68 p95=4.34 max=4.42 (n=1000)
reload 13 maxgap_ms: p50=1291.80 p95=2346.38 max=2725.26 (n=1000)
reload 13 all_observer_maxgap_ms: p50=1294.80 p95=2346.38 max=2725.26 (n=1000)
reload 13 changed_first_generation_update_ms: p50=2293.61 p95=4009.20 max=4382.89 (n=1000)
reload 13 rss_mib before=478 after=487 comms_sample=[4286056400]
reload 13 sessions_up 1000/1000
reload 13 stable_marker_peers 0/0
reload 13 withdrawals: v4 named 0/0 v6 named 0/0 leaked=0 bystander=0 stable=0 duplicate=0
reloadstall_csv,13,1000,1000,0,400000,3.676206,4.337326,4.418938,1291.798,2346.383,2725.257,1294.795,2346.383,2725.257,2293.605,4009.199,4382.894,478,487,0,1000,0
reload 14 SIGHUP wall_us=1791280396640205 policy=/tmp/rsfs.cxmVo7/gen-a.rpol
reload 14 receiver_barriers_complete awaiting_daemon_settlement
reload 14 daemon_applied complete_before=13 complete_after=14
reload 14 completion_s: p50=3.78 p95=4.36 max=4.45 (n=1000)
reload 14 maxgap_ms: p50=1246.55 p95=2546.88 max=2699.52 (n=1000)
reload 14 all_observer_maxgap_ms: p50=1253.96 p95=2546.88 max=2699.52 (n=1000)
reload 14 changed_first_generation_update_ms: p50=2342.38 p95=4275.90 max=4426.34 (n=1000)
reload 14 rss_mib before=475 after=498 comms_sample=[4286055400]
reload 14 sessions_up 1000/1000
reload 14 stable_marker_peers 0/0
reload 14 withdrawals: v4 named 0/0 v6 named 0/0 leaked=0 bystander=0 stable=0 duplicate=0
reloadstall_csv,14,1000,1000,0,400000,3.775518,4.361311,4.452594,1246.552,2546.879,2699.519,1253.964,2546.879,2699.519,2342.382,4275.897,4426.336,475,498,0,1000,0
reload 15 SIGHUP wall_us=1791282202655646 policy=/tmp/rsfs.cxmVo7/gen-b.rpol
reload 15 daemon_applied complete_before=14 complete_after=15
reload 15 completion_s: p50=3.67 p95=4.37 max=4.45 (n=1000)
reload 15 maxgap_ms: p50=1275.74 p95=2467.42 max=2743.81 (n=1000)
reload 15 all_observer_maxgap_ms: p50=1275.95 p95=2467.42 max=2743.81 (n=1000)
reload 15 changed_first_generation_update_ms: p50=2298.54 p95=4137.70 max=4412.08 (n=1000)
reload 15 rss_mib before=467 after=505 comms_sample=[4286056400]
reload 15 sessions_up 1000/1000
reload 15 stable_marker_peers 0/0
reload 15 withdrawals: v4 named 0/0 v6 named 0/0 leaked=0 bystander=0 stable=0 duplicate=0
reloadstall_csv,15,1000,1000,0,400000,3.674991,4.368958,4.450121,1275.739,2467.416,2743.814,1275.946,2467.416,2743.814,2298.539,4137.705,4412.076,467,505,0,1000,0
reload 16 SIGHUP wall_us=1791284008131502 policy=/tmp/rsfs.cxmVo7/gen-a.rpol
reload 16 daemon_applied complete_before=15 complete_after=16
reload 16 completion_s: p50=3.82 p95=4.40 max=4.48 (n=1000)
reload 16 maxgap_ms: p50=1198.09 p95=2490.19 max=2634.22 (n=1000)
reload 16 all_observer_maxgap_ms: p50=1198.09 p95=2490.19 max=2634.22 (n=1000)
reload 16 changed_first_generation_update_ms: p50=2365.29 p95=4295.19 max=4443.35 (n=1000)
reload 16 rss_mib before=480 after=494 comms_sample=[4286055400]
reload 16 sessions_up 1000/1000
reload 16 stable_marker_peers 0/0
reload 16 withdrawals: v4 named 0/0 v6 named 0/0 leaked=0 bystander=0 stable=0 duplicate=0
reloadstall_csv,16,1000,1000,0,400000,3.824605,4.397273,4.481115,1198.094,2490.190,2634.217,1198.094,2490.190,2634.217,2365.288,4295.193,4443.354,480,494,0,1000,0
trip 2 announce_over wall_us=1791285813361379 member=0 prefixes=64
trip 2 torn_down wall_us=1791285813413410 after_s=0.052
trip 2 reconnect transport_retries=0 recovered_peers=0
trip 2 reestablished wall_us=1791285933537208 holddown_s=120.124
trip 2 reannounced wall_us=1791285933537273
trip_csv,2,1000,0.052,0.000,120.124,0.033,500,1000,0
trip 2 complete wall_us=1791285933639079 rss_mib=500
reload 17 SIGHUP wall_us=1791285933821621 policy=/tmp/rsfs.cxmVo7/gen-b.rpol
reload 17 daemon_applied complete_before=16 complete_after=17
reload 17 completion_s: p50=3.87 p95=4.63 max=4.72 (n=1000)
reload 17 maxgap_ms: p50=1396.50 p95=2282.21 max=2747.05 (n=1000)
reload 17 all_observer_maxgap_ms: p50=1445.82 p95=2282.21 max=2747.05 (n=1000)
reload 17 changed_first_generation_update_ms: p50=2558.69 p95=4214.34 max=4676.09 (n=1000)
reload 17 rss_mib before=536 after=499 comms_sample=[4286056400]
reload 17 sessions_up 1000/1000
reload 17 stable_marker_peers 0/0
reload 17 withdrawals: v4 named 0/0 v6 named 0/0 leaked=0 bystander=0 stable=0 duplicate=0
reloadstall_csv,17,1000,1000,0,400000,3.873758,4.634774,4.719512,1396.500,2282.213,2747.054,1445.818,2282.213,2747.054,2558.690,4214.342,4676.089,536,499,0,1000,0
reload 18 SIGHUP wall_us=1791287739569288 policy=/tmp/rsfs.cxmVo7/gen-a.rpol
reload 18 daemon_applied complete_before=17 complete_after=18
reload 18 completion_s: p50=3.59 p95=4.30 max=4.38 (n=1000)
reload 18 maxgap_ms: p50=1314.99 p95=2520.65 max=2771.27 (n=1000)
reload 18 all_observer_maxgap_ms: p50=1346.87 p95=2520.65 max=2771.27 (n=1000)
reload 18 changed_first_generation_update_ms: p50=2171.01 p95=4104.13 max=4355.99 (n=1000)
reload 18 rss_mib before=474 after=477 comms_sample=[4286055400]
reload 18 sessions_up 1000/1000
reload 18 stable_marker_peers 0/0
reload 18 withdrawals: v4 named 0/0 v6 named 0/0 leaked=0 bystander=0 stable=0 duplicate=0
reloadstall_csv,18,1000,1000,0,400000,3.594985,4.298924,4.384079,1314.993,2520.653,2771.267,1346.865,2520.653,2771.267,2171.006,4104.132,4355.993,474,477,0,1000,0
reload 19 SIGHUP wall_us=1791289545148490 policy=/tmp/rsfs.cxmVo7/gen-b.rpol
reload 19 receiver_barriers_complete awaiting_daemon_settlement
reload 19 daemon_applied complete_before=18 complete_after=19
reload 19 completion_s: p50=3.85 p95=4.41 max=4.49 (n=1000)
reload 19 maxgap_ms: p50=1188.51 p95=2343.90 max=2653.44 (n=1000)
reload 19 all_observer_maxgap_ms: p50=1213.83 p95=2343.90 max=2653.44 (n=1000)
reload 19 changed_first_generation_update_ms: p50=2368.64 p95=4139.44 max=4452.12 (n=1000)
reload 19 rss_mib before=471 after=485 comms_sample=[4286056400]
reload 19 sessions_up 1000/1000
reload 19 stable_marker_peers 0/0
reload 19 withdrawals: v4 named 0/0 v6 named 0/0 leaked=0 bystander=0 stable=0 duplicate=0
reloadstall_csv,19,1000,1000,0,400000,3.851735,4.414755,4.485276,1188.512,2343.896,2653.436,1213.829,2343.896,2653.436,2368.645,4139.445,4452.118,471,485,0,1000,0
reload 20 SIGHUP wall_us=1791291351478976 policy=/tmp/rsfs.cxmVo7/gen-a.rpol
reload 20 daemon_applied complete_before=19 complete_after=20
reload 20 completion_s: p50=3.81 p95=4.46 max=4.53 (n=1000)
reload 20 maxgap_ms: p50=1227.70 p95=2347.74 max=2605.17 (n=1000)
reload 20 all_observer_maxgap_ms: p50=1241.83 p95=2347.74 max=2605.17 (n=1000)
reload 20 changed_first_generation_update_ms: p50=2515.36 p95=4247.84 max=4498.42 (n=1000)
reload 20 rss_mib before=466 after=488 comms_sample=[4286055400]
reload 20 sessions_up 1000/1000
reload 20 stable_marker_peers 0/0
reload 20 withdrawals: v4 named 0/0 v6 named 0/0 leaked=0 bystander=0 stable=0 duplicate=0
reloadstall_csv,20,1000,1000,0,400000,3.810500,4.457593,4.528330,1227.702,2347.740,2605.170,1241.829,2347.740,2605.170,2515.363,4247.840,4498.422,466,488,0,1000,0
reload 21 SIGHUP wall_us=1791293156896114 policy=/tmp/rsfs.cxmVo7/gen-b.rpol
reload 21 receiver_barriers_complete awaiting_daemon_settlement
reload 21 daemon_applied complete_before=20 complete_after=21
reload 21 completion_s: p50=3.78 p95=4.33 max=4.41 (n=1000)
reload 21 maxgap_ms: p50=1286.86 p95=2485.67 max=2677.67 (n=1000)
reload 21 all_observer_maxgap_ms: p50=1288.89 p95=2485.67 max=2677.67 (n=1000)
reload 21 changed_first_generation_update_ms: p50=2309.57 p95=4173.20 max=4369.29 (n=1000)
reload 21 rss_mib before=457 after=471 comms_sample=[4286056400]
reload 21 sessions_up 1000/1000
reload 21 stable_marker_peers 0/0
reload 21 withdrawals: v4 named 0/0 v6 named 0/0 leaked=0 bystander=0 stable=0 duplicate=0
reloadstall_csv,21,1000,1000,0,400000,3.782512,4.325343,4.407126,1286.862,2485.668,2677.666,1288.888,2485.668,2677.666,2309.569,4173.200,4369.294,457,471,0,1000,0
reload 22 SIGHUP wall_us=1791294962808789 policy=/tmp/rsfs.cxmVo7/gen-a.rpol
reload 22 receiver_barriers_complete awaiting_daemon_settlement
reload 22 daemon_applied complete_before=21 complete_after=22
reload 22 completion_s: p50=3.86 p95=4.44 max=4.51 (n=1000)
reload 22 maxgap_ms: p50=1186.26 p95=2488.20 max=2676.59 (n=1000)
reload 22 all_observer_maxgap_ms: p50=1207.18 p95=2488.20 max=2676.59 (n=1000)
reload 22 changed_first_generation_update_ms: p50=2388.43 p95=4289.18 max=4476.07 (n=1000)
reload 22 rss_mib before=476 after=488 comms_sample=[4286055400]
reload 22 sessions_up 1000/1000
reload 22 stable_marker_peers 0/0
reload 22 withdrawals: v4 named 0/0 v6 named 0/0 leaked=0 bystander=0 stable=0 duplicate=0
reloadstall_csv,22,1000,1000,0,400000,3.863027,4.441837,4.507786,1186.258,2488.201,2676.587,1207.179,2488.201,2676.587,2388.426,4289.178,4476.066,476,488,0,1000,0
reload 23 SIGHUP wall_us=1791296769146396 policy=/tmp/rsfs.cxmVo7/gen-b.rpol
reload 23 receiver_barriers_complete awaiting_daemon_settlement
reload 23 daemon_applied complete_before=22 complete_after=23
reload 23 completion_s: p50=3.79 p95=4.49 max=4.56 (n=1000)
reload 23 maxgap_ms: p50=1407.66 p95=2356.58 max=2686.10 (n=1000)
reload 23 all_observer_maxgap_ms: p50=1413.80 p95=2356.58 max=2686.10 (n=1000)
reload 23 changed_first_generation_update_ms: p50=2552.00 p95=4180.56 max=4513.78 (n=1000)
reload 23 rss_mib before=462 after=498 comms_sample=[4286056400]
reload 23 sessions_up 1000/1000
reload 23 stable_marker_peers 0/0
reload 23 withdrawals: v4 named 0/0 v6 named 0/0 leaked=0 bystander=0 stable=0 duplicate=0
reloadstall_csv,23,1000,1000,0,400000,3.789315,4.485460,4.563386,1407.664,2356.578,2686.104,1413.800,2356.578,2686.104,2551.999,4180.555,4513.785,462,498,0,1000,0
reload 24 SIGHUP wall_us=1791298575255639 policy=/tmp/rsfs.cxmVo7/gen-a.rpol
reload 24 receiver_barriers_complete awaiting_daemon_settlement
reload 24 daemon_applied complete_before=23 complete_after=24
reload 24 completion_s: p50=4.09 p95=4.64 max=4.70 (n=1000)
reload 24 maxgap_ms: p50=1268.41 p95=2416.71 max=2866.83 (n=1000)
reload 24 all_observer_maxgap_ms: p50=1275.35 p95=2416.71 max=2866.83 (n=1000)
reload 24 changed_first_generation_update_ms: p50=2413.77 p95=4218.75 max=4669.44 (n=1000)
reload 24 rss_mib before=470 after=478 comms_sample=[4286055400]
reload 24 sessions_up 1000/1000
reload 24 stable_marker_peers 0/0
reload 24 withdrawals: v4 named 0/0 v6 named 0/0 leaked=0 bystander=0 stable=0 duplicate=0
reloadstall_csv,24,1000,1000,0,400000,4.092416,4.639415,4.700456,1268.407,2416.710,2866.832,1275.350,2416.710,2866.832,2413.770,4218.749,4669.442,470,478,0,1000,0
trip 3 announce_over wall_us=1791300381681176 member=0 prefixes=64
trip 3 torn_down wall_us=1791300381732817 after_s=0.051
trip 3 reconnect transport_retries=0 recovered_peers=0
trip 3 reestablished wall_us=1791300501861365 holddown_s=120.129
trip 3 reannounced wall_us=1791300501861471
trip_csv,3,1000,0.051,0.000,120.129,0.054,473,1000,0
trip 3 complete wall_us=1791300501963488 rss_mib=473
reload 25 SIGHUP wall_us=1791300502188952 policy=/tmp/rsfs.cxmVo7/gen-b.rpol
reload 25 receiver_barriers_complete awaiting_daemon_settlement
reload 25 daemon_applied complete_before=24 complete_after=25
reload 25 completion_s: p50=3.79 p95=4.41 max=4.48 (n=1000)
reload 25 maxgap_ms: p50=1230.04 p95=2469.61 max=2690.87 (n=1000)
reload 25 all_observer_maxgap_ms: p50=1230.04 p95=2469.61 max=2690.87 (n=1000)
reload 25 changed_first_generation_update_ms: p50=2400.28 p95=4223.85 max=4445.04 (n=1000)
reload 25 rss_mib before=516 after=496 comms_sample=[4286056400]
reload 25 sessions_up 1000/1000
reload 25 stable_marker_peers 0/0
reload 25 withdrawals: v4 named 0/0 v6 named 0/0 leaked=0 bystander=0 stable=0 duplicate=0
reloadstall_csv,25,1000,1000,0,400000,3.792256,4.407254,4.479903,1230.044,2469.607,2690.869,1230.044,2469.607,2690.869,2400.275,4223.853,4445.037,516,496,0,1000,0
reload 26 SIGHUP wall_us=1791302308324189 policy=/tmp/rsfs.cxmVo7/gen-a.rpol
reload 26 daemon_applied complete_before=25 complete_after=26
reload 26 completion_s: p50=3.65 p95=4.23 max=4.30 (n=1000)
reload 26 maxgap_ms: p50=1266.33 p95=2373.98 max=2639.23 (n=1000)
reload 26 all_observer_maxgap_ms: p50=1271.56 p95=2373.98 max=2639.23 (n=1000)
reload 26 changed_first_generation_update_ms: p50=2310.74 p95=4003.42 max=4269.95 (n=1000)
reload 26 rss_mib before=475 after=504 comms_sample=[4286055400]
reload 26 sessions_up 1000/1000
reload 26 stable_marker_peers 0/0
reload 26 withdrawals: v4 named 0/0 v6 named 0/0 leaked=0 bystander=0 stable=0 duplicate=0
reloadstall_csv,26,1000,1000,0,400000,3.645401,4.226437,4.298976,1266.327,2373.981,2639.226,1271.558,2373.981,2639.226,2310.745,4003.418,4269.948,475,504,0,1000,0
reload 27 SIGHUP wall_us=1791304113550689 policy=/tmp/rsfs.cxmVo7/gen-b.rpol
reload 27 receiver_barriers_complete awaiting_daemon_settlement
reload 27 daemon_applied complete_before=26 complete_after=27
reload 27 completion_s: p50=3.92 p95=4.45 max=4.51 (n=1000)
reload 27 maxgap_ms: p50=1374.92 p95=2166.97 max=2685.54 (n=1000)
reload 27 all_observer_maxgap_ms: p50=1390.13 p95=2166.97 max=2685.54 (n=1000)
reload 27 changed_first_generation_update_ms: p50=2356.18 p95=3941.95 max=4455.38 (n=1000)
reload 27 rss_mib before=481 after=489 comms_sample=[4286056400]
reload 27 sessions_up 1000/1000
reload 27 stable_marker_peers 0/0
reload 27 withdrawals: v4 named 0/0 v6 named 0/0 leaked=0 bystander=0 stable=0 duplicate=0
reloadstall_csv,27,1000,1000,0,400000,3.920558,4.454056,4.510946,1374.918,2166.967,2685.536,1390.127,2166.967,2685.536,2356.180,3941.948,4455.381,481,489,0,1000,0
reload 28 SIGHUP wall_us=1791305920086707 policy=/tmp/rsfs.cxmVo7/gen-a.rpol
reload 28 daemon_applied complete_before=27 complete_after=28
reload 28 completion_s: p50=3.72 p95=4.41 max=4.47 (n=1000)
reload 28 maxgap_ms: p50=1418.57 p95=2422.22 max=2734.28 (n=1000)
reload 28 all_observer_maxgap_ms: p50=1430.76 p95=2422.22 max=2734.28 (n=1000)
reload 28 changed_first_generation_update_ms: p50=2343.48 p95=4097.48 max=4416.77 (n=1000)
reload 28 rss_mib before=460 after=501 comms_sample=[4286055400]
reload 28 sessions_up 1000/1000
reload 28 stable_marker_peers 0/0
reload 28 withdrawals: v4 named 0/0 v6 named 0/0 leaked=0 bystander=0 stable=0 duplicate=0
reloadstall_csv,28,1000,1000,0,400000,3.724339,4.414607,4.465406,1418.571,2422.220,2734.276,1430.759,2422.220,2734.276,2343.476,4097.481,4416.770,460,501,0,1000,0
reload 29 SIGHUP wall_us=1791307725513269 policy=/tmp/rsfs.cxmVo7/gen-b.rpol
reload 29 receiver_barriers_complete awaiting_daemon_settlement
reload 29 daemon_applied complete_before=28 complete_after=29
reload 29 completion_s: p50=3.69 p95=4.33 max=4.40 (n=1000)
reload 29 maxgap_ms: p50=1321.76 p95=2291.39 max=2643.22 (n=1000)
reload 29 all_observer_maxgap_ms: p50=1329.74 p95=2291.39 max=2643.22 (n=1000)
reload 29 changed_first_generation_update_ms: p50=2332.46 p95=4014.47 max=4359.98 (n=1000)
reload 29 rss_mib before=477 after=495 comms_sample=[4286056400]
reload 29 sessions_up 1000/1000
reload 29 stable_marker_peers 0/0
reload 29 withdrawals: v4 named 0/0 v6 named 0/0 leaked=0 bystander=0 stable=0 duplicate=0
reloadstall_csv,29,1000,1000,0,400000,3.692377,4.334006,4.401002,1321.760,2291.386,2643.223,1329.738,2291.386,2643.223,2332.463,4014.467,4359.983,477,495,0,1000,0
reload 30 SIGHUP wall_us=1791309531608027 policy=/tmp/rsfs.cxmVo7/gen-a.rpol
reload 30 receiver_barriers_complete awaiting_daemon_settlement
reload 30 daemon_applied complete_before=29 complete_after=30
reload 30 completion_s: p50=4.03 p95=4.67 max=4.74 (n=1000)
reload 30 maxgap_ms: p50=1376.28 p95=2657.78 max=2790.56 (n=1000)
reload 30 all_observer_maxgap_ms: p50=1376.28 p95=2657.78 max=2790.56 (n=1000)
reload 30 changed_first_generation_update_ms: p50=2560.64 p95=4578.88 max=4718.62 (n=1000)
reload 30 rss_mib before=473 after=498 comms_sample=[4286055400]
reload 30 sessions_up 1000/1000
reload 30 stable_marker_peers 0/0
reload 30 withdrawals: v4 named 0/0 v6 named 0/0 leaked=0 bystander=0 stable=0 duplicate=0
reloadstall_csv,30,1000,1000,0,400000,4.032721,4.667636,4.740090,1376.279,2657.785,2790.558,1376.279,2657.785,2790.558,2560.643,4578.883,4718.621,473,498,0,1000,0
reload 31 SIGHUP wall_us=1791311338218171 policy=/tmp/rsfs.cxmVo7/gen-b.rpol
reload 31 receiver_barriers_complete awaiting_daemon_settlement
reload 31 daemon_applied complete_before=30 complete_after=31
reload 31 completion_s: p50=4.02 p95=4.56 max=4.61 (n=1000)
reload 31 maxgap_ms: p50=1163.67 p95=2417.14 max=2738.57 (n=1000)
reload 31 all_observer_maxgap_ms: p50=1178.31 p95=2417.14 max=2738.57 (n=1000)
reload 31 changed_first_generation_update_ms: p50=2461.46 p95=4248.28 max=4570.94 (n=1000)
reload 31 rss_mib before=469 after=493 comms_sample=[4286056400]
reload 31 sessions_up 1000/1000
reload 31 stable_marker_peers 0/0
reload 31 withdrawals: v4 named 0/0 v6 named 0/0 leaked=0 bystander=0 stable=0 duplicate=0
reloadstall_csv,31,1000,1000,0,400000,4.017323,4.561540,4.608851,1163.675,2417.141,2738.567,1178.314,2417.141,2738.567,2461.462,4248.281,4570.943,469,493,0,1000,0
reload 32 SIGHUP wall_us=1791313144502234 policy=/tmp/rsfs.cxmVo7/gen-a.rpol
reload 32 receiver_barriers_complete awaiting_daemon_settlement
reload 32 daemon_applied complete_before=31 complete_after=32
reload 32 completion_s: p50=3.93 p95=4.45 max=4.51 (n=1000)
reload 32 maxgap_ms: p50=1328.02 p95=2292.62 max=2663.55 (n=1000)
reload 32 all_observer_maxgap_ms: p50=1328.02 p95=2292.62 max=2663.55 (n=1000)
reload 32 changed_first_generation_update_ms: p50=2516.61 p95=4116.56 max=4478.54 (n=1000)
reload 32 rss_mib before=479 after=492 comms_sample=[4286055400]
reload 32 sessions_up 1000/1000
reload 32 stable_marker_peers 0/0
reload 32 withdrawals: v4 named 0/0 v6 named 0/0 leaked=0 bystander=0 stable=0 duplicate=0
reloadstall_csv,32,1000,1000,0,400000,3.926695,4.452521,4.511316,1328.015,2292.616,2663.555,1328.015,2292.616,2663.555,2516.610,4116.561,4478.536,479,492,0,1000,0
trip 4 announce_over wall_us=1791314950737306 member=0 prefixes=64
trip 4 torn_down wall_us=1791314950789190 after_s=0.052
trip 4 reconnect transport_retries=0 recovered_peers=0
trip 4 reestablished wall_us=1791315070913248 holddown_s=120.124
trip 4 reannounced wall_us=1791315070913312
trip_csv,4,1000,0.052,0.000,120.124,0.051,494,1000,0
trip 4 complete wall_us=1791315071015492 rss_mib=494
reload 33 SIGHUP wall_us=1791315071227816 policy=/tmp/rsfs.cxmVo7/gen-b.rpol
reload 33 daemon_applied complete_before=32 complete_after=33
reload 33 completion_s: p50=4.09 p95=4.67 max=4.75 (n=1000)
reload 33 maxgap_ms: p50=1174.79 p95=2545.13 max=2741.10 (n=1000)
reload 33 all_observer_maxgap_ms: p50=1174.79 p95=2545.13 max=2741.10 (n=1000)
reload 33 changed_first_generation_update_ms: p50=2638.66 p95=4521.55 max=4715.93 (n=1000)
reload 33 rss_mib before=527 after=490 comms_sample=[4286056400]
reload 33 sessions_up 1000/1000
reload 33 stable_marker_peers 0/0
reload 33 withdrawals: v4 named 0/0 v6 named 0/0 leaked=0 bystander=0 stable=0 duplicate=0
reloadstall_csv,33,1000,1000,0,400000,4.094005,4.667259,4.750996,1174.792,2545.130,2741.096,1174.792,2545.130,2741.096,2638.655,4521.550,4715.928,527,490,0,1000,0
reload 34 SIGHUP wall_us=1791316877212669 policy=/tmp/rsfs.cxmVo7/gen-a.rpol
reload 34 daemon_applied complete_before=33 complete_after=34
reload 34 completion_s: p50=3.58 p95=4.23 max=4.31 (n=1000)
reload 34 maxgap_ms: p50=1083.70 p95=2606.93 max=2783.32 (n=1000)
reload 34 all_observer_maxgap_ms: p50=1087.07 p95=2606.93 max=2783.32 (n=1000)
reload 34 changed_first_generation_update_ms: p50=2127.83 p95=4101.25 max=4269.32 (n=1000)
reload 34 rss_mib before=477 after=489 comms_sample=[4286055400]
reload 34 sessions_up 1000/1000
reload 34 stable_marker_peers 0/0
reload 34 withdrawals: v4 named 0/0 v6 named 0/0 leaked=0 bystander=0 stable=0 duplicate=0
reloadstall_csv,34,1000,1000,0,400000,3.576451,4.226847,4.307589,1083.700,2606.929,2783.317,1087.073,2606.929,2783.317,2127.834,4101.250,4269.324,477,489,0,1000,0
reload 35 SIGHUP wall_us=1791318682453190 policy=/tmp/rsfs.cxmVo7/gen-b.rpol
reload 35 receiver_barriers_complete awaiting_daemon_settlement
reload 35 daemon_applied complete_before=34 complete_after=35
reload 35 completion_s: p50=3.84 p95=4.49 max=4.56 (n=1000)
reload 35 maxgap_ms: p50=1468.95 p95=2452.65 max=2721.99 (n=1000)
reload 35 all_observer_maxgap_ms: p50=1470.69 p95=2452.65 max=2721.99 (n=1000)
reload 35 changed_first_generation_update_ms: p50=2502.27 p95=4259.96 max=4527.95 (n=1000)
reload 35 rss_mib before=460 after=491 comms_sample=[4286056400]
reload 35 sessions_up 1000/1000
reload 35 stable_marker_peers 0/0
reload 35 withdrawals: v4 named 0/0 v6 named 0/0 leaked=0 bystander=0 stable=0 duplicate=0
reloadstall_csv,35,1000,1000,0,400000,3.839559,4.490455,4.561733,1468.951,2452.653,2721.991,1470.687,2452.653,2721.991,2502.274,4259.961,4527.948,460,491,0,1000,0
reload 36 SIGHUP wall_us=1791320489136872 policy=/tmp/rsfs.cxmVo7/gen-a.rpol
reload 36 daemon_applied complete_before=35 complete_after=36
reload 36 completion_s: p50=3.76 p95=4.33 max=4.38 (n=1000)
reload 36 maxgap_ms: p50=1367.59 p95=2396.92 max=2688.81 (n=1000)
reload 36 all_observer_maxgap_ms: p50=1367.59 p95=2396.92 max=2688.81 (n=1000)
reload 36 changed_first_generation_update_ms: p50=2272.13 p95=4063.81 max=4357.16 (n=1000)
reload 36 rss_mib before=480 after=489 comms_sample=[4286055400]
reload 36 sessions_up 1000/1000
reload 36 stable_marker_peers 0/0
reload 36 withdrawals: v4 named 0/0 v6 named 0/0 leaked=0 bystander=0 stable=0 duplicate=0
reloadstall_csv,36,1000,1000,0,400000,3.758073,4.331708,4.384630,1367.586,2396.916,2688.813,1367.586,2396.916,2688.813,2272.129,4063.811,4357.161,480,489,0,1000,0
reload 37 SIGHUP wall_us=1791322294357022 policy=/tmp/rsfs.cxmVo7/gen-b.rpol
reload 37 daemon_applied complete_before=36 complete_after=37
reload 37 completion_s: p50=3.92 p95=4.64 max=4.74 (n=1000)
reload 37 maxgap_ms: p50=1221.76 p95=2628.80 max=2807.76 (n=1000)
reload 37 all_observer_maxgap_ms: p50=1247.87 p95=2628.80 max=2807.76 (n=1000)
reload 37 changed_first_generation_update_ms: p50=2483.47 p95=4518.68 max=4705.99 (n=1000)
reload 37 rss_mib before=472 after=491 comms_sample=[4286056400]
reload 37 sessions_up 1000/1000
reload 37 stable_marker_peers 0/0
reload 37 withdrawals: v4 named 0/0 v6 named 0/0 leaked=0 bystander=0 stable=0 duplicate=0
reloadstall_csv,37,1000,1000,0,400000,3.920714,4.638947,4.741424,1221.764,2628.799,2807.764,1247.871,2628.799,2807.764,2483.465,4518.681,4705.992,472,491,0,1000,0
reload 38 SIGHUP wall_us=1791324099929071 policy=/tmp/rsfs.cxmVo7/gen-a.rpol
reload 38 daemon_applied complete_before=37 complete_after=38
reload 38 completion_s: p50=3.51 p95=4.11 max=4.20 (n=1000)
reload 38 maxgap_ms: p50=1324.95 p95=2306.87 max=2592.10 (n=1000)
reload 38 all_observer_maxgap_ms: p50=1354.02 p95=2306.87 max=2592.10 (n=1000)
reload 38 changed_first_generation_update_ms: p50=2230.16 p95=3879.55 max=4162.79 (n=1000)
reload 38 rss_mib before=475 after=490 comms_sample=[4286055400]
reload 38 sessions_up 1000/1000
reload 38 stable_marker_peers 0/0
reload 38 withdrawals: v4 named 0/0 v6 named 0/0 leaked=0 bystander=0 stable=0 duplicate=0
reloadstall_csv,38,1000,1000,0,400000,3.507779,4.113562,4.197545,1324.955,2306.867,2592.103,1354.023,2306.867,2592.103,2230.159,3879.548,4162.788,475,490,0,1000,0
reload 39 SIGHUP wall_us=1791325905129333 policy=/tmp/rsfs.cxmVo7/gen-b.rpol
reload 39 receiver_barriers_complete awaiting_daemon_settlement
reload 39 daemon_applied complete_before=38 complete_after=39
reload 39 completion_s: p50=3.85 p95=4.46 max=4.53 (n=1000)
reload 39 maxgap_ms: p50=1217.37 p95=2304.89 max=2719.61 (n=1000)
reload 39 all_observer_maxgap_ms: p50=1233.52 p95=2304.89 max=2719.61 (n=1000)
reload 39 changed_first_generation_update_ms: p50=2416.18 p95=4089.16 max=4503.36 (n=1000)
reload 39 rss_mib before=475 after=491 comms_sample=[4286056400]
reload 39 sessions_up 1000/1000
reload 39 stable_marker_peers 0/0
reload 39 withdrawals: v4 named 0/0 v6 named 0/0 leaked=0 bystander=0 stable=0 duplicate=0
reloadstall_csv,39,1000,1000,0,400000,3.852673,4.455074,4.529663,1217.370,2304.886,2719.609,1233.518,2304.886,2719.609,2416.175,4089.160,4503.360,475,491,0,1000,0
reload 40 SIGHUP wall_us=1791327711185687 policy=/tmp/rsfs.cxmVo7/gen-a.rpol
reload 40 receiver_barriers_complete awaiting_daemon_settlement
reload 40 daemon_applied complete_before=39 complete_after=40
reload 40 completion_s: p50=3.70 p95=4.20 max=4.26 (n=1000)
reload 40 maxgap_ms: p50=1313.98 p95=2183.31 max=2649.97 (n=1000)
reload 40 all_observer_maxgap_ms: p50=1313.98 p95=2183.31 max=2649.97 (n=1000)
reload 40 changed_first_generation_update_ms: p50=2202.41 p95=3769.12 max=4230.91 (n=1000)
reload 40 rss_mib before=459 after=491 comms_sample=[4286055400]
reload 40 sessions_up 1000/1000
reload 40 stable_marker_peers 0/0
reload 40 withdrawals: v4 named 0/0 v6 named 0/0 leaked=0 bystander=0 stable=0 duplicate=0
reloadstall_csv,40,1000,1000,0,400000,3.695887,4.195413,4.258766,1313.978,2183.306,2649.965,1313.978,2183.306,2649.965,2202.415,3769.125,4230.912,459,491,0,1000,0
trip 5 announce_over wall_us=1791329517051378 member=0 prefixes=64
trip 5 torn_down wall_us=1791329517103360 after_s=0.052
trip 5 reconnect transport_retries=0 recovered_peers=0
trip 5 reestablished wall_us=1791329637227886 holddown_s=120.125
trip 5 reannounced wall_us=1791329637227956
trip_csv,5,1000,0.052,0.000,120.125,0.019,491,1000,0
trip 5 complete wall_us=1791329637329127 rss_mib=491
reload 41 SIGHUP wall_us=1791329637535261 policy=/tmp/rsfs.cxmVo7/gen-b.rpol
reload 41 daemon_applied complete_before=40 complete_after=41
reload 41 completion_s: p50=3.91 p95=4.58 max=4.67 (n=1000)
reload 41 maxgap_ms: p50=1443.52 p95=2399.11 max=2760.28 (n=1000)
reload 41 all_observer_maxgap_ms: p50=1443.52 p95=2399.11 max=2760.28 (n=1000)
reload 41 changed_first_generation_update_ms: p50=2536.61 p95=4238.08 max=4598.85 (n=1000)
reload 41 rss_mib before=535 after=497 comms_sample=[4286056400]
reload 41 sessions_up 1000/1000
reload 41 stable_marker_peers 0/0
reload 41 withdrawals: v4 named 0/0 v6 named 0/0 leaked=0 bystander=0 stable=0 duplicate=0
reloadstall_csv,41,1000,1000,0,400000,3.906627,4.584492,4.667746,1443.516,2399.111,2760.281,1443.516,2399.111,2760.281,2536.614,4238.082,4598.846,535,497,0,1000,0
reload 42 SIGHUP wall_us=1791331443172912 policy=/tmp/rsfs.cxmVo7/gen-a.rpol
reload 42 receiver_barriers_complete awaiting_daemon_settlement
reload 42 daemon_applied complete_before=41 complete_after=42
reload 42 completion_s: p50=3.86 p95=4.48 max=4.55 (n=1000)
reload 42 maxgap_ms: p50=1399.14 p95=2377.18 max=2638.78 (n=1000)
reload 42 all_observer_maxgap_ms: p50=1401.59 p95=2377.18 max=2638.78 (n=1000)
reload 42 changed_first_generation_update_ms: p50=2506.57 p95=4256.45 max=4518.44 (n=1000)
reload 42 rss_mib before=461 after=478 comms_sample=[4286055400]
reload 42 sessions_up 1000/1000
reload 42 stable_marker_peers 0/0
reload 42 withdrawals: v4 named 0/0 v6 named 0/0 leaked=0 bystander=0 stable=0 duplicate=0
reloadstall_csv,42,1000,1000,0,400000,3.860037,4.481178,4.553909,1399.137,2377.185,2638.777,1401.593,2377.185,2638.777,2506.566,4256.454,4518.444,461,478,0,1000,0
reload 43 SIGHUP wall_us=1791333249543023 policy=/tmp/rsfs.cxmVo7/gen-b.rpol
reload 43 daemon_applied complete_before=42 complete_after=43
reload 43 completion_s: p50=3.74 p95=4.35 max=4.42 (n=1000)
reload 43 maxgap_ms: p50=1314.59 p95=2391.62 max=2690.46 (n=1000)
reload 43 all_observer_maxgap_ms: p50=1315.49 p95=2391.62 max=2690.46 (n=1000)
reload 43 changed_first_generation_update_ms: p50=2331.81 p95=4082.57 max=4376.62 (n=1000)
reload 43 rss_mib before=469 after=500 comms_sample=[4286056400]
reload 43 sessions_up 1000/1000
reload 43 stable_marker_peers 0/0
reload 43 withdrawals: v4 named 0/0 v6 named 0/0 leaked=0 bystander=0 stable=0 duplicate=0
reloadstall_csv,43,1000,1000,0,400000,3.737653,4.345048,4.416470,1314.592,2391.624,2690.463,1315.493,2391.624,2690.463,2331.810,4082.575,4376.623,469,500,0,1000,0
reload 44 SIGHUP wall_us=1791335054863534 policy=/tmp/rsfs.cxmVo7/gen-a.rpol
reload 44 daemon_applied complete_before=43 complete_after=44
reload 44 completion_s: p50=3.61 p95=4.26 max=4.34 (n=1000)
reload 44 maxgap_ms: p50=1311.87 p95=2597.84 max=2747.86 (n=1000)
reload 44 all_observer_maxgap_ms: p50=1320.11 p95=2597.84 max=2747.86 (n=1000)
reload 44 changed_first_generation_update_ms: p50=2224.45 p95=4167.41 max=4314.03 (n=1000)
reload 44 rss_mib before=469 after=483 comms_sample=[4286055400]
reload 44 sessions_up 1000/1000
reload 44 stable_marker_peers 0/0
reload 44 withdrawals: v4 named 0/0 v6 named 0/0 leaked=0 bystander=0 stable=0 duplicate=0
reloadstall_csv,44,1000,1000,0,400000,3.607317,4.259414,4.342411,1311.872,2597.844,2747.855,1320.114,2597.844,2747.855,2224.455,4167.415,4314.033,469,483,0,1000,0
reload 45 SIGHUP wall_us=1791336860245510 policy=/tmp/rsfs.cxmVo7/gen-b.rpol
reload 45 receiver_barriers_complete awaiting_daemon_settlement
reload 45 daemon_applied complete_before=44 complete_after=45
reload 45 completion_s: p50=3.82 p95=4.44 max=4.51 (n=1000)
reload 45 maxgap_ms: p50=1315.79 p95=2552.84 max=2710.30 (n=1000)
reload 45 all_observer_maxgap_ms: p50=1315.79 p95=2552.84 max=2710.30 (n=1000)
reload 45 changed_first_generation_update_ms: p50=2341.21 p95=4318.66 max=4478.15 (n=1000)
reload 45 rss_mib before=471 after=488 comms_sample=[4286056400]
reload 45 sessions_up 1000/1000
reload 45 stable_marker_peers 0/0
reload 45 withdrawals: v4 named 0/0 v6 named 0/0 leaked=0 bystander=0 stable=0 duplicate=0
reloadstall_csv,45,1000,1000,0,400000,3.820004,4.437876,4.511195,1315.791,2552.835,2710.299,1315.791,2552.835,2710.299,2341.210,4318.662,4478.151,471,488,0,1000,0
reload 46 SIGHUP wall_us=1791338666484378 policy=/tmp/rsfs.cxmVo7/gen-a.rpol
reload 46 daemon_applied complete_before=45 complete_after=46
reload 46 completion_s: p50=3.60 p95=4.36 max=4.44 (n=1000)
reload 46 maxgap_ms: p50=1441.57 p95=2175.70 max=2696.39 (n=1000)
reload 46 all_observer_maxgap_ms: p50=1447.98 p95=2175.70 max=2696.39 (n=1000)
reload 46 changed_first_generation_update_ms: p50=2274.91 p95=3836.63 max=4375.55 (n=1000)
reload 46 rss_mib before=475 after=490 comms_sample=[4286055400]
reload 46 sessions_up 1000/1000
reload 46 stable_marker_peers 0/0
reload 46 withdrawals: v4 named 0/0 v6 named 0/0 leaked=0 bystander=0 stable=0 duplicate=0
reloadstall_csv,46,1000,1000,0,400000,3.599333,4.362143,4.443938,1441.568,2175.697,2696.385,1447.983,2175.697,2696.385,2274.911,3836.628,4375.552,475,490,0,1000,0
reload 47 SIGHUP wall_us=1791340471798600 policy=/tmp/rsfs.cxmVo7/gen-b.rpol
reload 47 receiver_barriers_complete awaiting_daemon_settlement
reload 47 daemon_applied complete_before=46 complete_after=47
reload 47 completion_s: p50=3.60 p95=4.31 max=4.39 (n=1000)
reload 47 maxgap_ms: p50=1399.27 p95=2279.18 max=2668.62 (n=1000)
reload 47 all_observer_maxgap_ms: p50=1406.33 p95=2279.18 max=2668.62 (n=1000)
reload 47 changed_first_generation_update_ms: p50=2318.50 p95=3937.27 max=4333.77 (n=1000)
reload 47 rss_mib before=472 after=492 comms_sample=[4286056400]
reload 47 sessions_up 1000/1000
reload 47 stable_marker_peers 0/0
reload 47 withdrawals: v4 named 0/0 v6 named 0/0 leaked=0 bystander=0 stable=0 duplicate=0
reloadstall_csv,47,1000,1000,0,400000,3.596656,4.306612,4.387081,1399.271,2279.182,2668.618,1406.332,2279.182,2668.618,2318.504,3937.274,4333.775,472,492,0,1000,0
reload 48 SIGHUP wall_us=1791342277937821 policy=/tmp/rsfs.cxmVo7/gen-a.rpol
reload 48 receiver_barriers_complete awaiting_daemon_settlement
reload 48 daemon_applied complete_before=47 complete_after=48
reload 48 completion_s: p50=3.78 p95=4.36 max=4.44 (n=1000)
reload 48 maxgap_ms: p50=1257.29 p95=2223.30 max=2659.49 (n=1000)
reload 48 all_observer_maxgap_ms: p50=1261.07 p95=2223.30 max=2659.49 (n=1000)
reload 48 changed_first_generation_update_ms: p50=2310.18 p95=3973.49 max=4408.68 (n=1000)
reload 48 rss_mib before=455 after=479 comms_sample=[4286055400]
reload 48 sessions_up 1000/1000
reload 48 stable_marker_peers 0/0
reload 48 withdrawals: v4 named 0/0 v6 named 0/0 leaked=0 bystander=0 stable=0 duplicate=0
reloadstall_csv,48,1000,1000,0,400000,3.780014,4.358585,4.437618,1257.294,2223.297,2659.489,1261.072,2223.297,2659.489,2310.184,3973.493,4408.678,455,479,0,1000,0
trip 6 announce_over wall_us=1791344083757020 member=0 prefixes=64
trip 6 torn_down wall_us=1791344083809500 after_s=0.052
trip 6 reconnect transport_retries=0 recovered_peers=0
trip 6 reestablished wall_us=1791344203939361 holddown_s=120.130
trip 6 reannounced wall_us=1791344203939427
trip_csv,6,1000,0.052,0.000,120.130,0.022,500,1000,0
trip 6 complete wall_us=1791344204041784 rss_mib=500
final quiesce 120s
final sessions_up 1000/1000 parse_errors=0
done rss_mib=469
