# reloadstall peers=700 changed_peers=700 stable_peers=0 prefixes=400400 per_peer=572 pid=0
established 700 at 18.9s
converged (>= 399828/observer) at 62.1s rss_mib=0
control_maxgap_ms: p50=40.44 p95=41.66 max=59.05 (n=700)
control_rss_mib 0
flapstorm_csv_header,round,peers_total,peers_flapped,prefixes,flap_prefixes,withdraw_p50_s,withdraw_p95_s,withdraw_max_s,reannounce_p50_s,reannounce_p95_s,reannounce_max_s,rss_mib,sessions_up,parse_errors
flap 1 close wall_us=1784281050829036
flap 1 withdraw_s: p50=0.50 p95=0.68 max=0.72 (n=650)
flap 1 reannounce wall_us=1784281063611233
flap 1 reannounce_s: p50=3.28 p95=4.18 max=4.30 (n=650)
flap 1 sessions_up 700/700 rss_mib=0
flapstorm_csv,1,700,50,400400,28600,0.496523,0.683065,0.718850,3.281868,4.175097,4.300485,0,700,0
flap 2 close wall_us=1784281077960512
flap 2 withdraw_s: p50=0.56 p95=0.58 max=0.63 (n=650)
flap 2 reannounce wall_us=1784281091010357
flap 2 reannounce_s: p50=3.84 p95=4.37 max=4.47 (n=650)
flap 2 sessions_up 700/700 rss_mib=0
flapstorm_csv,2,700,50,400400,28600,0.560992,0.582259,0.629141,3.838352,4.369309,4.472394,0,700,0
flap 3 close wall_us=1784281105562583
flap 3 withdraw_s: p50=0.45 p95=0.60 max=0.62 (n=650)
flap 3 reannounce wall_us=1784281118696179
flap 3 reannounce_s: p50=3.72 p95=4.28 max=4.31 (n=650)
flap 3 sessions_up 700/700 rss_mib=0
flapstorm_csv,3,700,50,400400,28600,0.451253,0.596638,0.624541,3.716342,4.282163,4.307967,0,700,0
done rss_mib=0
