# reloadstall peers=700 changed_peers=700 stable_peers=0 prefixes=400400 per_peer=572 pid=475483
established 700 at 0.7s
establishment transport_retries=0 recovered_peers=0
first_exact_bitmap,mode=flapstorm,peers=700,total=400400,per_peer=572,expected=399828,completed=700,min_unique=399828,max_unique=399828
converged (>= 399828/observer) at 3.4s rss_mib=417
control_maxgap_ms: p50=19.08 p95=19.43 max=42.01 (n=700)
control_rss_mib 361
flapstorm_csv_header,round,peers_total,peers_flapped,prefixes,flap_prefixes,withdraw_p50_s,withdraw_p95_s,withdraw_max_s,reannounce_p50_s,reannounce_p95_s,reannounce_max_s,rss_mib,sessions_up,parse_errors
flap 1 close wall_us=1790579005482749
flap 1 withdraw_s: p50=0.36 p95=0.36 max=0.36 (n=650)
flap 1 reconnect transport_retries=0 recovered_peers=0
flap 1 reannounce wall_us=1790579015506241
flap 1 reannounce_s: p50=0.37 p95=0.37 max=0.40 (n=650)
flap 1 first_reann_s: p50=0.21 p95=0.21 max=0.25 (n=650)
flap 1 sessions_up 700/700 rss_mib=382
flapstorm_csv,1,700,50,400400,28600,0.356726,0.359292,0.359574,0.368334,0.369362,0.403739,382,700,0
flap 2 close wall_us=1790579025917555
flap 2 withdraw_s: p50=0.44 p95=0.45 max=0.47 (n=650)
flap 2 reconnect transport_retries=0 recovered_peers=0
flap 2 reannounce wall_us=1790579035939345
flap 2 reannounce_s: p50=0.38 p95=0.38 max=0.42 (n=650)
flap 2 first_reann_s: p50=0.22 p95=0.22 max=0.25 (n=650)
flap 2 sessions_up 700/700 rss_mib=407
flapstorm_csv,2,700,50,400400,28600,0.443786,0.446563,0.474379,0.382263,0.383607,0.420624,407,700,0
flap 3 close wall_us=1790579046451236
flap 3 withdraw_s: p50=0.41 p95=0.42 max=0.44 (n=650)
flap 3 reconnect transport_retries=0 recovered_peers=0
flap 3 reannounce wall_us=1790579056474234
flap 3 reannounce_s: p50=0.37 p95=0.40 max=0.40 (n=650)
flap 3 first_reann_s: p50=0.20 p95=0.20 max=0.20 (n=650)
flap 3 sessions_up 700/700 rss_mib=382
flapstorm_csv,3,700,50,400400,28600,0.412655,0.417679,0.443706,0.371047,0.399579,0.400819,382,700,0
done rss_mib=443
