# reloadstall peers=700 changed_peers=700 stable_peers=0 prefixes=400400 per_peer=572 pid=355930
established 700 at 0.7s
establishment transport_retries=0 recovered_peers=0
first_exact_bitmap,mode=flapstorm,peers=700,total=400400,per_peer=572,expected=399828,completed=700,min_unique=399828,max_unique=399828
converged (>= 399828/observer) at 3.6s rss_mib=411
control_maxgap_ms: p50=18.47 p95=18.68 max=41.99 (n=700)
control_rss_mib 360
flapstorm_csv_header,round,peers_total,peers_flapped,prefixes,flap_prefixes,withdraw_p50_s,withdraw_p95_s,withdraw_max_s,reannounce_p50_s,reannounce_p95_s,reannounce_max_s,rss_mib,sessions_up,parse_errors
flap 1 close wall_us=1790568611735052
flap 1 withdraw_s: p50=0.25 p95=0.26 max=0.27 (n=650)
flap 1 reconnect transport_retries=0 recovered_peers=0
flap 1 reannounce wall_us=1790568621759387
flap 1 reannounce_s: p50=0.38 p95=0.38 max=0.41 (n=650)
flap 1 first_reann_s: p50=0.21 p95=0.21 max=0.25 (n=650)
flap 1 sessions_up 700/700 rss_mib=414
flapstorm_csv,1,700,50,400400,28600,0.251920,0.256969,0.268892,0.376073,0.377383,0.408560,414,700,0
flap 2 close wall_us=1790568632267741
flap 2 withdraw_s: p50=0.46 p95=0.47 max=0.48 (n=650)
flap 2 reconnect transport_retries=0 recovered_peers=0
flap 2 reannounce wall_us=1790568642289734
flap 2 reannounce_s: p50=0.36 p95=0.36 max=0.40 (n=650)
flap 2 first_reann_s: p50=0.21 p95=0.21 max=0.24 (n=650)
flap 2 sessions_up 700/700 rss_mib=380
flapstorm_csv,2,700,50,400400,28600,0.462481,0.468404,0.484223,0.360014,0.361104,0.396234,380,700,0
flap 3 close wall_us=1790568652698931
flap 3 withdraw_s: p50=0.36 p95=0.37 max=0.37 (n=650)
flap 3 reconnect transport_retries=0 recovered_peers=0
flap 3 reannounce wall_us=1790568662719971
flap 3 reannounce_s: p50=0.39 p95=0.39 max=0.42 (n=650)
flap 3 first_reann_s: p50=0.21 p95=0.21 max=0.22 (n=650)
flap 3 sessions_up 700/700 rss_mib=410
flapstorm_csv,3,700,50,400400,28600,0.360145,0.365118,0.373012,0.387410,0.388781,0.424005,410,700,0
done rss_mib=410
