# reloadstall peers=320 changed_peers=320 stable_peers=0 prefixes=183040 per_peer=572 pid=371424
established 320 at 0.3s
establishment transport_retries=0 recovered_peers=0
first_exact_bitmap,mode=reload,peers=320,total=183040,per_peer=572,expected=182468,completed=320,min_unique=182468,max_unique=182468
converged (>= 182468/observer) at 3.0s rss_mib=516
control_maxgap_ms: p50=18.12 p95=18.59 max=42.40 (n=320)
control_rss_mib 490
reloadstall_csv_header,reload,peers_total,peers_changed,peers_stable,prefixes,completion_p50_s,completion_p95_s,completion_max_s,changed_maxgap_p50_ms,changed_maxgap_p95_ms,changed_maxgap_max_ms,all_observer_maxgap_p50_ms,all_observer_maxgap_p95_ms,all_observer_maxgap_max_ms,changed_first_generation_update_p50_ms,changed_first_generation_update_p95_ms,changed_first_generation_update_max_ms,rss_before_mib,rss_after_mib,stable_marker_peers,sessions_up,parse_errors
dataset-stage generation=b changed=36 total=640
reload 1 SIGHUP wall_us=1790570942690056 policy=/tmp/irr-rustbgpd-sighup/gen-b.rpol
reload 1 daemon_applied complete_before=0 complete_after=1
reload 1 completion_s: p50=1.44 p95=1.56 max=1.57 (n=320)
reload 1 maxgap_ms: p50=542.10 p95=613.20 max=625.54 (n=320)
reload 1 all_observer_maxgap_ms: p50=542.10 p95=613.20 max=625.54 (n=320)
reload 1 changed_first_generation_update_ms: p50=1140.13 p95=1210.62 max=1223.08 (n=320)
reload 1 rss_mib before=500 after=624 comms_sample=[4286056400]
reload 1 sessions_up 320/320
reload 1 stable_marker_peers 0/0
reload 1 withdrawals: v4 named 0/0 v6 named 0/0 leaked=0 bystander=0 stable=0 duplicate=0
reloadstall_csv,1,320,320,0,183040,1.436376,1.564073,1.570476,542.097,613.195,625.538,542.097,613.195,625.538,1140.126,1210.618,1223.078,500,624,0,320,0
dataset-stage generation=a changed=36 total=640
reload 2 SIGHUP wall_us=1790570965427762 policy=/tmp/irr-rustbgpd-sighup/gen-a.rpol
reload 2 receiver_barriers_complete awaiting_daemon_settlement
reload 2 daemon_applied complete_before=1 complete_after=2
reload 2 completion_s: p50=1.36 p95=1.56 max=1.57 (n=320)
reload 2 maxgap_ms: p50=541.17 p95=883.34 max=947.17 (n=320)
reload 2 all_observer_maxgap_ms: p50=541.17 p95=883.34 max=947.17 (n=320)
reload 2 changed_first_generation_update_ms: p50=1126.87 p95=1469.52 max=1533.69 (n=320)
reload 2 rss_mib before=559 after=656 comms_sample=[4286055400]
reload 2 sessions_up 320/320
reload 2 stable_marker_peers 0/0
reload 2 withdrawals: v4 named 0/0 v6 named 0/0 leaked=0 bystander=0 stable=0 duplicate=0
reloadstall_csv,2,320,320,0,183040,1.356373,1.555369,1.565572,541.172,883.341,947.174,541.172,883.341,947.174,1126.873,1469.518,1533.687,559,656,0,320,0
dataset-stage generation=b changed=36 total=640
reload 3 SIGHUP wall_us=1790570989092486 policy=/tmp/irr-rustbgpd-sighup/gen-b.rpol
reload 3 daemon_applied complete_before=2 complete_after=3
reload 3 completion_s: p50=1.39 p95=1.53 max=1.54 (n=320)
reload 3 maxgap_ms: p50=535.41 p95=904.16 max=943.03 (n=320)
reload 3 all_observer_maxgap_ms: p50=535.41 p95=904.16 max=943.03 (n=320)
reload 3 changed_first_generation_update_ms: p50=1104.96 p95=1475.31 max=1513.47 (n=320)
reload 3 rss_mib before=562 after=657 comms_sample=[4286056400]
reload 3 sessions_up 320/320
reload 3 stable_marker_peers 0/0
reload 3 withdrawals: v4 named 0/0 v6 named 0/0 leaked=0 bystander=0 stable=0 duplicate=0
reloadstall_csv,3,320,320,0,183040,1.389486,1.530967,1.541582,535.406,904.164,943.026,535.406,904.164,943.026,1104.956,1475.311,1513.471,562,657,0,320,0
dataset-stage generation=a changed=36 total=640
reload 4 SIGHUP wall_us=1790571011724350 policy=/tmp/irr-rustbgpd-sighup/gen-a.rpol
reload 4 daemon_applied complete_before=3 complete_after=4
reload 4 completion_s: p50=1.36 p95=1.52 max=1.53 (n=320)
reload 4 maxgap_ms: p50=541.70 p95=831.82 max=975.48 (n=320)
reload 4 all_observer_maxgap_ms: p50=541.70 p95=831.82 max=975.48 (n=320)
reload 4 changed_first_generation_update_ms: p50=1100.83 p95=1390.66 max=1497.06 (n=320)
reload 4 rss_mib before=562 after=639 comms_sample=[4286055400]
reload 4 sessions_up 320/320
reload 4 stable_marker_peers 0/0
reload 4 withdrawals: v4 named 0/0 v6 named 0/0 leaked=0 bystander=0 stable=0 duplicate=0
reloadstall_csv,4,320,320,0,183040,1.355602,1.518071,1.530224,541.699,831.822,975.482,541.699,831.822,975.482,1100.826,1390.659,1497.057,562,639,0,320,0
final sessions_up 320/320 parse_errors=0
done rss_mib=552
