# reloadstall peers=700 changed_peers=700 stable_peers=0 prefixes=400400 per_peer=572 pid=841529
established 700 at 0.8s
establishment transport_retries=0 recovered_peers=0
first_exact_bitmap,mode=flapstorm,peers=700,total=400400,per_peer=572,expected=399828,completed=700,min_unique=399828,max_unique=399828
converged (>= 399828/observer) at 2.8s rss_mib=397
control_maxgap_ms: p50=19.29 p95=19.73 max=41.95 (n=700)
control_rss_mib 349
flapstorm_failover_csv_header,round,peers_total,peers_flapped,flap_prefixes,alternate_prefixes,alternate_sources,daemon_cpu_s,scrape_bracketed_flush_sum_s,scrape_bracketed_flush_count,withdraw_p50_s,withdraw_max_s,window_s,background_cpu_s_per_s
flapstorm_csv_header,round,peers_total,peers_flapped,prefixes,flap_prefixes,withdraw_p50_s,withdraw_p95_s,withdraw_max_s,reannounce_p50_s,reannounce_p95_s,reannounce_max_s,rss_mib,sessions_up,parse_errors
flap 1 close wall_us=1791091433662151
flap 1 withdraw_s: p50=0.24 p95=0.25 max=0.25 (n=650)
flapstorm_failover_csv,1,700,50,28600,0,0,1.000,NaN,0,0.241978,0.247806,0.302766,0.739
flap 1 reconnect transport_retries=0 recovered_peers=0
flap 1 reannounce wall_us=1791091443687156
flap 1 peer 0 rejoin_complete_s=0.343216 eor_before_full_table=true eor=present
flap 1 peer 1 rejoin_complete_s=0.571001 eor_before_full_table=false eor=present
flap 1 peer 2 rejoin_complete_s=0.749712 eor_before_full_table=false eor=present
flap 1 peer 3 rejoin_complete_s=0.936769 eor_before_full_table=false eor=present
flap 1 peer 4 rejoin_complete_s=1.120051 eor_before_full_table=false eor=present
flap 1 peer 5 rejoin_complete_s=1.300576 eor_before_full_table=false eor=present
flap 1 peer 6 rejoin_complete_s=1.486219 eor_before_full_table=false eor=present
flap 1 peer 7 rejoin_complete_s=1.672877 eor_before_full_table=false eor=present
flap 1 peer 8 rejoin_complete_s=1.855583 eor_before_full_table=false eor=present
flap 1 peer 9 rejoin_complete_s=2.038203 eor_before_full_table=false eor=present
flap 1 peer 10 rejoin_complete_s=2.217826 eor_before_full_table=false eor=present
flap 1 peer 11 rejoin_complete_s=2.403465 eor_before_full_table=false eor=present
flap 1 peer 12 rejoin_complete_s=2.589183 eor_before_full_table=false eor=present
flap 1 peer 13 rejoin_complete_s=2.771853 eor_before_full_table=false eor=present
flap 1 peer 14 rejoin_complete_s=2.955541 eor_before_full_table=false eor=present
flap 1 peer 15 rejoin_complete_s=3.146145 eor_before_full_table=false eor=present
flap 1 peer 16 rejoin_complete_s=3.329862 eor_before_full_table=false eor=present
flap 1 peer 17 rejoin_complete_s=3.515440 eor_before_full_table=false eor=present
flap 1 peer 18 rejoin_complete_s=3.699149 eor_before_full_table=false eor=present
flap 1 peer 19 rejoin_complete_s=3.881929 eor_before_full_table=false eor=present
flap 1 peer 20 rejoin_complete_s=4.065460 eor_before_full_table=false eor=present
flap 1 peer 21 rejoin_complete_s=4.243120 eor_before_full_table=false eor=present
flap 1 peer 22 rejoin_complete_s=4.424848 eor_before_full_table=false eor=present
flap 1 peer 23 rejoin_complete_s=4.609400 eor_before_full_table=false eor=present
flap 1 peer 24 rejoin_complete_s=4.791971 eor_before_full_table=false eor=present
flap 1 peer 25 rejoin_complete_s=4.971707 eor_before_full_table=false eor=present
flap 1 peer 26 rejoin_complete_s=5.151345 eor_before_full_table=false eor=present
flap 1 peer 27 rejoin_complete_s=5.333951 eor_before_full_table=false eor=present
flap 1 peer 28 rejoin_complete_s=5.515490 eor_before_full_table=false eor=present
flap 1 peer 29 rejoin_complete_s=5.696236 eor_before_full_table=false eor=present
flap 1 peer 30 rejoin_complete_s=5.878859 eor_before_full_table=false eor=present
flap 1 peer 31 rejoin_complete_s=6.061478 eor_before_full_table=false eor=present
flap 1 peer 32 rejoin_complete_s=6.241993 eor_before_full_table=false eor=present
flap 1 peer 33 rejoin_complete_s=6.423634 eor_before_full_table=false eor=present
flap 1 peer 34 rejoin_complete_s=6.603286 eor_before_full_table=false eor=present
flap 1 peer 35 rejoin_complete_s=6.785868 eor_before_full_table=false eor=present
flap 1 peer 36 rejoin_complete_s=6.966622 eor_before_full_table=false eor=present
flap 1 peer 37 rejoin_complete_s=7.143170 eor_before_full_table=false eor=present
flap 1 peer 38 rejoin_complete_s=7.329840 eor_before_full_table=false eor=present
flap 1 peer 39 rejoin_complete_s=7.518495 eor_before_full_table=false eor=present
flap 1 peer 40 rejoin_complete_s=7.701206 eor_before_full_table=false eor=present
flap 1 peer 41 rejoin_complete_s=7.886724 eor_before_full_table=false eor=present
flap 1 peer 42 rejoin_complete_s=8.067493 eor_before_full_table=false eor=present
flap 1 peer 43 rejoin_complete_s=8.255114 eor_before_full_table=false eor=present
flap 1 peer 44 rejoin_complete_s=8.436775 eor_before_full_table=false eor=present
flap 1 peer 45 rejoin_complete_s=8.619215 eor_before_full_table=false eor=present
flap 1 peer 46 rejoin_complete_s=8.804915 eor_before_full_table=false eor=present
flap 1 peer 47 rejoin_complete_s=8.987569 eor_before_full_table=false eor=present
flap 1 peer 48 rejoin_complete_s=9.169880 eor_before_full_table=false eor=present
flap 1 peer 49 rejoin_complete_s=9.350437 eor_before_full_table=false eor=present
flap 1 rejoin_complete_s: p50=4.97 p95=8.99 max=9.35 (n=50)
flap 1 reannounce_s: p50=0.30 p95=0.32 max=0.34 (n=650)
flap 1 first_reann_s: p50=0.17 p95=0.17 max=0.20 (n=650)
flap 1 sessions_up 700/700 rss_mib=410
flap 1 heap allocated_mib=324 active_mib=345 resident_mib=427 mapped_mib=454
flapstorm_csv,1,700,50,400400,28600,0.241978,0.246994,0.247806,0.303610,0.318957,0.339842,410,700,0
flap 2 close wall_us=1791091465154274
flap 2 withdraw_s: p50=0.25 p95=0.25 max=0.26 (n=650)
flapstorm_failover_csv,2,700,50,28600,0,0,1.050,NaN,0,0.252084,0.262689,0.302265,0.820
flap 2 reconnect transport_retries=0 recovered_peers=0
flap 2 reannounce wall_us=1791091475179332
flap 2 peer 0 rejoin_complete_s=0.348415 eor_before_full_table=true eor=present
flap 2 peer 1 rejoin_complete_s=0.566932 eor_before_full_table=false eor=present
flap 2 peer 2 rejoin_complete_s=0.762893 eor_before_full_table=false eor=present
flap 2 peer 3 rejoin_complete_s=0.951269 eor_before_full_table=false eor=present
flap 2 peer 4 rejoin_complete_s=1.138886 eor_before_full_table=false eor=present
flap 2 peer 5 rejoin_complete_s=1.322510 eor_before_full_table=false eor=present
flap 2 peer 6 rejoin_complete_s=1.505206 eor_before_full_table=false eor=present
flap 2 peer 7 rejoin_complete_s=1.691075 eor_before_full_table=false eor=present
flap 2 peer 8 rejoin_complete_s=1.875803 eor_before_full_table=false eor=present
flap 2 peer 9 rejoin_complete_s=2.060069 eor_before_full_table=false eor=present
flap 2 peer 10 rejoin_complete_s=2.236792 eor_before_full_table=false eor=present
flap 2 peer 11 rejoin_complete_s=2.419472 eor_before_full_table=false eor=present
flap 2 peer 12 rejoin_complete_s=2.597107 eor_before_full_table=false eor=present
flap 2 peer 13 rejoin_complete_s=2.782694 eor_before_full_table=false eor=present
flap 2 peer 14 rejoin_complete_s=2.967510 eor_before_full_table=false eor=present
flap 2 peer 15 rejoin_complete_s=3.150081 eor_before_full_table=false eor=present
flap 2 peer 16 rejoin_complete_s=3.332685 eor_before_full_table=false eor=present
flap 2 peer 17 rejoin_complete_s=3.515398 eor_before_full_table=false eor=present
flap 2 peer 18 rejoin_complete_s=3.695158 eor_before_full_table=false eor=present
flap 2 peer 19 rejoin_complete_s=3.880806 eor_before_full_table=false eor=present
flap 2 peer 20 rejoin_complete_s=4.060432 eor_before_full_table=false eor=present
flap 2 peer 21 rejoin_complete_s=4.239179 eor_before_full_table=false eor=present
flap 2 peer 22 rejoin_complete_s=4.419643 eor_before_full_table=false eor=present
flap 2 peer 23 rejoin_complete_s=4.613394 eor_before_full_table=false eor=present
flap 2 peer 24 rejoin_complete_s=4.799976 eor_before_full_table=false eor=present
flap 2 peer 25 rejoin_complete_s=4.982705 eor_before_full_table=false eor=present
flap 2 peer 26 rejoin_complete_s=5.162351 eor_before_full_table=false eor=present
flap 2 peer 27 rejoin_complete_s=5.345941 eor_before_full_table=false eor=present
flap 2 peer 28 rejoin_complete_s=5.530729 eor_before_full_table=false eor=present
flap 2 peer 29 rejoin_complete_s=5.711317 eor_before_full_table=false eor=present
flap 2 peer 30 rejoin_complete_s=5.897929 eor_before_full_table=false eor=present
flap 2 peer 31 rejoin_complete_s=6.088744 eor_before_full_table=false eor=present
flap 2 peer 32 rejoin_complete_s=6.277420 eor_before_full_table=false eor=present
flap 2 peer 33 rejoin_complete_s=6.461973 eor_before_full_table=false eor=present
flap 2 peer 34 rejoin_complete_s=6.644698 eor_before_full_table=false eor=present
flap 2 peer 35 rejoin_complete_s=6.824348 eor_before_full_table=false eor=present
flap 2 peer 36 rejoin_complete_s=7.009923 eor_before_full_table=false eor=present
flap 2 peer 37 rejoin_complete_s=7.191722 eor_before_full_table=false eor=present
flap 2 peer 38 rejoin_complete_s=7.375400 eor_before_full_table=false eor=present
flap 2 peer 39 rejoin_complete_s=7.561956 eor_before_full_table=false eor=present
flap 2 peer 40 rejoin_complete_s=7.746716 eor_before_full_table=false eor=present
flap 2 peer 41 rejoin_complete_s=7.938362 eor_before_full_table=false eor=present
flap 2 peer 42 rejoin_complete_s=8.129014 eor_before_full_table=false eor=present
flap 2 peer 43 rejoin_complete_s=8.318536 eor_before_full_table=false eor=present
flap 2 peer 44 rejoin_complete_s=8.503369 eor_before_full_table=false eor=present
flap 2 peer 45 rejoin_complete_s=8.687242 eor_before_full_table=false eor=present
flap 2 peer 46 rejoin_complete_s=8.872787 eor_before_full_table=false eor=present
flap 2 peer 47 rejoin_complete_s=9.056446 eor_before_full_table=false eor=present
flap 2 peer 48 rejoin_complete_s=9.240087 eor_before_full_table=false eor=present
flap 2 peer 49 rejoin_complete_s=9.424634 eor_before_full_table=false eor=present
flap 2 rejoin_complete_s: p50=4.98 p95=9.06 max=9.42 (n=50)
flap 2 reannounce_s: p50=0.33 p95=0.33 max=0.33 (n=650)
flap 2 first_reann_s: p50=0.17 p95=0.17 max=0.20 (n=650)
flap 2 sessions_up 700/700 rss_mib=420
flap 2 heap allocated_mib=325 active_mib=346 resident_mib=434 mapped_mib=461
flapstorm_csv,2,700,50,400400,28600,0.252084,0.252902,0.262689,0.328027,0.328837,0.332641,420,700,0
flap 3 close wall_us=1791091496741418
flap 3 withdraw_s: p50=0.25 p95=0.25 max=0.26 (n=650)
flapstorm_failover_csv,3,700,50,28600,0,0,1.020,NaN,0,0.245948,0.260529,0.302829,0.745
flap 3 reconnect transport_retries=0 recovered_peers=0
flap 3 reannounce wall_us=1791091506764178
flap 3 peer 0 rejoin_complete_s=0.346350 eor_before_full_table=true eor=present
flap 3 peer 1 rejoin_complete_s=0.569833 eor_before_full_table=false eor=present
flap 3 peer 2 rejoin_complete_s=0.755830 eor_before_full_table=false eor=present
flap 3 peer 3 rejoin_complete_s=0.944138 eor_before_full_table=false eor=present
flap 3 peer 4 rejoin_complete_s=1.128766 eor_before_full_table=false eor=present
flap 3 peer 5 rejoin_complete_s=1.316458 eor_before_full_table=false eor=present
flap 3 peer 6 rejoin_complete_s=1.503743 eor_before_full_table=false eor=present
flap 3 peer 7 rejoin_complete_s=1.693489 eor_before_full_table=false eor=present
flap 3 peer 8 rejoin_complete_s=1.878695 eor_before_full_table=false eor=present
flap 3 peer 9 rejoin_complete_s=2.064495 eor_before_full_table=false eor=present
flap 3 peer 10 rejoin_complete_s=2.258115 eor_before_full_table=false eor=present
flap 3 peer 11 rejoin_complete_s=2.441696 eor_before_full_table=false eor=present
flap 3 peer 12 rejoin_complete_s=2.625329 eor_before_full_table=false eor=present
flap 3 peer 13 rejoin_complete_s=2.807946 eor_before_full_table=false eor=present
flap 3 peer 14 rejoin_complete_s=2.993452 eor_before_full_table=false eor=present
flap 3 peer 15 rejoin_complete_s=3.179105 eor_before_full_table=false eor=present
flap 3 peer 16 rejoin_complete_s=3.358897 eor_before_full_table=false eor=present
flap 3 peer 17 rejoin_complete_s=3.544490 eor_before_full_table=false eor=present
flap 3 peer 18 rejoin_complete_s=3.731137 eor_before_full_table=false eor=present
flap 3 peer 19 rejoin_complete_s=3.919566 eor_before_full_table=false eor=present
flap 3 peer 20 rejoin_complete_s=4.103243 eor_before_full_table=false eor=present
flap 3 peer 21 rejoin_complete_s=4.287905 eor_before_full_table=false eor=present
flap 3 peer 22 rejoin_complete_s=4.476629 eor_before_full_table=false eor=present
flap 3 peer 23 rejoin_complete_s=4.663186 eor_before_full_table=false eor=present
flap 3 peer 24 rejoin_complete_s=4.849942 eor_before_full_table=false eor=present
flap 3 peer 25 rejoin_complete_s=5.035591 eor_before_full_table=false eor=present
flap 3 peer 26 rejoin_complete_s=5.225174 eor_before_full_table=false eor=present
flap 3 peer 27 rejoin_complete_s=5.414746 eor_before_full_table=false eor=present
flap 3 peer 28 rejoin_complete_s=5.594546 eor_before_full_table=false eor=present
flap 3 peer 29 rejoin_complete_s=5.779243 eor_before_full_table=false eor=present
flap 3 peer 30 rejoin_complete_s=5.966638 eor_before_full_table=false eor=present
flap 3 peer 31 rejoin_complete_s=6.150289 eor_before_full_table=false eor=present
flap 3 peer 32 rejoin_complete_s=6.332057 eor_before_full_table=false eor=present
flap 3 peer 33 rejoin_complete_s=6.519659 eor_before_full_table=false eor=present
flap 3 peer 34 rejoin_complete_s=6.713291 eor_before_full_table=false eor=present
flap 3 peer 35 rejoin_complete_s=6.900902 eor_before_full_table=false eor=present
flap 3 peer 36 rejoin_complete_s=7.082558 eor_before_full_table=false eor=present
flap 3 peer 37 rejoin_complete_s=7.264360 eor_before_full_table=false eor=present
flap 3 peer 38 rejoin_complete_s=7.447819 eor_before_full_table=false eor=present
flap 3 peer 39 rejoin_complete_s=7.628506 eor_before_full_table=false eor=present
flap 3 peer 40 rejoin_complete_s=7.809568 eor_before_full_table=false eor=present
flap 3 peer 41 rejoin_complete_s=7.993978 eor_before_full_table=false eor=present
flap 3 peer 42 rejoin_complete_s=8.175523 eor_before_full_table=false eor=present
flap 3 peer 43 rejoin_complete_s=8.362137 eor_before_full_table=false eor=present
flap 3 peer 44 rejoin_complete_s=8.546952 eor_before_full_table=false eor=present
flap 3 peer 45 rejoin_complete_s=8.733680 eor_before_full_table=false eor=present
flap 3 peer 46 rejoin_complete_s=8.918196 eor_before_full_table=false eor=present
flap 3 peer 47 rejoin_complete_s=9.104901 eor_before_full_table=false eor=present
flap 3 peer 48 rejoin_complete_s=9.286734 eor_before_full_table=false eor=present
flap 3 peer 49 rejoin_complete_s=9.475352 eor_before_full_table=false eor=present
flap 3 rejoin_complete_s: p50=5.04 p95=9.10 max=9.48 (n=50)
flap 3 reannounce_s: p50=0.33 p95=0.33 max=0.33 (n=650)
flap 3 first_reann_s: p50=0.17 p95=0.17 max=0.21 (n=650)
flap 3 sessions_up 700/700 rss_mib=424
flap 3 heap allocated_mib=325 active_mib=346 resident_mib=431 mapped_mib=458
flapstorm_csv,3,700,50,400400,28600,0.245948,0.250803,0.260529,0.327444,0.330000,0.331850,424,700,0
done rss_mib=354
