# reloadstall peers=700 changed_peers=700 stable_peers=0 prefixes=400400 per_peer=572 pid=0
established 700 at 71.6s
first_exact_bitmap,mode=flapstorm,peers=700,total=400400,per_peer=572,expected=399828,completed=700,min_unique=399828,max_unique=399828
converged (>= 399828/observer) at 343.7s rss_mib=0
control_maxgap_ms: p50=15.27 p95=15.32 max=31.53 (n=700)
control_rss_mib 0
flapstorm_csv_header,round,peers_total,peers_flapped,prefixes,flap_prefixes,withdraw_p50_s,withdraw_p95_s,withdraw_max_s,reannounce_p50_s,reannounce_p95_s,reannounce_max_s,rss_mib,sessions_up,parse_errors
flap 1 close wall_us=1786209795910957
flap 1 withdraw_s: p50=11.47 p95=11.47 max=11.47 (n=650)
flap 1 reannounce wall_us=1786209807584791
flap 1 reannounce_s: p50=21.27 p95=21.27 max=21.30 (n=650)
flap 1 first_reann_s: p50=0.13 p95=0.14 max=0.14 (n=650)
flap 1 sessions_up 700/700 rss_mib=0
flapstorm_csv,1,700,50,400400,28600,11.473044,11.474367,11.474522,21.269591,21.271020,21.296703,0,700,0
flap 2 close wall_us=1786209838931390
flap 2 withdraw_s: p50=11.04 p95=11.04 max=11.04 (n=650)
flap 2 reannounce wall_us=1786209850149584
flap 2 reannounce_s: p50=21.14 p95=21.15 max=21.15 (n=650)
flap 2 first_reann_s: p50=0.18 p95=0.18 max=0.18 (n=650)
flap 2 sessions_up 700/700 rss_mib=0
flapstorm_csv,2,700,50,400400,28600,11.042584,11.043864,11.044014,21.144801,21.146509,21.146674,0,700,0
flap 3 close wall_us=1786209881396713
flap 3 withdraw_s: p50=11.21 p95=11.21 max=11.21 (n=650)
flap 3 reannounce wall_us=1786209892762519
flap 3 reannounce_s: p50=21.33 p95=21.34 max=21.36 (n=650)
flap 3 first_reann_s: p50=0.16 p95=0.16 max=0.16 (n=650)
flap 3 sessions_up 700/700 rss_mib=0
flapstorm_csv,3,700,50,400400,28600,11.208229,11.209563,11.209708,21.332299,21.341886,21.360400,0,700,0
done rss_mib=0
