# reloadstall peers=320 changed_peers=320 stable_peers=0 prefixes=183040 per_peer=572 pid=2369971
established 320 at 0.3s
establishment transport_retries=0 recovered_peers=0
first_exact_bitmap,mode=reload,peers=320,total=183040,per_peer=572,expected=182468,completed=320,min_unique=182468,max_unique=182468
converged (>= 182468/observer) at 3.0s rss_mib=500
control_maxgap_ms: p50=82.58 p95=82.72 max=83.38 (n=320)
control_rss_mib 478
reloadstall_csv_header,reload,peers_total,peers_changed,peers_stable,prefixes,completion_p50_s,completion_p95_s,completion_max_s,changed_maxgap_p50_ms,changed_maxgap_p95_ms,changed_maxgap_max_ms,all_observer_maxgap_p50_ms,all_observer_maxgap_p95_ms,all_observer_maxgap_max_ms,changed_first_generation_update_p50_ms,changed_first_generation_update_p95_ms,changed_first_generation_update_max_ms,rss_before_mib,rss_after_mib,stable_marker_peers,sessions_up,parse_errors
dataset-stage generation=b changed=36 total=640
reload 1 SIGHUP wall_us=1791017550020215 policy=/tmp/irr-rustbgpd-sighup/gen-b.rpol
reload 1 daemon_applied complete_before=0 complete_after=1
reload 1 completion_s: p50=1.09 p95=1.09 max=1.12 (n=320)
reload 1 maxgap_ms: p50=526.62 p95=535.29 max=537.65 (n=320)
reload 1 all_observer_maxgap_ms: p50=526.62 p95=535.29 max=537.65 (n=320)
reload 1 changed_first_generation_update_ms: p50=1047.28 p95=1056.00 max=1058.16 (n=320)
reload 1 rss_mib before=491 after=592 comms_sample=[4286056400]
reload 1 sessions_up 320/320
reload 1 stable_marker_peers 0/0
reload 1 withdrawals: v4 named 0/0 v6 named 0/0 leaked=0 bystander=0 stable=0 duplicate=0
reloadstall_csv,1,320,320,0,183040,1.087580,1.091322,1.120819,526.622,535.293,537.655,526.622,535.293,537.655,1047.276,1056.001,1058.156,491,592,0,320,0
dataset-stage generation=a changed=36 total=640
reload 2 SIGHUP wall_us=1791017572265716 policy=/tmp/irr-rustbgpd-sighup/gen-a.rpol
reload 2 daemon_applied complete_before=1 complete_after=2
reload 2 completion_s: p50=1.11 p95=1.12 max=1.15 (n=320)
reload 2 maxgap_ms: p50=515.71 p95=517.47 max=519.26 (n=320)
reload 2 all_observer_maxgap_ms: p50=515.71 p95=517.47 max=519.26 (n=320)
reload 2 changed_first_generation_update_ms: p50=1070.85 p95=1072.61 max=1073.82 (n=320)
reload 2 rss_mib before=548 after=620 comms_sample=[4286055400]
reload 2 sessions_up 320/320
reload 2 stable_marker_peers 0/0
reload 2 withdrawals: v4 named 0/0 v6 named 0/0 leaked=0 bystander=0 stable=0 duplicate=0
reloadstall_csv,2,320,320,0,183040,1.112711,1.115390,1.145311,515.711,517.469,519.258,515.711,517.469,519.258,1070.846,1072.610,1073.816,548,620,0,320,0
dataset-stage generation=b changed=36 total=640
reload 3 SIGHUP wall_us=1791017594517846 policy=/tmp/irr-rustbgpd-sighup/gen-b.rpol
reload 3 daemon_applied complete_before=2 complete_after=3
reload 3 completion_s: p50=1.09 p95=1.13 max=1.13 (n=320)
reload 3 maxgap_ms: p50=510.94 p95=512.86 max=514.28 (n=320)
reload 3 all_observer_maxgap_ms: p50=510.94 p95=512.86 max=514.28 (n=320)
reload 3 changed_first_generation_update_ms: p50=1052.24 p95=1054.16 max=1054.96 (n=320)
reload 3 rss_mib before=550 after=621 comms_sample=[4286056400]
reload 3 sessions_up 320/320
reload 3 stable_marker_peers 0/0
reload 3 withdrawals: v4 named 0/0 v6 named 0/0 leaked=0 bystander=0 stable=0 duplicate=0
reloadstall_csv,3,320,320,0,183040,1.094422,1.126435,1.129370,510.942,512.861,514.278,510.942,512.861,514.278,1052.236,1054.162,1054.964,550,621,0,320,0
dataset-stage generation=a changed=36 total=640
reload 4 SIGHUP wall_us=1791017616773953 policy=/tmp/irr-rustbgpd-sighup/gen-a.rpol
reload 4 daemon_applied complete_before=3 complete_after=4
reload 4 completion_s: p50=1.10 p95=1.11 max=1.14 (n=320)
reload 4 maxgap_ms: p50=571.74 p95=574.01 max=581.59 (n=320)
reload 4 all_observer_maxgap_ms: p50=571.74 p95=574.01 max=581.59 (n=320)
reload 4 changed_first_generation_update_ms: p50=1058.07 p95=1060.24 max=1067.88 (n=320)
reload 4 rss_mib before=549 after=629 comms_sample=[4286055400]
reload 4 sessions_up 320/320
reload 4 stable_marker_peers 0/0
reload 4 withdrawals: v4 named 0/0 v6 named 0/0 leaked=0 bystander=0 stable=0 duplicate=0
reloadstall_csv,4,320,320,0,183040,1.102735,1.112190,1.135071,571.740,574.007,581.585,571.740,574.007,581.585,1058.067,1060.243,1067.881,549,629,0,320,0
final sessions_up 320/320 parse_errors=0
done rss_mib=538
route_refresh_accounting,peer=4,family=ipv4,received=4,suppressed=0,completed=4,sent_nlri=2288
route_refresh_accounting,peer=8,family=ipv4,received=4,suppressed=0,completed=4,sent_nlri=2288
route_refresh_accounting,peer=25,family=ipv4,received=4,suppressed=0,completed=4,sent_nlri=2288
route_refresh_accounting,peer=27,family=ipv4,received=4,suppressed=0,completed=4,sent_nlri=2288
route_refresh_accounting,peer=49,family=ipv4,received=4,suppressed=0,completed=4,sent_nlri=2288
route_refresh_accounting,peer=53,family=ipv4,received=4,suppressed=0,completed=4,sent_nlri=2288
route_refresh_accounting,peer=62,family=ipv4,received=4,suppressed=0,completed=4,sent_nlri=2288
route_refresh_accounting,peer=64,family=ipv4,received=4,suppressed=0,completed=4,sent_nlri=2288
route_refresh_accounting,peer=66,family=ipv4,received=4,suppressed=0,completed=4,sent_nlri=2288
route_refresh_accounting,peer=70,family=ipv4,received=4,suppressed=0,completed=4,sent_nlri=2288
route_refresh_accounting,peer=84,family=ipv4,received=4,suppressed=0,completed=4,sent_nlri=2288
route_refresh_accounting,peer=96,family=ipv4,received=4,suppressed=0,completed=4,sent_nlri=2288
route_refresh_accounting,peer=102,family=ipv4,received=4,suppressed=0,completed=4,sent_nlri=2288
route_refresh_accounting,peer=117,family=ipv4,received=4,suppressed=0,completed=4,sent_nlri=2288
route_refresh_accounting,peer=122,family=ipv4,received=4,suppressed=0,completed=4,sent_nlri=2288
route_refresh_accounting,peer=128,family=ipv4,received=4,suppressed=0,completed=4,sent_nlri=2288
route_refresh_accounting,peer=133,family=ipv4,received=4,suppressed=0,completed=4,sent_nlri=2288
route_refresh_accounting,peer=137,family=ipv4,received=4,suppressed=0,completed=4,sent_nlri=2288
route_refresh_accounting,peer=149,family=ipv4,received=4,suppressed=0,completed=4,sent_nlri=2288
route_refresh_accounting,peer=153,family=ipv4,received=4,suppressed=0,completed=4,sent_nlri=2288
route_refresh_accounting,peer=164,family=ipv4,received=4,suppressed=0,completed=4,sent_nlri=2288
route_refresh_accounting,peer=165,family=ipv4,received=4,suppressed=0,completed=4,sent_nlri=2288
route_refresh_accounting,peer=166,family=ipv4,received=4,suppressed=0,completed=4,sent_nlri=2288
route_refresh_accounting,peer=169,family=ipv4,received=4,suppressed=0,completed=4,sent_nlri=2288
route_refresh_accounting,peer=177,family=ipv4,received=4,suppressed=0,completed=4,sent_nlri=2288
route_refresh_accounting,peer=209,family=ipv4,received=4,suppressed=0,completed=4,sent_nlri=2288
route_refresh_accounting,peer=219,family=ipv4,received=4,suppressed=0,completed=4,sent_nlri=2288
route_refresh_accounting,peer=223,family=ipv4,received=4,suppressed=0,completed=4,sent_nlri=2288
route_refresh_accounting,peer=227,family=ipv4,received=4,suppressed=0,completed=4,sent_nlri=2288
route_refresh_accounting,peer=249,family=ipv4,received=4,suppressed=0,completed=4,sent_nlri=2288
route_refresh_accounting,peer=251,family=ipv4,received=4,suppressed=0,completed=4,sent_nlri=2288
route_refresh_accounting,peer=254,family=ipv4,received=4,suppressed=0,completed=4,sent_nlri=2288
route_refresh_accounting,peer=266,family=ipv4,received=4,suppressed=0,completed=4,sent_nlri=2288
route_refresh_accounting,peer=310,family=ipv4,received=4,suppressed=0,completed=4,sent_nlri=2288
route_refresh_accounting,peer=311,family=ipv4,received=4,suppressed=0,completed=4,sent_nlri=2288
route_refresh_accounting,peer=317,family=ipv4,received=4,suppressed=0,completed=4,sent_nlri=2288
