# reloadstall peers=700 changed_peers=700 stable_peers=0 prefixes=400400 per_peer=572 pid=0
established 700 at 164.0s
establishment transport_retries=0 recovered_peers=0
first_exact_bitmap,mode=flapstorm,peers=700,total=400400,per_peer=572,expected=399828,completed=700,min_unique=399828,max_unique=399828
converged (>= 399828/observer) at 408.0s rss_mib=0
control_maxgap_ms: p50=16.37 p95=25.00 max=33.76 (n=700)
control_rss_mib 0
flapstorm_failover_csv_header,round,peers_total,peers_flapped,flap_prefixes,alternate_prefixes,alternate_sources,daemon_cpu_s,scrape_bracketed_flush_sum_s,scrape_bracketed_flush_count,withdraw_p50_s,withdraw_max_s,window_s,background_cpu_s_per_s
flapstorm_csv_header,round,peers_total,peers_flapped,prefixes,flap_prefixes,withdraw_p50_s,withdraw_p95_s,withdraw_max_s,reannounce_p50_s,reannounce_p95_s,reannounce_max_s,rss_mib,sessions_up,parse_errors
flap 1 close wall_us=1791173698621435
flap 1 withdraw_s: p50=8.65 p95=8.65 max=8.65 (n=650)
flapstorm_failover_csv,1,700,50,28600,0,0,NaN,NaN,0,8.650792,8.654317,8.687755,NaN
flap 1 reconnect transport_retries=0 recovered_peers=0
flap 1 reannounce wall_us=1791173708783351
flap 1 peer 0 rejoin_complete_s=27.235952 eor_before_full_table=absent eor=absent
flap 1 peer 1 rejoin_complete_s=27.292433 eor_before_full_table=absent eor=absent
flap 1 peer 2 rejoin_complete_s=27.291422 eor_before_full_table=absent eor=absent
flap 1 peer 3 rejoin_complete_s=27.291447 eor_before_full_table=absent eor=absent
flap 1 peer 4 rejoin_complete_s=27.301932 eor_before_full_table=absent eor=absent
flap 1 peer 5 rejoin_complete_s=27.301590 eor_before_full_table=absent eor=absent
flap 1 peer 6 rejoin_complete_s=27.305032 eor_before_full_table=absent eor=absent
flap 1 peer 7 rejoin_complete_s=27.304676 eor_before_full_table=absent eor=absent
flap 1 peer 8 rejoin_complete_s=27.311902 eor_before_full_table=absent eor=absent
flap 1 peer 9 rejoin_complete_s=27.307786 eor_before_full_table=absent eor=absent
flap 1 peer 10 rejoin_complete_s=27.311159 eor_before_full_table=absent eor=absent
flap 1 peer 11 rejoin_complete_s=27.314460 eor_before_full_table=absent eor=absent
flap 1 peer 12 rejoin_complete_s=27.317879 eor_before_full_table=absent eor=absent
flap 1 peer 13 rejoin_complete_s=27.317481 eor_before_full_table=absent eor=absent
flap 1 peer 14 rejoin_complete_s=27.317070 eor_before_full_table=absent eor=absent
flap 1 peer 15 rejoin_complete_s=27.316709 eor_before_full_table=absent eor=absent
flap 1 peer 16 rejoin_complete_s=27.330687 eor_before_full_table=absent eor=absent
flap 1 peer 17 rejoin_complete_s=27.344422 eor_before_full_table=absent eor=absent
flap 1 peer 18 rejoin_complete_s=27.343677 eor_before_full_table=absent eor=absent
flap 1 peer 19 rejoin_complete_s=27.346590 eor_before_full_table=absent eor=absent
flap 1 peer 20 rejoin_complete_s=27.353020 eor_before_full_table=absent eor=absent
flap 1 peer 21 rejoin_complete_s=27.355944 eor_before_full_table=absent eor=absent
flap 1 peer 22 rejoin_complete_s=27.362484 eor_before_full_table=absent eor=absent
flap 1 peer 23 rejoin_complete_s=27.365028 eor_before_full_table=absent eor=absent
flap 1 peer 24 rejoin_complete_s=27.371224 eor_before_full_table=absent eor=absent
flap 1 peer 25 rejoin_complete_s=27.370173 eor_before_full_table=absent eor=absent
flap 1 peer 26 rejoin_complete_s=27.372911 eor_before_full_table=absent eor=absent
flap 1 peer 27 rejoin_complete_s=27.376223 eor_before_full_table=absent eor=absent
flap 1 peer 28 rejoin_complete_s=27.379660 eor_before_full_table=absent eor=absent
flap 1 peer 29 rejoin_complete_s=27.379314 eor_before_full_table=absent eor=absent
flap 1 peer 30 rejoin_complete_s=27.379768 eor_before_full_table=absent eor=absent
flap 1 peer 31 rejoin_complete_s=27.375350 eor_before_full_table=absent eor=absent
flap 1 peer 32 rejoin_complete_s=27.375588 eor_before_full_table=absent eor=absent
flap 1 peer 33 rejoin_complete_s=27.371635 eor_before_full_table=absent eor=absent
flap 1 peer 34 rejoin_complete_s=27.367600 eor_before_full_table=absent eor=absent
flap 1 peer 35 rejoin_complete_s=27.363471 eor_before_full_table=absent eor=absent
flap 1 peer 36 rejoin_complete_s=27.364105 eor_before_full_table=absent eor=absent
flap 1 peer 37 rejoin_complete_s=27.360371 eor_before_full_table=absent eor=absent
flap 1 peer 38 rejoin_complete_s=27.356682 eor_before_full_table=absent eor=absent
flap 1 peer 39 rejoin_complete_s=27.352961 eor_before_full_table=absent eor=absent
flap 1 peer 40 rejoin_complete_s=27.353158 eor_before_full_table=absent eor=absent
flap 1 peer 41 rejoin_complete_s=27.349399 eor_before_full_table=absent eor=absent
flap 1 peer 42 rejoin_complete_s=27.345484 eor_before_full_table=absent eor=absent
flap 1 peer 43 rejoin_complete_s=27.341328 eor_before_full_table=absent eor=absent
flap 1 peer 44 rejoin_complete_s=27.337405 eor_before_full_table=absent eor=absent
flap 1 peer 45 rejoin_complete_s=27.333528 eor_before_full_table=absent eor=absent
flap 1 peer 46 rejoin_complete_s=27.329532 eor_before_full_table=absent eor=absent
flap 1 peer 47 rejoin_complete_s=27.325726 eor_before_full_table=absent eor=absent
flap 1 peer 48 rejoin_complete_s=27.321945 eor_before_full_table=absent eor=absent
flap 1 peer 49 rejoin_complete_s=27.357953 eor_before_full_table=absent eor=absent
flap 1 rejoin_complete_s: p50=27.35 p95=27.38 max=27.38 (n=50)
flap 1 reannounce_s: p50=17.75 p95=17.76 max=17.76 (n=650)
flap 1 first_reann_s: p50=0.13 p95=0.14 max=0.14 (n=650)
flap 1 sessions_up 700/700 rss_mib=0
flapstorm_csv,1,700,50,400400,28600,8.650792,8.654140,8.654317,17.753459,17.764285,17.764455,0,700,0
flap 2 close wall_us=1791173746180867
flap 2 withdraw_s: p50=9.71 p95=9.72 max=9.72 (n=650)
flapstorm_failover_csv,2,700,50,28600,0,0,NaN,NaN,0,9.713713,9.716961,9.803324,NaN
flap 2 reconnect transport_retries=0 recovered_peers=0
flap 2 reannounce wall_us=1791173756388904
flap 2 peer 0 rejoin_complete_s=27.081872 eor_before_full_table=absent eor=absent
flap 2 peer 1 rejoin_complete_s=27.086854 eor_before_full_table=absent eor=absent
flap 2 peer 2 rejoin_complete_s=27.090839 eor_before_full_table=absent eor=absent
flap 2 peer 3 rejoin_complete_s=27.109013 eor_before_full_table=absent eor=absent
flap 2 peer 4 rejoin_complete_s=27.162240 eor_before_full_table=absent eor=absent
flap 2 peer 5 rejoin_complete_s=27.158236 eor_before_full_table=absent eor=absent
flap 2 peer 6 rejoin_complete_s=27.154688 eor_before_full_table=absent eor=absent
flap 2 peer 7 rejoin_complete_s=27.154363 eor_before_full_table=absent eor=absent
flap 2 peer 8 rejoin_complete_s=27.154009 eor_before_full_table=absent eor=absent
flap 2 peer 9 rejoin_complete_s=27.164670 eor_before_full_table=absent eor=absent
flap 2 peer 10 rejoin_complete_s=27.172168 eor_before_full_table=absent eor=absent
flap 2 peer 11 rejoin_complete_s=27.176107 eor_before_full_table=absent eor=absent
flap 2 peer 12 rejoin_complete_s=27.175883 eor_before_full_table=absent eor=absent
flap 2 peer 13 rejoin_complete_s=27.179541 eor_before_full_table=absent eor=absent
flap 2 peer 14 rejoin_complete_s=27.194986 eor_before_full_table=absent eor=absent
flap 2 peer 15 rejoin_complete_s=27.205148 eor_before_full_table=absent eor=absent
flap 2 peer 16 rejoin_complete_s=27.210573 eor_before_full_table=absent eor=absent
flap 2 peer 17 rejoin_complete_s=27.220439 eor_before_full_table=absent eor=absent
flap 2 peer 18 rejoin_complete_s=27.228180 eor_before_full_table=absent eor=absent
flap 2 peer 19 rejoin_complete_s=27.231159 eor_before_full_table=absent eor=absent
flap 2 peer 20 rejoin_complete_s=27.233773 eor_before_full_table=absent eor=absent
flap 2 peer 21 rejoin_complete_s=27.232475 eor_before_full_table=absent eor=absent
flap 2 peer 22 rejoin_complete_s=27.228255 eor_before_full_table=absent eor=absent
flap 2 peer 23 rejoin_complete_s=27.224393 eor_before_full_table=absent eor=absent
flap 2 peer 24 rejoin_complete_s=27.224059 eor_before_full_table=absent eor=absent
flap 2 peer 25 rejoin_complete_s=27.223564 eor_before_full_table=absent eor=absent
flap 2 peer 26 rejoin_complete_s=27.227016 eor_before_full_table=absent eor=absent
flap 2 peer 27 rejoin_complete_s=27.230576 eor_before_full_table=absent eor=absent
flap 2 peer 28 rejoin_complete_s=27.229759 eor_before_full_table=absent eor=absent
flap 2 peer 29 rejoin_complete_s=27.228938 eor_before_full_table=absent eor=absent
flap 2 peer 30 rejoin_complete_s=27.224046 eor_before_full_table=absent eor=absent
flap 2 peer 31 rejoin_complete_s=27.223859 eor_before_full_table=absent eor=absent
flap 2 peer 32 rejoin_complete_s=27.219397 eor_before_full_table=absent eor=absent
flap 2 peer 33 rejoin_complete_s=27.218549 eor_before_full_table=absent eor=absent
flap 2 peer 34 rejoin_complete_s=27.214091 eor_before_full_table=absent eor=absent
flap 2 peer 35 rejoin_complete_s=27.198846 eor_before_full_table=absent eor=absent
flap 2 peer 36 rejoin_complete_s=27.196360 eor_before_full_table=absent eor=absent
flap 2 peer 37 rejoin_complete_s=27.196826 eor_before_full_table=absent eor=absent
flap 2 peer 38 rejoin_complete_s=27.192784 eor_before_full_table=absent eor=absent
flap 2 peer 39 rejoin_complete_s=27.188564 eor_before_full_table=absent eor=absent
flap 2 peer 40 rejoin_complete_s=27.188784 eor_before_full_table=absent eor=absent
flap 2 peer 41 rejoin_complete_s=27.184735 eor_before_full_table=absent eor=absent
flap 2 peer 42 rejoin_complete_s=27.180099 eor_before_full_table=absent eor=absent
flap 2 peer 43 rejoin_complete_s=27.175209 eor_before_full_table=absent eor=absent
flap 2 peer 44 rejoin_complete_s=27.170750 eor_before_full_table=absent eor=absent
flap 2 peer 45 rejoin_complete_s=27.165927 eor_before_full_table=absent eor=absent
flap 2 peer 46 rejoin_complete_s=27.161515 eor_before_full_table=absent eor=absent
flap 2 peer 47 rejoin_complete_s=27.161189 eor_before_full_table=absent eor=absent
flap 2 peer 48 rejoin_complete_s=27.156909 eor_before_full_table=absent eor=absent
flap 2 peer 49 rejoin_complete_s=27.228878 eor_before_full_table=absent eor=absent
flap 2 rejoin_complete_s: p50=27.19 p95=27.23 max=27.23 (n=50)
flap 2 reannounce_s: p50=17.84 p95=17.84 max=17.84 (n=650)
flap 2 first_reann_s: p50=0.17 p95=0.17 max=0.17 (n=650)
flap 2 sessions_up 700/700 rss_mib=0
flapstorm_csv,2,700,50,400400,28600,9.713713,9.716793,9.716961,17.839114,17.840724,17.840895,0,700,0
flap 3 close wall_us=1791173793691909
flap 3 withdraw_s: p50=9.19 p95=9.20 max=9.20 (n=650)
flapstorm_failover_csv,3,700,50,28600,0,0,NaN,NaN,0,9.194988,9.200116,9.298281,NaN
flap 3 reconnect transport_retries=0 recovered_peers=0
flap 3 reannounce wall_us=1791173803796562
flap 3 peer 0 rejoin_complete_s=26.451351 eor_before_full_table=absent eor=absent
flap 3 peer 1 rejoin_complete_s=26.532092 eor_before_full_table=absent eor=absent
flap 3 peer 2 rejoin_complete_s=26.579895 eor_before_full_table=absent eor=absent
flap 3 peer 3 rejoin_complete_s=26.582729 eor_before_full_table=absent eor=absent
flap 3 peer 4 rejoin_complete_s=26.583126 eor_before_full_table=absent eor=absent
flap 3 peer 5 rejoin_complete_s=26.597144 eor_before_full_table=absent eor=absent
flap 3 peer 6 rejoin_complete_s=26.600503 eor_before_full_table=absent eor=absent
flap 3 peer 7 rejoin_complete_s=26.610524 eor_before_full_table=absent eor=absent
flap 3 peer 8 rejoin_complete_s=26.613593 eor_before_full_table=absent eor=absent
flap 3 peer 9 rejoin_complete_s=26.616605 eor_before_full_table=absent eor=absent
flap 3 peer 10 rejoin_complete_s=26.619447 eor_before_full_table=absent eor=absent
flap 3 peer 11 rejoin_complete_s=26.622456 eor_before_full_table=absent eor=absent
flap 3 peer 12 rejoin_complete_s=26.622072 eor_before_full_table=absent eor=absent
flap 3 peer 13 rejoin_complete_s=26.625177 eor_before_full_table=absent eor=absent
flap 3 peer 14 rejoin_complete_s=26.628559 eor_before_full_table=absent eor=absent
flap 3 peer 15 rejoin_complete_s=26.628167 eor_before_full_table=absent eor=absent
flap 3 peer 16 rejoin_complete_s=26.631361 eor_before_full_table=absent eor=absent
flap 3 peer 17 rejoin_complete_s=26.630935 eor_before_full_table=absent eor=absent
flap 3 peer 18 rejoin_complete_s=26.634776 eor_before_full_table=absent eor=absent
flap 3 peer 19 rejoin_complete_s=26.630142 eor_before_full_table=absent eor=absent
flap 3 peer 20 rejoin_complete_s=26.629708 eor_before_full_table=absent eor=absent
flap 3 peer 21 rejoin_complete_s=26.633439 eor_before_full_table=absent eor=absent
flap 3 peer 22 rejoin_complete_s=26.633092 eor_before_full_table=absent eor=absent
flap 3 peer 23 rejoin_complete_s=26.632621 eor_before_full_table=absent eor=absent
flap 3 peer 24 rejoin_complete_s=26.636149 eor_before_full_table=absent eor=absent
flap 3 peer 25 rejoin_complete_s=26.635792 eor_before_full_table=absent eor=absent
flap 3 peer 26 rejoin_complete_s=26.639268 eor_before_full_table=absent eor=absent
flap 3 peer 27 rejoin_complete_s=26.638925 eor_before_full_table=absent eor=absent
flap 3 peer 28 rejoin_complete_s=26.638432 eor_before_full_table=absent eor=absent
flap 3 peer 29 rejoin_complete_s=26.638088 eor_before_full_table=absent eor=absent
flap 3 peer 30 rejoin_complete_s=26.637563 eor_before_full_table=absent eor=absent
flap 3 peer 31 rejoin_complete_s=26.637024 eor_before_full_table=absent eor=absent
flap 3 peer 32 rejoin_complete_s=26.636682 eor_before_full_table=absent eor=absent
flap 3 peer 33 rejoin_complete_s=26.644484 eor_before_full_table=absent eor=absent
flap 3 peer 34 rejoin_complete_s=26.648620 eor_before_full_table=absent eor=absent
flap 3 peer 35 rejoin_complete_s=26.648539 eor_before_full_table=absent eor=absent
flap 3 peer 36 rejoin_complete_s=26.643655 eor_before_full_table=absent eor=absent
flap 3 peer 37 rejoin_complete_s=26.638954 eor_before_full_table=absent eor=absent
flap 3 peer 38 rejoin_complete_s=26.634454 eor_before_full_table=absent eor=absent
flap 3 peer 39 rejoin_complete_s=26.630049 eor_before_full_table=absent eor=absent
flap 3 peer 40 rejoin_complete_s=26.629346 eor_before_full_table=absent eor=absent
flap 3 peer 41 rejoin_complete_s=26.625215 eor_before_full_table=absent eor=absent
flap 3 peer 42 rejoin_complete_s=26.620948 eor_before_full_table=absent eor=absent
flap 3 peer 43 rejoin_complete_s=26.616605 eor_before_full_table=absent eor=absent
flap 3 peer 44 rejoin_complete_s=26.612490 eor_before_full_table=absent eor=absent
flap 3 peer 45 rejoin_complete_s=26.608303 eor_before_full_table=absent eor=absent
flap 3 peer 46 rejoin_complete_s=26.604281 eor_before_full_table=absent eor=absent
flap 3 peer 47 rejoin_complete_s=26.600302 eor_before_full_table=absent eor=absent
flap 3 peer 48 rejoin_complete_s=26.596090 eor_before_full_table=absent eor=absent
flap 3 peer 49 rejoin_complete_s=26.640494 eor_before_full_table=absent eor=absent
flap 3 rejoin_complete_s: p50=26.63 p95=26.64 max=26.65 (n=50)
flap 3 reannounce_s: p50=17.90 p95=17.91 max=17.91 (n=650)
flap 3 first_reann_s: p50=0.15 p95=0.15 max=0.15 (n=650)
flap 3 sessions_up 700/700 rss_mib=0
flapstorm_csv,3,700,50,400400,28600,9.194988,9.197896,9.200116,17.904397,17.906059,17.906242,0,700,0
done rss_mib=0
