# reloadstall peers=700 changed_peers=700 stable_peers=0 prefixes=400400 per_peer=572 pid=0
established 700 at 141.4s
converged (>= 399828/observer) at 417.3s rss_mib=0
control_maxgap_ms: p50=15.06 p95=15.25 max=35.76 (n=700)
control_rss_mib 0
flapstorm_csv_header,round,peers_total,peers_flapped,prefixes,flap_prefixes,withdraw_p50_s,withdraw_p95_s,withdraw_max_s,reannounce_p50_s,reannounce_p95_s,reannounce_max_s,rss_mib,sessions_up,parse_errors
flap 1 close wall_us=1784285506164464
flap 1 withdraw_s: p50=10.87 p95=10.87 max=10.87 (n=650)
flap 1 reannounce wall_us=1784285517270855
flap 1 reannounce_s: p50=21.67 p95=21.68 max=21.69 (n=650)
flap 1 sessions_up 700/700 rss_mib=0
flapstorm_csv,1,700,50,400400,28600,10.868410,10.869728,10.869878,21.668705,21.677793,21.688010,0,700,0
flap 2 close wall_us=1784285549003166
flap 2 withdraw_s: p50=10.84 p95=10.84 max=10.84 (n=650)
flap 2 reannounce wall_us=1784285560126509
flap 2 reannounce_s: p50=21.57 p95=21.57 max=21.61 (n=650)
flap 2 sessions_up 700/700 rss_mib=0
flapstorm_csv,2,700,50,400400,28600,10.835862,10.837196,10.837347,21.568898,21.570279,21.606609,0,700,0
flap 3 close wall_us=1784285591755131
flap 3 withdraw_s: p50=10.87 p95=10.87 max=10.87 (n=650)
flap 3 reannounce wall_us=1784285602767730
flap 3 reannounce_s: p50=21.30 p95=21.30 max=21.33 (n=650)
flap 3 sessions_up 700/700 rss_mib=0
flapstorm_csv,3,700,50,400400,28600,10.871203,10.872543,10.872692,21.295211,21.303839,21.326149,0,700,0
done rss_mib=0
