[2026-09-20T23:24:48Z] reload 1 issued
[2026-09-20T23:24:57Z] reload 1 complete
[2026-09-20T23:54:57Z] reload 2 issued
[2026-09-20T23:55:07Z] reload 2 complete
[2026-09-21T00:25:08Z] reload 3 issued
[2026-09-21T00:25:19Z] reload 3 complete
[2026-09-21T00:55:19Z] reload 4 issued
[2026-09-21T00:55:30Z] reload 4 complete
[2026-09-21T01:25:30Z] reload 5 issued
[2026-09-21T01:25:40Z] reload 5 complete
[2026-09-21T01:55:40Z] reload 6 issued
[2026-09-21T01:55:50Z] reload 6 complete
[2026-09-21T02:25:50Z] reload 7 issued
[2026-09-21T02:26:01Z] reload 7 complete
[2026-09-21T02:56:01Z] reload 8 issued
[2026-09-21T02:56:12Z] reload 8 complete
[2026-09-21T03:26:12Z] trip 1 announce_over
[2026-09-21T03:26:12Z] trip 1 torn_down
[2026-09-21T03:26:12Z] trip 1 exceeded_total=1
[2026-09-21T03:26:12Z] trip 1 countdown_ms=119543 action=restart
[2026-09-21T03:28:12Z] trip 1 reestablished
[2026-09-21T03:28:12Z] trip 1 reannounced
[2026-09-21T03:28:13Z] trip 1 complete usage=400 limit=450 headroom=50
[2026-09-21T03:28:14Z] reload 9 issued
[2026-09-21T03:28:25Z] reload 9 complete
[2026-09-21T03:58:25Z] reload 10 issued
[2026-09-21T03:58:35Z] reload 10 complete
[2026-09-21T04:28:35Z] reload 11 issued
[2026-09-21T04:28:44Z] reload 11 complete
[2026-09-21T04:58:45Z] reload 12 issued
[2026-09-21T04:58:55Z] reload 12 complete
[2026-09-21T05:28:55Z] reload 13 issued
[2026-09-21T05:29:05Z] reload 13 complete
[2026-09-21T05:59:05Z] reload 14 issued
[2026-09-21T05:59:16Z] reload 14 complete
[2026-09-21T06:29:17Z] reload 15 issued
[2026-09-21T06:29:26Z] reload 15 complete
[2026-09-21T06:59:27Z] reload 16 issued
[2026-09-21T06:59:37Z] reload 16 complete
[2026-09-21T07:29:36Z] trip 2 announce_over
[2026-09-21T07:29:36Z] trip 2 torn_down
[2026-09-21T07:29:37Z] trip 2 exceeded_total=2
[2026-09-21T07:29:37Z] trip 2 countdown_ms=119716 action=restart
[2026-09-21T07:31:37Z] trip 2 reestablished
[2026-09-21T07:31:37Z] trip 2 reannounced
[2026-09-21T07:31:37Z] trip 2 complete usage=400 limit=450 headroom=50
[2026-09-21T07:31:38Z] reload 17 issued
[2026-09-21T07:31:49Z] reload 17 complete
[2026-09-21T08:01:49Z] reload 18 issued
[2026-09-21T08:02:00Z] reload 18 complete
[2026-09-21T08:31:59Z] reload 19 issued
[2026-09-21T08:32:10Z] reload 19 complete
[2026-09-21T09:02:11Z] reload 20 issued
[2026-09-21T09:02:21Z] reload 20 complete
[2026-09-21T09:32:21Z] reload 21 issued
[2026-09-21T09:32:32Z] reload 21 complete
[2026-09-21T10:02:32Z] reload 22 issued
[2026-09-21T10:02:41Z] reload 22 complete
[2026-09-21T10:32:42Z] reload 23 issued
[2026-09-21T10:32:51Z] reload 23 complete
[2026-09-21T11:02:51Z] reload 24 issued
[2026-09-21T11:03:00Z] reload 24 complete
[2026-09-21T11:33:00Z] trip 3 announce_over
[2026-09-21T11:33:00Z] trip 3 torn_down
[2026-09-21T11:33:01Z] trip 3 exceeded_total=3
[2026-09-21T11:33:01Z] trip 3 countdown_ms=119438 action=restart
[2026-09-21T11:35:01Z] trip 3 reestablished
[2026-09-21T11:35:01Z] trip 3 reannounced
[2026-09-21T11:35:01Z] reload 25 issued
[2026-09-21T11:35:01Z] trip 3 complete usage=400 limit=450 headroom=50
[2026-09-21T11:35:14Z] reload 25 complete
[2026-09-21T12:05:15Z] reload 26 issued
[2026-09-21T12:05:24Z] reload 26 complete
[2026-09-21T12:35:25Z] reload 27 issued
[2026-09-21T12:35:35Z] reload 27 complete
[2026-09-21T13:05:35Z] reload 28 issued
[2026-09-21T13:05:45Z] reload 28 complete
[2026-09-21T13:35:45Z] reload 29 issued
[2026-09-21T13:35:56Z] reload 29 complete
[2026-09-21T14:05:56Z] reload 30 issued
[2026-09-21T14:06:06Z] reload 30 complete
[2026-09-21T14:36:06Z] reload 31 issued
[2026-09-21T14:36:16Z] reload 31 complete
[2026-09-21T15:06:16Z] reload 32 issued
[2026-09-21T15:06:27Z] reload 32 complete
[2026-09-21T15:36:27Z] trip 4 announce_over
[2026-09-21T15:36:27Z] trip 4 torn_down
[2026-09-21T15:36:27Z] trip 4 exceeded_total=4
[2026-09-21T15:36:27Z] trip 4 countdown_ms=119467 action=restart
[2026-09-21T15:38:27Z] trip 4 reestablished
[2026-09-21T15:38:27Z] trip 4 reannounced
[2026-09-21T15:38:28Z] trip 4 complete usage=400 limit=450 headroom=50
[2026-09-21T15:38:29Z] reload 33 issued
[2026-09-21T15:38:39Z] reload 33 complete
[2026-09-21T16:08:40Z] reload 34 issued
[2026-09-21T16:08:50Z] reload 34 complete
[2026-09-21T16:38:50Z] reload 35 issued
[2026-09-21T16:39:00Z] reload 35 complete
[2026-09-21T17:08:59Z] reload 36 issued
[2026-09-21T17:09:10Z] reload 36 complete
[2026-09-21T17:39:11Z] reload 37 issued
[2026-09-21T17:39:20Z] reload 37 complete
[2026-09-21T18:09:20Z] reload 38 issued
[2026-09-21T18:09:30Z] reload 38 complete
[2026-09-21T18:39:30Z] reload 39 issued
[2026-09-21T18:39:39Z] reload 39 complete
[2026-09-21T19:09:40Z] reload 40 issued
[2026-09-21T19:09:49Z] reload 40 complete
[2026-09-21T19:39:49Z] trip 5 announce_over
[2026-09-21T19:39:49Z] trip 5 torn_down
[2026-09-21T19:39:49Z] trip 5 exceeded_total=5
[2026-09-21T19:39:49Z] trip 5 countdown_ms=119529 action=restart
[2026-09-21T19:41:49Z] trip 5 reestablished
[2026-09-21T19:41:49Z] trip 5 reannounced
[2026-09-21T19:41:49Z] reload 41 issued
[2026-09-21T19:41:49Z] trip 5 complete usage=400 limit=450 headroom=50
[2026-09-21T19:42:01Z] reload 41 complete
[2026-09-21T20:12:01Z] reload 42 issued
[2026-09-21T20:12:12Z] reload 42 complete
[2026-09-21T20:42:13Z] reload 43 issued
[2026-09-21T20:42:22Z] reload 43 complete
[2026-09-21T21:12:22Z] reload 44 issued
[2026-09-21T21:12:32Z] reload 44 complete
[2026-09-21T21:42:32Z] reload 45 issued
[2026-09-21T21:42:43Z] reload 45 complete
[2026-09-21T22:12:44Z] reload 46 issued
[2026-09-21T22:12:53Z] reload 46 complete
[2026-09-21T22:42:55Z] reload 47 issued
[2026-09-21T22:43:04Z] reload 47 complete
[2026-09-21T23:13:04Z] reload 48 issued
[2026-09-21T23:13:16Z] reload 48 complete
[2026-09-21T23:43:16Z] trip 6 announce_over
[2026-09-21T23:43:16Z] trip 6 torn_down
[2026-09-21T23:43:16Z] trip 6 exceeded_total=6
[2026-09-21T23:43:16Z] trip 6 countdown_ms=119437 action=restart
[2026-09-21T23:45:16Z] trip 6 reestablished
[2026-09-21T23:45:16Z] trip 6 reannounced
[2026-09-21T23:45:16Z] trip 6 complete usage=400 limit=450 headroom=50
