# reloadstall peers=1000 changed_peers=1000 stable_peers=0 prefixes=400000 per_peer=400 pid=2996
established 1000 at 1.7s
establishment transport_retries=0 recovered_peers=0
first_exact_bitmap,mode=reload,peers=1000,total=400000,per_peer=400,expected=399600,completed=1000,min_unique=399600,max_unique=399600
converged (>= 399600/observer) at 15.1s rss_mib=410
control_maxgap_ms: p50=188.26 p95=190.75 max=201.09 (n=1000)
control_rss_mib 489
reloadstall_csv_header,reload,peers_total,peers_changed,peers_stable,prefixes,completion_p50_s,completion_p95_s,completion_max_s,changed_maxgap_p50_ms,changed_maxgap_p95_ms,changed_maxgap_max_ms,all_observer_maxgap_p50_ms,all_observer_maxgap_p95_ms,all_observer_maxgap_max_ms,changed_first_generation_update_p50_ms,changed_first_generation_update_p95_ms,changed_first_generation_update_max_ms,rss_before_mib,rss_after_mib,stable_marker_peers,sessions_up,parse_errors
trip_csv_header,trip,peers_total,teardown_s,withdraw_s,holddown_s,reannounce_s,rss_mib,sessions_up,parse_errors
reload 1 SIGHUP wall_us=1789946687691393 policy=/tmp/rsfs.e7FLN0/gen-b.rpol
reload 1 daemon_applied complete_before=0 complete_after=1
reload 1 completion_s: p50=7.67 p95=9.00 max=9.24 (n=1000)
reload 1 maxgap_ms: p50=1899.91 p95=3559.15 max=4116.24 (n=1000)
reload 1 all_observer_maxgap_ms: p50=1970.01 p95=3559.15 max=4116.24 (n=1000)
reload 1 changed_first_generation_update_ms: p50=4840.70 p95=6109.44 max=7364.18 (n=1000)
reload 1 rss_mib before=512 after=580 comms_sample=[4286056400]
reload 1 sessions_up 1000/1000
reload 1 stable_marker_peers 0/0
reload 1 withdrawals: v4 named 0/0 v6 named 0/0 leaked=0 bystander=0 stable=0 duplicate=0
reloadstall_csv,1,1000,1000,0,400000,7.673204,9.004228,9.235214,1899.911,3559.150,4116.240,1970.013,3559.150,4116.240,4840.697,6109.435,7364.182,512,580,0,1000,0
reload 2 SIGHUP wall_us=1789948497243489 policy=/tmp/rsfs.e7FLN0/gen-a.rpol
reload 2 daemon_applied complete_before=1 complete_after=2
reload 2 completion_s: p50=7.25 p95=8.65 max=9.35 (n=1000)
reload 2 maxgap_ms: p50=2270.30 p95=5133.03 max=5794.18 (n=1000)
reload 2 all_observer_maxgap_ms: p50=2322.20 p95=5133.03 max=5794.18 (n=1000)
reload 2 changed_first_generation_update_ms: p50=4375.70 p95=8000.70 max=8658.89 (n=1000)
reload 2 rss_mib before=564 after=502 comms_sample=[4286055400]
reload 2 sessions_up 1000/1000
reload 2 stable_marker_peers 0/0
reload 2 withdrawals: v4 named 0/0 v6 named 0/0 leaked=0 bystander=0 stable=0 duplicate=0
reloadstall_csv,2,1000,1000,0,400000,7.246079,8.654936,9.348248,2270.304,5133.028,5794.184,2322.202,5133.028,5794.184,4375.700,8000.699,8658.885,564,502,0,1000,0
reload 3 SIGHUP wall_us=1789950307776983 policy=/tmp/rsfs.e7FLN0/gen-b.rpol
reload 3 daemon_applied complete_before=2 complete_after=3
reload 3 completion_s: p50=8.03 p95=9.41 max=10.22 (n=1000)
reload 3 maxgap_ms: p50=2028.70 p95=3921.05 max=5356.52 (n=1000)
reload 3 all_observer_maxgap_ms: p50=2036.88 p95=3921.05 max=5356.52 (n=1000)
reload 3 changed_first_generation_update_ms: p50=5526.05 p95=7925.02 max=9475.43 (n=1000)
reload 3 rss_mib before=524 after=542 comms_sample=[4286056400]
reload 3 sessions_up 1000/1000
reload 3 stable_marker_peers 0/0
reload 3 withdrawals: v4 named 0/0 v6 named 0/0 leaked=0 bystander=0 stable=0 duplicate=0
reloadstall_csv,3,1000,1000,0,400000,8.029680,9.409323,10.218530,2028.701,3921.053,5356.517,2036.876,3921.053,5356.517,5526.052,7925.023,9475.427,524,542,0,1000,0
reload 4 SIGHUP wall_us=1789952119322016 policy=/tmp/rsfs.e7FLN0/gen-a.rpol
reload 4 daemon_applied complete_before=3 complete_after=4
reload 4 completion_s: p50=7.31 p95=8.74 max=9.41 (n=1000)
reload 4 maxgap_ms: p50=2470.50 p95=4505.79 max=5625.02 (n=1000)
reload 4 all_observer_maxgap_ms: p50=2494.63 p95=4505.79 max=5625.02 (n=1000)
reload 4 changed_first_generation_update_ms: p50=4732.69 p95=7707.20 max=8819.75 (n=1000)
reload 4 rss_mib before=508 after=516 comms_sample=[4286055400]
reload 4 sessions_up 1000/1000
reload 4 stable_marker_peers 0/0
reload 4 withdrawals: v4 named 0/0 v6 named 0/0 leaked=0 bystander=0 stable=0 duplicate=0
reloadstall_csv,4,1000,1000,0,400000,7.305593,8.735634,9.414256,2470.500,4505.794,5625.021,2494.632,4505.794,5625.021,4732.692,7707.201,8819.751,508,516,0,1000,0
reload 5 SIGHUP wall_us=1789953929857684 policy=/tmp/rsfs.e7FLN0/gen-b.rpol
reload 5 daemon_applied complete_before=4 complete_after=5
reload 5 completion_s: p50=7.21 p95=8.67 max=8.81 (n=1000)
reload 5 maxgap_ms: p50=2325.84 p95=4854.31 max=5440.89 (n=1000)
reload 5 all_observer_maxgap_ms: p50=2346.32 p95=4854.31 max=5440.89 (n=1000)
reload 5 changed_first_generation_update_ms: p50=4695.67 p95=8080.71 max=8670.39 (n=1000)
reload 5 rss_mib before=525 after=542 comms_sample=[4286056400]
reload 5 sessions_up 1000/1000
reload 5 stable_marker_peers 0/0
reload 5 withdrawals: v4 named 0/0 v6 named 0/0 leaked=0 bystander=0 stable=0 duplicate=0
reloadstall_csv,5,1000,1000,0,400000,7.208187,8.666875,8.807512,2325.841,4854.305,5440.893,2346.324,4854.305,5440.893,4695.668,8080.712,8670.385,525,542,0,1000,0
reload 6 SIGHUP wall_us=1789955739831928 policy=/tmp/rsfs.e7FLN0/gen-a.rpol
reload 6 daemon_applied complete_before=5 complete_after=6
reload 6 completion_s: p50=7.06 p95=8.46 max=8.64 (n=1000)
reload 6 maxgap_ms: p50=2307.92 p95=4132.10 max=5602.66 (n=1000)
reload 6 all_observer_maxgap_ms: p50=2309.77 p95=4132.10 max=5602.66 (n=1000)
reload 6 changed_first_generation_update_ms: p50=4366.53 p95=6498.69 max=8529.69 (n=1000)
reload 6 rss_mib before=538 after=547 comms_sample=[4286055400]
reload 6 sessions_up 1000/1000
reload 6 stable_marker_peers 0/0
reload 6 withdrawals: v4 named 0/0 v6 named 0/0 leaked=0 bystander=0 stable=0 duplicate=0
reloadstall_csv,6,1000,1000,0,400000,7.055367,8.464323,8.639466,2307.920,4132.095,5602.664,2309.773,4132.095,5602.664,4366.528,6498.693,8529.695,538,547,0,1000,0
reload 7 SIGHUP wall_us=1789957549880654 policy=/tmp/rsfs.e7FLN0/gen-b.rpol
reload 7 daemon_applied complete_before=6 complete_after=7
reload 7 completion_s: p50=7.44 p95=8.74 max=9.45 (n=1000)
reload 7 maxgap_ms: p50=2454.85 p95=4806.41 max=5362.12 (n=1000)
reload 7 all_observer_maxgap_ms: p50=2509.04 p95=4806.41 max=5362.12 (n=1000)
reload 7 changed_first_generation_update_ms: p50=4706.82 p95=8067.37 max=8622.28 (n=1000)
reload 7 rss_mib before=560 after=538 comms_sample=[4286056400]
reload 7 sessions_up 1000/1000
reload 7 stable_marker_peers 0/0
reload 7 withdrawals: v4 named 0/0 v6 named 0/0 leaked=0 bystander=0 stable=0 duplicate=0
reloadstall_csv,7,1000,1000,0,400000,7.437059,8.741334,9.454670,2454.846,4806.413,5362.119,2509.040,4806.413,5362.119,4706.818,8067.368,8622.283,560,538,0,1000,0
reload 8 SIGHUP wall_us=1789959360946303 policy=/tmp/rsfs.e7FLN0/gen-a.rpol
reload 8 daemon_applied complete_before=7 complete_after=8
reload 8 completion_s: p50=9.18 p95=10.48 max=10.60 (n=1000)
reload 8 maxgap_ms: p50=2336.78 p95=5171.61 max=5638.94 (n=1000)
reload 8 all_observer_maxgap_ms: p50=2385.89 p95=5171.61 max=5638.94 (n=1000)
reload 8 changed_first_generation_update_ms: p50=6428.64 p95=10055.03 max=10526.28 (n=1000)
reload 8 rss_mib before=546 after=530 comms_sample=[4286055400]
reload 8 sessions_up 1000/1000
reload 8 stable_marker_peers 0/0
reload 8 withdrawals: v4 named 0/0 v6 named 0/0 leaked=0 bystander=0 stable=0 duplicate=0
reloadstall_csv,8,1000,1000,0,400000,9.179905,10.478315,10.596394,2336.783,5171.612,5638.939,2385.888,5171.612,5638.939,6428.640,10055.026,10526.279,546,530,0,1000,0
trip 1 announce_over wall_us=1789961172525605 member=0 prefixes=64
trip 1 torn_down wall_us=1789961172576948 after_s=0.051
trip 1 reconnect transport_retries=0 recovered_peers=0
trip 1 reestablished wall_us=1789961292705897 holddown_s=120.129
trip 1 reannounced wall_us=1789961292705987
trip_csv,1,1000,0.051,0.024,120.129,0.032,526,1000,0
trip 1 complete wall_us=1789961292807174 rss_mib=526
reload 9 SIGHUP wall_us=1789961292991697 policy=/tmp/rsfs.e7FLN0/gen-b.rpol
reload 9 daemon_applied complete_before=8 complete_after=9
reload 9 completion_s: p50=9.16 p95=10.49 max=11.17 (n=1000)
reload 9 maxgap_ms: p50=2102.67 p95=4910.78 max=5393.32 (n=1000)
reload 9 all_observer_maxgap_ms: p50=2106.34 p95=4910.78 max=5393.32 (n=1000)
reload 9 changed_first_generation_update_ms: p50=6568.98 p95=10085.25 max=10567.76 (n=1000)
reload 9 rss_mib before=558 after=541 comms_sample=[4286056400]
reload 9 sessions_up 1000/1000
reload 9 stable_marker_peers 0/0
reload 9 withdrawals: v4 named 0/0 v6 named 0/0 leaked=0 bystander=0 stable=0 duplicate=0
reloadstall_csv,9,1000,1000,0,400000,9.156775,10.490151,11.167909,2102.669,4910.778,5393.321,2106.343,4910.778,5393.321,6568.978,10085.255,10567.763,558,541,0,1000,0
reload 10 SIGHUP wall_us=1789963105381128 policy=/tmp/rsfs.e7FLN0/gen-a.rpol
reload 10 daemon_applied complete_before=9 complete_after=10
reload 10 completion_s: p50=6.91 p95=8.29 max=8.42 (n=1000)
reload 10 maxgap_ms: p50=2266.03 p95=3931.29 max=5083.06 (n=1000)
reload 10 all_observer_maxgap_ms: p50=2267.51 p95=3931.29 max=5083.06 (n=1000)
reload 10 changed_first_generation_update_ms: p50=4239.49 p95=5421.60 max=7883.96 (n=1000)
reload 10 rss_mib before=562 after=555 comms_sample=[4286055400]
reload 10 sessions_up 1000/1000
reload 10 stable_marker_peers 0/0
reload 10 withdrawals: v4 named 0/0 v6 named 0/0 leaked=0 bystander=0 stable=0 duplicate=0
reloadstall_csv,10,1000,1000,0,400000,6.910033,8.289951,8.419752,2266.034,3931.289,5083.059,2267.510,3931.289,5083.059,4239.490,5421.598,7883.960,562,555,0,1000,0
reload 11 SIGHUP wall_us=1789964914962647 policy=/tmp/rsfs.e7FLN0/gen-b.rpol
reload 11 daemon_applied complete_before=10 complete_after=11
reload 11 completion_s: p50=7.00 p95=8.21 max=8.73 (n=1000)
reload 11 maxgap_ms: p50=2336.44 p95=4282.89 max=5298.78 (n=1000)
reload 11 all_observer_maxgap_ms: p50=2336.44 p95=4282.89 max=5298.78 (n=1000)
reload 11 changed_first_generation_update_ms: p50=4312.15 p95=7164.03 max=8185.59 (n=1000)
reload 11 rss_mib before=524 after=528 comms_sample=[4286056400]
reload 11 sessions_up 1000/1000
reload 11 stable_marker_peers 0/0
reload 11 withdrawals: v4 named 0/0 v6 named 0/0 leaked=0 bystander=0 stable=0 duplicate=0
reloadstall_csv,11,1000,1000,0,400000,7.001362,8.208786,8.732978,2336.443,4282.894,5298.779,2336.443,4282.894,5298.779,4312.150,7164.033,8185.589,524,528,0,1000,0
reload 12 SIGHUP wall_us=1789966725008885 policy=/tmp/rsfs.e7FLN0/gen-a.rpol
reload 12 daemon_applied complete_before=11 complete_after=12
reload 12 completion_s: p50=6.99 p95=8.34 max=8.52 (n=1000)
reload 12 maxgap_ms: p50=2260.24 p95=4013.39 max=5544.78 (n=1000)
reload 12 all_observer_maxgap_ms: p50=2303.62 p95=4013.39 max=5544.78 (n=1000)
reload 12 changed_first_generation_update_ms: p50=4325.94 p95=5834.93 max=8434.57 (n=1000)
reload 12 rss_mib before=531 after=557 comms_sample=[4286055400]
reload 12 sessions_up 1000/1000
reload 12 stable_marker_peers 0/0
reload 12 withdrawals: v4 named 0/0 v6 named 0/0 leaked=0 bystander=0 stable=0 duplicate=0
reloadstall_csv,12,1000,1000,0,400000,6.993169,8.344347,8.522146,2260.237,4013.394,5544.782,2303.618,4013.394,5544.782,4325.938,5834.932,8434.566,531,557,0,1000,0
reload 13 SIGHUP wall_us=1789968534710216 policy=/tmp/rsfs.e7FLN0/gen-b.rpol
reload 13 daemon_applied complete_before=12 complete_after=13
reload 13 completion_s: p50=7.48 p95=8.91 max=9.19 (n=1000)
reload 13 maxgap_ms: p50=2424.99 p95=4952.07 max=5647.74 (n=1000)
reload 13 all_observer_maxgap_ms: p50=2434.51 p95=4952.07 max=5647.74 (n=1000)
reload 13 changed_first_generation_update_ms: p50=4638.57 p95=8152.06 max=8852.30 (n=1000)
reload 13 rss_mib before=513 after=540 comms_sample=[4286056400]
reload 13 sessions_up 1000/1000
reload 13 stable_marker_peers 0/0
reload 13 withdrawals: v4 named 0/0 v6 named 0/0 leaked=0 bystander=0 stable=0 duplicate=0
reloadstall_csv,13,1000,1000,0,400000,7.484912,8.905288,9.194548,2424.990,4952.071,5647.738,2434.515,4952.071,5647.738,4638.567,8152.064,8852.301,513,540,0,1000,0
reload 14 SIGHUP wall_us=1789970345420372 policy=/tmp/rsfs.e7FLN0/gen-a.rpol
reload 14 daemon_applied complete_before=13 complete_after=14
reload 14 completion_s: p50=8.38 p95=9.60 max=9.73 (n=1000)
reload 14 maxgap_ms: p50=2330.36 p95=3498.46 max=3833.80 (n=1000)
reload 14 all_observer_maxgap_ms: p50=2331.39 p95=3498.46 max=3833.80 (n=1000)
reload 14 changed_first_generation_update_ms: p50=5637.43 p95=6650.85 max=7865.98 (n=1000)
reload 14 rss_mib before=501 after=534 comms_sample=[4286055400]
reload 14 sessions_up 1000/1000
reload 14 stable_marker_peers 0/0
reload 14 withdrawals: v4 named 0/0 v6 named 0/0 leaked=0 bystander=0 stable=0 duplicate=0
reloadstall_csv,14,1000,1000,0,400000,8.379978,9.595312,9.734875,2330.355,3498.457,3833.797,2331.392,3498.457,3833.797,5637.430,6650.848,7865.983,501,534,0,1000,0
reload 15 SIGHUP wall_us=1789972156261113 policy=/tmp/rsfs.e7FLN0/gen-b.rpol
reload 15 daemon_applied complete_before=14 complete_after=15
reload 15 completion_s: p50=7.54 p95=8.80 max=9.48 (n=1000)
reload 15 maxgap_ms: p50=2144.78 p95=3600.58 max=5357.25 (n=1000)
reload 15 all_observer_maxgap_ms: p50=2146.94 p95=3600.58 max=5357.25 (n=1000)
reload 15 changed_first_generation_update_ms: p50=4888.97 p95=5902.59 max=8856.66 (n=1000)
reload 15 rss_mib before=541 after=531 comms_sample=[4286056400]
reload 15 sessions_up 1000/1000
reload 15 stable_marker_peers 0/0
reload 15 withdrawals: v4 named 0/0 v6 named 0/0 leaked=0 bystander=0 stable=0 duplicate=0
reloadstall_csv,15,1000,1000,0,400000,7.544435,8.801952,9.483750,2144.777,3600.579,5357.253,2146.941,3600.579,5357.253,4888.974,5902.589,8856.664,541,531,0,1000,0
reload 16 SIGHUP wall_us=1789973966877358 policy=/tmp/rsfs.e7FLN0/gen-a.rpol
reload 16 daemon_applied complete_before=15 complete_after=16
reload 16 completion_s: p50=7.19 p95=8.34 max=9.04 (n=1000)
reload 16 maxgap_ms: p50=2274.85 p95=5221.26 max=5528.96 (n=1000)
reload 16 all_observer_maxgap_ms: p50=2305.23 p95=5221.26 max=5528.96 (n=1000)
reload 16 changed_first_generation_update_ms: p50=4348.32 p95=8131.13 max=8432.14 (n=1000)
reload 16 rss_mib before=540 after=565 comms_sample=[4286055400]
reload 16 sessions_up 1000/1000
reload 16 stable_marker_peers 0/0
reload 16 withdrawals: v4 named 0/0 v6 named 0/0 leaked=0 bystander=0 stable=0 duplicate=0
reloadstall_csv,16,1000,1000,0,400000,7.189458,8.335282,9.040145,2274.850,5221.255,5528.959,2305.230,5221.255,5528.959,4348.319,8131.133,8432.140,540,565,0,1000,0
trip 2 announce_over wall_us=1789975776743148 member=0 prefixes=64
trip 2 torn_down wall_us=1789975776794740 after_s=0.052
trip 2 reconnect transport_retries=59 recovered_peers=1
trip 2 reestablished wall_us=1789975896839156 holddown_s=120.044
trip 2 reannounced wall_us=1789975896839221
trip_csv,2,1000,0.052,0.171,120.044,0.116,532,1000,0
trip 2 complete wall_us=1789975897041162 rss_mib=532
reload 17 SIGHUP wall_us=1789975897212730 policy=/tmp/rsfs.e7FLN0/gen-b.rpol
reload 17 daemon_applied complete_before=16 complete_after=17
reload 17 completion_s: p50=9.10 p95=10.28 max=10.73 (n=1000)
reload 17 maxgap_ms: p50=2449.52 p95=3997.36 max=5160.89 (n=1000)
reload 17 all_observer_maxgap_ms: p50=2449.52 p95=3997.36 max=5160.89 (n=1000)
reload 17 changed_first_generation_update_ms: p50=6255.03 p95=8735.85 max=9967.50 (n=1000)
reload 17 rss_mib before=538 after=519 comms_sample=[4286056400]
reload 17 sessions_up 1000/1000
reload 17 stable_marker_peers 0/0
reload 17 withdrawals: v4 named 0/0 v6 named 0/0 leaked=0 bystander=0 stable=0 duplicate=0
reloadstall_csv,17,1000,1000,0,400000,9.099880,10.281990,10.730801,2449.521,3997.360,5160.892,2449.521,3997.360,5160.892,6255.028,8735.852,9967.499,538,519,0,1000,0
reload 18 SIGHUP wall_us=1789977709197512 policy=/tmp/rsfs.e7FLN0/gen-a.rpol
reload 18 daemon_applied complete_before=17 complete_after=18
reload 18 completion_s: p50=7.36 p95=8.58 max=9.12 (n=1000)
reload 18 maxgap_ms: p50=2284.60 p95=5274.68 max=5650.95 (n=1000)
reload 18 all_observer_maxgap_ms: p50=2284.60 p95=5274.68 max=5650.95 (n=1000)
reload 18 changed_first_generation_update_ms: p50=4394.22 p95=8224.64 max=8594.40 (n=1000)
reload 18 rss_mib before=548 after=546 comms_sample=[4286055400]
reload 18 sessions_up 1000/1000
reload 18 stable_marker_peers 0/0
reload 18 withdrawals: v4 named 0/0 v6 named 0/0 leaked=0 bystander=0 stable=0 duplicate=0
reloadstall_csv,18,1000,1000,0,400000,7.359136,8.582523,9.118868,2284.603,5274.677,5650.947,2284.603,5274.677,5650.947,4394.217,8224.636,8594.403,548,546,0,1000,0
reload 19 SIGHUP wall_us=1789979519387992 policy=/tmp/rsfs.e7FLN0/gen-b.rpol
reload 19 daemon_applied complete_before=18 complete_after=19
reload 19 completion_s: p50=8.34 p95=9.60 max=9.73 (n=1000)
reload 19 maxgap_ms: p50=2633.30 p95=3990.04 max=5544.54 (n=1000)
reload 19 all_observer_maxgap_ms: p50=2633.30 p95=3990.04 max=5544.54 (n=1000)
reload 19 changed_first_generation_update_ms: p50=5569.18 p95=7974.77 max=9519.42 (n=1000)
reload 19 rss_mib before=549 after=569 comms_sample=[4286056400]
reload 19 sessions_up 1000/1000
reload 19 stable_marker_peers 0/0
reload 19 withdrawals: v4 named 0/0 v6 named 0/0 leaked=0 bystander=0 stable=0 duplicate=0
reloadstall_csv,19,1000,1000,0,400000,8.342850,9.603237,9.734371,2633.302,3990.037,5544.542,2633.302,3990.037,5544.542,5569.184,7974.775,9519.423,549,569,0,1000,0
reload 20 SIGHUP wall_us=1789981330427837 policy=/tmp/rsfs.e7FLN0/gen-a.rpol
reload 20 daemon_applied complete_before=19 complete_after=20
reload 20 completion_s: p50=7.25 p95=8.61 max=9.08 (n=1000)
reload 20 maxgap_ms: p50=2308.53 p95=4843.59 max=5520.21 (n=1000)
reload 20 all_observer_maxgap_ms: p50=2308.53 p95=4843.59 max=5520.21 (n=1000)
reload 20 changed_first_generation_update_ms: p50=4595.91 p95=7972.83 max=8645.92 (n=1000)
reload 20 rss_mib before=530 after=554 comms_sample=[4286055400]
reload 20 sessions_up 1000/1000
reload 20 stable_marker_peers 0/0
reload 20 withdrawals: v4 named 0/0 v6 named 0/0 leaked=0 bystander=0 stable=0 duplicate=0
reloadstall_csv,20,1000,1000,0,400000,7.254430,8.614921,9.077323,2308.527,4843.586,5520.206,2308.527,4843.586,5520.206,4595.907,7972.826,8645.919,530,554,0,1000,0
reload 21 SIGHUP wall_us=1789983141003932 policy=/tmp/rsfs.e7FLN0/gen-b.rpol
reload 21 daemon_applied complete_before=20 complete_after=21
reload 21 completion_s: p50=7.59 p95=8.96 max=9.81 (n=1000)
reload 21 maxgap_ms: p50=2051.72 p95=4687.04 max=5437.42 (n=1000)
reload 21 all_observer_maxgap_ms: p50=2071.13 p95=4687.04 max=5437.42 (n=1000)
reload 21 changed_first_generation_update_ms: p50=5069.07 p95=8246.00 max=8998.33 (n=1000)
reload 21 rss_mib before=552 after=534 comms_sample=[4286056400]
reload 21 sessions_up 1000/1000
reload 21 stable_marker_peers 0/0
reload 21 withdrawals: v4 named 0/0 v6 named 0/0 leaked=0 bystander=0 stable=0 duplicate=0
reloadstall_csv,21,1000,1000,0,400000,7.593225,8.955234,9.813119,2051.724,4687.043,5437.421,2071.132,4687.043,5437.421,5069.072,8246.002,8998.327,552,534,0,1000,0
reload 22 SIGHUP wall_us=1789984951992221 policy=/tmp/rsfs.e7FLN0/gen-a.rpol
reload 22 daemon_applied complete_before=21 complete_after=22
reload 22 completion_s: p50=7.13 p95=8.23 max=8.36 (n=1000)
reload 22 maxgap_ms: p50=2383.32 p95=4250.32 max=5320.93 (n=1000)
reload 22 all_observer_maxgap_ms: p50=2459.86 p95=4250.32 max=5320.93 (n=1000)
reload 22 changed_first_generation_update_ms: p50=4322.82 p95=7119.57 max=8190.46 (n=1000)
reload 22 rss_mib before=557 after=535 comms_sample=[4286055400]
reload 22 sessions_up 1000/1000
reload 22 stable_marker_peers 0/0
reload 22 withdrawals: v4 named 0/0 v6 named 0/0 leaked=0 bystander=0 stable=0 duplicate=0
reloadstall_csv,22,1000,1000,0,400000,7.128085,8.228126,8.361362,2383.317,4250.320,5320.925,2459.863,4250.320,5320.925,4322.821,7119.569,8190.461,557,535,0,1000,0
reload 23 SIGHUP wall_us=1789986761579175 policy=/tmp/rsfs.e7FLN0/gen-b.rpol
reload 23 daemon_applied complete_before=22 complete_after=23
reload 23 completion_s: p50=7.16 p95=8.44 max=8.60 (n=1000)
reload 23 maxgap_ms: p50=2222.39 p95=3830.80 max=5282.12 (n=1000)
reload 23 all_observer_maxgap_ms: p50=2222.39 p95=3830.80 max=5282.12 (n=1000)
reload 23 changed_first_generation_update_ms: p50=4671.47 p95=7083.79 max=8523.37 (n=1000)
reload 23 rss_mib before=503 after=593 comms_sample=[4286056400]
reload 23 sessions_up 1000/1000
reload 23 stable_marker_peers 0/0
reload 23 withdrawals: v4 named 0/0 v6 named 0/0 leaked=0 bystander=0 stable=0 duplicate=0
reloadstall_csv,23,1000,1000,0,400000,7.157854,8.440845,8.597114,2222.385,3830.798,5282.125,2222.385,3830.798,5282.125,4671.471,7083.792,8523.373,503,593,0,1000,0
reload 24 SIGHUP wall_us=1789988571411476 policy=/tmp/rsfs.e7FLN0/gen-a.rpol
reload 24 daemon_applied complete_before=23 complete_after=24
reload 24 completion_s: p50=6.97 p95=8.23 max=8.34 (n=1000)
reload 24 maxgap_ms: p50=2266.91 p95=4139.88 max=5318.25 (n=1000)
reload 24 all_observer_maxgap_ms: p50=2293.16 p95=4139.88 max=5318.25 (n=1000)
reload 24 changed_first_generation_update_ms: p50=4460.11 p95=7107.29 max=8289.07 (n=1000)
reload 24 rss_mib before=519 after=555 comms_sample=[4286055400]
reload 24 sessions_up 1000/1000
reload 24 stable_marker_peers 0/0
reload 24 withdrawals: v4 named 0/0 v6 named 0/0 leaked=0 bystander=0 stable=0 duplicate=0
reloadstall_csv,24,1000,1000,0,400000,6.970904,8.228882,8.342313,2266.906,4139.875,5318.253,2293.157,4139.875,5318.253,4460.107,7107.294,8289.074,519,555,0,1000,0
trip 3 announce_over wall_us=1789990380637498 member=0 prefixes=64
trip 3 torn_down wall_us=1789990380688982 after_s=0.051
trip 3 reconnect transport_retries=0 recovered_peers=0
trip 3 reestablished wall_us=1789990500812826 holddown_s=120.124
trip 3 reannounced wall_us=1789990500812889
trip_csv,3,1000,0.051,0.000,120.124,0.093,529,1000,0
trip 3 complete wall_us=1789990500916081 rss_mib=529
reload 25 SIGHUP wall_us=1789990501126992 policy=/tmp/rsfs.e7FLN0/gen-b.rpol
reload 25 daemon_applied complete_before=24 complete_after=25
reload 25 completion_s: p50=10.72 p95=11.86 max=12.46 (n=1000)
reload 25 maxgap_ms: p50=2770.06 p95=5211.96 max=6671.71 (n=1000)
reload 25 all_observer_maxgap_ms: p50=2770.06 p95=5211.96 max=6671.71 (n=1000)
reload 25 changed_first_generation_update_ms: p50=7926.34 p95=10431.24 max=11890.71 (n=1000)
reload 25 rss_mib before=550 after=536 comms_sample=[4286056400]
reload 25 sessions_up 1000/1000
reload 25 stable_marker_peers 0/0
reload 25 withdrawals: v4 named 0/0 v6 named 0/0 leaked=0 bystander=0 stable=0 duplicate=0
reloadstall_csv,25,1000,1000,0,400000,10.715580,11.859080,12.456701,2770.061,5211.956,6671.713,2770.061,5211.956,6671.713,7926.339,10431.235,11890.712,550,536,0,1000,0
reload 26 SIGHUP wall_us=1789992314724217 policy=/tmp/rsfs.e7FLN0/gen-a.rpol
reload 26 daemon_applied complete_before=25 complete_after=26
reload 26 completion_s: p50=7.09 p95=8.34 max=9.03 (n=1000)
reload 26 maxgap_ms: p50=2322.57 p95=3946.73 max=5291.17 (n=1000)
reload 26 all_observer_maxgap_ms: p50=2339.18 p95=3946.73 max=5291.17 (n=1000)
reload 26 changed_first_generation_update_ms: p50=4467.54 p95=6934.21 max=8280.69 (n=1000)
reload 26 rss_mib before=526 after=554 comms_sample=[4286055400]
reload 26 sessions_up 1000/1000
reload 26 stable_marker_peers 0/0
reload 26 withdrawals: v4 named 0/0 v6 named 0/0 leaked=0 bystander=0 stable=0 duplicate=0
reloadstall_csv,26,1000,1000,0,400000,7.087601,8.344901,9.033397,2322.569,3946.727,5291.169,2339.182,3946.727,5291.169,4467.537,6934.213,8280.691,526,554,0,1000,0
reload 27 SIGHUP wall_us=1789994124995901 policy=/tmp/rsfs.e7FLN0/gen-b.rpol
reload 27 daemon_applied complete_before=26 complete_after=27
reload 27 completion_s: p50=6.95 p95=8.21 max=8.38 (n=1000)
reload 27 maxgap_ms: p50=2022.01 p95=4554.81 max=5343.87 (n=1000)
reload 27 all_observer_maxgap_ms: p50=2033.45 p95=4554.81 max=5343.87 (n=1000)
reload 27 changed_first_generation_update_ms: p50=4349.96 p95=7520.98 max=8310.63 (n=1000)
reload 27 rss_mib before=590 after=578 comms_sample=[4286056400]
reload 27 sessions_up 1000/1000
reload 27 stable_marker_peers 0/0
reload 27 withdrawals: v4 named 0/0 v6 named 0/0 leaked=0 bystander=0 stable=0 duplicate=0
reloadstall_csv,27,1000,1000,0,400000,6.948878,8.208639,8.380097,2022.013,4554.815,5343.872,2033.453,4554.815,5343.872,4349.959,7520.975,8310.632,590,578,0,1000,0
reload 28 SIGHUP wall_us=1789995934477635 policy=/tmp/rsfs.e7FLN0/gen-a.rpol
reload 28 daemon_applied complete_before=27 complete_after=28
reload 28 completion_s: p50=7.15 p95=8.42 max=8.93 (n=1000)
reload 28 maxgap_ms: p50=2306.22 p95=5114.57 max=5532.03 (n=1000)
reload 28 all_observer_maxgap_ms: p50=2312.12 p95=5114.57 max=5532.03 (n=1000)
reload 28 changed_first_generation_update_ms: p50=4472.23 p95=8096.78 max=8511.24 (n=1000)
reload 28 rss_mib before=523 after=567 comms_sample=[4286055400]
reload 28 sessions_up 1000/1000
reload 28 stable_marker_peers 0/0
reload 28 withdrawals: v4 named 0/0 v6 named 0/0 leaked=0 bystander=0 stable=0 duplicate=0
reloadstall_csv,28,1000,1000,0,400000,7.153303,8.424524,8.925338,2306.219,5114.569,5532.032,2312.121,5114.569,5532.032,4472.234,8096.784,8511.243,523,567,0,1000,0
reload 29 SIGHUP wall_us=1789997744677664 policy=/tmp/rsfs.e7FLN0/gen-b.rpol
reload 29 daemon_applied complete_before=28 complete_after=29
reload 29 completion_s: p50=8.56 p95=9.67 max=9.82 (n=1000)
reload 29 maxgap_ms: p50=2393.28 p95=3771.76 max=5349.24 (n=1000)
reload 29 all_observer_maxgap_ms: p50=2393.80 p95=3771.76 max=5349.24 (n=1000)
reload 29 changed_first_generation_update_ms: p50=5679.50 p95=7083.25 max=9555.96 (n=1000)
reload 29 rss_mib before=531 after=580 comms_sample=[4286056400]
reload 29 sessions_up 1000/1000
reload 29 stable_marker_peers 0/0
reload 29 withdrawals: v4 named 0/0 v6 named 0/0 leaked=0 bystander=0 stable=0 duplicate=0
reloadstall_csv,29,1000,1000,0,400000,8.559972,9.671230,9.819275,2393.282,3771.765,5349.240,2393.801,3771.765,5349.240,5679.501,7083.249,9555.959,531,580,0,1000,0
reload 30 SIGHUP wall_us=1789999555643358 policy=/tmp/rsfs.e7FLN0/gen-a.rpol
reload 30 daemon_applied complete_before=29 complete_after=30
reload 30 completion_s: p50=7.33 p95=8.63 max=8.79 (n=1000)
reload 30 maxgap_ms: p50=2197.61 p95=3852.57 max=5489.10 (n=1000)
reload 30 all_observer_maxgap_ms: p50=2261.34 p95=3852.57 max=5489.10 (n=1000)
reload 30 changed_first_generation_update_ms: p50=4518.15 p95=6232.71 max=8503.28 (n=1000)
reload 30 rss_mib before=556 after=551 comms_sample=[4286055400]
reload 30 sessions_up 1000/1000
reload 30 stable_marker_peers 0/0
reload 30 withdrawals: v4 named 0/0 v6 named 0/0 leaked=0 bystander=0 stable=0 duplicate=0
reloadstall_csv,30,1000,1000,0,400000,7.327739,8.634036,8.786265,2197.609,3852.571,5489.102,2261.340,3852.571,5489.102,4518.151,6232.708,8503.279,556,551,0,1000,0
reload 31 SIGHUP wall_us=1790001365841700 policy=/tmp/rsfs.e7FLN0/gen-b.rpol
reload 31 daemon_applied complete_before=30 complete_after=31
reload 31 completion_s: p50=8.23 p95=9.44 max=9.58 (n=1000)
reload 31 maxgap_ms: p50=2439.86 p95=3649.80 max=5133.14 (n=1000)
reload 31 all_observer_maxgap_ms: p50=2459.38 p95=3649.80 max=5133.14 (n=1000)
reload 31 changed_first_generation_update_ms: p50=5445.87 p95=7114.33 max=9165.36 (n=1000)
reload 31 rss_mib before=515 after=537 comms_sample=[4286056400]
reload 31 sessions_up 1000/1000
reload 31 stable_marker_peers 0/0
reload 31 withdrawals: v4 named 0/0 v6 named 0/0 leaked=0 bystander=0 stable=0 duplicate=0
reloadstall_csv,31,1000,1000,0,400000,8.227453,9.444422,9.578801,2439.858,3649.803,5133.139,2459.381,3649.803,5133.139,5445.866,7114.334,9165.358,515,537,0,1000,0
reload 32 SIGHUP wall_us=1790003176473792 policy=/tmp/rsfs.e7FLN0/gen-a.rpol
reload 32 daemon_applied complete_before=31 complete_after=32
reload 32 completion_s: p50=7.48 p95=8.98 max=9.16 (n=1000)
reload 32 maxgap_ms: p50=2186.39 p95=5325.87 max=5677.62 (n=1000)
reload 32 all_observer_maxgap_ms: p50=2186.39 p95=5325.87 max=5677.62 (n=1000)
reload 32 changed_first_generation_update_ms: p50=4915.79 p95=8745.12 max=9096.21 (n=1000)
reload 32 rss_mib before=563 after=568 comms_sample=[4286055400]
reload 32 sessions_up 1000/1000
reload 32 stable_marker_peers 0/0
reload 32 withdrawals: v4 named 0/0 v6 named 0/0 leaked=0 bystander=0 stable=0 duplicate=0
reloadstall_csv,32,1000,1000,0,400000,7.479250,8.975343,9.162834,2186.386,5325.869,5677.621,2186.386,5325.869,5677.621,4915.786,8745.124,9096.214,563,568,0,1000,0
trip 4 announce_over wall_us=1790004986696288 member=0 prefixes=64
trip 4 torn_down wall_us=1790004986746985 after_s=0.051
trip 4 reconnect transport_retries=0 recovered_peers=0
trip 4 reestablished wall_us=1790005106872752 holddown_s=120.126
trip 4 reannounced wall_us=1790005106872877
trip_csv,4,1000,0.051,0.005,120.126,1.043,580,1000,0
trip 4 complete wall_us=1790005107985957 rss_mib=580
reload 33 SIGHUP wall_us=1790005108193475 policy=/tmp/rsfs.e7FLN0/gen-b.rpol
reload 33 daemon_applied complete_before=32 complete_after=33
reload 33 completion_s: p50=8.35 p95=9.23 max=9.74 (n=1000)
reload 33 maxgap_ms: p50=2468.26 p95=3547.69 max=5503.65 (n=1000)
reload 33 all_observer_maxgap_ms: p50=2468.26 p95=3547.69 max=5503.65 (n=1000)
reload 33 changed_first_generation_update_ms: p50=5209.64 p95=6650.08 max=9257.22 (n=1000)
reload 33 rss_mib before=534 after=521 comms_sample=[4286056400]
reload 33 sessions_up 1000/1000
reload 33 stable_marker_peers 0/0
reload 33 withdrawals: v4 named 0/0 v6 named 0/0 leaked=0 bystander=0 stable=0 duplicate=0
reloadstall_csv,33,1000,1000,0,400000,8.353804,9.234581,9.737602,2468.264,3547.693,5503.648,2468.264,3547.693,5503.648,5209.638,6650.083,9257.220,534,521,0,1000,0
reload 34 SIGHUP wall_us=1790006919570934 policy=/tmp/rsfs.e7FLN0/gen-a.rpol
reload 34 daemon_applied complete_before=33 complete_after=34
reload 34 completion_s: p50=7.23 p95=8.69 max=8.84 (n=1000)
reload 34 maxgap_ms: p50=2457.36 p95=4674.93 max=5693.46 (n=1000)
reload 34 all_observer_maxgap_ms: p50=2457.36 p95=4674.93 max=5693.46 (n=1000)
reload 34 changed_first_generation_update_ms: p50=4491.96 p95=7722.41 max=8739.94 (n=1000)
reload 34 rss_mib before=509 after=533 comms_sample=[4286055400]
reload 34 sessions_up 1000/1000
reload 34 stable_marker_peers 0/0
reload 34 withdrawals: v4 named 0/0 v6 named 0/0 leaked=0 bystander=0 stable=0 duplicate=0
reloadstall_csv,34,1000,1000,0,400000,7.232904,8.685200,8.838605,2457.358,4674.934,5693.457,2457.358,4674.934,5693.457,4491.964,7722.411,8739.939,509,533,0,1000,0
reload 35 SIGHUP wall_us=1790008729478187 policy=/tmp/rsfs.e7FLN0/gen-b.rpol
reload 35 daemon_applied complete_before=34 complete_after=35
reload 35 completion_s: p50=7.08 p95=8.46 max=8.58 (n=1000)
reload 35 maxgap_ms: p50=2356.92 p95=4941.34 max=5486.52 (n=1000)
reload 35 all_observer_maxgap_ms: p50=2356.92 p95=4941.34 max=5486.52 (n=1000)
reload 35 changed_first_generation_update_ms: p50=4443.96 p95=7950.96 max=8496.82 (n=1000)
reload 35 rss_mib before=521 after=571 comms_sample=[4286056400]
reload 35 sessions_up 1000/1000
reload 35 stable_marker_peers 0/0
reload 35 withdrawals: v4 named 0/0 v6 named 0/0 leaked=0 bystander=0 stable=0 duplicate=0
reloadstall_csv,35,1000,1000,0,400000,7.084603,8.457179,8.577268,2356.922,4941.336,5486.525,2356.922,4941.336,5486.525,4443.959,7950.960,8496.818,521,571,0,1000,0
reload 36 SIGHUP wall_us=1790010539310569 policy=/tmp/rsfs.e7FLN0/gen-a.rpol
reload 36 daemon_applied complete_before=35 complete_after=36
reload 36 completion_s: p50=7.73 p95=8.96 max=9.61 (n=1000)
reload 36 maxgap_ms: p50=2216.23 p95=4610.46 max=5468.77 (n=1000)
reload 36 all_observer_maxgap_ms: p50=2216.23 p95=4610.46 max=5468.77 (n=1000)
reload 36 changed_first_generation_update_ms: p50=4945.01 p95=8004.74 max=8868.05 (n=1000)
reload 36 rss_mib before=518 after=546 comms_sample=[4286055400]
reload 36 sessions_up 1000/1000
reload 36 stable_marker_peers 0/0
reload 36 withdrawals: v4 named 0/0 v6 named 0/0 leaked=0 bystander=0 stable=0 duplicate=0
reloadstall_csv,36,1000,1000,0,400000,7.725822,8.960789,9.607734,2216.227,4610.457,5468.765,2216.227,4610.457,5468.765,4945.012,8004.738,8868.050,518,546,0,1000,0
reload 37 SIGHUP wall_us=1790012350085001 policy=/tmp/rsfs.e7FLN0/gen-b.rpol
reload 37 daemon_applied complete_before=36 complete_after=37
reload 37 completion_s: p50=6.82 p95=8.15 max=8.30 (n=1000)
reload 37 maxgap_ms: p50=2459.09 p95=3985.25 max=5233.11 (n=1000)
reload 37 all_observer_maxgap_ms: p50=2463.56 p95=3985.25 max=5233.11 (n=1000)
reload 37 changed_first_generation_update_ms: p50=4183.46 p95=6399.37 max=7952.28 (n=1000)
reload 37 rss_mib before=548 after=557 comms_sample=[4286056400]
reload 37 sessions_up 1000/1000
reload 37 stable_marker_peers 0/0
reload 37 withdrawals: v4 named 0/0 v6 named 0/0 leaked=0 bystander=0 stable=0 duplicate=0
reloadstall_csv,37,1000,1000,0,400000,6.818311,8.149727,8.304991,2459.086,3985.247,5233.113,2463.562,3985.247,5233.113,4183.459,6399.373,7952.282,548,557,0,1000,0
reload 38 SIGHUP wall_us=1790014159838391 policy=/tmp/rsfs.e7FLN0/gen-a.rpol
reload 38 daemon_applied complete_before=37 complete_after=38
reload 38 completion_s: p50=7.12 p95=8.48 max=9.11 (n=1000)
reload 38 maxgap_ms: p50=2233.53 p95=5141.46 max=5528.33 (n=1000)
reload 38 all_observer_maxgap_ms: p50=2248.90 p95=5141.46 max=5528.33 (n=1000)
reload 38 changed_first_generation_update_ms: p50=4456.97 p95=8173.09 max=8557.49 (n=1000)
reload 38 rss_mib before=533 after=552 comms_sample=[4286055400]
reload 38 sessions_up 1000/1000
reload 38 stable_marker_peers 0/0
reload 38 withdrawals: v4 named 0/0 v6 named 0/0 leaked=0 bystander=0 stable=0 duplicate=0
reloadstall_csv,38,1000,1000,0,400000,7.119452,8.481687,9.106515,2233.526,5141.459,5528.331,2248.899,5141.459,5528.331,4456.970,8173.091,8557.485,533,552,0,1000,0
reload 39 SIGHUP wall_us=1790015970151829 policy=/tmp/rsfs.e7FLN0/gen-b.rpol
reload 39 daemon_applied complete_before=38 complete_after=39
reload 39 completion_s: p50=7.07 p95=8.25 max=8.39 (n=1000)
reload 39 maxgap_ms: p50=2236.34 p95=3953.23 max=5377.10 (n=1000)
reload 39 all_observer_maxgap_ms: p50=2240.60 p95=3953.23 max=5377.10 (n=1000)
reload 39 changed_first_generation_update_ms: p50=4341.10 p95=6873.31 max=8297.96 (n=1000)
reload 39 rss_mib before=522 after=595 comms_sample=[4286056400]
reload 39 sessions_up 1000/1000
reload 39 stable_marker_peers 0/0
reload 39 withdrawals: v4 named 0/0 v6 named 0/0 leaked=0 bystander=0 stable=0 duplicate=0
reloadstall_csv,39,1000,1000,0,400000,7.068208,8.250769,8.387524,2236.338,3953.227,5377.097,2240.596,3953.227,5377.097,4341.097,6873.315,8297.958,522,595,0,1000,0
reload 40 SIGHUP wall_us=1790017779637074 policy=/tmp/rsfs.e7FLN0/gen-a.rpol
reload 40 daemon_applied complete_before=39 complete_after=40
reload 40 completion_s: p50=7.27 p95=8.42 max=8.53 (n=1000)
reload 40 maxgap_ms: p50=2304.94 p95=3556.04 max=5274.20 (n=1000)
reload 40 all_observer_maxgap_ms: p50=2304.94 p95=3556.04 max=5274.20 (n=1000)
reload 40 changed_first_generation_update_ms: p50=4498.55 p95=5525.10 max=8307.85 (n=1000)
reload 40 rss_mib before=528 after=529 comms_sample=[4286055400]
reload 40 sessions_up 1000/1000
reload 40 stable_marker_peers 0/0
reload 40 withdrawals: v4 named 0/0 v6 named 0/0 leaked=0 bystander=0 stable=0 duplicate=0
reloadstall_csv,40,1000,1000,0,400000,7.271084,8.422163,8.529353,2304.944,3556.039,5274.203,2304.944,3556.039,5274.203,4498.547,5525.100,8307.848,528,529,0,1000,0
trip 5 announce_over wall_us=1790019589120955 member=0 prefixes=64
trip 5 torn_down wall_us=1790019589171869 after_s=0.051
trip 5 reconnect transport_retries=0 recovered_peers=0
trip 5 reestablished wall_us=1790019709295846 holddown_s=120.124
trip 5 reannounced wall_us=1790019709295909
trip_csv,5,1000,0.051,0.000,120.124,0.055,510,1000,0
trip 5 complete wall_us=1790019709398069 rss_mib=510
reload 41 SIGHUP wall_us=1790019709576979 policy=/tmp/rsfs.e7FLN0/gen-b.rpol
reload 41 daemon_applied complete_before=40 complete_after=41
reload 41 completion_s: p50=9.18 p95=10.34 max=10.75 (n=1000)
reload 41 maxgap_ms: p50=2403.64 p95=4795.21 max=5560.19 (n=1000)
reload 41 all_observer_maxgap_ms: p50=2416.03 p95=4795.21 max=5560.19 (n=1000)
reload 41 changed_first_generation_update_ms: p50=6340.09 p95=9601.15 max=10366.06 (n=1000)
reload 41 rss_mib before=539 after=511 comms_sample=[4286056400]
reload 41 sessions_up 1000/1000
reload 41 stable_marker_peers 0/0
reload 41 withdrawals: v4 named 0/0 v6 named 0/0 leaked=0 bystander=0 stable=0 duplicate=0
reloadstall_csv,41,1000,1000,0,400000,9.183383,10.340360,10.750291,2403.635,4795.208,5560.188,2416.033,4795.208,5560.188,6340.093,9601.146,10366.056,539,511,0,1000,0
reload 42 SIGHUP wall_us=1790021521570331 policy=/tmp/rsfs.e7FLN0/gen-a.rpol
reload 42 daemon_applied complete_before=41 complete_after=42
reload 42 completion_s: p50=8.48 p95=9.90 max=10.05 (n=1000)
reload 42 maxgap_ms: p50=2316.45 p95=4435.68 max=5388.07 (n=1000)
reload 42 all_observer_maxgap_ms: p50=2316.45 p95=4435.68 max=5388.07 (n=1000)
reload 42 changed_first_generation_update_ms: p50=5891.82 p95=8871.34 max=9833.31 (n=1000)
reload 42 rss_mib before=513 after=562 comms_sample=[4286055400]
reload 42 sessions_up 1000/1000
reload 42 stable_marker_peers 0/0
reload 42 withdrawals: v4 named 0/0 v6 named 0/0 leaked=0 bystander=0 stable=0 duplicate=0
reloadstall_csv,42,1000,1000,0,400000,8.484258,9.895368,10.051760,2316.450,4435.677,5388.071,2316.450,4435.677,5388.071,5891.816,8871.342,9833.306,513,562,0,1000,0
reload 43 SIGHUP wall_us=1790023332748889 policy=/tmp/rsfs.e7FLN0/gen-b.rpol
reload 43 daemon_applied complete_before=42 complete_after=43
reload 43 completion_s: p50=7.36 p95=8.85 max=8.98 (n=1000)
reload 43 maxgap_ms: p50=2307.70 p95=5045.05 max=5552.36 (n=1000)
reload 43 all_observer_maxgap_ms: p50=2347.78 p95=5045.05 max=5552.36 (n=1000)
reload 43 changed_first_generation_update_ms: p50=4717.73 p95=8329.74 max=8833.90 (n=1000)
reload 43 rss_mib before=523 after=564 comms_sample=[4286056400]
reload 43 sessions_up 1000/1000
reload 43 stable_marker_peers 0/0
reload 43 withdrawals: v4 named 0/0 v6 named 0/0 leaked=0 bystander=0 stable=0 duplicate=0
reloadstall_csv,43,1000,1000,0,400000,7.363548,8.849640,8.976964,2307.704,5045.048,5552.364,2347.778,5045.048,5552.364,4717.732,8329.738,8833.897,523,564,0,1000,0
reload 44 SIGHUP wall_us=1790025142878874 policy=/tmp/rsfs.e7FLN0/gen-a.rpol
reload 44 daemon_applied complete_before=43 complete_after=44
reload 44 completion_s: p50=6.98 p95=8.34 max=8.51 (n=1000)
reload 44 maxgap_ms: p50=2025.90 p95=4844.56 max=5288.16 (n=1000)
reload 44 all_observer_maxgap_ms: p50=2027.11 p95=4844.56 max=5288.16 (n=1000)
reload 44 changed_first_generation_update_ms: p50=4460.46 p95=7961.93 max=8403.56 (n=1000)
reload 44 rss_mib before=549 after=519 comms_sample=[4286055400]
reload 44 sessions_up 1000/1000
reload 44 stable_marker_peers 0/0
reload 44 withdrawals: v4 named 0/0 v6 named 0/0 leaked=0 bystander=0 stable=0 duplicate=0
reloadstall_csv,44,1000,1000,0,400000,6.977949,8.339998,8.507840,2025.897,4844.556,5288.157,2027.113,4844.556,5288.157,4460.460,7961.932,8403.559,549,519,0,1000,0
reload 45 SIGHUP wall_us=1790026952473267 policy=/tmp/rsfs.e7FLN0/gen-b.rpol
reload 45 daemon_applied complete_before=44 complete_after=45
reload 45 completion_s: p50=8.02 p95=9.35 max=9.97 (n=1000)
reload 45 maxgap_ms: p50=2569.25 p95=4269.73 max=5569.07 (n=1000)
reload 45 all_observer_maxgap_ms: p50=2569.25 p95=4269.73 max=5569.07 (n=1000)
reload 45 changed_first_generation_update_ms: p50=5223.52 p95=8014.93 max=9316.98 (n=1000)
reload 45 rss_mib before=522 after=519 comms_sample=[4286056400]
reload 45 sessions_up 1000/1000
reload 45 stable_marker_peers 0/0
reload 45 withdrawals: v4 named 0/0 v6 named 0/0 leaked=0 bystander=0 stable=0 duplicate=0
reloadstall_csv,45,1000,1000,0,400000,8.020859,9.352217,9.971094,2569.251,4269.729,5569.071,2569.251,4269.729,5569.071,5223.520,8014.925,9316.977,522,519,0,1000,0
reload 46 SIGHUP wall_us=1790028763628127 policy=/tmp/rsfs.e7FLN0/gen-a.rpol
reload 46 daemon_applied complete_before=45 complete_after=46
reload 46 completion_s: p50=7.74 p95=9.19 max=9.30 (n=1000)
reload 46 maxgap_ms: p50=2684.88 p95=4655.69 max=6069.42 (n=1000)
reload 46 all_observer_maxgap_ms: p50=2772.79 p95=4655.69 max=6069.42 (n=1000)
reload 46 changed_first_generation_update_ms: p50=4656.74 p95=7830.46 max=9241.85 (n=1000)
reload 46 rss_mib before=533 after=547 comms_sample=[4286055400]
reload 46 sessions_up 1000/1000
reload 46 stable_marker_peers 0/0
reload 46 withdrawals: v4 named 0/0 v6 named 0/0 leaked=0 bystander=0 stable=0 duplicate=0
reloadstall_csv,46,1000,1000,0,400000,7.743156,9.192011,9.304858,2684.880,4655.694,6069.420,2772.787,4655.694,6069.420,4656.744,7830.463,9241.853,533,547,0,1000,0
reload 47 SIGHUP wall_us=1790030573962799 policy=/tmp/rsfs.e7FLN0/gen-b.rpol
reload 47 daemon_applied complete_before=46 complete_after=47
reload 47 completion_s: p50=7.06 p95=8.46 max=9.11 (n=1000)
reload 47 maxgap_ms: p50=2559.82 p95=4015.30 max=4899.70 (n=1000)
reload 47 all_observer_maxgap_ms: p50=2569.66 p95=4015.30 max=4899.70 (n=1000)
reload 47 changed_first_generation_update_ms: p50=4238.86 p95=6486.91 max=7709.35 (n=1000)
reload 47 rss_mib before=540 after=552 comms_sample=[4286056400]
reload 47 sessions_up 1000/1000
reload 47 stable_marker_peers 0/0
reload 47 withdrawals: v4 named 0/0 v6 named 0/0 leaked=0 bystander=0 stable=0 duplicate=0
reloadstall_csv,47,1000,1000,0,400000,7.055535,8.457968,9.108090,2559.815,4015.303,4899.700,2569.663,4015.303,4899.700,4238.856,6486.913,7709.350,540,552,0,1000,0
reload 48 SIGHUP wall_us=1790032384184119 policy=/tmp/rsfs.e7FLN0/gen-a.rpol
reload 48 daemon_applied complete_before=47 complete_after=48
reload 48 completion_s: p50=8.62 p95=10.14 max=10.60 (n=1000)
reload 48 maxgap_ms: p50=2245.51 p95=5405.75 max=5915.34 (n=1000)
reload 48 all_observer_maxgap_ms: p50=2304.12 p95=5405.75 max=5915.34 (n=1000)
reload 48 changed_first_generation_update_ms: p50=5873.18 p95=9704.54 max=10218.17 (n=1000)
reload 48 rss_mib before=544 after=585 comms_sample=[4286055400]
reload 48 sessions_up 1000/1000
reload 48 stable_marker_peers 0/0
reload 48 withdrawals: v4 named 0/0 v6 named 0/0 leaked=0 bystander=0 stable=0 duplicate=0
reloadstall_csv,48,1000,1000,0,400000,8.615726,10.139494,10.601598,2245.509,5405.748,5915.339,2304.119,5405.748,5915.339,5873.176,9704.539,10218.169,544,585,0,1000,0
trip 6 announce_over wall_us=1790034195801858 member=0 prefixes=64
trip 6 torn_down wall_us=1790034195852765 after_s=0.051
trip 6 reconnect transport_retries=59 recovered_peers=1
trip 6 reestablished wall_us=1790034315845395 holddown_s=119.993
trip 6 reannounced wall_us=1790034315845457
trip_csv,6,1000,0.051,0.126,119.993,0.096,518,1000,0
trip 6 complete wall_us=1790034315946347 rss_mib=518
final quiesce 120s
final sessions_up 1000/1000 parse_errors=0
done rss_mib=511
