# reloadstall peers=700 changed_peers=700 stable_peers=0 prefixes=400400 per_peer=572 pid=481131
established 700 at 0.7s
establishment transport_retries=0 recovered_peers=0
first_exact_bitmap,mode=reload,peers=700,total=400400,per_peer=572,expected=399828,completed=700,min_unique=399828,max_unique=399828
converged (>= 399828/observer) at 3.6s rss_mib=418
control_maxgap_ms: p50=18.29 p95=18.82 max=42.01 (n=700)
control_rss_mib 360
reloadstall_csv_header,reload,peers_total,peers_changed,peers_stable,prefixes,completion_p50_s,completion_p95_s,completion_max_s,changed_maxgap_p50_ms,changed_maxgap_p95_ms,changed_maxgap_max_ms,all_observer_maxgap_p50_ms,all_observer_maxgap_p95_ms,all_observer_maxgap_max_ms,changed_first_generation_update_p50_ms,changed_first_generation_update_p95_ms,changed_first_generation_update_max_ms,rss_before_mib,rss_after_mib,stable_marker_peers,sessions_up,parse_errors
reload 1 SIGHUP wall_us=1790580339454770 policy=/tmp/ixp-rustbgpd/gen-b.rpol
reload 1 completion_s: p50=1.32 p95=1.59 max=1.61 (n=700)
reload 1 maxgap_ms: p50=386.76 p95=464.05 max=535.83 (n=700)
reload 1 all_observer_maxgap_ms: p50=386.76 p95=464.05 max=535.83 (n=700)
reload 1 changed_first_generation_update_ms: p50=854.25 p95=931.88 max=1003.11 (n=700)
reload 1 rss_mib before=360 after=425 comms_sample=[4286056400]
reload 1 sessions_up 700/700
reload 1 stable_marker_peers 0/0
reloadstall_csv,1,700,700,0,400400,1.324926,1.588207,1.607572,386.758,464.051,535.831,386.758,464.051,535.831,854.251,931.883,1003.111,360,425,0,700,0
reload 2 SIGHUP wall_us=1790580361119101 policy=/tmp/ixp-rustbgpd/gen-a.rpol
reload 2 completion_s: p50=1.48 p95=1.77 max=1.79 (n=700)
reload 2 maxgap_ms: p50=551.04 p95=884.15 max=1108.30 (n=700)
reload 2 all_observer_maxgap_ms: p50=563.31 p95=884.15 max=1108.30 (n=700)
reload 2 changed_first_generation_update_ms: p50=983.23 p95=1451.33 max=1674.07 (n=700)
reload 2 rss_mib before=373 after=406 comms_sample=[4286055400]
reload 2 sessions_up 700/700
reload 2 stable_marker_peers 0/0
reloadstall_csv,2,700,700,0,400400,1.475493,1.768607,1.792386,551.044,884.155,1108.304,563.306,884.155,1108.304,983.228,1451.330,1674.071,373,406,0,700,0
reload 3 SIGHUP wall_us=1790580383006915 policy=/tmp/ixp-rustbgpd/gen-b.rpol
reload 3 completion_s: p50=1.40 p95=1.70 max=1.75 (n=700)
reload 3 maxgap_ms: p50=576.09 p95=1048.18 max=1190.17 (n=700)
reload 3 all_observer_maxgap_ms: p50=580.43 p95=1048.18 max=1190.17 (n=700)
reload 3 changed_first_generation_update_ms: p50=922.19 p95=1573.24 max=1716.20 (n=700)
reload 3 rss_mib before=374 after=404 comms_sample=[4286056400]
reload 3 sessions_up 700/700
reload 3 stable_marker_peers 0/0
reloadstall_csv,3,700,700,0,400400,1.400452,1.702988,1.745301,576.085,1048.182,1190.175,580.426,1048.182,1190.175,922.190,1573.236,1716.205,374,404,0,700,0
reload 4 SIGHUP wall_us=1790580404849907 policy=/tmp/ixp-rustbgpd/gen-a.rpol
reload 4 completion_s: p50=1.31 p95=1.61 max=1.64 (n=700)
reload 4 maxgap_ms: p50=502.32 p95=1053.08 max=1111.25 (n=700)
reload 4 all_observer_maxgap_ms: p50=502.32 p95=1053.08 max=1111.25 (n=700)
reload 4 changed_first_generation_update_ms: p50=902.20 p95=1561.00 max=1620.01 (n=700)
reload 4 rss_mib before=375 after=409 comms_sample=[4286055400]
reload 4 sessions_up 700/700
reload 4 stable_marker_peers 0/0
reloadstall_csv,4,700,700,0,400400,1.307977,1.606861,1.638409,502.324,1053.080,1111.248,502.324,1053.080,1111.248,902.196,1561.001,1620.006,375,409,0,700,0
done rss_mib=376
