# reloadstall peers=320 changed_peers=320 stable_peers=0 prefixes=183040 per_peer=572 pid=386407
established 320 at 0.3s
establishment transport_retries=0 recovered_peers=0
first_exact_bitmap,mode=reload,peers=320,total=183040,per_peer=572,expected=182468,completed=320,min_unique=182468,max_unique=182468
converged (>= 182468/observer) at 3.1s rss_mib=512
control_maxgap_ms: p50=18.65 p95=19.07 max=41.99 (n=320)
control_rss_mib 485
reloadstall_csv_header,reload,peers_total,peers_changed,peers_stable,prefixes,completion_p50_s,completion_p95_s,completion_max_s,changed_maxgap_p50_ms,changed_maxgap_p95_ms,changed_maxgap_max_ms,all_observer_maxgap_p50_ms,all_observer_maxgap_p95_ms,all_observer_maxgap_max_ms,changed_first_generation_update_p50_ms,changed_first_generation_update_p95_ms,changed_first_generation_update_max_ms,rss_before_mib,rss_after_mib,stable_marker_peers,sessions_up,parse_errors
dataset-stage generation=b changed=36 total=640
reload 1 SIGHUP wall_us=1790571550654580 policy=/tmp/irr-rustbgpd-sighup/gen-b.rpol
reload 1 receiver_barriers_complete awaiting_daemon_settlement
reload 1 daemon_applied complete_before=0 complete_after=1
reload 1 completion_s: p50=1.33 p95=1.37 max=1.37 (n=320)
reload 1 maxgap_ms: p50=512.37 p95=531.87 max=540.32 (n=320)
reload 1 all_observer_maxgap_ms: p50=512.37 p95=531.87 max=540.32 (n=320)
reload 1 changed_first_generation_update_ms: p50=1118.55 p95=1137.85 max=1147.16 (n=320)
reload 1 rss_mib before=496 after=618 comms_sample=[4286056400]
reload 1 sessions_up 320/320
reload 1 stable_marker_peers 0/0
reload 1 withdrawals: v4 named 0/0 v6 named 0/0 leaked=0 bystander=0 stable=0 duplicate=0
reloadstall_csv,1,320,320,0,183040,1.329826,1.365876,1.368428,512.372,531.874,540.320,512.372,531.874,540.320,1118.549,1137.849,1147.163,496,618,0,320,0
dataset-stage generation=a changed=36 total=640
reload 2 SIGHUP wall_us=1790571574016493 policy=/tmp/irr-rustbgpd-sighup/gen-a.rpol
reload 2 daemon_applied complete_before=1 complete_after=2
reload 2 completion_s: p50=1.25 p95=1.34 max=1.34 (n=320)
reload 2 maxgap_ms: p50=510.08 p95=606.71 max=621.72 (n=320)
reload 2 all_observer_maxgap_ms: p50=510.08 p95=606.71 max=621.72 (n=320)
reload 2 changed_first_generation_update_ms: p50=1102.13 p95=1198.27 max=1213.64 (n=320)
reload 2 rss_mib before=557 after=663 comms_sample=[4286055400]
reload 2 sessions_up 320/320
reload 2 stable_marker_peers 0/0
reload 2 withdrawals: v4 named 0/0 v6 named 0/0 leaked=0 bystander=0 stable=0 duplicate=0
reloadstall_csv,2,320,320,0,183040,1.252412,1.336549,1.339235,510.084,606.712,621.718,510.084,606.712,621.718,1102.128,1198.273,1213.643,557,663,0,320,0
dataset-stage generation=b changed=36 total=640
reload 3 SIGHUP wall_us=1790571596497230 policy=/tmp/irr-rustbgpd-sighup/gen-b.rpol
reload 3 daemon_applied complete_before=2 complete_after=3
reload 3 completion_s: p50=1.27 p95=1.36 max=1.37 (n=320)
reload 3 maxgap_ms: p50=510.75 p95=652.52 max=748.15 (n=320)
reload 3 all_observer_maxgap_ms: p50=510.75 p95=652.52 max=748.15 (n=320)
reload 3 changed_first_generation_update_ms: p50=1100.71 p95=1243.23 max=1338.76 (n=320)
reload 3 rss_mib before=557 after=657 comms_sample=[4286056400]
reload 3 sessions_up 320/320
reload 3 stable_marker_peers 0/0
reload 3 withdrawals: v4 named 0/0 v6 named 0/0 leaked=0 bystander=0 stable=0 duplicate=0
reloadstall_csv,3,320,320,0,183040,1.274613,1.360288,1.368001,510.748,652.524,748.151,510.748,652.524,748.151,1100.712,1243.233,1338.764,557,657,0,320,0
dataset-stage generation=a changed=36 total=640
reload 4 SIGHUP wall_us=1790571619035932 policy=/tmp/irr-rustbgpd-sighup/gen-a.rpol
reload 4 daemon_applied complete_before=3 complete_after=4
reload 4 completion_s: p50=1.25 p95=1.34 max=1.34 (n=320)
reload 4 maxgap_ms: p50=561.80 p95=721.52 max=791.18 (n=320)
reload 4 all_observer_maxgap_ms: p50=561.80 p95=721.52 max=791.18 (n=320)
reload 4 changed_first_generation_update_ms: p50=1100.15 p95=1259.79 max=1329.53 (n=320)
reload 4 rss_mib before=557 after=662 comms_sample=[4286055400]
reload 4 sessions_up 320/320
reload 4 stable_marker_peers 0/0
reload 4 withdrawals: v4 named 0/0 v6 named 0/0 leaked=0 bystander=0 stable=0 duplicate=0
reloadstall_csv,4,320,320,0,183040,1.253012,1.338112,1.341939,561.799,721.517,791.176,561.799,721.517,791.176,1100.149,1259.794,1329.529,557,662,0,320,0
final sessions_up 320/320 parse_errors=0
done rss_mib=547
