# reloadstall peers=320 changed_peers=320 stable_peers=0 prefixes=183040 per_peer=572 pid=1719058
established 320 at 0.3s
establishment transport_retries=0 recovered_peers=0
first_exact_bitmap,mode=reload,peers=320,total=183040,per_peer=572,expected=182468,completed=320,min_unique=182468,max_unique=182468
converged (>= 182468/observer) at 3.2s rss_mib=515
control_maxgap_ms: p50=19.04 p95=19.94 max=42.15 (n=320)
control_rss_mib 487
reloadstall_csv_header,reload,peers_total,peers_changed,peers_stable,prefixes,completion_p50_s,completion_p95_s,completion_max_s,changed_maxgap_p50_ms,changed_maxgap_p95_ms,changed_maxgap_max_ms,all_observer_maxgap_p50_ms,all_observer_maxgap_p95_ms,all_observer_maxgap_max_ms,changed_first_generation_update_p50_ms,changed_first_generation_update_p95_ms,changed_first_generation_update_max_ms,rss_before_mib,rss_after_mib,stable_marker_peers,sessions_up,parse_errors
dataset-stage generation=b changed=36 total=640
reload 1 SIGHUP wall_us=1790425459152887 policy=/tmp/irr-rustbgpd-sighup/gen-b.rpol
reload 1 receiver_barriers_complete awaiting_daemon_settlement
reload 1 daemon_applied complete_before=0 complete_after=1
reload 1 completion_s: p50=1.32 p95=1.37 max=1.37 (n=320)
reload 1 maxgap_ms: p50=508.30 p95=535.01 max=542.61 (n=320)
reload 1 all_observer_maxgap_ms: p50=508.30 p95=535.01 max=542.61 (n=320)
reload 1 changed_first_generation_update_ms: p50=1117.23 p95=1144.22 max=1151.19 (n=320)
reload 1 rss_mib before=498 after=629 comms_sample=[4286056400]
reload 1 sessions_up 320/320
reload 1 stable_marker_peers 0/0
reload 1 withdrawals: v4 named 0/0 v6 named 0/0 leaked=0 bystander=0 stable=0 duplicate=0
reloadstall_csv,1,320,320,0,183040,1.315869,1.370549,1.373983,508.301,535.012,542.609,508.301,535.012,542.609,1117.230,1144.219,1151.186,498,629,0,320,0
dataset-stage generation=a changed=36 total=640
reload 2 SIGHUP wall_us=1790425482520882 policy=/tmp/irr-rustbgpd-sighup/gen-a.rpol
reload 2 daemon_applied complete_before=1 complete_after=2
reload 2 completion_s: p50=1.27 p95=1.38 max=1.39 (n=320)
reload 2 maxgap_ms: p50=508.27 p95=644.05 max=688.70 (n=320)
reload 2 all_observer_maxgap_ms: p50=508.27 p95=644.05 max=688.70 (n=320)
reload 2 changed_first_generation_update_ms: p50=1117.08 p95=1252.57 max=1297.36 (n=320)
reload 2 rss_mib before=560 after=666 comms_sample=[4286055400]
reload 2 sessions_up 320/320
reload 2 stable_marker_peers 0/0
reload 2 withdrawals: v4 named 0/0 v6 named 0/0 leaked=0 bystander=0 stable=0 duplicate=0
reloadstall_csv,2,320,320,0,183040,1.268182,1.380202,1.388473,508.272,644.054,688.698,508.272,644.054,688.698,1117.082,1252.571,1297.361,560,666,0,320,0
dataset-stage generation=b changed=36 total=640
reload 3 SIGHUP wall_us=1790425505076531 policy=/tmp/irr-rustbgpd-sighup/gen-b.rpol
reload 3 daemon_applied complete_before=2 complete_after=3
reload 3 completion_s: p50=1.25 p95=1.33 max=1.35 (n=320)
reload 3 maxgap_ms: p50=493.99 p95=640.42 max=721.53 (n=320)
reload 3 all_observer_maxgap_ms: p50=493.99 p95=640.42 max=721.53 (n=320)
reload 3 changed_first_generation_update_ms: p50=1088.13 p95=1234.35 max=1315.17 (n=320)
reload 3 rss_mib before=558 after=657 comms_sample=[4286056400]
reload 3 sessions_up 320/320
reload 3 stable_marker_peers 0/0
reload 3 withdrawals: v4 named 0/0 v6 named 0/0 leaked=0 bystander=0 stable=0 duplicate=0
reloadstall_csv,3,320,320,0,183040,1.245139,1.334837,1.347178,493.993,640.423,721.530,493.993,640.423,721.530,1088.131,1234.348,1315.175,558,657,0,320,0
dataset-stage generation=a changed=36 total=640
reload 4 SIGHUP wall_us=1790425527596295 policy=/tmp/irr-rustbgpd-sighup/gen-a.rpol
reload 4 receiver_barriers_complete awaiting_daemon_settlement
reload 4 daemon_applied complete_before=3 complete_after=4
reload 4 completion_s: p50=1.27 p95=1.34 max=1.35 (n=320)
reload 4 maxgap_ms: p50=514.25 p95=621.87 max=738.87 (n=320)
reload 4 all_observer_maxgap_ms: p50=514.25 p95=621.87 max=738.87 (n=320)
reload 4 changed_first_generation_update_ms: p50=1111.93 p95=1219.88 max=1336.39 (n=320)
reload 4 rss_mib before=560 after=656 comms_sample=[4286055400]
reload 4 sessions_up 320/320
reload 4 stable_marker_peers 0/0
reload 4 withdrawals: v4 named 0/0 v6 named 0/0 leaked=0 bystander=0 stable=0 duplicate=0
reloadstall_csv,4,320,320,0,183040,1.265721,1.341420,1.348260,514.253,621.872,738.870,514.253,621.872,738.870,1111.927,1219.882,1336.386,560,656,0,320,0
final sessions_up 320/320 parse_errors=0
done rss_mib=549
