# reloadstall peers=700 changed_peers=700 stable_peers=0 prefixes=400400 per_peer=572 pid=2066427
established 700 at 0.8s
establishment transport_retries=0 recovered_peers=0
first_exact_bitmap,mode=flapstorm,peers=700,total=400400,per_peer=572,expected=399828,completed=700,min_unique=399828,max_unique=399828
converged (>= 399828/observer) at 3.3s rss_mib=400
control_maxgap_ms: p50=20.12 p95=21.16 max=42.01 (n=700)
control_rss_mib 349
converged_rejoin_csv_header,round,peers_total,peers_flapped,prefixes,rejoin_p50_s,rejoin_max_s,survivor_maxgap_ms,readiness_samples,rss_mib,sessions_up,parse_errors
converged_table_checkpoint,round=1,phase=disconnected,observers=1:2,unique=399828,eor=present
converged_rejoin 1 reconnect transport_retries=0
flap 1 peer 0 rejoin_complete_s=0.175243 eor_before_full_table=false eor=present
flap 1 rejoin_complete_s: p50=0.18 p95=0.18 max=0.18 (n=1)
converged_table_checkpoint,round=1,phase=settled,observers=1:2,unique=399828,eor=present
converged_rejoin 1 survivor_maxgap_ms: p50=116.71 p95=118.34 max=118.54 (n=699)
converged_rejoin_csv,1,700,1,400400,0.175243,0.175243,118.543000,12,417,700,0
converged_table_checkpoint,round=2,phase=disconnected,observers=1:2,unique=399828,eor=present
converged_rejoin 2 reconnect transport_retries=0
flap 2 peer 0 rejoin_complete_s=0.178340 eor_before_full_table=false eor=present
flap 2 rejoin_complete_s: p50=0.18 p95=0.18 max=0.18 (n=1)
converged_table_checkpoint,round=2,phase=settled,observers=1:2,unique=399828,eor=present
FAIL: converged rejoin: metrics HTTP status is not 200
