# reloadstall peers=700 changed_peers=700 stable_peers=0 prefixes=400400 per_peer=572 pid=340493
established 700 at 0.7s
establishment transport_retries=0 recovered_peers=0
first_exact_bitmap,mode=flapstorm,peers=700,total=400400,per_peer=572,expected=399828,completed=700,min_unique=399828,max_unique=399828
converged (>= 399828/observer) at 3.8s rss_mib=413
control_maxgap_ms: p50=18.46 p95=19.22 max=41.99 (n=700)
control_rss_mib 365
flapstorm_csv_header,round,peers_total,peers_flapped,prefixes,flap_prefixes,withdraw_p50_s,withdraw_p95_s,withdraw_max_s,reannounce_p50_s,reannounce_p95_s,reannounce_max_s,rss_mib,sessions_up,parse_errors
flap 1 close wall_us=1790564140729201
flap 1 withdraw_s: p50=0.25 p95=0.25 max=0.28 (n=650)
flap 1 reconnect transport_retries=0 recovered_peers=0
flap 1 reannounce wall_us=1790564150752299
flap 1 reannounce_s: p50=0.50 p95=0.51 max=0.53 (n=650)
flap 1 first_reann_s: p50=0.33 p95=0.33 max=0.36 (n=650)
flap 1 sessions_up 700/700 rss_mib=410
flapstorm_csv,1,700,50,400400,28600,0.245536,0.253987,0.283758,0.504140,0.505315,0.531705,410,700,0
flap 2 close wall_us=1790564161363379
flap 2 withdraw_s: p50=0.32 p95=0.34 max=0.35 (n=650)
flap 2 reconnect transport_retries=0 recovered_peers=0
flap 2 reannounce wall_us=1790564171387338
flap 2 reannounce_s: p50=0.50 p95=0.50 max=0.54 (n=650)
flap 2 first_reann_s: p50=0.32 p95=0.32 max=0.36 (n=650)
flap 2 sessions_up 700/700 rss_mib=416
flapstorm_csv,2,700,50,400400,28600,0.317906,0.337591,0.353558,0.502358,0.503596,0.540628,416,700,0
flap 3 close wall_us=1790564181999852
flap 3 withdraw_s: p50=0.45 p95=0.46 max=0.48 (n=650)
flap 3 reconnect transport_retries=0 recovered_peers=0
flap 3 reannounce wall_us=1790564192022694
flap 3 reannounce_s: p50=0.55 p95=0.55 max=0.59 (n=650)
flap 3 first_reann_s: p50=0.32 p95=0.33 max=0.36 (n=650)
flap 3 sessions_up 700/700 rss_mib=400
flapstorm_csv,3,700,50,400400,28600,0.454466,0.455891,0.480126,0.545633,0.547375,0.586263,400,700,0
done rss_mib=552
