# reloadstall peers=320 changed_peers=320 stable_peers=0 prefixes=183040 per_peer=572 pid=504482
established 320 at 0.3s
establishment transport_retries=0 recovered_peers=0
first_exact_bitmap,mode=reload,peers=320,total=183040,per_peer=572,expected=182468,completed=320,min_unique=182468,max_unique=182468
converged (>= 182468/observer) at 3.1s rss_mib=512
control_maxgap_ms: p50=17.82 p95=18.03 max=41.98 (n=320)
control_rss_mib 485
reloadstall_csv_header,reload,peers_total,peers_changed,peers_stable,prefixes,completion_p50_s,completion_p95_s,completion_max_s,changed_maxgap_p50_ms,changed_maxgap_p95_ms,changed_maxgap_max_ms,all_observer_maxgap_p50_ms,all_observer_maxgap_p95_ms,all_observer_maxgap_max_ms,changed_first_generation_update_p50_ms,changed_first_generation_update_p95_ms,changed_first_generation_update_max_ms,rss_before_mib,rss_after_mib,stable_marker_peers,sessions_up,parse_errors
dataset-stage generation=b changed=36 total=640
reload 1 SIGHUP wall_us=1790582253993695 policy=/tmp/irr-rustbgpd-sighup/gen-b.rpol
reload 1 receiver_barriers_complete awaiting_daemon_settlement
reload 1 daemon_applied complete_before=0 complete_after=1
reload 1 completion_s: p50=1.33 p95=1.36 max=1.36 (n=320)
reload 1 maxgap_ms: p50=526.96 p95=561.83 max=613.10 (n=320)
reload 1 all_observer_maxgap_ms: p50=526.96 p95=561.83 max=613.10 (n=320)
reload 1 changed_first_generation_update_ms: p50=1118.19 p95=1153.50 max=1204.79 (n=320)
reload 1 rss_mib before=496 after=627 comms_sample=[4286056400]
reload 1 sessions_up 320/320
reload 1 stable_marker_peers 0/0
reload 1 withdrawals: v4 named 0/0 v6 named 0/0 leaked=0 bystander=0 stable=0 duplicate=0
reloadstall_csv,1,320,320,0,183040,1.326361,1.357937,1.360282,526.956,561.832,613.098,526.956,561.832,613.098,1118.188,1153.500,1204.790,496,627,0,320,0
dataset-stage generation=a changed=36 total=640
reload 2 SIGHUP wall_us=1790582277328017 policy=/tmp/irr-rustbgpd-sighup/gen-a.rpol
reload 2 daemon_applied complete_before=1 complete_after=2
reload 2 completion_s: p50=1.27 p95=1.35 max=1.36 (n=320)
reload 2 maxgap_ms: p50=521.31 p95=593.73 max=656.61 (n=320)
reload 2 all_observer_maxgap_ms: p50=521.31 p95=593.73 max=656.61 (n=320)
reload 2 changed_first_generation_update_ms: p50=1127.54 p95=1200.09 max=1262.97 (n=320)
reload 2 rss_mib before=557 after=651 comms_sample=[4286055400]
reload 2 sessions_up 320/320
reload 2 stable_marker_peers 0/0
reload 2 withdrawals: v4 named 0/0 v6 named 0/0 leaked=0 bystander=0 stable=0 duplicate=0
reloadstall_csv,2,320,320,0,183040,1.266239,1.354343,1.357685,521.307,593.726,656.609,521.307,593.726,656.609,1127.540,1200.094,1262.966,557,651,0,320,0
dataset-stage generation=b changed=36 total=640
reload 3 SIGHUP wall_us=1790582299813954 policy=/tmp/irr-rustbgpd-sighup/gen-b.rpol
reload 3 receiver_barriers_complete awaiting_daemon_settlement
reload 3 daemon_applied complete_before=2 complete_after=3
reload 3 completion_s: p50=1.26 p95=1.35 max=1.35 (n=320)
reload 3 maxgap_ms: p50=500.92 p95=597.98 max=719.97 (n=320)
reload 3 all_observer_maxgap_ms: p50=500.92 p95=597.98 max=719.97 (n=320)
reload 3 changed_first_generation_update_ms: p50=1117.04 p95=1219.43 max=1335.85 (n=320)
reload 3 rss_mib before=556 after=676 comms_sample=[4286056400]
reload 3 sessions_up 320/320
reload 3 stable_marker_peers 0/0
reload 3 withdrawals: v4 named 0/0 v6 named 0/0 leaked=0 bystander=0 stable=0 duplicate=0
reloadstall_csv,3,320,320,0,183040,1.261381,1.346676,1.353678,500.922,597.976,719.969,500.922,597.976,719.969,1117.042,1219.431,1335.852,556,676,0,320,0
dataset-stage generation=a changed=36 total=640
reload 4 SIGHUP wall_us=1790582323279073 policy=/tmp/irr-rustbgpd-sighup/gen-a.rpol
reload 4 receiver_barriers_complete awaiting_daemon_settlement
reload 4 daemon_applied complete_before=3 complete_after=4
reload 4 completion_s: p50=1.28 p95=1.37 max=1.38 (n=320)
reload 4 maxgap_ms: p50=515.54 p95=704.11 max=748.62 (n=320)
reload 4 all_observer_maxgap_ms: p50=515.54 p95=704.11 max=748.62 (n=320)
reload 4 changed_first_generation_update_ms: p50=1122.84 p95=1311.12 max=1355.32 (n=320)
reload 4 rss_mib before=559 after=662 comms_sample=[4286055400]
reload 4 sessions_up 320/320
reload 4 stable_marker_peers 0/0
reload 4 withdrawals: v4 named 0/0 v6 named 0/0 leaked=0 bystander=0 stable=0 duplicate=0
reloadstall_csv,4,320,320,0,183040,1.276642,1.373405,1.381030,515.539,704.111,748.615,515.539,704.111,748.615,1122.844,1311.115,1355.321,559,662,0,320,0
final sessions_up 320/320 parse_errors=0
done rss_mib=547
