# reloadstall peers=700 changed_peers=700 stable_peers=0 prefixes=400400 per_peer=572 pid=1672540
established 700 at 0.8s
establishment transport_retries=0 recovered_peers=0
first_exact_bitmap,mode=reload,peers=700,total=400400,per_peer=572,expected=399828,completed=700,min_unique=399828,max_unique=399828
converged (>= 399828/observer) at 3.9s rss_mib=418
control_maxgap_ms: p50=19.08 p95=19.97 max=41.97 (n=700)
control_rss_mib 370
reloadstall_csv_header,reload,peers_total,peers_changed,peers_stable,prefixes,completion_p50_s,completion_p95_s,completion_max_s,changed_maxgap_p50_ms,changed_maxgap_p95_ms,changed_maxgap_max_ms,all_observer_maxgap_p50_ms,all_observer_maxgap_p95_ms,all_observer_maxgap_max_ms,changed_first_generation_update_p50_ms,changed_first_generation_update_p95_ms,changed_first_generation_update_max_ms,rss_before_mib,rss_after_mib,stable_marker_peers,sessions_up,parse_errors
reload 1 SIGHUP wall_us=1790421911754192 policy=/tmp/ixp-rustbgpd/gen-b.rpol
reload 1 receiver_barriers_complete awaiting_daemon_settlement
reload 1 daemon_applied complete_before=0 complete_after=1
reload 1 completion_s: p50=1.75 p95=2.11 max=2.13 (n=700)
reload 1 maxgap_ms: p50=468.53 p95=659.28 max=1107.20 (n=700)
reload 1 all_observer_maxgap_ms: p50=470.26 p95=659.28 max=1107.20 (n=700)
reload 1 changed_first_generation_update_ms: p50=1080.90 p95=1279.22 max=1725.71 (n=700)
reload 1 rss_mib before=387 after=476 comms_sample=[4286056400]
reload 1 sessions_up 700/700
reload 1 stable_marker_peers 0/0
reload 1 withdrawals: v4 named 0/0 v6 named 0/0 leaked=0 bystander=0 stable=0 duplicate=0
reloadstall_csv,1,700,700,0,400400,1.751848,2.114323,2.129992,468.530,659.277,1107.197,470.258,659.277,1107.197,1080.904,1279.218,1725.715,387,476,0,700,0
reload 2 SIGHUP wall_us=1790421934321483 policy=/tmp/ixp-rustbgpd/gen-a.rpol
reload 2 daemon_applied complete_before=1 complete_after=2
reload 2 completion_s: p50=1.58 p95=1.91 max=1.94 (n=700)
reload 2 maxgap_ms: p50=577.58 p95=1185.78 max=1280.51 (n=700)
reload 2 all_observer_maxgap_ms: p50=577.58 p95=1185.78 max=1280.51 (n=700)
reload 2 changed_first_generation_update_ms: p50=1089.05 p95=1803.51 max=1897.82 (n=700)
reload 2 rss_mib before=407 after=489 comms_sample=[4286055400]
reload 2 sessions_up 700/700
reload 2 stable_marker_peers 0/0
reload 2 withdrawals: v4 named 0/0 v6 named 0/0 leaked=0 bystander=0 stable=0 duplicate=0
reloadstall_csv,2,700,700,0,400400,1.575793,1.913603,1.942467,577.580,1185.784,1280.513,577.580,1185.784,1280.513,1089.047,1803.506,1897.817,407,489,0,700,0
reload 3 SIGHUP wall_us=1790421956418412 policy=/tmp/ixp-rustbgpd/gen-b.rpol
reload 3 daemon_applied complete_before=2 complete_after=3
reload 3 completion_s: p50=1.51 p95=1.81 max=1.83 (n=700)
reload 3 maxgap_ms: p50=597.96 p95=1131.45 max=1226.06 (n=700)
reload 3 all_observer_maxgap_ms: p50=597.96 p95=1131.45 max=1226.06 (n=700)
reload 3 changed_first_generation_update_ms: p50=1048.31 p95=1722.19 max=1815.51 (n=700)
reload 3 rss_mib before=411 after=491 comms_sample=[4286056400]
reload 3 sessions_up 700/700
reload 3 stable_marker_peers 0/0
reload 3 withdrawals: v4 named 0/0 v6 named 0/0 leaked=0 bystander=0 stable=0 duplicate=0
reloadstall_csv,3,700,700,0,400400,1.509041,1.806476,1.833801,597.960,1131.448,1226.062,597.960,1131.448,1226.062,1048.311,1722.186,1815.510,411,491,0,700,0
reload 4 SIGHUP wall_us=1790421978343733 policy=/tmp/ixp-rustbgpd/gen-a.rpol
reload 4 daemon_applied complete_before=3 complete_after=4
reload 4 completion_s: p50=1.54 p95=1.90 max=1.94 (n=700)
reload 4 maxgap_ms: p50=559.11 p95=1255.31 max=1318.70 (n=700)
reload 4 all_observer_maxgap_ms: p50=559.11 p95=1255.31 max=1318.70 (n=700)
reload 4 changed_first_generation_update_ms: p50=1090.43 p95=1848.35 max=1913.17 (n=700)
reload 4 rss_mib before=412 after=485 comms_sample=[4286055400]
reload 4 sessions_up 700/700
reload 4 stable_marker_peers 0/0
reload 4 withdrawals: v4 named 0/0 v6 named 0/0 leaked=0 bystander=0 stable=0 duplicate=0
reloadstall_csv,4,700,700,0,400400,1.539142,1.901871,1.939898,559.109,1255.311,1318.697,559.109,1255.311,1318.697,1090.429,1848.350,1913.171,412,485,0,700,0
done rss_mib=386
