[2026-09-11T18:59:05Z] reload 1 issued
[2026-09-11T18:59:15Z] reload 1 complete
[2026-09-11T19:29:15Z] reload 2 issued
[2026-09-11T19:29:25Z] reload 2 complete
[2026-09-11T19:59:25Z] reload 3 issued
[2026-09-11T19:59:35Z] reload 3 complete
[2026-09-11T20:29:36Z] reload 4 issued
[2026-09-11T20:29:45Z] reload 4 complete
[2026-09-11T20:59:45Z] reload 5 issued
[2026-09-11T20:59:55Z] reload 5 complete
[2026-09-11T21:29:56Z] reload 6 issued
[2026-09-11T21:30:05Z] reload 6 complete
[2026-09-11T22:00:05Z] reload 7 issued
[2026-09-11T22:00:15Z] reload 7 complete
[2026-09-11T22:30:15Z] reload 8 issued
[2026-09-11T22:30:26Z] reload 8 complete
[2026-09-11T23:00:26Z] trip 1 announce_over
[2026-09-11T23:00:26Z] trip 1 torn_down
[2026-09-11T23:00:26Z] trip 1 exceeded_total=1
[2026-09-11T23:00:26Z] trip 1 countdown_ms=118962 action=restart
[2026-09-11T23:02:26Z] trip 1 reestablished
[2026-09-11T23:02:26Z] trip 1 reannounced
[2026-09-11T23:02:27Z] reload 9 issued
[2026-09-11T23:02:27Z] trip 1 complete usage=400 limit=450 headroom=50
[2026-09-11T23:02:37Z] reload 9 complete
[2026-09-11T23:32:37Z] reload 10 issued
[2026-09-11T23:32:46Z] reload 10 complete
[2026-09-12T00:02:47Z] reload 11 issued
[2026-09-12T00:02:57Z] reload 11 complete
[2026-09-12T00:32:57Z] reload 12 issued
[2026-09-12T00:33:07Z] reload 12 complete
[2026-09-12T01:03:07Z] reload 13 issued
[2026-09-12T01:03:17Z] reload 13 complete
[2026-09-12T01:33:16Z] reload 14 issued
[2026-09-12T01:33:29Z] reload 14 complete
[2026-09-12T02:03:30Z] reload 15 issued
[2026-09-12T02:03:39Z] reload 15 complete
[2026-09-12T02:33:39Z] reload 16 issued
[2026-09-12T02:33:49Z] reload 16 complete
[2026-09-12T03:03:49Z] trip 2 announce_over
[2026-09-12T03:03:49Z] trip 2 torn_down
[2026-09-12T03:03:49Z] trip 2 exceeded_total=2
[2026-09-12T03:03:49Z] trip 2 countdown_ms=119108 action=restart
[2026-09-12T03:05:49Z] trip 2 reestablished
[2026-09-12T03:05:49Z] trip 2 reannounced
[2026-09-12T03:05:50Z] trip 2 complete usage=400 limit=450 headroom=50
[2026-09-12T03:05:51Z] reload 17 issued
[2026-09-12T03:06:01Z] reload 17 complete
[2026-09-12T03:36:01Z] reload 18 issued
[2026-09-12T03:36:11Z] reload 18 complete
[2026-09-12T04:06:11Z] reload 19 issued
[2026-09-12T04:06:21Z] reload 19 complete
[2026-09-12T04:36:21Z] reload 20 issued
[2026-09-12T04:36:31Z] reload 20 complete
[2026-09-12T05:06:31Z] reload 21 issued
[2026-09-12T05:06:40Z] reload 21 complete
[2026-09-12T05:36:40Z] reload 22 issued
[2026-09-12T05:36:51Z] reload 22 complete
[2026-09-12T06:06:51Z] reload 23 issued
[2026-09-12T06:07:01Z] reload 23 complete
[2026-09-12T06:37:01Z] reload 24 issued
[2026-09-12T06:37:11Z] reload 24 complete
[2026-09-12T07:07:11Z] trip 3 announce_over
[2026-09-12T07:07:11Z] trip 3 torn_down
[2026-09-12T07:07:11Z] trip 3 exceeded_total=3
[2026-09-12T07:07:11Z] trip 3 countdown_ms=119464 action=restart
[2026-09-12T07:09:11Z] trip 3 reestablished
[2026-09-12T07:09:11Z] trip 3 reannounced
[2026-09-12T07:09:12Z] reload 25 issued
[2026-09-12T07:09:12Z] trip 3 complete usage=400 limit=450 headroom=50
[2026-09-12T07:09:23Z] reload 25 complete
[2026-09-12T07:39:24Z] reload 26 issued
[2026-09-12T07:39:33Z] reload 26 complete
[2026-09-12T08:09:33Z] reload 27 issued
[2026-09-12T08:09:43Z] reload 27 complete
[2026-09-12T08:39:43Z] reload 28 issued
[2026-09-12T08:39:53Z] reload 28 complete
[2026-09-12T09:09:54Z] reload 29 issued
[2026-09-12T09:10:04Z] reload 29 complete
[2026-09-12T09:40:04Z] reload 30 issued
[2026-09-12T09:40:15Z] reload 30 complete
[2026-09-12T10:10:15Z] reload 31 issued
[2026-09-12T10:10:25Z] reload 31 complete
[2026-09-12T10:40:26Z] reload 32 issued
[2026-09-12T10:40:35Z] reload 32 complete
[2026-09-12T11:10:35Z] trip 4 announce_over
[2026-09-12T11:10:35Z] trip 4 torn_down
[2026-09-12T11:10:36Z] trip 4 exceeded_total=4
[2026-09-12T11:10:36Z] trip 4 countdown_ms=119072 action=restart
[2026-09-12T11:12:36Z] trip 4 reestablished
[2026-09-12T11:12:36Z] trip 4 reannounced
[2026-09-12T11:12:37Z] reload 33 issued
[2026-09-12T11:12:37Z] trip 4 complete usage=400 limit=450 headroom=50
[2026-09-12T11:12:47Z] reload 33 complete
[2026-09-12T11:42:47Z] reload 34 issued
[2026-09-12T11:42:57Z] reload 34 complete
[2026-09-12T12:12:57Z] reload 35 issued
[2026-09-12T12:13:07Z] reload 35 complete
[2026-09-12T12:43:07Z] reload 36 issued
[2026-09-12T12:43:17Z] reload 36 complete
[2026-09-12T13:13:18Z] reload 37 issued
[2026-09-12T13:13:27Z] reload 37 complete
[2026-09-12T13:43:28Z] reload 38 issued
[2026-09-12T13:43:37Z] reload 38 complete
[2026-09-12T14:13:37Z] reload 39 issued
[2026-09-12T14:13:48Z] reload 39 complete
[2026-09-12T14:43:47Z] reload 40 issued
[2026-09-12T14:43:58Z] reload 40 complete
[2026-09-12T15:13:58Z] trip 5 announce_over
[2026-09-12T15:13:58Z] trip 5 torn_down
[2026-09-12T15:13:58Z] trip 5 exceeded_total=5
[2026-09-12T15:13:58Z] trip 5 countdown_ms=119530 action=restart
[2026-09-12T15:15:58Z] trip 5 reestablished
[2026-09-12T15:15:58Z] trip 5 reannounced
[2026-09-12T15:15:59Z] reload 41 issued
[2026-09-12T15:15:59Z] trip 5 complete usage=400 limit=450 headroom=50
[2026-09-12T15:16:09Z] reload 41 complete
[2026-09-12T15:46:10Z] reload 42 issued
[2026-09-12T15:46:22Z] reload 42 complete
[2026-09-12T16:16:23Z] reload 43 issued
[2026-09-12T16:16:32Z] reload 43 complete
[2026-09-12T16:46:33Z] reload 44 issued
[2026-09-12T16:46:42Z] reload 44 complete
[2026-09-12T17:16:42Z] reload 45 issued
[2026-09-12T17:16:52Z] reload 45 complete
[2026-09-12T17:46:52Z] reload 46 issued
[2026-09-12T17:47:02Z] reload 46 complete
[2026-09-12T18:17:02Z] reload 47 issued
[2026-09-12T18:17:12Z] reload 47 complete
[2026-09-12T18:47:13Z] reload 48 issued
[2026-09-12T18:47:22Z] reload 48 complete
[2026-09-12T19:17:22Z] trip 6 announce_over
[2026-09-12T19:17:22Z] trip 6 torn_down
[2026-09-12T19:17:23Z] trip 6 exceeded_total=6
[2026-09-12T19:17:23Z] trip 6 countdown_ms=119008 action=restart
[2026-09-12T19:19:23Z] trip 6 reestablished
[2026-09-12T19:19:23Z] trip 6 reannounced
[2026-09-12T19:19:23Z] trip 6 complete usage=400 limit=450 headroom=50
