# reloadstall peers=1000 changed_peers=1000 stable_peers=0 prefixes=400000 per_peer=400 pid=2896524
established 1000 at 1.7s
establishment transport_retries=0 recovered_peers=0
first_exact_bitmap,mode=reload,peers=1000,total=400000,per_peer=400,expected=399600,completed=1000,min_unique=399600,max_unique=399600
converged (>= 399600/observer) at 14.3s rss_mib=419
control_maxgap_ms: p50=177.06 p95=178.02 max=207.54 (n=1000)
control_rss_mib 512
reloadstall_csv_header,reload,peers_total,peers_changed,peers_stable,prefixes,completion_p50_s,completion_p95_s,completion_max_s,changed_maxgap_p50_ms,changed_maxgap_p95_ms,changed_maxgap_max_ms,all_observer_maxgap_p50_ms,all_observer_maxgap_p95_ms,all_observer_maxgap_max_ms,changed_first_generation_update_p50_ms,changed_first_generation_update_p95_ms,changed_first_generation_update_max_ms,rss_before_mib,rss_after_mib,stable_marker_peers,sessions_up,parse_errors
trip_csv_header,trip,peers_total,teardown_s,withdraw_s,holddown_s,reannounce_s,rss_mib,sessions_up,parse_errors
reload 1 SIGHUP wall_us=1789153144896124 policy=/tmp/rsfs.jtE0o7/gen-b.rpol
reload 1 daemon_applied complete_before=0 complete_after=1
reload 1 completion_s: p50=7.68 p95=9.22 max=9.38 (n=1000)
reload 1 maxgap_ms: p50=2078.34 p95=4361.20 max=5900.77 (n=1000)
reload 1 all_observer_maxgap_ms: p50=2173.70 p95=4361.20 max=5900.77 (n=1000)
reload 1 changed_first_generation_update_ms: p50=5013.26 p95=7710.02 max=9258.52 (n=1000)
reload 1 rss_mib before=537 after=552 comms_sample=[4286056400]
reload 1 sessions_up 1000/1000
reload 1 stable_marker_peers 0/0
reload 1 withdrawals: v4 named 0/0 v6 named 0/0 leaked=0 bystander=0 stable=0 duplicate=0
reloadstall_csv,1,1000,1000,0,400000,7.677314,9.218320,9.377668,2078.338,4361.202,5900.773,2173.702,4361.202,5900.773,5013.257,7710.015,9258.519,537,552,0,1000,0
reload 2 SIGHUP wall_us=1789154954568427 policy=/tmp/rsfs.jtE0o7/gen-a.rpol
reload 2 daemon_applied complete_before=1 complete_after=2
reload 2 completion_s: p50=7.55 p95=9.20 max=9.36 (n=1000)
reload 2 maxgap_ms: p50=3337.52 p95=5586.58 max=6358.60 (n=1000)
reload 2 all_observer_maxgap_ms: p50=3337.52 p95=5586.58 max=6358.60 (n=1000)
reload 2 changed_first_generation_update_ms: p50=4582.94 p95=8450.68 max=9221.89 (n=1000)
reload 2 rss_mib before=502 after=564 comms_sample=[4286055400]
reload 2 sessions_up 1000/1000
reload 2 stable_marker_peers 0/0
reload 2 withdrawals: v4 named 0/0 v6 named 0/0 leaked=0 bystander=0 stable=0 duplicate=0
reloadstall_csv,2,1000,1000,0,400000,7.552910,9.195118,9.364548,3337.519,5586.581,6358.596,3337.519,5586.581,6358.596,4582.938,8450.677,9221.892,502,564,0,1000,0
reload 3 SIGHUP wall_us=1789156765081600 policy=/tmp/rsfs.jtE0o7/gen-b.rpol
reload 3 daemon_applied complete_before=2 complete_after=3
reload 3 completion_s: p50=7.35 p95=8.71 max=9.08 (n=1000)
reload 3 maxgap_ms: p50=2975.06 p95=5455.54 max=5794.92 (n=1000)
reload 3 all_observer_maxgap_ms: p50=2975.06 p95=5455.54 max=5794.92 (n=1000)
reload 3 changed_first_generation_update_ms: p50=4839.93 p95=8465.14 max=8802.33 (n=1000)
reload 3 rss_mib before=513 after=549 comms_sample=[4286056400]
reload 3 sessions_up 1000/1000
reload 3 stable_marker_peers 0/0
reload 3 withdrawals: v4 named 0/0 v6 named 0/0 leaked=0 bystander=0 stable=0 duplicate=0
reloadstall_csv,3,1000,1000,0,400000,7.352449,8.714370,9.082466,2975.056,5455.539,5794.917,2975.056,5455.539,5794.917,4839.926,8465.144,8802.332,513,549,0,1000,0
reload 4 SIGHUP wall_us=1789158575239102 policy=/tmp/rsfs.jtE0o7/gen-a.rpol
reload 4 daemon_applied complete_before=3 complete_after=4
reload 4 completion_s: p50=6.61 p95=8.23 max=8.49 (n=1000)
reload 4 maxgap_ms: p50=2490.32 p95=4798.14 max=5755.03 (n=1000)
reload 4 all_observer_maxgap_ms: p50=2493.55 p95=4798.14 max=5755.03 (n=1000)
reload 4 changed_first_generation_update_ms: p50=4089.55 p95=7322.51 max=8281.35 (n=1000)
reload 4 rss_mib before=568 after=557 comms_sample=[4286055400]
reload 4 sessions_up 1000/1000
reload 4 stable_marker_peers 0/0
reload 4 withdrawals: v4 named 0/0 v6 named 0/0 leaked=0 bystander=0 stable=0 duplicate=0
reloadstall_csv,4,1000,1000,0,400000,6.612234,8.228651,8.486036,2490.322,4798.137,5755.027,2493.545,4798.137,5755.027,4089.554,7322.511,8281.346,568,557,0,1000,0
reload 5 SIGHUP wall_us=1789160385026980 policy=/tmp/rsfs.jtE0o7/gen-b.rpol
reload 5 daemon_applied complete_before=4 complete_after=5
reload 5 completion_s: p50=7.39 p95=8.74 max=9.13 (n=1000)
reload 5 maxgap_ms: p50=2636.98 p95=4879.73 max=5717.90 (n=1000)
reload 5 all_observer_maxgap_ms: p50=2636.98 p95=4879.73 max=5717.90 (n=1000)
reload 5 changed_first_generation_update_ms: p50=4601.05 p95=7981.68 max=8823.38 (n=1000)
reload 5 rss_mib before=533 after=525 comms_sample=[4286056400]
reload 5 sessions_up 1000/1000
reload 5 stable_marker_peers 0/0
reload 5 withdrawals: v4 named 0/0 v6 named 0/0 leaked=0 bystander=0 stable=0 duplicate=0
reloadstall_csv,5,1000,1000,0,400000,7.389540,8.744651,9.134151,2636.982,4879.726,5717.899,2636.982,4879.726,5717.899,4601.053,7981.682,8823.376,533,525,0,1000,0
reload 6 SIGHUP wall_us=1789162195636815 policy=/tmp/rsfs.jtE0o7/gen-a.rpol
reload 6 daemon_applied complete_before=5 complete_after=6
reload 6 completion_s: p50=7.00 p95=8.35 max=8.46 (n=1000)
reload 6 maxgap_ms: p50=2465.46 p95=3901.64 max=5613.52 (n=1000)
reload 6 all_observer_maxgap_ms: p50=2491.23 p95=3901.64 max=5613.52 (n=1000)
reload 6 changed_first_generation_update_ms: p50=4211.96 p95=6437.09 max=8353.55 (n=1000)
reload 6 rss_mib before=527 after=531 comms_sample=[4286055400]
reload 6 sessions_up 1000/1000
reload 6 stable_marker_peers 0/0
reload 6 withdrawals: v4 named 0/0 v6 named 0/0 leaked=0 bystander=0 stable=0 duplicate=0
reloadstall_csv,6,1000,1000,0,400000,6.997259,8.351674,8.459571,2465.461,3901.642,5613.516,2491.229,3901.642,5613.516,4211.963,6437.085,8353.547,527,531,0,1000,0
reload 7 SIGHUP wall_us=1789164005212780 policy=/tmp/rsfs.jtE0o7/gen-b.rpol
reload 7 daemon_applied complete_before=6 complete_after=7
reload 7 completion_s: p50=6.48 p95=8.12 max=8.65 (n=1000)
reload 7 maxgap_ms: p50=2371.73 p95=4986.45 max=5416.96 (n=1000)
reload 7 all_observer_maxgap_ms: p50=2465.43 p95=4986.45 max=5416.96 (n=1000)
reload 7 changed_first_generation_update_ms: p50=4198.90 p95=7736.71 max=8161.23 (n=1000)
reload 7 rss_mib before=555 after=532 comms_sample=[4286056400]
reload 7 sessions_up 1000/1000
reload 7 stable_marker_peers 0/0
reload 7 withdrawals: v4 named 0/0 v6 named 0/0 leaked=0 bystander=0 stable=0 duplicate=0
reloadstall_csv,7,1000,1000,0,400000,6.477836,8.124465,8.651261,2371.726,4986.453,5416.956,2465.429,4986.453,5416.956,4198.899,7736.714,8161.231,555,532,0,1000,0
reload 8 SIGHUP wall_us=1789165815006178 policy=/tmp/rsfs.jtE0o7/gen-a.rpol
reload 8 daemon_applied complete_before=7 complete_after=8
reload 8 completion_s: p50=7.41 p95=8.79 max=9.14 (n=1000)
reload 8 maxgap_ms: p50=2314.04 p95=5096.52 max=5685.92 (n=1000)
reload 8 all_observer_maxgap_ms: p50=2390.06 p95=5096.52 max=5685.92 (n=1000)
reload 8 changed_first_generation_update_ms: p50=4745.23 p95=8272.66 max=8857.23 (n=1000)
reload 8 rss_mib before=560 after=556 comms_sample=[4286055400]
reload 8 sessions_up 1000/1000
reload 8 stable_marker_peers 0/0
reload 8 withdrawals: v4 named 0/0 v6 named 0/0 leaked=0 bystander=0 stable=0 duplicate=0
reloadstall_csv,8,1000,1000,0,400000,7.414091,8.785868,9.142496,2314.037,5096.517,5685.916,2390.063,5096.517,5685.916,4745.234,8272.656,8857.229,560,556,0,1000,0
trip 1 announce_over wall_us=1789167625302582 member=0 prefixes=64
trip 1 torn_down wall_us=1789167625353470 after_s=0.051
trip 1 reconnect transport_retries=0 recovered_peers=0
trip 1 reestablished wall_us=1789167745477636 holddown_s=120.124
trip 1 reannounced wall_us=1789167745477696
trip_csv,1,1000,0.051,0.016,120.124,0.826,519,1000,0
trip 1 complete wall_us=1789167746394661 rss_mib=519
reload 9 SIGHUP wall_us=1789167746603679 policy=/tmp/rsfs.jtE0o7/gen-b.rpol
reload 9 daemon_applied complete_before=8 complete_after=9
reload 9 completion_s: p50=7.40 p95=8.90 max=9.14 (n=1000)
reload 9 maxgap_ms: p50=2489.60 p95=4787.42 max=5730.52 (n=1000)
reload 9 all_observer_maxgap_ms: p50=2489.60 p95=4787.42 max=5730.52 (n=1000)
reload 9 changed_first_generation_update_ms: p50=4844.77 p95=8062.66 max=9011.44 (n=1000)
reload 9 rss_mib before=523 after=551 comms_sample=[4286056400]
reload 9 sessions_up 1000/1000
reload 9 stable_marker_peers 0/0
reload 9 withdrawals: v4 named 0/0 v6 named 0/0 leaked=0 bystander=0 stable=0 duplicate=0
reloadstall_csv,9,1000,1000,0,400000,7.397641,8.903987,9.139426,2489.599,4787.420,5730.525,2489.599,4787.420,5730.525,4844.771,8062.665,9011.441,523,551,0,1000,0
reload 10 SIGHUP wall_us=1789169556960590 policy=/tmp/rsfs.jtE0o7/gen-a.rpol
reload 10 daemon_applied complete_before=9 complete_after=10
reload 10 completion_s: p50=7.08 p95=8.50 max=8.72 (n=1000)
reload 10 maxgap_ms: p50=2835.96 p95=4816.25 max=5693.63 (n=1000)
reload 10 all_observer_maxgap_ms: p50=2884.82 p95=4816.25 max=5693.63 (n=1000)
reload 10 changed_first_generation_update_ms: p50=4392.32 p95=7679.50 max=8549.57 (n=1000)
reload 10 rss_mib before=517 after=553 comms_sample=[4286055400]
reload 10 sessions_up 1000/1000
reload 10 stable_marker_peers 0/0
reload 10 withdrawals: v4 named 0/0 v6 named 0/0 leaked=0 bystander=0 stable=0 duplicate=0
reloadstall_csv,10,1000,1000,0,400000,7.083688,8.500270,8.724275,2835.956,4816.254,5693.628,2884.817,4816.254,5693.628,4392.321,7679.499,8549.568,517,553,0,1000,0
reload 11 SIGHUP wall_us=1789171366868043 policy=/tmp/rsfs.jtE0o7/gen-b.rpol
reload 11 daemon_applied complete_before=10 complete_after=11
reload 11 completion_s: p50=7.42 p95=8.79 max=8.88 (n=1000)
reload 11 maxgap_ms: p50=2992.33 p95=5131.16 max=5876.97 (n=1000)
reload 11 all_observer_maxgap_ms: p50=3006.99 p95=5131.16 max=5876.97 (n=1000)
reload 11 changed_first_generation_update_ms: p50=4487.59 p95=8038.08 max=8788.10 (n=1000)
reload 11 rss_mib before=544 after=541 comms_sample=[4286056400]
reload 11 sessions_up 1000/1000
reload 11 stable_marker_peers 0/0
reload 11 withdrawals: v4 named 0/0 v6 named 0/0 leaked=0 bystander=0 stable=0 duplicate=0
reloadstall_csv,11,1000,1000,0,400000,7.419118,8.787051,8.879095,2992.329,5131.156,5876.974,3006.989,5131.156,5876.974,4487.590,8038.081,8788.101,544,541,0,1000,0
reload 12 SIGHUP wall_us=1789173176845051 policy=/tmp/rsfs.jtE0o7/gen-a.rpol
reload 12 daemon_applied complete_before=11 complete_after=12
reload 12 completion_s: p50=6.89 p95=8.52 max=8.72 (n=1000)
reload 12 maxgap_ms: p50=2515.17 p95=4674.55 max=5709.52 (n=1000)
reload 12 all_observer_maxgap_ms: p50=2575.80 p95=4674.55 max=5709.52 (n=1000)
reload 12 changed_first_generation_update_ms: p50=4476.41 p95=7530.81 max=8566.41 (n=1000)
reload 12 rss_mib before=509 after=540 comms_sample=[4286055400]
reload 12 sessions_up 1000/1000
reload 12 stable_marker_peers 0/0
reload 12 withdrawals: v4 named 0/0 v6 named 0/0 leaked=0 bystander=0 stable=0 duplicate=0
reloadstall_csv,12,1000,1000,0,400000,6.890265,8.517871,8.722311,2515.172,4674.546,5709.519,2575.805,4674.546,5709.519,4476.414,7530.811,8566.409,509,540,0,1000,0
reload 13 SIGHUP wall_us=1789174986806613 policy=/tmp/rsfs.jtE0o7/gen-b.rpol
reload 13 daemon_applied complete_before=12 complete_after=13
reload 13 completion_s: p50=6.95 p95=8.35 max=8.50 (n=1000)
reload 13 maxgap_ms: p50=2638.01 p95=4890.69 max=5689.85 (n=1000)
reload 13 all_observer_maxgap_ms: p50=2664.36 p95=4890.69 max=5689.85 (n=1000)
reload 13 changed_first_generation_update_ms: p50=4259.10 p95=7589.16 max=8380.93 (n=1000)
reload 13 rss_mib before=539 after=544 comms_sample=[4286056400]
reload 13 sessions_up 1000/1000
reload 13 stable_marker_peers 0/0
reload 13 withdrawals: v4 named 0/0 v6 named 0/0 leaked=0 bystander=0 stable=0 duplicate=0
reloadstall_csv,13,1000,1000,0,400000,6.947859,8.346418,8.495307,2638.005,4890.691,5689.853,2664.365,4890.691,5689.853,4259.101,7589.164,8380.930,539,544,0,1000,0
reload 14 SIGHUP wall_us=1789176796359927 policy=/tmp/rsfs.jtE0o7/gen-a.rpol
reload 14 daemon_applied complete_before=13 complete_after=14
reload 14 completion_s: p50=7.10 p95=8.70 max=11.67 (n=1000)
reload 14 maxgap_ms: p50=2431.30 p95=4793.04 max=5774.11 (n=1000)
reload 14 all_observer_maxgap_ms: p50=2572.35 p95=4793.04 max=5774.11 (n=1000)
reload 14 changed_first_generation_update_ms: p50=4574.38 p95=7826.64 max=8809.12 (n=1000)
reload 14 rss_mib before=526 after=535 comms_sample=[4286055400]
reload 14 sessions_up 1000/1000
reload 14 stable_marker_peers 0/0
reload 14 withdrawals: v4 named 0/0 v6 named 0/0 leaked=0 bystander=0 stable=0 duplicate=0
reloadstall_csv,14,1000,1000,0,400000,7.097040,8.704396,11.669558,2431.303,4793.041,5774.109,2572.352,4793.041,5774.109,4574.384,7826.644,8809.125,526,535,0,1000,0
reload 15 SIGHUP wall_us=1789178609220085 policy=/tmp/rsfs.jtE0o7/gen-b.rpol
reload 15 daemon_applied complete_before=14 complete_after=15
reload 15 completion_s: p50=6.90 p95=8.41 max=8.54 (n=1000)
reload 15 maxgap_ms: p50=2499.99 p95=4759.75 max=5405.21 (n=1000)
reload 15 all_observer_maxgap_ms: p50=2505.11 p95=4759.75 max=5405.21 (n=1000)
reload 15 changed_first_generation_update_ms: p50=4727.81 p95=7820.61 max=8471.94 (n=1000)
reload 15 rss_mib before=508 after=559 comms_sample=[4286056400]
reload 15 sessions_up 1000/1000
reload 15 stable_marker_peers 0/0
reload 15 withdrawals: v4 named 0/0 v6 named 0/0 leaked=0 bystander=0 stable=0 duplicate=0
reloadstall_csv,15,1000,1000,0,400000,6.895695,8.410495,8.536161,2499.990,4759.753,5405.207,2505.115,4759.753,5405.207,4727.808,7820.614,8471.939,508,559,0,1000,0
reload 16 SIGHUP wall_us=1789180418886820 policy=/tmp/rsfs.jtE0o7/gen-a.rpol
reload 16 daemon_applied complete_before=15 complete_after=16
reload 16 completion_s: p50=6.84 p95=8.45 max=8.61 (n=1000)
reload 16 maxgap_ms: p50=2684.77 p95=5032.52 max=5520.12 (n=1000)
reload 16 all_observer_maxgap_ms: p50=2697.35 p95=5032.52 max=5520.12 (n=1000)
reload 16 changed_first_generation_update_ms: p50=4580.69 p95=8005.35 max=8487.40 (n=1000)
reload 16 rss_mib before=552 after=558 comms_sample=[4286055400]
reload 16 sessions_up 1000/1000
reload 16 stable_marker_peers 0/0
reload 16 withdrawals: v4 named 0/0 v6 named 0/0 leaked=0 bystander=0 stable=0 duplicate=0
reloadstall_csv,16,1000,1000,0,400000,6.841379,8.446135,8.606242,2684.774,5032.520,5520.117,2697.347,5032.520,5520.117,4580.687,8005.348,8487.400,552,558,0,1000,0
trip 2 announce_over wall_us=1789182228909545 member=0 prefixes=64
trip 2 torn_down wall_us=1789182228960330 after_s=0.051
trip 2 reconnect transport_retries=59 recovered_peers=1
trip 2 reestablished wall_us=1789182348987417 holddown_s=120.027
trip 2 reannounced wall_us=1789182348987477
trip_csv,2,1000,0.051,0.000,120.027,0.712,586,1000,0
trip 2 complete wall_us=1789182349799137 rss_mib=586
reload 17 SIGHUP wall_us=1789182350016512 policy=/tmp/rsfs.jtE0o7/gen-b.rpol
reload 17 daemon_applied complete_before=16 complete_after=17
reload 17 completion_s: p50=7.61 p95=9.01 max=9.64 (n=1000)
reload 17 maxgap_ms: p50=2745.45 p95=4968.96 max=5414.28 (n=1000)
reload 17 all_observer_maxgap_ms: p50=2745.45 p95=4968.96 max=5414.28 (n=1000)
reload 17 changed_first_generation_update_ms: p50=5484.53 p95=8618.14 max=9066.21 (n=1000)
reload 17 rss_mib before=551 after=542 comms_sample=[4286056400]
reload 17 sessions_up 1000/1000
reload 17 stable_marker_peers 0/0
reload 17 withdrawals: v4 named 0/0 v6 named 0/0 leaked=0 bystander=0 stable=0 duplicate=0
reloadstall_csv,17,1000,1000,0,400000,7.606669,9.008414,9.639064,2745.452,4968.957,5414.285,2745.452,4968.957,5414.285,5484.530,8618.136,9066.207,551,542,0,1000,0
reload 18 SIGHUP wall_us=1789184161014261 policy=/tmp/rsfs.jtE0o7/gen-a.rpol
reload 18 daemon_applied complete_before=17 complete_after=18
reload 18 completion_s: p50=7.10 p95=8.50 max=8.99 (n=1000)
reload 18 maxgap_ms: p50=2410.61 p95=4445.51 max=5597.94 (n=1000)
reload 18 all_observer_maxgap_ms: p50=2410.61 p95=4445.51 max=5597.94 (n=1000)
reload 18 changed_first_generation_update_ms: p50=4552.81 p95=7414.83 max=8567.55 (n=1000)
reload 18 rss_mib before=516 after=565 comms_sample=[4286055400]
reload 18 sessions_up 1000/1000
reload 18 stable_marker_peers 0/0
reload 18 withdrawals: v4 named 0/0 v6 named 0/0 leaked=0 bystander=0 stable=0 duplicate=0
reloadstall_csv,18,1000,1000,0,400000,7.102722,8.500860,8.992349,2410.609,4445.506,5597.940,2410.609,4445.506,5597.940,4552.805,7414.830,8567.548,516,565,0,1000,0
reload 19 SIGHUP wall_us=1789185971155813 policy=/tmp/rsfs.jtE0o7/gen-b.rpol
reload 19 daemon_applied complete_before=18 complete_after=19
reload 19 completion_s: p50=6.97 p95=8.40 max=8.59 (n=1000)
reload 19 maxgap_ms: p50=2786.38 p95=5163.69 max=5675.41 (n=1000)
reload 19 all_observer_maxgap_ms: p50=2786.38 p95=5163.69 max=5675.41 (n=1000)
reload 19 changed_first_generation_update_ms: p50=4454.93 p95=7957.62 max=8464.86 (n=1000)
reload 19 rss_mib before=539 after=546 comms_sample=[4286056400]
reload 19 sessions_up 1000/1000
reload 19 stable_marker_peers 0/0
reload 19 withdrawals: v4 named 0/0 v6 named 0/0 leaked=0 bystander=0 stable=0 duplicate=0
reloadstall_csv,19,1000,1000,0,400000,6.968246,8.395877,8.588680,2786.383,5163.692,5675.406,2786.383,5163.692,5675.406,4454.934,7957.616,8464.861,539,546,0,1000,0
reload 20 SIGHUP wall_us=1789187781143858 policy=/tmp/rsfs.jtE0o7/gen-a.rpol
reload 20 daemon_applied complete_before=19 complete_after=20
reload 20 completion_s: p50=6.65 p95=8.31 max=8.60 (n=1000)
reload 20 maxgap_ms: p50=2651.29 p95=4946.20 max=5638.30 (n=1000)
reload 20 all_observer_maxgap_ms: p50=2735.47 p95=4946.20 max=5638.30 (n=1000)
reload 20 changed_first_generation_update_ms: p50=4178.12 p95=7686.52 max=8385.27 (n=1000)
reload 20 rss_mib before=540 after=536 comms_sample=[4286055400]
reload 20 sessions_up 1000/1000
reload 20 stable_marker_peers 0/0
reload 20 withdrawals: v4 named 0/0 v6 named 0/0 leaked=0 bystander=0 stable=0 duplicate=0
reloadstall_csv,20,1000,1000,0,400000,6.651236,8.308684,8.597104,2651.286,4946.201,5638.302,2735.474,4946.201,5638.302,4178.116,7686.522,8385.274,540,536,0,1000,0
reload 21 SIGHUP wall_us=1789189590998444 policy=/tmp/rsfs.jtE0o7/gen-b.rpol
reload 21 daemon_applied complete_before=20 complete_after=21
reload 21 completion_s: p50=6.92 p95=8.24 max=8.40 (n=1000)
reload 21 maxgap_ms: p50=2673.88 p95=4786.91 max=5708.94 (n=1000)
reload 21 all_observer_maxgap_ms: p50=2677.74 p95=4786.91 max=5708.94 (n=1000)
reload 21 changed_first_generation_update_ms: p50=4212.24 p95=7400.37 max=8329.23 (n=1000)
reload 21 rss_mib before=523 after=574 comms_sample=[4286056400]
reload 21 sessions_up 1000/1000
reload 21 stable_marker_peers 0/0
reload 21 withdrawals: v4 named 0/0 v6 named 0/0 leaked=0 bystander=0 stable=0 duplicate=0
reloadstall_csv,21,1000,1000,0,400000,6.920364,8.239168,8.400631,2673.881,4786.906,5708.935,2677.743,4786.906,5708.935,4212.244,7400.371,8329.233,523,574,0,1000,0
reload 22 SIGHUP wall_us=1789191400508382 policy=/tmp/rsfs.jtE0o7/gen-a.rpol
reload 22 daemon_applied complete_before=21 complete_after=22
reload 22 completion_s: p50=7.34 p95=8.91 max=9.06 (n=1000)
reload 22 maxgap_ms: p50=2562.80 p95=4958.77 max=5886.09 (n=1000)
reload 22 all_observer_maxgap_ms: p50=2598.04 p95=4958.77 max=5886.09 (n=1000)
reload 22 changed_first_generation_update_ms: p50=4636.95 p95=8054.42 max=8980.97 (n=1000)
reload 22 rss_mib before=568 after=529 comms_sample=[4286055400]
reload 22 sessions_up 1000/1000
reload 22 stable_marker_peers 0/0
reload 22 withdrawals: v4 named 0/0 v6 named 0/0 leaked=0 bystander=0 stable=0 duplicate=0
reloadstall_csv,22,1000,1000,0,400000,7.335739,8.914614,9.064342,2562.801,4958.767,5886.090,2598.040,4958.767,5886.090,4636.952,8054.419,8980.971,568,529,0,1000,0
reload 23 SIGHUP wall_us=1789193210890899 policy=/tmp/rsfs.jtE0o7/gen-b.rpol
reload 23 daemon_applied complete_before=22 complete_after=23
reload 23 completion_s: p50=6.80 p95=8.46 max=8.73 (n=1000)
reload 23 maxgap_ms: p50=2590.27 p95=4829.02 max=5462.73 (n=1000)
reload 23 all_observer_maxgap_ms: p50=2590.27 p95=4829.02 max=5462.73 (n=1000)
reload 23 changed_first_generation_update_ms: p50=4559.75 p95=7811.44 max=8444.88 (n=1000)
reload 23 rss_mib before=554 after=513 comms_sample=[4286056400]
reload 23 sessions_up 1000/1000
reload 23 stable_marker_peers 0/0
reload 23 withdrawals: v4 named 0/0 v6 named 0/0 leaked=0 bystander=0 stable=0 duplicate=0
reloadstall_csv,23,1000,1000,0,400000,6.795245,8.464574,8.728496,2590.269,4829.025,5462.728,2590.269,4829.025,5462.728,4559.746,7811.441,8444.876,554,513,0,1000,0
reload 24 SIGHUP wall_us=1789195020797951 policy=/tmp/rsfs.jtE0o7/gen-a.rpol
reload 24 daemon_applied complete_before=23 complete_after=24
reload 24 completion_s: p50=7.29 p95=8.61 max=9.11 (n=1000)
reload 24 maxgap_ms: p50=2455.14 p95=4495.77 max=5533.41 (n=1000)
reload 24 all_observer_maxgap_ms: p50=2502.17 p95=4495.77 max=5533.41 (n=1000)
reload 24 changed_first_generation_update_ms: p50=4716.84 p95=7626.66 max=8661.73 (n=1000)
reload 24 rss_mib before=529 after=536 comms_sample=[4286055400]
reload 24 sessions_up 1000/1000
reload 24 stable_marker_peers 0/0
reload 24 withdrawals: v4 named 0/0 v6 named 0/0 leaked=0 bystander=0 stable=0 duplicate=0
reloadstall_csv,24,1000,1000,0,400000,7.289083,8.614995,9.110927,2455.141,4495.765,5533.414,2502.169,4495.765,5533.414,4716.842,7626.661,8661.731,529,536,0,1000,0
trip 3 announce_over wall_us=1789196830871542 member=0 prefixes=64
trip 3 torn_down wall_us=1789196830922537 after_s=0.051
trip 3 reconnect transport_retries=0 recovered_peers=0
trip 3 reestablished wall_us=1789196951044848 holddown_s=120.122
trip 3 reannounced wall_us=1789196951044935
trip_csv,3,1000,0.051,0.008,120.122,0.867,580,1000,0
trip 3 complete wall_us=1789196951954544 rss_mib=580
reload 25 SIGHUP wall_us=1789196952184729 policy=/tmp/rsfs.jtE0o7/gen-b.rpol
reload 25 daemon_applied complete_before=24 complete_after=25
reload 25 completion_s: p50=7.98 p95=9.31 max=10.08 (n=1000)
reload 25 maxgap_ms: p50=2603.42 p95=4795.53 max=5505.48 (n=1000)
reload 25 all_observer_maxgap_ms: p50=2637.92 p95=4795.53 max=5505.48 (n=1000)
reload 25 changed_first_generation_update_ms: p50=5417.76 p95=8662.10 max=9373.41 (n=1000)
reload 25 rss_mib before=577 after=518 comms_sample=[4286056400]
reload 25 sessions_up 1000/1000
reload 25 stable_marker_peers 0/0
reload 25 withdrawals: v4 named 0/0 v6 named 0/0 leaked=0 bystander=0 stable=0 duplicate=0
reloadstall_csv,25,1000,1000,0,400000,7.982806,9.307958,10.078412,2603.422,4795.526,5505.476,2637.916,4795.526,5505.476,5417.764,8662.099,9373.408,577,518,0,1000,0
reload 26 SIGHUP wall_us=1789198763418770 policy=/tmp/rsfs.jtE0o7/gen-a.rpol
reload 26 daemon_applied complete_before=25 complete_after=26
reload 26 completion_s: p50=6.81 p95=8.32 max=8.79 (n=1000)
reload 26 maxgap_ms: p50=2609.93 p95=4640.10 max=5690.61 (n=1000)
reload 26 all_observer_maxgap_ms: p50=2671.29 p95=4640.10 max=5690.61 (n=1000)
reload 26 changed_first_generation_update_ms: p50=4320.67 p95=7333.38 max=8387.83 (n=1000)
reload 26 rss_mib before=516 after=513 comms_sample=[4286055400]
reload 26 sessions_up 1000/1000
reload 26 stable_marker_peers 0/0
reload 26 withdrawals: v4 named 0/0 v6 named 0/0 leaked=0 bystander=0 stable=0 duplicate=0
reloadstall_csv,26,1000,1000,0,400000,6.807894,8.324321,8.785594,2609.928,4640.099,5690.613,2671.294,4640.099,5690.613,4320.671,7333.380,8387.830,516,513,0,1000,0
reload 27 SIGHUP wall_us=1789200573342095 policy=/tmp/rsfs.jtE0o7/gen-b.rpol
reload 27 daemon_applied complete_before=26 complete_after=27
reload 27 completion_s: p50=6.57 p95=8.28 max=8.78 (n=1000)
reload 27 maxgap_ms: p50=2470.62 p95=5100.63 max=5548.48 (n=1000)
reload 27 all_observer_maxgap_ms: p50=2485.48 p95=5100.63 max=5548.48 (n=1000)
reload 27 changed_first_generation_update_ms: p50=4385.30 p95=7899.79 max=8342.88 (n=1000)
reload 27 rss_mib before=513 after=542 comms_sample=[4286056400]
reload 27 sessions_up 1000/1000
reload 27 stable_marker_peers 0/0
reload 27 withdrawals: v4 named 0/0 v6 named 0/0 leaked=0 bystander=0 stable=0 duplicate=0
reloadstall_csv,27,1000,1000,0,400000,6.565204,8.281633,8.778293,2470.623,5100.634,5548.481,2485.483,5100.634,5548.481,4385.298,7899.792,8342.883,513,542,0,1000,0
reload 28 SIGHUP wall_us=1789202383348261 policy=/tmp/rsfs.jtE0o7/gen-a.rpol
reload 28 daemon_applied complete_before=27 complete_after=28
reload 28 completion_s: p50=7.83 p95=9.07 max=9.25 (n=1000)
reload 28 maxgap_ms: p50=2213.11 p95=4663.70 max=5234.22 (n=1000)
reload 28 all_observer_maxgap_ms: p50=2213.11 p95=4663.70 max=5234.22 (n=1000)
reload 28 changed_first_generation_update_ms: p50=5420.73 p95=8529.60 max=9105.89 (n=1000)
reload 28 rss_mib before=527 after=546 comms_sample=[4286055400]
reload 28 sessions_up 1000/1000
reload 28 stable_marker_peers 0/0
reload 28 withdrawals: v4 named 0/0 v6 named 0/0 leaked=0 bystander=0 stable=0 duplicate=0
reloadstall_csv,28,1000,1000,0,400000,7.832612,9.068104,9.251588,2213.110,4663.697,5234.220,2213.110,4663.697,5234.220,5420.731,8529.602,9105.888,527,546,0,1000,0
reload 29 SIGHUP wall_us=1789204193561868 policy=/tmp/rsfs.jtE0o7/gen-b.rpol
reload 29 daemon_applied complete_before=28 complete_after=29
reload 29 completion_s: p50=7.35 p95=9.03 max=9.47 (n=1000)
reload 29 maxgap_ms: p50=2385.61 p95=4858.40 max=5876.72 (n=1000)
reload 29 all_observer_maxgap_ms: p50=2600.23 p95=4858.40 max=5876.72 (n=1000)
reload 29 changed_first_generation_update_ms: p50=4778.93 p95=8093.08 max=9110.80 (n=1000)
reload 29 rss_mib before=522 after=525 comms_sample=[4286056400]
reload 29 sessions_up 1000/1000
reload 29 stable_marker_peers 0/0
reload 29 withdrawals: v4 named 0/0 v6 named 0/0 leaked=0 bystander=0 stable=0 duplicate=0
reloadstall_csv,29,1000,1000,0,400000,7.354330,9.033156,9.468135,2385.606,4858.397,5876.715,2600.229,4858.397,5876.715,4778.932,8093.084,9110.796,522,525,0,1000,0
reload 30 SIGHUP wall_us=1789206004419044 policy=/tmp/rsfs.jtE0o7/gen-a.rpol
reload 30 daemon_applied complete_before=29 complete_after=30
reload 30 completion_s: p50=7.35 p95=8.91 max=9.26 (n=1000)
reload 30 maxgap_ms: p50=2868.96 p95=5431.18 max=5879.03 (n=1000)
reload 30 all_observer_maxgap_ms: p50=2900.84 p95=5431.18 max=5879.03 (n=1000)
reload 30 changed_first_generation_update_ms: p50=4733.80 p95=8532.90 max=8982.99 (n=1000)
reload 30 rss_mib before=507 after=578 comms_sample=[4286055400]
reload 30 sessions_up 1000/1000
reload 30 stable_marker_peers 0/0
reload 30 withdrawals: v4 named 0/0 v6 named 0/0 leaked=0 bystander=0 stable=0 duplicate=0
reloadstall_csv,30,1000,1000,0,400000,7.354196,8.911332,9.258641,2868.962,5431.184,5879.026,2900.840,5431.184,5879.026,4733.797,8532.900,8982.988,507,578,0,1000,0
reload 31 SIGHUP wall_us=1789207814931538 policy=/tmp/rsfs.jtE0o7/gen-b.rpol
reload 31 daemon_applied complete_before=30 complete_after=31
reload 31 completion_s: p50=7.23 p95=8.71 max=9.22 (n=1000)
reload 31 maxgap_ms: p50=2575.24 p95=5069.13 max=5507.23 (n=1000)
reload 31 all_observer_maxgap_ms: p50=2575.24 p95=5069.13 max=5507.23 (n=1000)
reload 31 changed_first_generation_update_ms: p50=4937.16 p95=8359.10 max=8797.51 (n=1000)
reload 31 rss_mib before=547 after=543 comms_sample=[4286056400]
reload 31 sessions_up 1000/1000
reload 31 stable_marker_peers 0/0
reload 31 withdrawals: v4 named 0/0 v6 named 0/0 leaked=0 bystander=0 stable=0 duplicate=0
reloadstall_csv,31,1000,1000,0,400000,7.227456,8.708230,9.217034,2575.236,5069.128,5507.226,2575.236,5069.128,5507.226,4937.162,8359.105,8797.506,547,543,0,1000,0
reload 32 SIGHUP wall_us=1789209625305878 policy=/tmp/rsfs.jtE0o7/gen-a.rpol
reload 32 daemon_applied complete_before=31 complete_after=32
reload 32 completion_s: p50=7.32 p95=8.69 max=8.97 (n=1000)
reload 32 maxgap_ms: p50=2663.67 p95=4535.78 max=5475.90 (n=1000)
reload 32 all_observer_maxgap_ms: p50=2663.67 p95=4535.78 max=5475.90 (n=1000)
reload 32 changed_first_generation_update_ms: p50=4599.88 p95=7685.51 max=8625.79 (n=1000)
reload 32 rss_mib before=525 after=533 comms_sample=[4286055400]
reload 32 sessions_up 1000/1000
reload 32 stable_marker_peers 0/0
reload 32 withdrawals: v4 named 0/0 v6 named 0/0 leaked=0 bystander=0 stable=0 duplicate=0
reloadstall_csv,32,1000,1000,0,400000,7.317448,8.685720,8.973662,2663.674,4535.778,5475.896,2663.674,4535.778,5475.896,4599.877,7685.514,8625.790,525,533,0,1000,0
trip 4 announce_over wall_us=1789211435212891 member=0 prefixes=64
trip 4 torn_down wall_us=1789211435264079 after_s=0.051
trip 4 reconnect transport_retries=0 recovered_peers=0
trip 4 reestablished wall_us=1789211555388799 holddown_s=120.125
trip 4 reannounced wall_us=1789211555388925
trip_csv,4,1000,0.051,0.034,120.125,0.853,552,1000,0
trip 4 complete wall_us=1789211556297531 rss_mib=552
reload 33 SIGHUP wall_us=1789211556516638 policy=/tmp/rsfs.jtE0o7/gen-b.rpol
reload 33 daemon_applied complete_before=32 complete_after=33
reload 33 completion_s: p50=7.65 p95=9.14 max=9.29 (n=1000)
reload 33 maxgap_ms: p50=2712.94 p95=5034.03 max=5682.56 (n=1000)
reload 33 all_observer_maxgap_ms: p50=2721.59 p95=5034.03 max=5682.56 (n=1000)
reload 33 changed_first_generation_update_ms: p50=5242.05 p95=8602.86 max=9245.85 (n=1000)
reload 33 rss_mib before=545 after=559 comms_sample=[4286056400]
reload 33 sessions_up 1000/1000
reload 33 stable_marker_peers 0/0
reload 33 withdrawals: v4 named 0/0 v6 named 0/0 leaked=0 bystander=0 stable=0 duplicate=0
reloadstall_csv,33,1000,1000,0,400000,7.647719,9.138055,9.291408,2712.942,5034.027,5682.560,2721.591,5034.027,5682.560,5242.053,8602.864,9245.852,545,559,0,1000,0
reload 34 SIGHUP wall_us=1789213367045458 policy=/tmp/rsfs.jtE0o7/gen-a.rpol
reload 34 daemon_applied complete_before=33 complete_after=34
reload 34 completion_s: p50=6.83 p95=8.34 max=8.87 (n=1000)
reload 34 maxgap_ms: p50=2324.47 p95=4705.73 max=5553.42 (n=1000)
reload 34 all_observer_maxgap_ms: p50=2324.47 p95=4705.73 max=5553.42 (n=1000)
reload 34 changed_first_generation_update_ms: p50=4341.83 p95=7593.51 max=8437.95 (n=1000)
reload 34 rss_mib before=536 after=518 comms_sample=[4286055400]
reload 34 sessions_up 1000/1000
reload 34 stable_marker_peers 0/0
reload 34 withdrawals: v4 named 0/0 v6 named 0/0 leaked=0 bystander=0 stable=0 duplicate=0
reloadstall_csv,34,1000,1000,0,400000,6.833586,8.340162,8.873636,2324.472,4705.726,5553.417,2324.472,4705.726,5553.417,4341.826,7593.507,8437.950,536,518,0,1000,0
reload 35 SIGHUP wall_us=1789215177551360 policy=/tmp/rsfs.jtE0o7/gen-b.rpol
reload 35 daemon_applied complete_before=34 complete_after=35
reload 35 completion_s: p50=6.81 p95=8.22 max=8.49 (n=1000)
reload 35 maxgap_ms: p50=2397.47 p95=4663.34 max=5480.75 (n=1000)
reload 35 all_observer_maxgap_ms: p50=2493.23 p95=4663.34 max=5480.75 (n=1000)
reload 35 changed_first_generation_update_ms: p50=4240.23 p95=7453.84 max=8267.38 (n=1000)
reload 35 rss_mib before=527 after=526 comms_sample=[4286056400]
reload 35 sessions_up 1000/1000
reload 35 stable_marker_peers 0/0
reload 35 withdrawals: v4 named 0/0 v6 named 0/0 leaked=0 bystander=0 stable=0 duplicate=0
reloadstall_csv,35,1000,1000,0,400000,6.811521,8.217134,8.487213,2397.467,4663.337,5480.749,2493.228,4663.337,5480.749,4240.226,7453.835,8267.375,527,526,0,1000,0
reload 36 SIGHUP wall_us=1789216987636267 policy=/tmp/rsfs.jtE0o7/gen-a.rpol
reload 36 daemon_applied complete_before=35 complete_after=36
reload 36 completion_s: p50=6.87 p95=8.47 max=8.88 (n=1000)
reload 36 maxgap_ms: p50=2565.56 p95=4841.83 max=5643.65 (n=1000)
reload 36 all_observer_maxgap_ms: p50=2577.78 p95=4841.83 max=5643.65 (n=1000)
reload 36 changed_first_generation_update_ms: p50=4405.67 p95=7734.59 max=8530.41 (n=1000)
reload 36 rss_mib before=526 after=545 comms_sample=[4286055400]
reload 36 sessions_up 1000/1000
reload 36 stable_marker_peers 0/0
reload 36 withdrawals: v4 named 0/0 v6 named 0/0 leaked=0 bystander=0 stable=0 duplicate=0
reloadstall_csv,36,1000,1000,0,400000,6.868734,8.465944,8.883200,2565.558,4841.828,5643.646,2577.785,4841.828,5643.646,4405.668,7734.586,8530.412,526,545,0,1000,0
reload 37 SIGHUP wall_us=1789218797710085 policy=/tmp/rsfs.jtE0o7/gen-b.rpol
reload 37 daemon_applied complete_before=36 complete_after=37
reload 37 completion_s: p50=6.72 p95=8.26 max=8.71 (n=1000)
reload 37 maxgap_ms: p50=2359.42 p95=4711.32 max=5573.80 (n=1000)
reload 37 all_observer_maxgap_ms: p50=2448.47 p95=4711.32 max=5573.80 (n=1000)
reload 37 changed_first_generation_update_ms: p50=4313.27 p95=7472.88 max=8336.88 (n=1000)
reload 37 rss_mib before=520 after=515 comms_sample=[4286056400]
reload 37 sessions_up 1000/1000
reload 37 stable_marker_peers 0/0
reload 37 withdrawals: v4 named 0/0 v6 named 0/0 leaked=0 bystander=0 stable=0 duplicate=0
reloadstall_csv,37,1000,1000,0,400000,6.724616,8.261471,8.709844,2359.419,4711.316,5573.800,2448.467,4711.316,5573.800,4313.273,7472.882,8336.878,520,515,0,1000,0
reload 38 SIGHUP wall_us=1789220607646437 policy=/tmp/rsfs.jtE0o7/gen-a.rpol
reload 38 daemon_applied complete_before=37 complete_after=38
reload 38 completion_s: p50=6.91 p95=8.25 max=8.38 (n=1000)
reload 38 maxgap_ms: p50=2458.79 p95=4642.43 max=5486.37 (n=1000)
reload 38 all_observer_maxgap_ms: p50=2472.83 p95=4642.43 max=5486.37 (n=1000)
reload 38 changed_first_generation_update_ms: p50=4388.56 p95=7457.93 max=8302.23 (n=1000)
reload 38 rss_mib before=525 after=567 comms_sample=[4286055400]
reload 38 sessions_up 1000/1000
reload 38 stable_marker_peers 0/0
reload 38 withdrawals: v4 named 0/0 v6 named 0/0 leaked=0 bystander=0 stable=0 duplicate=0
reloadstall_csv,38,1000,1000,0,400000,6.909559,8.252475,8.384467,2458.794,4642.434,5486.367,2472.828,4642.434,5486.367,4388.559,7457.933,8302.229,525,567,0,1000,0
reload 39 SIGHUP wall_us=1789222417151439 policy=/tmp/rsfs.jtE0o7/gen-b.rpol
reload 39 daemon_applied complete_before=38 complete_after=39
reload 39 completion_s: p50=7.13 p95=8.43 max=8.88 (n=1000)
reload 39 maxgap_ms: p50=2480.04 p95=4199.03 max=5549.45 (n=1000)
reload 39 all_observer_maxgap_ms: p50=2558.15 p95=4199.03 max=5549.45 (n=1000)
reload 39 changed_first_generation_update_ms: p50=4428.84 p95=7121.74 max=8473.55 (n=1000)
reload 39 rss_mib before=505 after=554 comms_sample=[4286056400]
reload 39 sessions_up 1000/1000
reload 39 stable_marker_peers 0/0
reload 39 withdrawals: v4 named 0/0 v6 named 0/0 leaked=0 bystander=0 stable=0 duplicate=0
reloadstall_csv,39,1000,1000,0,400000,7.130771,8.428401,8.880672,2480.044,4199.027,5549.446,2558.147,4199.027,5549.446,4428.836,7121.742,8473.551,505,554,0,1000,0
reload 40 SIGHUP wall_us=1789224227608008 policy=/tmp/rsfs.jtE0o7/gen-a.rpol
reload 40 daemon_applied complete_before=39 complete_after=40
reload 40 completion_s: p50=7.09 p95=8.64 max=9.04 (n=1000)
reload 40 maxgap_ms: p50=2510.36 p95=4885.28 max=5436.04 (n=1000)
reload 40 all_observer_maxgap_ms: p50=2564.51 p95=4885.28 max=5436.04 (n=1000)
reload 40 changed_first_generation_update_ms: p50=4758.07 p95=8091.85 max=8642.90 (n=1000)
reload 40 rss_mib before=516 after=515 comms_sample=[4286055400]
reload 40 sessions_up 1000/1000
reload 40 stable_marker_peers 0/0
reload 40 withdrawals: v4 named 0/0 v6 named 0/0 leaked=0 bystander=0 stable=0 duplicate=0
reloadstall_csv,40,1000,1000,0,400000,7.094730,8.643810,9.038950,2510.358,4885.280,5436.036,2564.509,4885.280,5436.036,4758.066,8091.847,8642.900,516,515,0,1000,0
trip 5 announce_over wall_us=1789226038040174 member=0 prefixes=64
trip 5 torn_down wall_us=1789226038091293 after_s=0.051
trip 5 reconnect transport_retries=0 recovered_peers=0
trip 5 reestablished wall_us=1789226158216876 holddown_s=120.126
trip 5 reannounced wall_us=1789226158216948
trip_csv,5,1000,0.051,0.000,120.126,0.748,586,1000,0
trip 5 complete wall_us=1789226159028226 rss_mib=586
reload 41 SIGHUP wall_us=1789226159241612 policy=/tmp/rsfs.jtE0o7/gen-b.rpol
reload 41 daemon_applied complete_before=40 complete_after=41
reload 41 completion_s: p50=7.27 p95=9.02 max=9.36 (n=1000)
reload 41 maxgap_ms: p50=2682.45 p95=4987.59 max=5616.63 (n=1000)
reload 41 all_observer_maxgap_ms: p50=2682.45 p95=4987.59 max=5616.63 (n=1000)
reload 41 changed_first_generation_update_ms: p50=5024.42 p95=8496.27 max=9120.36 (n=1000)
reload 41 rss_mib before=546 after=541 comms_sample=[4286056400]
reload 41 sessions_up 1000/1000
reload 41 stable_marker_peers 0/0
reload 41 withdrawals: v4 named 0/0 v6 named 0/0 leaked=0 bystander=0 stable=0 duplicate=0
reloadstall_csv,41,1000,1000,0,400000,7.265407,9.024844,9.361385,2682.446,4987.591,5616.633,2682.446,4987.591,5616.633,5024.421,8496.274,9120.359,546,541,0,1000,0
reload 42 SIGHUP wall_us=1789227969799332 policy=/tmp/rsfs.jtE0o7/gen-a.rpol
reload 42 daemon_applied complete_before=41 complete_after=42
reload 42 completion_s: p50=10.46 p95=11.93 max=12.10 (n=1000)
reload 42 maxgap_ms: p50=3083.11 p95=6156.08 max=6666.14 (n=1000)
reload 42 all_observer_maxgap_ms: p50=3086.34 p95=6156.08 max=6666.14 (n=1000)
reload 42 changed_first_generation_update_ms: p50=7970.26 p95=11503.49 max=12011.63 (n=1000)
reload 42 rss_mib before=548 after=556 comms_sample=[4286055400]
reload 42 sessions_up 1000/1000
reload 42 stable_marker_peers 0/0
reload 42 withdrawals: v4 named 0/0 v6 named 0/0 leaked=0 bystander=0 stable=0 duplicate=0
reloadstall_csv,42,1000,1000,0,400000,10.464076,11.933180,12.102927,3083.110,6156.084,6666.136,3086.340,6156.084,6666.136,7970.263,11503.491,12011.629,548,556,0,1000,0
reload 43 SIGHUP wall_us=1789229782989817 policy=/tmp/rsfs.jtE0o7/gen-b.rpol
reload 43 daemon_applied complete_before=42 complete_after=43
reload 43 completion_s: p50=6.87 p95=8.36 max=8.65 (n=1000)
reload 43 maxgap_ms: p50=2331.11 p95=5021.23 max=5543.99 (n=1000)
reload 43 all_observer_maxgap_ms: p50=2405.95 p95=5021.23 max=5543.99 (n=1000)
reload 43 changed_first_generation_update_ms: p50=4353.62 p95=7916.03 max=8437.32 (n=1000)
reload 43 rss_mib before=523 after=533 comms_sample=[4286056400]
reload 43 sessions_up 1000/1000
reload 43 stable_marker_peers 0/0
reload 43 withdrawals: v4 named 0/0 v6 named 0/0 leaked=0 bystander=0 stable=0 duplicate=0
reloadstall_csv,43,1000,1000,0,400000,6.872912,8.363112,8.654316,2331.110,5021.232,5543.986,2405.953,5021.232,5543.986,4353.624,7916.031,8437.316,523,533,0,1000,0
reload 44 SIGHUP wall_us=1789231592763888 policy=/tmp/rsfs.jtE0o7/gen-a.rpol
reload 44 daemon_applied complete_before=43 complete_after=44
reload 44 completion_s: p50=7.22 p95=8.42 max=8.89 (n=1000)
reload 44 maxgap_ms: p50=2779.95 p95=4097.06 max=5514.02 (n=1000)
reload 44 all_observer_maxgap_ms: p50=2779.95 p95=4097.06 max=5514.02 (n=1000)
reload 44 changed_first_generation_update_ms: p50=4537.39 p95=7066.57 max=8480.71 (n=1000)
reload 44 rss_mib before=514 after=529 comms_sample=[4286055400]
reload 44 sessions_up 1000/1000
reload 44 stable_marker_peers 0/0
reload 44 withdrawals: v4 named 0/0 v6 named 0/0 leaked=0 bystander=0 stable=0 duplicate=0
reloadstall_csv,44,1000,1000,0,400000,7.219607,8.419398,8.886991,2779.946,4097.059,5514.016,2779.946,4097.059,5514.016,4537.387,7066.574,8480.713,514,529,0,1000,0
reload 45 SIGHUP wall_us=1789233402728731 policy=/tmp/rsfs.jtE0o7/gen-b.rpol
reload 45 daemon_applied complete_before=44 complete_after=45
reload 45 completion_s: p50=6.60 p95=8.30 max=8.64 (n=1000)
reload 45 maxgap_ms: p50=2605.40 p95=5121.58 max=5690.32 (n=1000)
reload 45 all_observer_maxgap_ms: p50=2630.74 p95=5121.58 max=5690.32 (n=1000)
reload 45 changed_first_generation_update_ms: p50=4234.10 p95=7814.12 max=8378.49 (n=1000)
reload 45 rss_mib before=518 after=534 comms_sample=[4286056400]
reload 45 sessions_up 1000/1000
reload 45 stable_marker_peers 0/0
reload 45 withdrawals: v4 named 0/0 v6 named 0/0 leaked=0 bystander=0 stable=0 duplicate=0
reloadstall_csv,45,1000,1000,0,400000,6.595191,8.301226,8.643209,2605.402,5121.579,5690.317,2630.741,5121.579,5690.317,4234.096,7814.124,8378.494,518,534,0,1000,0
reload 46 SIGHUP wall_us=1789235212594044 policy=/tmp/rsfs.jtE0o7/gen-a.rpol
reload 46 daemon_applied complete_before=45 complete_after=46
reload 46 completion_s: p50=6.81 p95=8.37 max=8.56 (n=1000)
reload 46 maxgap_ms: p50=2349.88 p95=4229.67 max=5588.39 (n=1000)
reload 46 all_observer_maxgap_ms: p50=2527.14 p95=4229.67 max=5588.39 (n=1000)
reload 46 changed_first_generation_update_ms: p50=4349.67 p95=7089.08 max=8447.51 (n=1000)
reload 46 rss_mib before=507 after=515 comms_sample=[4286055400]
reload 46 sessions_up 1000/1000
reload 46 stable_marker_peers 0/0
reload 46 withdrawals: v4 named 0/0 v6 named 0/0 leaked=0 bystander=0 stable=0 duplicate=0
reloadstall_csv,46,1000,1000,0,400000,6.811914,8.368686,8.557171,2349.879,4229.668,5588.392,2527.139,4229.668,5588.392,4349.671,7089.077,8447.512,507,515,0,1000,0
reload 47 SIGHUP wall_us=1789237022289035 policy=/tmp/rsfs.jtE0o7/gen-b.rpol
reload 47 daemon_applied complete_before=46 complete_after=47
reload 47 completion_s: p50=7.44 p95=8.83 max=9.17 (n=1000)
reload 47 maxgap_ms: p50=2485.00 p95=4877.08 max=5479.68 (n=1000)
reload 47 all_observer_maxgap_ms: p50=2527.07 p95=4877.08 max=5479.68 (n=1000)
reload 47 changed_first_generation_update_ms: p50=4884.53 p95=8283.94 max=8882.28 (n=1000)
reload 47 rss_mib before=553 after=539 comms_sample=[4286056400]
reload 47 sessions_up 1000/1000
reload 47 stable_marker_peers 0/0
reload 47 withdrawals: v4 named 0/0 v6 named 0/0 leaked=0 bystander=0 stable=0 duplicate=0
reloadstall_csv,47,1000,1000,0,400000,7.441586,8.830195,9.173774,2485.000,4877.079,5479.676,2527.070,4877.079,5479.676,4884.526,8283.942,8882.283,553,539,0,1000,0
reload 48 SIGHUP wall_us=1789238832609486 policy=/tmp/rsfs.jtE0o7/gen-a.rpol
reload 48 daemon_applied complete_before=47 complete_after=48
reload 48 completion_s: p50=6.96 p95=8.33 max=8.51 (n=1000)
reload 48 maxgap_ms: p50=2601.65 p95=4984.26 max=5657.39 (n=1000)
reload 48 all_observer_maxgap_ms: p50=2601.65 p95=4984.26 max=5657.39 (n=1000)
reload 48 changed_first_generation_update_ms: p50=4299.31 p95=7719.37 max=8391.95 (n=1000)
reload 48 rss_mib before=529 after=546 comms_sample=[4286055400]
reload 48 sessions_up 1000/1000
reload 48 stable_marker_peers 0/0
reload 48 withdrawals: v4 named 0/0 v6 named 0/0 leaked=0 bystander=0 stable=0 duplicate=0
reloadstall_csv,48,1000,1000,0,400000,6.960919,8.325554,8.509360,2601.651,4984.263,5657.391,2601.651,4984.263,5657.391,4299.315,7719.370,8391.955,529,546,0,1000,0
trip 6 announce_over wall_us=1789240642154453 member=0 prefixes=64
trip 6 torn_down wall_us=1789240642205487 after_s=0.051
trip 6 reconnect transport_retries=0 recovered_peers=0
trip 6 reestablished wall_us=1789240762329276 holddown_s=120.124
trip 6 reannounced wall_us=1789240762329339
trip_csv,6,1000,0.051,0.000,120.124,0.756,573,1000,0
trip 6 complete wall_us=1789240763139593 rss_mib=573
final quiesce 120s
done rss_mib=476
