# reloadstall peers=700 changed_peers=700 stable_peers=0 prefixes=400400 per_peer=572 pid=0
established 700 at 88.6s
establishment transport_retries=0 recovered_peers=0
first_exact_bitmap,mode=flapstorm,peers=700,total=400400,per_peer=572,expected=399828,completed=700,min_unique=399828,max_unique=399828
converged (>= 399828/observer) at 332.4s rss_mib=0
control_maxgap_ms: p50=23.70 p95=23.72 max=33.63 (n=700)
control_rss_mib 0
flapstorm_failover_csv_header,round,peers_total,peers_flapped,flap_prefixes,alternate_prefixes,alternate_sources,daemon_cpu_s,scrape_bracketed_flush_sum_s,scrape_bracketed_flush_count,withdraw_p50_s,withdraw_max_s,window_s,background_cpu_s_per_s
flapstorm_csv_header,round,peers_total,peers_flapped,prefixes,flap_prefixes,withdraw_p50_s,withdraw_p95_s,withdraw_max_s,reannounce_p50_s,reannounce_p95_s,reannounce_max_s,rss_mib,sessions_up,parse_errors
flap 1 close wall_us=1791172783610162
flap 1 withdraw_s: p50=8.45 p95=8.45 max=8.45 (n=650)
flapstorm_failover_csv,1,700,50,28600,0,0,NaN,NaN,0,8.449354,8.453374,8.489577,NaN
flap 1 reconnect transport_retries=0 recovered_peers=0
flap 1 reannounce wall_us=1791172793674626
flap 1 peer 0 rejoin_complete_s=26.485740 eor_before_full_table=absent eor=absent
flap 1 peer 1 rejoin_complete_s=26.553942 eor_before_full_table=absent eor=absent
flap 1 peer 2 rejoin_complete_s=26.565683 eor_before_full_table=absent eor=absent
flap 1 peer 3 rejoin_complete_s=26.569818 eor_before_full_table=absent eor=absent
flap 1 peer 4 rejoin_complete_s=26.561444 eor_before_full_table=absent eor=absent
flap 1 peer 5 rejoin_complete_s=26.569139 eor_before_full_table=absent eor=absent
flap 1 peer 6 rejoin_complete_s=26.572991 eor_before_full_table=absent eor=absent
flap 1 peer 7 rejoin_complete_s=26.576816 eor_before_full_table=absent eor=absent
flap 1 peer 8 rejoin_complete_s=26.576477 eor_before_full_table=absent eor=absent
flap 1 peer 9 rejoin_complete_s=26.576074 eor_before_full_table=absent eor=absent
flap 1 peer 10 rejoin_complete_s=26.583620 eor_before_full_table=absent eor=absent
flap 1 peer 11 rejoin_complete_s=26.587059 eor_before_full_table=absent eor=absent
flap 1 peer 12 rejoin_complete_s=26.590468 eor_before_full_table=absent eor=absent
flap 1 peer 13 rejoin_complete_s=26.594131 eor_before_full_table=absent eor=absent
flap 1 peer 14 rejoin_complete_s=26.597811 eor_before_full_table=absent eor=absent
flap 1 peer 15 rejoin_complete_s=26.597363 eor_before_full_table=absent eor=absent
flap 1 peer 16 rejoin_complete_s=26.600126 eor_before_full_table=absent eor=absent
flap 1 peer 17 rejoin_complete_s=26.599808 eor_before_full_table=absent eor=absent
flap 1 peer 18 rejoin_complete_s=26.599337 eor_before_full_table=absent eor=absent
flap 1 peer 19 rejoin_complete_s=26.595487 eor_before_full_table=absent eor=absent
flap 1 peer 20 rejoin_complete_s=26.598542 eor_before_full_table=absent eor=absent
flap 1 peer 21 rejoin_complete_s=26.598111 eor_before_full_table=absent eor=absent
flap 1 peer 22 rejoin_complete_s=26.608139 eor_before_full_table=absent eor=absent
flap 1 peer 23 rejoin_complete_s=26.607788 eor_before_full_table=absent eor=absent
flap 1 peer 24 rejoin_complete_s=26.607314 eor_before_full_table=absent eor=absent
flap 1 peer 25 rejoin_complete_s=26.617765 eor_before_full_table=absent eor=absent
flap 1 peer 26 rejoin_complete_s=26.617284 eor_before_full_table=absent eor=absent
flap 1 peer 27 rejoin_complete_s=26.616765 eor_before_full_table=absent eor=absent
flap 1 peer 28 rejoin_complete_s=26.616435 eor_before_full_table=absent eor=absent
flap 1 peer 29 rejoin_complete_s=26.615903 eor_before_full_table=absent eor=absent
flap 1 peer 30 rejoin_complete_s=26.615576 eor_before_full_table=absent eor=absent
flap 1 peer 31 rejoin_complete_s=26.615230 eor_before_full_table=absent eor=absent
flap 1 peer 32 rejoin_complete_s=26.622569 eor_before_full_table=absent eor=absent
flap 1 peer 33 rejoin_complete_s=26.625906 eor_before_full_table=absent eor=absent
flap 1 peer 34 rejoin_complete_s=26.625346 eor_before_full_table=absent eor=absent
flap 1 peer 35 rejoin_complete_s=26.624508 eor_before_full_table=absent eor=absent
flap 1 peer 36 rejoin_complete_s=26.627472 eor_before_full_table=absent eor=absent
flap 1 peer 37 rejoin_complete_s=26.622611 eor_before_full_table=absent eor=absent
flap 1 peer 38 rejoin_complete_s=26.618396 eor_before_full_table=absent eor=absent
flap 1 peer 39 rejoin_complete_s=26.618018 eor_before_full_table=absent eor=absent
flap 1 peer 40 rejoin_complete_s=26.620917 eor_before_full_table=absent eor=absent
flap 1 peer 41 rejoin_complete_s=26.620525 eor_before_full_table=absent eor=absent
flap 1 peer 42 rejoin_complete_s=26.619962 eor_before_full_table=absent eor=absent
flap 1 peer 43 rejoin_complete_s=26.619605 eor_before_full_table=absent eor=absent
flap 1 peer 44 rejoin_complete_s=26.619239 eor_before_full_table=absent eor=absent
flap 1 peer 45 rejoin_complete_s=26.622503 eor_before_full_table=absent eor=absent
flap 1 peer 46 rejoin_complete_s=26.622150 eor_before_full_table=absent eor=absent
flap 1 peer 47 rejoin_complete_s=26.621322 eor_before_full_table=absent eor=absent
flap 1 peer 48 rejoin_complete_s=26.684253 eor_before_full_table=absent eor=absent
flap 1 peer 49 rejoin_complete_s=26.683864 eor_before_full_table=absent eor=absent
flap 1 rejoin_complete_s: p50=26.62 p95=26.63 max=26.68 (n=50)
flap 1 reannounce_s: p50=17.55 p95=17.55 max=17.55 (n=650)
flap 1 first_reann_s: p50=0.12 p95=0.13 max=0.13 (n=650)
flap 1 sessions_up 700/700 rss_mib=0
flapstorm_csv,1,700,50,400400,28600,8.449354,8.453202,8.453374,17.548256,17.550037,17.550194,0,700,0
flap 2 close wall_us=1791172830466126
flap 2 withdraw_s: p50=9.66 p95=9.67 max=9.67 (n=650)
flapstorm_failover_csv,2,700,50,28600,0,0,NaN,NaN,0,9.664008,9.668896,9.698611,NaN
flap 2 reconnect transport_retries=0 recovered_peers=0
flap 2 reannounce wall_us=1791172840532844
flap 2 peer 0 rejoin_complete_s=26.051547 eor_before_full_table=absent eor=absent
flap 2 peer 1 rejoin_complete_s=26.110314 eor_before_full_table=absent eor=absent
flap 2 peer 2 rejoin_complete_s=26.113281 eor_before_full_table=absent eor=absent
flap 2 peer 3 rejoin_complete_s=26.113271 eor_before_full_table=absent eor=absent
flap 2 peer 4 rejoin_complete_s=26.112942 eor_before_full_table=absent eor=absent
flap 2 peer 5 rejoin_complete_s=26.122282 eor_before_full_table=absent eor=absent
flap 2 peer 6 rejoin_complete_s=26.125566 eor_before_full_table=absent eor=absent
flap 2 peer 7 rejoin_complete_s=26.121551 eor_before_full_table=absent eor=absent
flap 2 peer 8 rejoin_complete_s=26.128323 eor_before_full_table=absent eor=absent
flap 2 peer 9 rejoin_complete_s=26.131654 eor_before_full_table=absent eor=absent
flap 2 peer 10 rejoin_complete_s=26.131232 eor_before_full_table=absent eor=absent
flap 2 peer 11 rejoin_complete_s=26.134338 eor_before_full_table=absent eor=absent
flap 2 peer 12 rejoin_complete_s=26.133962 eor_before_full_table=absent eor=absent
flap 2 peer 13 rejoin_complete_s=26.137224 eor_before_full_table=absent eor=absent
flap 2 peer 14 rejoin_complete_s=26.136820 eor_before_full_table=absent eor=absent
flap 2 peer 15 rejoin_complete_s=26.136385 eor_before_full_table=absent eor=absent
flap 2 peer 16 rejoin_complete_s=26.139488 eor_before_full_table=absent eor=absent
flap 2 peer 17 rejoin_complete_s=26.142896 eor_before_full_table=absent eor=absent
flap 2 peer 18 rejoin_complete_s=26.142475 eor_before_full_table=absent eor=absent
flap 2 peer 19 rejoin_complete_s=26.142017 eor_before_full_table=absent eor=absent
flap 2 peer 20 rejoin_complete_s=26.149029 eor_before_full_table=absent eor=absent
flap 2 peer 21 rejoin_complete_s=26.148590 eor_before_full_table=absent eor=absent
flap 2 peer 22 rejoin_complete_s=26.148108 eor_before_full_table=absent eor=absent
flap 2 peer 23 rejoin_complete_s=26.147734 eor_before_full_table=absent eor=absent
flap 2 peer 24 rejoin_complete_s=26.147271 eor_before_full_table=absent eor=absent
flap 2 peer 25 rejoin_complete_s=26.146910 eor_before_full_table=absent eor=absent
flap 2 peer 26 rejoin_complete_s=26.146431 eor_before_full_table=absent eor=absent
flap 2 peer 27 rejoin_complete_s=26.145912 eor_before_full_table=absent eor=absent
flap 2 peer 28 rejoin_complete_s=26.145581 eor_before_full_table=absent eor=absent
flap 2 peer 29 rejoin_complete_s=26.152635 eor_before_full_table=absent eor=absent
flap 2 peer 30 rejoin_complete_s=26.152318 eor_before_full_table=absent eor=absent
flap 2 peer 31 rejoin_complete_s=26.151760 eor_before_full_table=absent eor=absent
flap 2 peer 32 rejoin_complete_s=26.151426 eor_before_full_table=absent eor=absent
flap 2 peer 33 rejoin_complete_s=26.150858 eor_before_full_table=absent eor=absent
flap 2 peer 34 rejoin_complete_s=26.150496 eor_before_full_table=absent eor=absent
flap 2 peer 35 rejoin_complete_s=26.149943 eor_before_full_table=absent eor=absent
flap 2 peer 36 rejoin_complete_s=26.149594 eor_before_full_table=absent eor=absent
flap 2 peer 37 rejoin_complete_s=26.149263 eor_before_full_table=absent eor=absent
flap 2 peer 38 rejoin_complete_s=26.152658 eor_before_full_table=absent eor=absent
flap 2 peer 39 rejoin_complete_s=26.155944 eor_before_full_table=absent eor=absent
flap 2 peer 40 rejoin_complete_s=26.154601 eor_before_full_table=absent eor=absent
flap 2 peer 41 rejoin_complete_s=26.149796 eor_before_full_table=absent eor=absent
flap 2 peer 42 rejoin_complete_s=26.144957 eor_before_full_table=absent eor=absent
flap 2 peer 43 rejoin_complete_s=26.140478 eor_before_full_table=absent eor=absent
flap 2 peer 44 rejoin_complete_s=26.135775 eor_before_full_table=absent eor=absent
flap 2 peer 45 rejoin_complete_s=26.131253 eor_before_full_table=absent eor=absent
flap 2 peer 46 rejoin_complete_s=26.127129 eor_before_full_table=absent eor=absent
flap 2 peer 47 rejoin_complete_s=26.126755 eor_before_full_table=absent eor=absent
flap 2 peer 48 rejoin_complete_s=26.200087 eor_before_full_table=absent eor=absent
flap 2 peer 49 rejoin_complete_s=26.199739 eor_before_full_table=absent eor=absent
flap 2 rejoin_complete_s: p50=26.14 p95=26.16 max=26.20 (n=50)
flap 2 reannounce_s: p50=17.75 p95=17.75 max=17.75 (n=650)
flap 2 first_reann_s: p50=0.10 p95=0.11 max=0.11 (n=650)
flap 2 sessions_up 700/700 rss_mib=0
flapstorm_csv,2,700,50,400400,28600,9.664008,9.666818,9.668896,17.745161,17.746625,17.746781,0,700,0
flap 3 close wall_us=1791172876827339
flap 3 withdraw_s: p50=9.14 p95=9.15 max=9.15 (n=650)
flapstorm_failover_csv,3,700,50,28600,0,0,NaN,NaN,0,9.143797,9.146939,9.195400,NaN
flap 3 reconnect transport_retries=0 recovered_peers=0
flap 3 reannounce wall_us=1791172886950394
flap 3 peer 0 rejoin_complete_s=26.009350 eor_before_full_table=absent eor=absent
flap 3 peer 1 rejoin_complete_s=26.012512 eor_before_full_table=absent eor=absent
flap 3 peer 2 rejoin_complete_s=26.008077 eor_before_full_table=absent eor=absent
flap 3 peer 3 rejoin_complete_s=26.015928 eor_before_full_table=absent eor=absent
flap 3 peer 4 rejoin_complete_s=26.027349 eor_before_full_table=absent eor=absent
flap 3 peer 5 rejoin_complete_s=26.030962 eor_before_full_table=absent eor=absent
flap 3 peer 6 rejoin_complete_s=26.030607 eor_before_full_table=absent eor=absent
flap 3 peer 7 rejoin_complete_s=26.038537 eor_before_full_table=absent eor=absent
flap 3 peer 8 rejoin_complete_s=26.038208 eor_before_full_table=absent eor=absent
flap 3 peer 9 rejoin_complete_s=26.041916 eor_before_full_table=absent eor=absent
flap 3 peer 10 rejoin_complete_s=26.041512 eor_before_full_table=absent eor=absent
flap 3 peer 11 rejoin_complete_s=26.041128 eor_before_full_table=absent eor=absent
flap 3 peer 12 rejoin_complete_s=26.040796 eor_before_full_table=absent eor=absent
flap 3 peer 13 rejoin_complete_s=26.040467 eor_before_full_table=absent eor=absent
flap 3 peer 14 rejoin_complete_s=26.040134 eor_before_full_table=absent eor=absent
flap 3 peer 15 rejoin_complete_s=26.039793 eor_before_full_table=absent eor=absent
flap 3 peer 16 rejoin_complete_s=26.043843 eor_before_full_table=absent eor=absent
flap 3 peer 17 rejoin_complete_s=26.043171 eor_before_full_table=absent eor=absent
flap 3 peer 18 rejoin_complete_s=26.042457 eor_before_full_table=absent eor=absent
flap 3 peer 19 rejoin_complete_s=26.037776 eor_before_full_table=absent eor=absent
flap 3 peer 20 rejoin_complete_s=26.038005 eor_before_full_table=absent eor=absent
flap 3 peer 21 rejoin_complete_s=26.037733 eor_before_full_table=absent eor=absent
flap 3 peer 22 rejoin_complete_s=26.033437 eor_before_full_table=absent eor=absent
flap 3 peer 23 rejoin_complete_s=26.033248 eor_before_full_table=absent eor=absent
flap 3 peer 24 rejoin_complete_s=26.033414 eor_before_full_table=absent eor=absent
flap 3 peer 25 rejoin_complete_s=26.033191 eor_before_full_table=absent eor=absent
flap 3 peer 26 rejoin_complete_s=26.033004 eor_before_full_table=absent eor=absent
flap 3 peer 27 rejoin_complete_s=26.028859 eor_before_full_table=absent eor=absent
flap 3 peer 28 rejoin_complete_s=26.027209 eor_before_full_table=absent eor=absent
flap 3 peer 29 rejoin_complete_s=26.026865 eor_before_full_table=absent eor=absent
flap 3 peer 30 rejoin_complete_s=26.030260 eor_before_full_table=absent eor=absent
flap 3 peer 31 rejoin_complete_s=26.025931 eor_before_full_table=absent eor=absent
flap 3 peer 32 rejoin_complete_s=26.021612 eor_before_full_table=absent eor=absent
flap 3 peer 33 rejoin_complete_s=26.018687 eor_before_full_table=absent eor=absent
flap 3 peer 34 rejoin_complete_s=26.016201 eor_before_full_table=absent eor=absent
flap 3 peer 35 rejoin_complete_s=26.013068 eor_before_full_table=absent eor=absent
flap 3 peer 36 rejoin_complete_s=26.008913 eor_before_full_table=absent eor=absent
flap 3 peer 37 rejoin_complete_s=26.005375 eor_before_full_table=absent eor=absent
flap 3 peer 38 rejoin_complete_s=26.005031 eor_before_full_table=absent eor=absent
flap 3 peer 39 rejoin_complete_s=26.004649 eor_before_full_table=absent eor=absent
flap 3 peer 40 rejoin_complete_s=26.004132 eor_before_full_table=absent eor=absent
flap 3 peer 41 rejoin_complete_s=26.004150 eor_before_full_table=absent eor=absent
flap 3 peer 42 rejoin_complete_s=26.004367 eor_before_full_table=absent eor=absent
flap 3 peer 43 rejoin_complete_s=26.004146 eor_before_full_table=absent eor=absent
flap 3 peer 44 rejoin_complete_s=26.000391 eor_before_full_table=absent eor=absent
flap 3 peer 45 rejoin_complete_s=25.996478 eor_before_full_table=absent eor=absent
flap 3 peer 46 rejoin_complete_s=25.992518 eor_before_full_table=absent eor=absent
flap 3 peer 47 rejoin_complete_s=25.988580 eor_before_full_table=absent eor=absent
flap 3 peer 48 rejoin_complete_s=25.984579 eor_before_full_table=absent eor=absent
flap 3 peer 49 rejoin_complete_s=26.057765 eor_before_full_table=absent eor=absent
flap 3 rejoin_complete_s: p50=26.03 p95=26.04 max=26.06 (n=50)
flap 3 reannounce_s: p50=17.83 p95=17.83 max=17.87 (n=650)
flap 3 first_reann_s: p50=0.12 p95=0.13 max=0.13 (n=650)
flap 3 sessions_up 700/700 rss_mib=0
flapstorm_csv,3,700,50,400400,28600,9.143797,9.146773,9.146939,17.826564,17.833895,17.868321,0,700,0
done rss_mib=0
