v0730 product=0
v0730 reloadstall=0
v0730 rrtransport=0
v0720 product=0
v0720 reloadstall=0
v0720 rrtransport=0
v0680 product=0
v0680 reloadstall=0
v0680 rrtransport=0
tag-v0730 product=0
tag-v0680 product=0
9d2781293fe36fd4dd38b72e3371428e4a2be2294d626a3aa67c8ef917a02084  <worktrees>/headline-v0730-tag-v0680/target/release/rustbgpd
98a474910e09cea3163604ccfaabe8649bee7b77946c92a0076f5d364130fad7  <worktrees>/headline-v0730-tag-v0730/target/release/rustbgpd
82fe1b791c8b5f62ead6431cc675dbe7e47de0fd53e44327c57f283d8a841125  <worktrees>/headline-v0730-v0680/target/release/rustbgpd
b7757f088462865ead3d26b8e108fb61aa02dafaa24db34132e7098b51b66613  <worktrees>/headline-v0730-v0720/target/release/rustbgpd
22cf7d4bf3c09bea4c30f402df5820c3b0f0e5f98f848b56b8b0aee5e3cab90f  <worktrees>/headline-v0730-v0730/target/release/rustbgpd
eb61599ce9610f27aa6f71c2ea5b5dbd14e294fae3edadf9854f5fbdca850cd6  <worktrees>/headline-v0730-v0680/bench/scale/target/release/reloadstall
358b7d21d065455f888f1585889009c0f48eaba7eea864418ba6783f49353ed0  <worktrees>/headline-v0730-v0720/bench/scale/target/release/reloadstall
a02d8d97cb51ae43a6fbdd7b796abcdd2890220eaa05f3d5333bc68e19d019c1  <worktrees>/headline-v0730-v0730/bench/scale/target/release/reloadstall
d4081b0582618ba971855182aa5063f33faf279fbb32bf08581da4d6e3918486  <worktrees>/headline-v0730-v0680/bench/scale/target/release/rrtransport
b2a2e0c28d3d9695dca41c69e6bb08a7286b3380cc70d0d64dd8d3a886eadd76  <worktrees>/headline-v0730-v0720/bench/scale/target/release/rrtransport
d2a7cad87e443cfe4abeda0082cb0e71d9737ecb2b75615efa738cc18c618075  <worktrees>/headline-v0730-v0730/bench/scale/target/release/rrtransport
e1ed05ef66dc96b82621183c038958010679e6f3daf69b723b25a84abfa9914c  <worktrees>/headline-v0730-v0680/target/release/rbgp
db09a052f06ca4c9ea22dff2debd0dd13b811a901fa5abf7e9eebf7028c88053  <worktrees>/headline-v0730-v0720/target/release/rbgp
9c2ec5ce1fa1d7024740abb191ddcfd226358f15b01ba0fe62a6f20e54bae4b2  <worktrees>/headline-v0730-v0730/target/release/rbgp
74e9bd31ddf6aea95a8c8e9fd869b436e68744ef05752a662d55d5a7e0252469  <worktrees>/headline-v0730-v0680/target/release/rs-config-render
57a16442af492555c30754918f8bf8c1e1cba0a9db2943d0daf058f80eb049fb  <worktrees>/headline-v0730-v0720/target/release/rs-config-render
eb951c67e324585e06e31c859e5cc9fa75b18629e1344ca03ca361d77f670985  <worktrees>/headline-v0730-v0730/target/release/rs-config-render
BUILD_DONE
