# reloadstall peers=700 changed_peers=700 stable_peers=0 prefixes=400400 per_peer=572 pid=2300066
established 700 at 0.8s
establishment transport_retries=0 recovered_peers=0
first_exact_bitmap,mode=flapstorm,peers=700,total=400400,per_peer=572,expected=399828,completed=700,min_unique=399828,max_unique=399828
converged (>= 399828/observer) at 3.4s rss_mib=403
control_maxgap_ms: p50=19.46 p95=20.21 max=41.82 (n=700)
control_rss_mib 347
converged_rejoin_csv_header,round,peers_total,peers_flapped,prefixes,rejoin_p50_s,rejoin_max_s,survivor_maxgap_ms,readiness_samples,rss_mib,sessions_up,parse_errors
converged_table_checkpoint,round=1,phase=disconnected,observers=1:2,unique=399828,eor=present
converged_rejoin 1 reconnect transport_retries=0
flap 1 peer 0 rejoin_complete_s=0.164032 eor_before_full_table=false eor=present
flap 1 rejoin_complete_s: p50=0.16 p95=0.16 max=0.16 (n=1)
converged_table_checkpoint,round=1,phase=settled,observers=1:2,unique=399828,eor=present
converged_rejoin 1 survivor_maxgap_ms: p50=104.77 p95=105.80 max=106.74 (n=699)
converged_rejoin_csv,1,700,1,400400,0.164032,0.164032,106.743000,12,429,700,0
converged_table_checkpoint,round=2,phase=disconnected,observers=1:2,unique=399828,eor=present
converged_rejoin 2 reconnect transport_retries=0
flap 2 peer 0 rejoin_complete_s=0.163376 eor_before_full_table=false eor=present
flap 2 rejoin_complete_s: p50=0.16 p95=0.16 max=0.16 (n=1)
converged_table_checkpoint,round=2,phase=settled,observers=1:2,unique=399828,eor=present
converged_rejoin 2 survivor_maxgap_ms: p50=103.73 p95=105.46 max=105.67 (n=699)
converged_rejoin_csv,2,700,1,400400,0.163376,0.163376,105.671000,12,404,700,0
converged_table_checkpoint,round=3,phase=disconnected,observers=1:2,unique=399828,eor=present
converged_rejoin 3 reconnect transport_retries=0
flap 3 peer 0 rejoin_complete_s=0.163619 eor_before_full_table=false eor=present
flap 3 rejoin_complete_s: p50=0.16 p95=0.16 max=0.16 (n=1)
converged_table_checkpoint,round=3,phase=settled,observers=1:2,unique=399828,eor=present
converged_rejoin 3 survivor_maxgap_ms: p50=99.93 p95=101.51 max=101.70 (n=699)
converged_rejoin_csv,3,700,1,400400,0.163619,0.163619,101.705000,12,411,700,0
done rss_mib=349
