# reloadstall peers=700 changed_peers=700 stable_peers=0 prefixes=400400 per_peer=572 pid=0
established 700 at 78.7s
first_exact_bitmap,mode=reload,peers=700,total=400400,per_peer=572,expected=399828,completed=700,min_unique=399828,max_unique=399828
converged (>= 399828/observer) at 342.3s rss_mib=0
control_maxgap_ms: p50=13.93 p95=13.98 max=33.04 (n=700)
control_rss_mib 0
reloadstall_csv_header,reload,peers_total,peers_changed,peers_stable,prefixes,completion_p50_s,completion_p95_s,completion_max_s,changed_maxgap_p50_ms,changed_maxgap_p95_ms,changed_maxgap_max_ms,all_observer_maxgap_p50_ms,all_observer_maxgap_p95_ms,all_observer_maxgap_max_ms,changed_first_generation_update_p50_ms,changed_first_generation_update_p95_ms,changed_first_generation_update_max_ms,rss_before_mib,rss_after_mib,stable_marker_peers,sessions_up,parse_errors
reload 1 reload_cmd wall_us=1786207158655928 policy=/tmp/ixp-openbgpd/gen-b.conf
reload request sent.
request processed
reload 1 progress: complete=0/700
reload 1 progress: complete=0/700
reload 1 progress: complete=0/700
reload 1 progress: complete=0/700
reload 1 progress: complete=0/700
reload 1 progress: complete=0/700
reload 1 progress: complete=0/700
reload 1 progress: complete=0/700
reload 1 progress: complete=0/700
reload 1 progress: complete=0/700
reload 1 progress: complete=0/700
reload 1 progress: complete=0/700
reload 1 progress: complete=0/700
reload 1 progress: complete=0/700
reload 1 progress: complete=0/700
reload 1 progress: complete=0/700
reload 1 progress: complete=0/700
reload 1 progress: complete=0/700
reload 1 progress: complete=0/700
reload 1 progress: complete=0/700
reload 1 progress: complete=0/700
reload 1 progress: complete=0/700
reload 1 progress: complete=0/700
reload 1 progress: complete=0/700
reload 1 completion_s: p50=250.82 p95=250.83 max=250.83 (n=700)
reload 1 maxgap_ms: p50=281.63 p95=318.24 max=327.54 (n=700)
reload 1 all_observer_maxgap_ms: p50=281.63 p95=318.24 max=327.54 (n=700)
reload 1 changed_first_generation_update_ms: p50=930.71 p95=932.60 max=1817.38 (n=700)
reload 1 rss_mib before=0 after=0 comms_sample=[4286056400]
reload 1 sessions_up 700/700
reload 1 stable_marker_peers 0/0
reloadstall_csv,1,700,700,0,400400,250.817480,250.826546,250.832423,281.631,318.235,327.536,281.631,318.235,327.536,930.714,932.604,1817.380,0,0,0,700,0
reload 2 reload_cmd wall_us=1786207429547076 policy=/tmp/ixp-openbgpd/gen-a.conf
reload request sent.
request processed
reload 2 progress: complete=0/700
reload 2 progress: complete=0/700
reload 2 progress: complete=0/700
reload 2 progress: complete=0/700
reload 2 progress: complete=0/700
reload 2 progress: complete=0/700
reload 2 progress: complete=0/700
reload 2 progress: complete=0/700
reload 2 progress: complete=0/700
reload 2 progress: complete=0/700
reload 2 progress: complete=0/700
reload 2 progress: complete=0/700
reload 2 progress: complete=0/700
reload 2 progress: complete=0/700
reload 2 progress: complete=0/700
reload 2 progress: complete=0/700
reload 2 progress: complete=0/700
reload 2 progress: complete=0/700
reload 2 progress: complete=0/700
reload 2 progress: complete=0/700
reload 2 progress: complete=0/700
reload 2 progress: complete=0/700
reload 2 progress: complete=0/700
reload 2 progress: complete=0/700
reload 2 completion_s: p50=246.92 p95=246.94 max=246.95 (n=700)
reload 2 maxgap_ms: p50=254.63 p95=285.09 max=317.56 (n=700)
reload 2 all_observer_maxgap_ms: p50=254.63 p95=285.09 max=317.56 (n=700)
reload 2 changed_first_generation_update_ms: p50=852.99 p95=854.92 max=1684.00 (n=700)
reload 2 rss_mib before=0 after=0 comms_sample=[4286055400]
reload 2 sessions_up 700/700
reload 2 stable_marker_peers 0/0
reloadstall_csv,2,700,700,0,400400,246.916264,246.941315,246.948592,254.627,285.086,317.565,254.627,285.086,317.565,852.985,854.917,1684.001,0,0,0,700,0
reload 3 reload_cmd wall_us=1786207696622568 policy=/tmp/ixp-openbgpd/gen-b.conf
reload request sent.
request processed
reload 3 progress: complete=0/700
reload 3 progress: complete=0/700
reload 3 progress: complete=0/700
reload 3 progress: complete=0/700
reload 3 progress: complete=0/700
reload 3 progress: complete=0/700
reload 3 progress: complete=0/700
reload 3 progress: complete=0/700
reload 3 progress: complete=0/700
reload 3 progress: complete=0/700
reload 3 progress: complete=0/700
reload 3 progress: complete=0/700
reload 3 progress: complete=0/700
reload 3 progress: complete=0/700
reload 3 progress: complete=0/700
reload 3 progress: complete=0/700
reload 3 progress: complete=0/700
reload 3 progress: complete=0/700
reload 3 progress: complete=0/700
reload 3 progress: complete=0/700
reload 3 progress: complete=0/700
reload 3 progress: complete=0/700
reload 3 progress: complete=0/700
reload 3 progress: complete=0/700
reload 3 completion_s: p50=245.59 p95=245.59 max=245.59 (n=700)
reload 3 maxgap_ms: p50=252.49 p95=285.89 max=311.43 (n=700)
reload 3 all_observer_maxgap_ms: p50=252.49 p95=285.89 max=311.43 (n=700)
reload 3 changed_first_generation_update_ms: p50=841.31 p95=843.29 max=1415.85 (n=700)
reload 3 rss_mib before=0 after=0 comms_sample=[4286056400]
reload 3 sessions_up 700/700
reload 3 stable_marker_peers 0/0
reloadstall_csv,3,700,700,0,400400,245.585805,245.588646,245.588880,252.486,285.892,311.428,252.486,285.892,311.428,841.314,843.292,1415.852,0,0,0,700,0
reload 4 reload_cmd wall_us=1786207962309555 policy=/tmp/ixp-openbgpd/gen-a.conf
reload request sent.
request processed
reload 4 progress: complete=0/700
reload 4 progress: complete=0/700
reload 4 progress: complete=0/700
reload 4 progress: complete=0/700
reload 4 progress: complete=0/700
reload 4 progress: complete=0/700
reload 4 progress: complete=0/700
reload 4 progress: complete=0/700
reload 4 progress: complete=0/700
reload 4 progress: complete=0/700
reload 4 progress: complete=0/700
reload 4 progress: complete=0/700
reload 4 progress: complete=0/700
reload 4 progress: complete=0/700
reload 4 progress: complete=0/700
reload 4 progress: complete=0/700
reload 4 progress: complete=0/700
reload 4 progress: complete=0/700
reload 4 progress: complete=0/700
reload 4 progress: complete=0/700
reload 4 progress: complete=0/700
reload 4 progress: complete=0/700
reload 4 progress: complete=0/700
reload 4 progress: complete=0/700
reload 4 completion_s: p50=244.06 p95=244.07 max=244.08 (n=700)
reload 4 maxgap_ms: p50=263.99 p95=312.45 max=315.21 (n=700)
reload 4 all_observer_maxgap_ms: p50=263.99 p95=312.45 max=315.21 (n=700)
reload 4 changed_first_generation_update_ms: p50=780.11 p95=782.13 max=1510.97 (n=700)
reload 4 rss_mib before=0 after=0 comms_sample=[4286055400]
reload 4 sessions_up 700/700
reload 4 stable_marker_peers 0/0
reloadstall_csv,4,700,700,0,400400,244.062592,244.073834,244.077898,263.991,312.453,315.213,263.991,312.453,315.213,780.112,782.127,1510.974,0,0,0,700,0
done rss_mib=0
