# reloadstall peers=320 changed_peers=320 stable_peers=0 prefixes=183040 per_peer=572 pid=0
established 320 at 36.3s
establishment transport_retries=0 recovered_peers=0
first_exact_bitmap,mode=reload,peers=320,total=183040,per_peer=572,expected=182468,completed=320,min_unique=182130,max_unique=182224
converged (>= 182468/observer) at 92.4s rss_mib=0
control_maxgap_ms: p50=37.99 p95=38.18 max=44.18 (n=320)
control_rss_mib 0
reloadstall_csv_header,reload,peers_total,peers_changed,peers_stable,prefixes,completion_p50_s,completion_p95_s,completion_max_s,changed_maxgap_p50_ms,changed_maxgap_p95_ms,changed_maxgap_max_ms,all_observer_maxgap_p50_ms,all_observer_maxgap_p95_ms,all_observer_maxgap_max_ms,changed_first_generation_update_p50_ms,changed_first_generation_update_p95_ms,changed_first_generation_update_max_ms,rss_before_mib,rss_after_mib,stable_marker_peers,sessions_up,parse_errors
reload 1 reload_cmd wall_us=1791190440363873 policy=/tmp/irr-openbgpd/gen-b.conf
reload request sent.
request processed
reload 1 progress: complete=0/320
reload 1 progress: complete=0/320
reload 1 progress: complete=0/320
reload 1 progress: complete=0/320
reload 1 progress: complete=0/320
reload 1 completion_s: p50=56.10 p95=56.10 max=56.11 (n=320)
reload 1 maxgap_ms: p50=408.05 p95=408.60 max=408.65 (n=320)
reload 1 all_observer_maxgap_ms: p50=408.05 p95=408.60 max=408.65 (n=320)
reload 1 changed_first_generation_update_ms: p50=7489.33 p95=7490.09 max=7588.17 (n=320)
reload 1 rss_mib before=0 after=0 comms_sample=[4286056400]
reload 1 sessions_up 320/320
reload 1 stable_marker_peers 0/0
reload 1 withdrawals: v4 named 0/0 v6 named 0/0 leaked=0 bystander=0 stable=0 duplicate=0
reloadstall_csv,1,320,320,0,183040,56.096390,56.101253,56.107155,408.049,408.597,408.650,408.049,408.597,408.650,7489.330,7490.091,7588.171,0,0,0,320,0
reload 2 reload_cmd wall_us=1791190516546518 policy=/tmp/irr-openbgpd/gen-a.conf
reload request sent.
request processed
reload 2 progress: complete=0/320
reload 2 progress: complete=0/320
reload 2 progress: complete=0/320
reload 2 progress: complete=0/320
reload 2 progress: complete=0/320
reload 2 completion_s: p50=60.61 p95=60.61 max=60.61 (n=320)
reload 2 maxgap_ms: p50=473.92 p95=474.52 max=474.58 (n=320)
reload 2 all_observer_maxgap_ms: p50=473.92 p95=474.52 max=474.58 (n=320)
reload 2 changed_first_generation_update_ms: p50=7514.93 p95=7515.66 max=7686.91 (n=320)
reload 2 rss_mib before=0 after=0 comms_sample=[4286055400]
reload 2 sessions_up 320/320
reload 2 stable_marker_peers 0/0
reload 2 withdrawals: v4 named 0/0 v6 named 0/0 leaked=0 bystander=0 stable=0 duplicate=0
reloadstall_csv,2,320,320,0,183040,60.606369,60.609869,60.613699,473.921,474.517,474.581,473.921,474.517,474.581,7514.926,7515.657,7686.912,0,0,0,320,0
reload 3 reload_cmd wall_us=1791190597249993 policy=/tmp/irr-openbgpd/gen-b.conf
reload request sent.
request processed
reload 3 progress: complete=0/320
reload 3 progress: complete=0/320
reload 3 progress: complete=0/320
reload 3 progress: complete=0/320
reload 3 progress: complete=0/320
reload 3 completion_s: p50=63.16 p95=63.17 max=63.17 (n=320)
reload 3 maxgap_ms: p50=477.07 p95=477.65 max=477.71 (n=320)
reload 3 all_observer_maxgap_ms: p50=477.07 p95=477.65 max=477.71 (n=320)
reload 3 changed_first_generation_update_ms: p50=7454.41 p95=7455.46 max=7721.59 (n=320)
reload 3 rss_mib before=0 after=0 comms_sample=[4286056400]
reload 3 sessions_up 320/320
reload 3 stable_marker_peers 0/0
reload 3 withdrawals: v4 named 0/0 v6 named 0/0 leaked=0 bystander=0 stable=0 duplicate=0
reloadstall_csv,3,320,320,0,183040,63.160577,63.166116,63.168992,477.068,477.651,477.708,477.068,477.651,477.708,7454.411,7455.456,7721.590,0,0,0,320,0
reload 4 reload_cmd wall_us=1791190680543816 policy=/tmp/irr-openbgpd/gen-a.conf
reload request sent.
request processed
reload 4 progress: complete=0/320
reload 4 progress: complete=0/320
reload 4 progress: complete=0/320
reload 4 progress: complete=0/320
reload 4 progress: complete=0/320
reload 4 completion_s: p50=61.58 p95=61.58 max=61.58 (n=320)
reload 4 maxgap_ms: p50=492.47 p95=493.07 max=493.14 (n=320)
reload 4 all_observer_maxgap_ms: p50=492.47 p95=493.07 max=493.14 (n=320)
reload 4 changed_first_generation_update_ms: p50=7320.46 p95=7321.24 max=7466.77 (n=320)
reload 4 rss_mib before=0 after=0 comms_sample=[4286055400]
reload 4 sessions_up 320/320
reload 4 stable_marker_peers 0/0
reload 4 withdrawals: v4 named 0/0 v6 named 0/0 leaked=0 bystander=0 stable=0 duplicate=0
reloadstall_csv,4,320,320,0,183040,61.579488,61.581230,61.582869,492.469,493.070,493.136,492.469,493.070,493.136,7320.464,7321.238,7466.771,0,0,0,320,0
final sessions_up 320/320 parse_errors=0
done rss_mib=0
