[2026-10-04T03:01:03Z] reload 1 issued
[2026-10-04T03:01:08Z] reload 1 complete
[2026-10-04T03:31:09Z] reload 2 issued
[2026-10-04T03:31:14Z] reload 2 complete
[2026-10-04T04:01:14Z] reload 3 issued
[2026-10-04T04:01:20Z] reload 3 complete
[2026-10-04T04:31:20Z] reload 4 issued
[2026-10-04T04:31:25Z] reload 4 complete
[2026-10-04T05:01:25Z] reload 5 issued
[2026-10-04T05:01:31Z] reload 5 complete
[2026-10-04T05:31:31Z] reload 6 issued
[2026-10-04T05:31:36Z] reload 6 complete
[2026-10-04T06:01:37Z] reload 7 issued
[2026-10-04T06:01:42Z] reload 7 complete
[2026-10-04T06:31:43Z] reload 8 issued
[2026-10-04T06:31:48Z] reload 8 complete
[2026-10-04T07:01:48Z] trip 1 announce_over
[2026-10-04T07:01:48Z] trip 1 torn_down
[2026-10-04T07:01:49Z] trip 1 exceeded_total=1
[2026-10-04T07:01:49Z] trip 1 countdown_ms=119363 action=restart
[2026-10-04T07:03:48Z] trip 1 reestablished
[2026-10-04T07:03:48Z] trip 1 reannounced
[2026-10-04T07:03:49Z] trip 1 complete usage=400 limit=450 headroom=50
[2026-10-04T07:03:50Z] reload 9 issued
[2026-10-04T07:03:55Z] reload 9 complete
[2026-10-04T07:33:55Z] reload 10 issued
[2026-10-04T07:34:01Z] reload 10 complete
[2026-10-04T08:04:01Z] reload 11 issued
[2026-10-04T08:04:07Z] reload 11 complete
[2026-10-04T08:34:07Z] reload 12 issued
[2026-10-04T08:34:13Z] reload 12 complete
[2026-10-04T09:04:13Z] reload 13 issued
[2026-10-04T09:04:18Z] reload 13 complete
[2026-10-04T09:34:19Z] reload 14 issued
[2026-10-04T09:34:24Z] reload 14 complete
[2026-10-04T10:04:24Z] reload 15 issued
[2026-10-04T10:04:29Z] reload 15 complete
[2026-10-04T10:34:30Z] reload 16 issued
[2026-10-04T10:34:36Z] reload 16 complete
[2026-10-04T11:04:36Z] trip 2 announce_over
[2026-10-04T11:04:36Z] trip 2 torn_down
[2026-10-04T11:04:36Z] trip 2 exceeded_total=2
[2026-10-04T11:04:36Z] trip 2 countdown_ms=119675 action=restart
[2026-10-04T11:06:37Z] trip 2 reestablished
[2026-10-04T11:06:37Z] trip 2 reannounced
[2026-10-04T11:06:37Z] reload 17 issued
[2026-10-04T11:06:37Z] trip 2 complete usage=400 limit=450 headroom=50
[2026-10-04T11:06:42Z] reload 17 complete
[2026-10-04T11:36:43Z] reload 18 issued
[2026-10-04T11:36:48Z] reload 18 complete
[2026-10-04T12:06:48Z] reload 19 issued
[2026-10-04T12:06:53Z] reload 19 complete
[2026-10-04T12:36:54Z] reload 20 issued
[2026-10-04T12:36:59Z] reload 20 complete
[2026-10-04T13:06:59Z] reload 21 issued
[2026-10-04T13:07:05Z] reload 21 complete
[2026-10-04T13:37:06Z] reload 22 issued
[2026-10-04T13:37:12Z] reload 22 complete
[2026-10-04T14:07:12Z] reload 23 issued
[2026-10-04T14:07:18Z] reload 23 complete
[2026-10-04T14:37:17Z] reload 24 issued
[2026-10-04T14:37:23Z] reload 24 complete
[2026-10-04T15:07:24Z] trip 3 announce_over
[2026-10-04T15:07:24Z] trip 3 torn_down
[2026-10-04T15:07:24Z] trip 3 exceeded_total=3
[2026-10-04T15:07:24Z] trip 3 countdown_ms=118909 action=restart
[2026-10-04T15:09:24Z] trip 3 reestablished
[2026-10-04T15:09:24Z] trip 3 reannounced
[2026-10-04T15:09:24Z] reload 25 issued
[2026-10-04T15:09:24Z] trip 3 complete usage=400 limit=450 headroom=50
[2026-10-04T15:09:29Z] reload 25 complete
[2026-10-04T15:39:30Z] reload 26 issued
[2026-10-04T15:39:35Z] reload 26 complete
[2026-10-04T16:09:36Z] reload 27 issued
[2026-10-04T16:09:41Z] reload 27 complete
[2026-10-04T16:39:41Z] reload 28 issued
[2026-10-04T16:39:48Z] reload 28 complete
[2026-10-04T17:09:47Z] reload 29 issued
[2026-10-04T17:09:54Z] reload 29 complete
[2026-10-04T17:39:54Z] reload 30 issued
[2026-10-04T17:39:59Z] reload 30 complete
[2026-10-04T18:09:59Z] reload 31 issued
[2026-10-04T18:10:05Z] reload 31 complete
[2026-10-04T18:40:05Z] reload 32 issued
[2026-10-04T18:40:11Z] reload 32 complete
[2026-10-04T19:10:11Z] trip 4 announce_over
[2026-10-04T19:10:11Z] trip 4 torn_down
[2026-10-04T19:10:11Z] trip 4 exceeded_total=4
[2026-10-04T19:10:11Z] trip 4 countdown_ms=119572 action=restart
[2026-10-04T19:12:11Z] trip 4 reestablished
[2026-10-04T19:12:11Z] trip 4 reannounced
[2026-10-04T19:12:11Z] trip 4 complete usage=400 limit=450 headroom=50
[2026-10-04T19:12:12Z] reload 33 issued
[2026-10-04T19:12:17Z] reload 33 complete
[2026-10-04T19:42:18Z] reload 34 issued
[2026-10-04T19:42:23Z] reload 34 complete
[2026-10-04T20:12:23Z] reload 35 issued
[2026-10-04T20:12:29Z] reload 35 complete
[2026-10-04T20:42:30Z] reload 36 issued
[2026-10-04T20:42:36Z] reload 36 complete
[2026-10-04T21:12:36Z] reload 37 issued
[2026-10-04T21:12:41Z] reload 37 complete
[2026-10-04T21:42:41Z] reload 38 issued
[2026-10-04T21:42:47Z] reload 38 complete
[2026-10-04T22:12:47Z] reload 39 issued
[2026-10-04T22:12:52Z] reload 39 complete
[2026-10-04T22:42:53Z] reload 40 issued
[2026-10-04T22:42:58Z] reload 40 complete
[2026-10-04T23:12:58Z] trip 5 announce_over
[2026-10-04T23:12:58Z] trip 5 torn_down
[2026-10-04T23:12:58Z] trip 5 exceeded_total=5
[2026-10-04T23:12:58Z] trip 5 countdown_ms=119323 action=restart
[2026-10-04T23:14:58Z] trip 5 reestablished
[2026-10-04T23:14:58Z] trip 5 reannounced
[2026-10-04T23:14:58Z] reload 41 issued
[2026-10-04T23:14:58Z] trip 5 complete usage=400 limit=450 headroom=50
[2026-10-04T23:15:04Z] reload 41 complete
[2026-10-04T23:45:05Z] reload 42 issued
[2026-10-04T23:45:09Z] reload 42 complete
[2026-10-05T00:15:10Z] reload 43 issued
[2026-10-05T00:15:15Z] reload 43 complete
[2026-10-05T00:45:16Z] reload 44 issued
[2026-10-05T00:45:21Z] reload 44 complete
[2026-10-05T01:15:22Z] reload 45 issued
[2026-10-05T01:15:28Z] reload 45 complete
[2026-10-05T01:45:28Z] reload 46 issued
[2026-10-05T01:45:34Z] reload 46 complete
[2026-10-05T02:15:34Z] reload 47 issued
[2026-10-05T02:15:39Z] reload 47 complete
[2026-10-05T02:45:41Z] reload 48 issued
[2026-10-05T02:45:46Z] reload 48 complete
[2026-10-05T03:15:46Z] trip 6 announce_over
[2026-10-05T03:15:46Z] trip 6 torn_down
[2026-10-05T03:15:46Z] trip 6 exceeded_total=6
[2026-10-05T03:15:46Z] trip 6 countdown_ms=119201 action=restart
[2026-10-05T03:17:46Z] trip 6 reestablished
[2026-10-05T03:17:46Z] trip 6 reannounced
[2026-10-05T03:17:46Z] trip 6 complete usage=400 limit=450 headroom=50
