# reloadstall peers=1000 changed_peers=1000 stable_peers=0 prefixes=400000 per_peer=400 pid=4130108
established 1000 at 2.2s
establishment transport_retries=0 recovered_peers=0
first_exact_bitmap,mode=reload,peers=1000,total=400000,per_peer=400,expected=399600,completed=1000,min_unique=399600,max_unique=399600
converged (>= 399600/observer) at 9.1s rss_mib=426
control_maxgap_ms: p50=41.66 p95=44.99 max=65.13 (n=1000)
control_rss_mib 420
reloadstall_csv_header,reload,peers_total,peers_changed,peers_stable,prefixes,completion_p50_s,completion_p95_s,completion_max_s,changed_maxgap_p50_ms,changed_maxgap_p95_ms,changed_maxgap_max_ms,all_observer_maxgap_p50_ms,all_observer_maxgap_p95_ms,all_observer_maxgap_max_ms,changed_first_generation_update_p50_ms,changed_first_generation_update_p95_ms,changed_first_generation_update_max_ms,rss_before_mib,rss_after_mib,stable_marker_peers,sessions_up,parse_errors
trip_csv_header,trip,peers_total,teardown_s,withdraw_s,holddown_s,reannounce_s,rss_mib,sessions_up,parse_errors
reload 1 SIGHUP wall_us=1791082863115939 policy=/tmp/rsfs.fhZKbL/gen-b.rpol
reload 1 daemon_applied complete_before=0 complete_after=1
reload 1 completion_s: p50=4.36 p95=4.99 max=5.06 (n=1000)
reload 1 maxgap_ms: p50=1432.11 p95=2965.06 max=3434.07 (n=1000)
reload 1 all_observer_maxgap_ms: p50=1436.93 p95=2965.06 max=3434.07 (n=1000)
reload 1 changed_first_generation_update_ms: p50=2948.32 p95=4540.61 max=5003.90 (n=1000)
reload 1 rss_mib before=422 after=494 comms_sample=[4286056400]
reload 1 sessions_up 1000/1000
reload 1 stable_marker_peers 0/0
reload 1 withdrawals: v4 named 0/0 v6 named 0/0 leaked=0 bystander=0 stable=0 duplicate=0
reloadstall_csv,1,1000,1000,0,400000,4.358273,4.985939,5.061315,1432.113,2965.061,3434.069,1436.934,2965.061,3434.069,2948.325,4540.611,5003.901,422,494,0,1000,0
reload 2 SIGHUP wall_us=1791084668503797 policy=/tmp/rsfs.fhZKbL/gen-a.rpol
reload 2 daemon_applied complete_before=1 complete_after=2
reload 2 completion_s: p50=4.00 p95=4.56 max=4.61 (n=1000)
reload 2 maxgap_ms: p50=1460.75 p95=2806.88 max=3208.70 (n=1000)
reload 2 all_observer_maxgap_ms: p50=1463.99 p95=2806.88 max=3208.70 (n=1000)
reload 2 changed_first_generation_update_ms: p50=2608.81 p95=4173.00 max=4573.23 (n=1000)
reload 2 rss_mib before=471 after=480 comms_sample=[4286055400]
reload 2 sessions_up 1000/1000
reload 2 stable_marker_peers 0/0
reload 2 withdrawals: v4 named 0/0 v6 named 0/0 leaked=0 bystander=0 stable=0 duplicate=0
reloadstall_csv,2,1000,1000,0,400000,3.997852,4.557106,4.612485,1460.750,2806.879,3208.695,1463.993,2806.879,3208.695,2608.810,4173.003,4573.229,471,480,0,1000,0
reload 3 SIGHUP wall_us=1791086474061737 policy=/tmp/rsfs.fhZKbL/gen-b.rpol
reload 3 daemon_applied complete_before=2 complete_after=3
reload 3 completion_s: p50=3.87 p95=4.47 max=4.52 (n=1000)
reload 3 maxgap_ms: p50=1343.31 p95=2969.73 max=3163.00 (n=1000)
reload 3 all_observer_maxgap_ms: p50=1343.31 p95=2969.73 max=3163.00 (n=1000)
reload 3 changed_first_generation_update_ms: p50=2508.08 p95=4290.73 max=4481.02 (n=1000)
reload 3 rss_mib before=457 after=490 comms_sample=[4286056400]
reload 3 sessions_up 1000/1000
reload 3 stable_marker_peers 0/0
reload 3 withdrawals: v4 named 0/0 v6 named 0/0 leaked=0 bystander=0 stable=0 duplicate=0
reloadstall_csv,3,1000,1000,0,400000,3.874928,4.472726,4.520680,1343.309,2969.734,3162.996,1343.309,2969.734,3162.996,2508.077,4290.732,4481.023,457,490,0,1000,0
reload 4 SIGHUP wall_us=1791088279577002 policy=/tmp/rsfs.fhZKbL/gen-a.rpol
reload 4 daemon_applied complete_before=3 complete_after=4
reload 4 completion_s: p50=3.90 p95=4.57 max=4.64 (n=1000)
reload 4 maxgap_ms: p50=1496.74 p95=2852.16 max=3194.43 (n=1000)
reload 4 all_observer_maxgap_ms: p50=1499.88 p95=2852.16 max=3194.43 (n=1000)
reload 4 changed_first_generation_update_ms: p50=2716.92 p95=4261.33 max=4605.98 (n=1000)
reload 4 rss_mib before=472 after=494 comms_sample=[4286055400]
reload 4 sessions_up 1000/1000
reload 4 stable_marker_peers 0/0
reload 4 withdrawals: v4 named 0/0 v6 named 0/0 leaked=0 bystander=0 stable=0 duplicate=0
reloadstall_csv,4,1000,1000,0,400000,3.898099,4.568816,4.641103,1496.740,2852.164,3194.429,1499.884,2852.164,3194.429,2716.918,4261.327,4605.978,472,494,0,1000,0
reload 5 SIGHUP wall_us=1791090085275347 policy=/tmp/rsfs.fhZKbL/gen-b.rpol
reload 5 daemon_applied complete_before=4 complete_after=5
reload 5 completion_s: p50=3.95 p95=4.56 max=4.63 (n=1000)
reload 5 maxgap_ms: p50=1446.16 p95=2889.58 max=3150.96 (n=1000)
reload 5 all_observer_maxgap_ms: p50=1446.50 p95=2889.58 max=3150.96 (n=1000)
reload 5 changed_first_generation_update_ms: p50=2670.05 p95=4346.74 max=4602.89 (n=1000)
reload 5 rss_mib before=466 after=495 comms_sample=[4286056400]
reload 5 sessions_up 1000/1000
reload 5 stable_marker_peers 0/0
reload 5 withdrawals: v4 named 0/0 v6 named 0/0 leaked=0 bystander=0 stable=0 duplicate=0
reloadstall_csv,5,1000,1000,0,400000,3.946287,4.564721,4.633556,1446.165,2889.576,3150.957,1446.498,2889.576,3150.957,2670.047,4346.740,4602.892,466,495,0,1000,0
reload 6 SIGHUP wall_us=1791091891141860 policy=/tmp/rsfs.fhZKbL/gen-a.rpol
reload 6 daemon_applied complete_before=5 complete_after=6
reload 6 completion_s: p50=4.15 p95=4.75 max=4.84 (n=1000)
reload 6 maxgap_ms: p50=1440.21 p95=2969.02 max=3274.91 (n=1000)
reload 6 all_observer_maxgap_ms: p50=1442.12 p95=2969.02 max=3274.91 (n=1000)
reload 6 changed_first_generation_update_ms: p50=2852.97 p95=4502.95 max=4805.64 (n=1000)
reload 6 rss_mib before=465 after=494 comms_sample=[4286055400]
reload 6 sessions_up 1000/1000
reload 6 stable_marker_peers 0/0
reload 6 withdrawals: v4 named 0/0 v6 named 0/0 leaked=0 bystander=0 stable=0 duplicate=0
reloadstall_csv,6,1000,1000,0,400000,4.149496,4.752815,4.839437,1440.211,2969.024,3274.908,1442.121,2969.024,3274.908,2852.968,4502.955,4805.635,465,494,0,1000,0
reload 7 SIGHUP wall_us=1791093697040698 policy=/tmp/rsfs.fhZKbL/gen-b.rpol
reload 7 daemon_applied complete_before=6 complete_after=7
reload 7 completion_s: p50=4.11 p95=4.69 max=4.76 (n=1000)
reload 7 maxgap_ms: p50=1473.37 p95=2903.19 max=3223.88 (n=1000)
reload 7 all_observer_maxgap_ms: p50=1473.37 p95=2903.19 max=3223.88 (n=1000)
reload 7 changed_first_generation_update_ms: p50=2769.68 p95=4408.74 max=4723.97 (n=1000)
reload 7 rss_mib before=466 after=487 comms_sample=[4286056400]
reload 7 sessions_up 1000/1000
reload 7 stable_marker_peers 0/0
reload 7 withdrawals: v4 named 0/0 v6 named 0/0 leaked=0 bystander=0 stable=0 duplicate=0
reloadstall_csv,7,1000,1000,0,400000,4.111805,4.689363,4.756226,1473.369,2903.189,3223.881,1473.369,2903.189,3223.881,2769.682,4408.736,4723.974,466,487,0,1000,0
reload 8 SIGHUP wall_us=1791095502818488 policy=/tmp/rsfs.fhZKbL/gen-a.rpol
reload 8 daemon_applied complete_before=7 complete_after=8
reload 8 completion_s: p50=4.10 p95=4.77 max=4.84 (n=1000)
reload 8 maxgap_ms: p50=1312.03 p95=3105.36 max=3288.49 (n=1000)
reload 8 all_observer_maxgap_ms: p50=1312.03 p95=3105.36 max=3288.49 (n=1000)
reload 8 changed_first_generation_update_ms: p50=2783.38 p95=4624.53 max=4807.35 (n=1000)
reload 8 rss_mib before=468 after=494 comms_sample=[4286055400]
reload 8 sessions_up 1000/1000
reload 8 stable_marker_peers 0/0
reload 8 withdrawals: v4 named 0/0 v6 named 0/0 leaked=0 bystander=0 stable=0 duplicate=0
reloadstall_csv,8,1000,1000,0,400000,4.100615,4.765690,4.843427,1312.030,3105.358,3288.485,1312.030,3105.358,3288.485,2783.381,4624.526,4807.348,468,494,0,1000,0
trip 1 announce_over wall_us=1791097308496196 member=0 prefixes=64
trip 1 torn_down wall_us=1791097308547438 after_s=0.051
trip 1 reconnect transport_retries=0 recovered_peers=0
trip 1 reestablished wall_us=1791097428669957 holddown_s=120.123
trip 1 reannounced wall_us=1791097428670044
trip_csv,1,1000,0.051,0.002,120.123,0.020,501,1000,0
trip 1 complete wall_us=1791097428771025 rss_mib=501
reload 9 SIGHUP wall_us=1791097428958072 policy=/tmp/rsfs.fhZKbL/gen-b.rpol
reload 9 receiver_barriers_complete awaiting_daemon_settlement
reload 9 daemon_applied complete_before=8 complete_after=9
reload 9 completion_s: p50=4.05 p95=4.94 max=5.04 (n=1000)
reload 9 maxgap_ms: p50=1927.33 p95=3257.68 max=3542.98 (n=1000)
reload 9 all_observer_maxgap_ms: p50=1927.33 p95=3257.68 max=3542.98 (n=1000)
reload 9 changed_first_generation_update_ms: p50=3002.81 p95=4712.15 max=4997.28 (n=1000)
reload 9 rss_mib before=529 after=487 comms_sample=[4286056400]
reload 9 sessions_up 1000/1000
reload 9 stable_marker_peers 0/0
reload 9 withdrawals: v4 named 0/0 v6 named 0/0 leaked=0 bystander=0 stable=0 duplicate=0
reloadstall_csv,9,1000,1000,0,400000,4.054351,4.937998,5.040351,1927.328,3257.678,3542.980,1927.328,3257.678,3542.980,3002.813,4712.152,4997.279,529,487,0,1000,0
reload 10 SIGHUP wall_us=1791099235336905 policy=/tmp/rsfs.fhZKbL/gen-a.rpol
reload 10 receiver_barriers_complete awaiting_daemon_settlement
reload 10 daemon_applied complete_before=9 complete_after=10
reload 10 completion_s: p50=4.08 p95=4.67 max=4.73 (n=1000)
reload 10 maxgap_ms: p50=1394.17 p95=3111.25 max=3309.53 (n=1000)
reload 10 all_observer_maxgap_ms: p50=1394.17 p95=3111.25 max=3309.53 (n=1000)
reload 10 changed_first_generation_update_ms: p50=2693.91 p95=4504.35 max=4700.10 (n=1000)
reload 10 rss_mib before=453 after=487 comms_sample=[4286055400]
reload 10 sessions_up 1000/1000
reload 10 stable_marker_peers 0/0
reload 10 withdrawals: v4 named 0/0 v6 named 0/0 leaked=0 bystander=0 stable=0 duplicate=0
reloadstall_csv,10,1000,1000,0,400000,4.079371,4.665203,4.732465,1394.171,3111.250,3309.530,1394.171,3111.250,3309.530,2693.908,4504.354,4700.100,453,487,0,1000,0
reload 11 SIGHUP wall_us=1791101041412876 policy=/tmp/rsfs.fhZKbL/gen-b.rpol
reload 11 receiver_barriers_complete awaiting_daemon_settlement
reload 11 daemon_applied complete_before=10 complete_after=11
reload 11 completion_s: p50=3.99 p95=4.55 max=4.62 (n=1000)
reload 11 maxgap_ms: p50=1579.63 p95=3085.28 max=3268.13 (n=1000)
reload 11 all_observer_maxgap_ms: p50=1579.63 p95=3085.28 max=3268.13 (n=1000)
reload 11 changed_first_generation_update_ms: p50=2774.40 p95=4408.51 max=4586.64 (n=1000)
reload 11 rss_mib before=459 after=502 comms_sample=[4286056400]
reload 11 sessions_up 1000/1000
reload 11 stable_marker_peers 0/0
reload 11 withdrawals: v4 named 0/0 v6 named 0/0 leaked=0 bystander=0 stable=0 duplicate=0
reloadstall_csv,11,1000,1000,0,400000,3.987778,4.550900,4.622318,1579.633,3085.284,3268.133,1579.633,3085.284,3268.133,2774.396,4408.512,4586.640,459,502,0,1000,0
reload 12 SIGHUP wall_us=1791102847274790 policy=/tmp/rsfs.fhZKbL/gen-a.rpol
reload 12 daemon_applied complete_before=11 complete_after=12
reload 12 completion_s: p50=3.93 p95=4.62 max=4.70 (n=1000)
reload 12 maxgap_ms: p50=1672.11 p95=3133.22 max=3314.15 (n=1000)
reload 12 all_observer_maxgap_ms: p50=1673.60 p95=3133.22 max=3314.15 (n=1000)
reload 12 changed_first_generation_update_ms: p50=2754.88 p95=4495.77 max=4672.39 (n=1000)
reload 12 rss_mib before=466 after=499 comms_sample=[4286055400]
reload 12 sessions_up 1000/1000
reload 12 stable_marker_peers 0/0
reload 12 withdrawals: v4 named 0/0 v6 named 0/0 leaked=0 bystander=0 stable=0 duplicate=0
reloadstall_csv,12,1000,1000,0,400000,3.932392,4.623455,4.704424,1672.110,3133.220,3314.154,1673.601,3133.220,3314.154,2754.877,4495.769,4672.390,466,499,0,1000,0
reload 13 SIGHUP wall_us=1791104652910025 policy=/tmp/rsfs.fhZKbL/gen-b.rpol
reload 13 daemon_applied complete_before=12 complete_after=13
reload 13 completion_s: p50=3.88 p95=4.43 max=4.50 (n=1000)
reload 13 maxgap_ms: p50=1346.82 p95=2890.80 max=3157.90 (n=1000)
reload 13 all_observer_maxgap_ms: p50=1346.99 p95=2890.80 max=3157.90 (n=1000)
reload 13 changed_first_generation_update_ms: p50=2472.12 p95=4179.63 max=4449.35 (n=1000)
reload 13 rss_mib before=470 after=492 comms_sample=[4286056400]
reload 13 sessions_up 1000/1000
reload 13 stable_marker_peers 0/0
reload 13 withdrawals: v4 named 0/0 v6 named 0/0 leaked=0 bystander=0 stable=0 duplicate=0
reloadstall_csv,13,1000,1000,0,400000,3.875126,4.425764,4.496768,1346.820,2890.797,3157.901,1346.994,2890.797,3157.901,2472.121,4179.627,4449.355,470,492,0,1000,0
reload 14 SIGHUP wall_us=1791106458324261 policy=/tmp/rsfs.fhZKbL/gen-a.rpol
reload 14 daemon_applied complete_before=13 complete_after=14
reload 14 completion_s: p50=4.16 p95=4.81 max=4.89 (n=1000)
reload 14 maxgap_ms: p50=1408.87 p95=2815.54 max=3244.54 (n=1000)
reload 14 all_observer_maxgap_ms: p50=1418.24 p95=2815.54 max=3244.54 (n=1000)
reload 14 changed_first_generation_update_ms: p50=2853.83 p95=4428.22 max=4850.62 (n=1000)
reload 14 rss_mib before=463 after=486 comms_sample=[4286055400]
reload 14 sessions_up 1000/1000
reload 14 stable_marker_peers 0/0
reload 14 withdrawals: v4 named 0/0 v6 named 0/0 leaked=0 bystander=0 stable=0 duplicate=0
reloadstall_csv,14,1000,1000,0,400000,4.157543,4.805753,4.888911,1408.873,2815.538,3244.539,1418.236,2815.538,3244.539,2853.831,4428.223,4850.621,463,486,0,1000,0
reload 15 SIGHUP wall_us=1791108264055793 policy=/tmp/rsfs.fhZKbL/gen-b.rpol
reload 15 daemon_applied complete_before=14 complete_after=15
reload 15 completion_s: p50=4.13 p95=4.76 max=4.85 (n=1000)
reload 15 maxgap_ms: p50=1529.41 p95=3029.83 max=3337.70 (n=1000)
reload 15 all_observer_maxgap_ms: p50=1529.41 p95=3029.83 max=3337.70 (n=1000)
reload 15 changed_first_generation_update_ms: p50=2801.77 p95=4486.73 max=4795.03 (n=1000)
reload 15 rss_mib before=471 after=483 comms_sample=[4286056400]
reload 15 sessions_up 1000/1000
reload 15 stable_marker_peers 0/0
reload 15 withdrawals: v4 named 0/0 v6 named 0/0 leaked=0 bystander=0 stable=0 duplicate=0
reloadstall_csv,15,1000,1000,0,400000,4.134464,4.759860,4.845706,1529.408,3029.833,3337.705,1529.408,3029.833,3337.705,2801.767,4486.734,4795.030,471,483,0,1000,0
reload 16 SIGHUP wall_us=1791110069848089 policy=/tmp/rsfs.fhZKbL/gen-a.rpol
reload 16 receiver_barriers_complete awaiting_daemon_settlement
reload 16 daemon_applied complete_before=15 complete_after=16
reload 16 completion_s: p50=3.92 p95=4.52 max=4.59 (n=1000)
reload 16 maxgap_ms: p50=1571.81 p95=3103.61 max=3351.24 (n=1000)
reload 16 all_observer_maxgap_ms: p50=1571.81 p95=3103.61 max=3351.24 (n=1000)
reload 16 changed_first_generation_update_ms: p50=2501.79 p95=4307.56 max=4556.14 (n=1000)
reload 16 rss_mib before=464 after=473 comms_sample=[4286055400]
reload 16 sessions_up 1000/1000
reload 16 stable_marker_peers 0/0
reload 16 withdrawals: v4 named 0/0 v6 named 0/0 leaked=0 bystander=0 stable=0 duplicate=0
reloadstall_csv,16,1000,1000,0,400000,3.920633,4.519908,4.592940,1571.810,3103.606,3351.240,1571.810,3103.606,3351.240,2501.790,4307.559,4556.144,464,473,0,1000,0
trip 2 announce_over wall_us=1791111876003086 member=0 prefixes=64
trip 2 torn_down wall_us=1791111876054521 after_s=0.051
trip 2 reconnect transport_retries=0 recovered_peers=0
trip 2 reestablished wall_us=1791111996182862 holddown_s=120.128
trip 2 reannounced wall_us=1791111996182941
trip_csv,2,1000,0.051,0.000,120.128,0.019,489,1000,0
trip 2 complete wall_us=1791111996283984 rss_mib=489
reload 17 SIGHUP wall_us=1791111996484156 policy=/tmp/rsfs.fhZKbL/gen-b.rpol
reload 17 daemon_applied complete_before=16 complete_after=17
reload 17 completion_s: p50=4.38 p95=5.00 max=5.08 (n=1000)
reload 17 maxgap_ms: p50=1712.47 p95=2960.80 max=3229.89 (n=1000)
reload 17 all_observer_maxgap_ms: p50=1712.47 p95=2960.80 max=3229.89 (n=1000)
reload 17 changed_first_generation_update_ms: p50=3178.18 p95=4783.31 max=5047.73 (n=1000)
reload 17 rss_mib before=534 after=500 comms_sample=[4286056400]
reload 17 sessions_up 1000/1000
reload 17 stable_marker_peers 0/0
reload 17 withdrawals: v4 named 0/0 v6 named 0/0 leaked=0 bystander=0 stable=0 duplicate=0
reloadstall_csv,17,1000,1000,0,400000,4.384177,5.004615,5.079837,1712.473,2960.802,3229.885,1712.473,2960.802,3229.885,3178.182,4783.313,5047.730,534,500,0,1000,0
reload 18 SIGHUP wall_us=1791113802557254 policy=/tmp/rsfs.fhZKbL/gen-a.rpol
reload 18 receiver_barriers_complete awaiting_daemon_settlement
reload 18 daemon_applied complete_before=17 complete_after=18
reload 18 completion_s: p50=4.03 p95=4.61 max=4.68 (n=1000)
reload 18 maxgap_ms: p50=1543.25 p95=2834.72 max=3262.36 (n=1000)
reload 18 all_observer_maxgap_ms: p50=1543.25 p95=2834.72 max=3262.36 (n=1000)
reload 18 changed_first_generation_update_ms: p50=2654.87 p95=4218.91 max=4648.60 (n=1000)
reload 18 rss_mib before=463 after=491 comms_sample=[4286055400]
reload 18 sessions_up 1000/1000
reload 18 stable_marker_peers 0/0
reload 18 withdrawals: v4 named 0/0 v6 named 0/0 leaked=0 bystander=0 stable=0 duplicate=0
reloadstall_csv,18,1000,1000,0,400000,4.033079,4.614965,4.683085,1543.247,2834.715,3262.360,1543.247,2834.715,3262.360,2654.874,4218.914,4648.595,463,491,0,1000,0
reload 19 SIGHUP wall_us=1791115608602880 policy=/tmp/rsfs.fhZKbL/gen-b.rpol
reload 19 daemon_applied complete_before=18 complete_after=19
reload 19 completion_s: p50=3.80 p95=4.49 max=4.56 (n=1000)
reload 19 maxgap_ms: p50=1500.44 p95=2986.65 max=3295.84 (n=1000)
reload 19 all_observer_maxgap_ms: p50=1500.99 p95=2986.65 max=3295.84 (n=1000)
reload 19 changed_first_generation_update_ms: p50=2542.89 p95=4216.86 max=4519.35 (n=1000)
reload 19 rss_mib before=473 after=488 comms_sample=[4286056400]
reload 19 sessions_up 1000/1000
reload 19 stable_marker_peers 0/0
reload 19 withdrawals: v4 named 0/0 v6 named 0/0 leaked=0 bystander=0 stable=0 duplicate=0
reloadstall_csv,19,1000,1000,0,400000,3.800859,4.486841,4.563045,1500.445,2986.648,3295.837,1500.987,2986.648,3295.837,2542.894,4216.863,4519.354,473,488,0,1000,0
reload 20 SIGHUP wall_us=1791117413978641 policy=/tmp/rsfs.fhZKbL/gen-a.rpol
reload 20 daemon_applied complete_before=19 complete_after=20
reload 20 completion_s: p50=3.95 p95=4.58 max=4.66 (n=1000)
reload 20 maxgap_ms: p50=1598.21 p95=2989.28 max=3253.56 (n=1000)
reload 20 all_observer_maxgap_ms: p50=1598.21 p95=2989.28 max=3253.56 (n=1000)
reload 20 changed_first_generation_update_ms: p50=2678.00 p95=4353.26 max=4618.77 (n=1000)
reload 20 rss_mib before=479 after=490 comms_sample=[4286055400]
reload 20 sessions_up 1000/1000
reload 20 stable_marker_peers 0/0
reload 20 withdrawals: v4 named 0/0 v6 named 0/0 leaked=0 bystander=0 stable=0 duplicate=0
reloadstall_csv,20,1000,1000,0,400000,3.950006,4.577319,4.655212,1598.214,2989.284,3253.559,1598.214,2989.284,3253.559,2678.001,4353.264,4618.769,479,490,0,1000,0
reload 21 SIGHUP wall_us=1791119219656343 policy=/tmp/rsfs.fhZKbL/gen-b.rpol
reload 21 receiver_barriers_complete awaiting_daemon_settlement
reload 21 daemon_applied complete_before=20 complete_after=21
reload 21 completion_s: p50=3.94 p95=4.66 max=4.74 (n=1000)
reload 21 maxgap_ms: p50=1440.05 p95=3104.85 max=3286.15 (n=1000)
reload 21 all_observer_maxgap_ms: p50=1451.00 p95=3104.85 max=3286.15 (n=1000)
reload 21 changed_first_generation_update_ms: p50=2589.90 p95=4525.35 max=4704.35 (n=1000)
reload 21 rss_mib before=468 after=496 comms_sample=[4286056400]
reload 21 sessions_up 1000/1000
reload 21 stable_marker_peers 0/0
reload 21 withdrawals: v4 named 0/0 v6 named 0/0 leaked=0 bystander=0 stable=0 duplicate=0
reloadstall_csv,21,1000,1000,0,400000,3.939254,4.657524,4.736821,1440.045,3104.848,3286.149,1450.999,3104.848,3286.149,2589.903,4525.352,4704.351,468,496,0,1000,0
reload 22 SIGHUP wall_us=1791121025819005 policy=/tmp/rsfs.fhZKbL/gen-a.rpol
reload 22 daemon_applied complete_before=21 complete_after=22
reload 22 completion_s: p50=4.09 p95=4.88 max=4.96 (n=1000)
reload 22 maxgap_ms: p50=1835.31 p95=3277.26 max=3540.86 (n=1000)
reload 22 all_observer_maxgap_ms: p50=1835.31 p95=3277.26 max=3540.86 (n=1000)
reload 22 changed_first_generation_update_ms: p50=2804.89 p95=4669.31 max=4925.38 (n=1000)
reload 22 rss_mib before=476 after=495 comms_sample=[4286055400]
reload 22 sessions_up 1000/1000
reload 22 stable_marker_peers 0/0
reload 22 withdrawals: v4 named 0/0 v6 named 0/0 leaked=0 bystander=0 stable=0 duplicate=0
reloadstall_csv,22,1000,1000,0,400000,4.087879,4.882218,4.956251,1835.306,3277.255,3540.861,1835.306,3277.255,3540.861,2804.895,4669.311,4925.380,476,495,0,1000,0
reload 23 SIGHUP wall_us=1791122831802089 policy=/tmp/rsfs.fhZKbL/gen-b.rpol
reload 23 daemon_applied complete_before=22 complete_after=23
reload 23 completion_s: p50=4.19 p95=4.79 max=4.87 (n=1000)
reload 23 maxgap_ms: p50=1393.93 p95=3014.91 max=3237.20 (n=1000)
reload 23 all_observer_maxgap_ms: p50=1393.93 p95=3014.91 max=3237.20 (n=1000)
reload 23 changed_first_generation_update_ms: p50=2831.22 p95=4601.98 max=4820.61 (n=1000)
reload 23 rss_mib before=464 after=511 comms_sample=[4286056400]
reload 23 sessions_up 1000/1000
reload 23 stable_marker_peers 0/0
reload 23 withdrawals: v4 named 0/0 v6 named 0/0 leaked=0 bystander=0 stable=0 duplicate=0
reloadstall_csv,23,1000,1000,0,400000,4.188255,4.793058,4.869997,1393.931,3014.915,3237.200,1393.931,3014.915,3237.200,2831.223,4601.976,4820.610,464,511,0,1000,0
reload 24 SIGHUP wall_us=1791124637528491 policy=/tmp/rsfs.fhZKbL/gen-a.rpol
reload 24 receiver_barriers_complete awaiting_daemon_settlement
reload 24 daemon_applied complete_before=23 complete_after=24
reload 24 completion_s: p50=3.95 p95=4.59 max=4.66 (n=1000)
reload 24 maxgap_ms: p50=1425.02 p95=2934.81 max=3214.36 (n=1000)
reload 24 all_observer_maxgap_ms: p50=1425.02 p95=2934.81 max=3214.36 (n=1000)
reload 24 changed_first_generation_update_ms: p50=2655.23 p95=4357.58 max=4637.56 (n=1000)
reload 24 rss_mib before=464 after=500 comms_sample=[4286055400]
reload 24 sessions_up 1000/1000
reload 24 stable_marker_peers 0/0
reload 24 withdrawals: v4 named 0/0 v6 named 0/0 leaked=0 bystander=0 stable=0 duplicate=0
reloadstall_csv,24,1000,1000,0,400000,3.952989,4.589691,4.663046,1425.017,2934.811,3214.356,1425.017,2934.811,3214.356,2655.232,4357.582,4637.559,464,500,0,1000,0
trip 3 announce_over wall_us=1791126443372669 member=0 prefixes=64
trip 3 torn_down wall_us=1791126443423828 after_s=0.051
trip 3 reconnect transport_retries=0 recovered_peers=0
trip 3 reestablished wall_us=1791126563548173 holddown_s=120.124
trip 3 reannounced wall_us=1791126563548242
trip_csv,3,1000,0.051,0.000,120.124,0.022,491,1000,0
trip 3 complete wall_us=1791126563650052 rss_mib=491
reload 25 SIGHUP wall_us=1791126563835403 policy=/tmp/rsfs.fhZKbL/gen-b.rpol
reload 25 daemon_applied complete_before=24 complete_after=25
reload 25 completion_s: p50=4.32 p95=4.99 max=5.06 (n=1000)
reload 25 maxgap_ms: p50=1531.33 p95=3024.37 max=3253.99 (n=1000)
reload 25 all_observer_maxgap_ms: p50=1531.33 p95=3024.37 max=3253.99 (n=1000)
reload 25 changed_first_generation_update_ms: p50=3059.98 p95=4794.99 max=5020.10 (n=1000)
reload 25 rss_mib before=513 after=496 comms_sample=[4286056400]
reload 25 sessions_up 1000/1000
reload 25 stable_marker_peers 0/0
reload 25 withdrawals: v4 named 0/0 v6 named 0/0 leaked=0 bystander=0 stable=0 duplicate=0
reloadstall_csv,25,1000,1000,0,400000,4.324958,4.988165,5.060510,1531.332,3024.373,3253.986,1531.332,3024.373,3253.986,3059.979,4794.993,5020.100,513,496,0,1000,0
reload 26 SIGHUP wall_us=1791128369818284 policy=/tmp/rsfs.fhZKbL/gen-a.rpol
reload 26 daemon_applied complete_before=25 complete_after=26
reload 26 completion_s: p50=4.13 p95=4.78 max=4.85 (n=1000)
reload 26 maxgap_ms: p50=1560.54 p95=3045.29 max=3355.81 (n=1000)
reload 26 all_observer_maxgap_ms: p50=1560.54 p95=3045.29 max=3355.81 (n=1000)
reload 26 changed_first_generation_update_ms: p50=2762.15 p95=4513.44 max=4820.39 (n=1000)
reload 26 rss_mib before=472 after=481 comms_sample=[4286055400]
reload 26 sessions_up 1000/1000
reload 26 stable_marker_peers 0/0
reload 26 withdrawals: v4 named 0/0 v6 named 0/0 leaked=0 bystander=0 stable=0 duplicate=0
reloadstall_csv,26,1000,1000,0,400000,4.126158,4.782265,4.847815,1560.535,3045.292,3355.811,1560.535,3045.292,3355.811,2762.147,4513.442,4820.389,472,481,0,1000,0
reload 27 SIGHUP wall_us=1791130175760435 policy=/tmp/rsfs.fhZKbL/gen-b.rpol
reload 27 daemon_applied complete_before=26 complete_after=27
reload 27 completion_s: p50=3.88 p95=4.43 max=4.50 (n=1000)
reload 27 maxgap_ms: p50=1474.68 p95=2893.31 max=3218.04 (n=1000)
reload 27 all_observer_maxgap_ms: p50=1474.79 p95=2893.31 max=3218.04 (n=1000)
reload 27 changed_first_generation_update_ms: p50=2454.35 p95=4134.91 max=4466.28 (n=1000)
reload 27 rss_mib before=468 after=493 comms_sample=[4286056400]
reload 27 sessions_up 1000/1000
reload 27 stable_marker_peers 0/0
reload 27 withdrawals: v4 named 0/0 v6 named 0/0 leaked=0 bystander=0 stable=0 duplicate=0
reloadstall_csv,27,1000,1000,0,400000,3.875100,4.430156,4.501484,1474.677,2893.308,3218.044,1474.793,2893.308,3218.044,2454.351,4134.912,4466.283,468,493,0,1000,0
reload 28 SIGHUP wall_us=1791131981284134 policy=/tmp/rsfs.fhZKbL/gen-a.rpol
reload 28 receiver_barriers_complete awaiting_daemon_settlement
reload 28 daemon_applied complete_before=27 complete_after=28
reload 28 completion_s: p50=4.02 p95=4.63 max=4.71 (n=1000)
reload 28 maxgap_ms: p50=1571.32 p95=2942.17 max=3167.23 (n=1000)
reload 28 all_observer_maxgap_ms: p50=1571.32 p95=2942.17 max=3167.23 (n=1000)
reload 28 changed_first_generation_update_ms: p50=2787.76 p95=4446.72 max=4680.97 (n=1000)
reload 28 rss_mib before=461 after=483 comms_sample=[4286055400]
reload 28 sessions_up 1000/1000
reload 28 stable_marker_peers 0/0
reload 28 withdrawals: v4 named 0/0 v6 named 0/0 leaked=0 bystander=0 stable=0 duplicate=0
reloadstall_csv,28,1000,1000,0,400000,4.023764,4.634582,4.709789,1571.320,2942.167,3167.226,1571.320,2942.167,3167.226,2787.762,4446.723,4680.969,461,483,0,1000,0
reload 29 SIGHUP wall_us=1791133787282790 policy=/tmp/rsfs.fhZKbL/gen-b.rpol
reload 29 receiver_barriers_complete awaiting_daemon_settlement
reload 29 daemon_applied complete_before=28 complete_after=29
reload 29 completion_s: p50=3.93 p95=4.59 max=4.68 (n=1000)
reload 29 maxgap_ms: p50=1325.70 p95=3030.24 max=3237.93 (n=1000)
reload 29 all_observer_maxgap_ms: p50=1326.89 p95=3030.24 max=3237.93 (n=1000)
reload 29 changed_first_generation_update_ms: p50=2562.51 p95=4444.67 max=4648.22 (n=1000)
reload 29 rss_mib before=459 after=486 comms_sample=[4286056400]
reload 29 sessions_up 1000/1000
reload 29 stable_marker_peers 0/0
reload 29 withdrawals: v4 named 0/0 v6 named 0/0 leaked=0 bystander=0 stable=0 duplicate=0
reloadstall_csv,29,1000,1000,0,400000,3.927358,4.586987,4.682107,1325.696,3030.245,3237.934,1326.895,3030.245,3237.934,2562.508,4444.666,4648.219,459,486,0,1000,0
reload 30 SIGHUP wall_us=1791135593498483 policy=/tmp/rsfs.fhZKbL/gen-a.rpol
reload 30 daemon_applied complete_before=29 complete_after=30
reload 30 completion_s: p50=3.90 p95=4.54 max=4.61 (n=1000)
reload 30 maxgap_ms: p50=1554.63 p95=2938.74 max=3245.67 (n=1000)
reload 30 all_observer_maxgap_ms: p50=1554.63 p95=2938.74 max=3245.67 (n=1000)
reload 30 changed_first_generation_update_ms: p50=2614.95 p95=4267.68 max=4574.58 (n=1000)
reload 30 rss_mib before=475 after=498 comms_sample=[4286055400]
reload 30 sessions_up 1000/1000
reload 30 stable_marker_peers 0/0
reload 30 withdrawals: v4 named 0/0 v6 named 0/0 leaked=0 bystander=0 stable=0 duplicate=0
reloadstall_csv,30,1000,1000,0,400000,3.896225,4.539444,4.610924,1554.626,2938.738,3245.674,1554.626,2938.738,3245.674,2614.948,4267.682,4574.577,475,498,0,1000,0
reload 31 SIGHUP wall_us=1791137399053990 policy=/tmp/rsfs.fhZKbL/gen-b.rpol
reload 31 daemon_applied complete_before=30 complete_after=31
reload 31 completion_s: p50=4.18 p95=4.80 max=4.88 (n=1000)
reload 31 maxgap_ms: p50=1663.28 p95=3040.64 max=3478.13 (n=1000)
reload 31 all_observer_maxgap_ms: p50=1663.28 p95=3040.64 max=3478.13 (n=1000)
reload 31 changed_first_generation_update_ms: p50=2811.80 p95=4416.11 max=4848.18 (n=1000)
reload 31 rss_mib before=473 after=480 comms_sample=[4286056400]
reload 31 sessions_up 1000/1000
reload 31 stable_marker_peers 0/0
reload 31 withdrawals: v4 named 0/0 v6 named 0/0 leaked=0 bystander=0 stable=0 duplicate=0
reloadstall_csv,31,1000,1000,0,400000,4.182749,4.801936,4.876487,1663.276,3040.637,3478.128,1663.276,3040.637,3478.128,2811.798,4416.107,4848.177,473,480,0,1000,0
reload 32 SIGHUP wall_us=1791139205134176 policy=/tmp/rsfs.fhZKbL/gen-a.rpol
reload 32 receiver_barriers_complete awaiting_daemon_settlement
reload 32 daemon_applied complete_before=31 complete_after=32
reload 32 completion_s: p50=4.06 p95=4.73 max=4.81 (n=1000)
reload 32 maxgap_ms: p50=1772.00 p95=3202.79 max=3403.69 (n=1000)
reload 32 all_observer_maxgap_ms: p50=1772.00 p95=3202.79 max=3403.69 (n=1000)
reload 32 changed_first_generation_update_ms: p50=2824.60 p95=4567.30 max=4768.54 (n=1000)
reload 32 rss_mib before=455 after=485 comms_sample=[4286055400]
reload 32 sessions_up 1000/1000
reload 32 stable_marker_peers 0/0
reload 32 withdrawals: v4 named 0/0 v6 named 0/0 leaked=0 bystander=0 stable=0 duplicate=0
reloadstall_csv,32,1000,1000,0,400000,4.063108,4.733648,4.806919,1772.002,3202.789,3403.687,1772.002,3202.789,3403.687,2824.599,4567.295,4768.541,455,485,0,1000,0
trip 4 announce_over wall_us=1791141011128268 member=0 prefixes=64
trip 4 torn_down wall_us=1791141011180263 after_s=0.052
trip 4 reconnect transport_retries=0 recovered_peers=0
trip 4 reestablished wall_us=1791141131309570 holddown_s=120.129
trip 4 reannounced wall_us=1791141131309648
trip_csv,4,1000,0.052,0.000,120.129,0.027,485,1000,0
trip 4 complete wall_us=1791141131410849 rss_mib=485
reload 33 SIGHUP wall_us=1791141131613689 policy=/tmp/rsfs.fhZKbL/gen-b.rpol
reload 33 daemon_applied complete_before=32 complete_after=33
reload 33 completion_s: p50=4.43 p95=5.07 max=5.16 (n=1000)
reload 33 maxgap_ms: p50=1421.47 p95=3252.16 max=3400.72 (n=1000)
reload 33 all_observer_maxgap_ms: p50=1421.47 p95=3252.16 max=3400.72 (n=1000)
reload 33 changed_first_generation_update_ms: p50=2958.01 p95=4971.96 max=5117.26 (n=1000)
reload 33 rss_mib before=521 after=489 comms_sample=[4286056400]
reload 33 sessions_up 1000/1000
reload 33 stable_marker_peers 0/0
reload 33 withdrawals: v4 named 0/0 v6 named 0/0 leaked=0 bystander=0 stable=0 duplicate=0
reloadstall_csv,33,1000,1000,0,400000,4.426138,5.065556,5.159683,1421.468,3252.155,3400.719,1421.468,3252.155,3400.719,2958.006,4971.961,5117.263,521,489,0,1000,0
reload 34 SIGHUP wall_us=1791142937752069 policy=/tmp/rsfs.fhZKbL/gen-a.rpol
reload 34 daemon_applied complete_before=33 complete_after=34
reload 34 completion_s: p50=4.19 p95=4.78 max=4.85 (n=1000)
reload 34 maxgap_ms: p50=1253.91 p95=3052.87 max=3355.83 (n=1000)
reload 34 all_observer_maxgap_ms: p50=1266.62 p95=3052.87 max=3355.83 (n=1000)
reload 34 changed_first_generation_update_ms: p50=2582.33 p95=4520.80 max=4817.56 (n=1000)
reload 34 rss_mib before=473 after=492 comms_sample=[4286055400]
reload 34 sessions_up 1000/1000
reload 34 stable_marker_peers 0/0
reload 34 withdrawals: v4 named 0/0 v6 named 0/0 leaked=0 bystander=0 stable=0 duplicate=0
reloadstall_csv,34,1000,1000,0,400000,4.187579,4.776559,4.848388,1253.909,3052.874,3355.829,1266.618,3052.874,3355.829,2582.332,4520.800,4817.557,473,492,0,1000,0
reload 35 SIGHUP wall_us=1791144743677230 policy=/tmp/rsfs.fhZKbL/gen-b.rpol
reload 35 receiver_barriers_complete awaiting_daemon_settlement
reload 35 daemon_applied complete_before=34 complete_after=35
reload 35 completion_s: p50=4.22 p95=4.79 max=4.88 (n=1000)
reload 35 maxgap_ms: p50=1389.19 p95=3049.30 max=3310.95 (n=1000)
reload 35 all_observer_maxgap_ms: p50=1389.65 p95=3049.30 max=3310.95 (n=1000)
reload 35 changed_first_generation_update_ms: p50=2784.79 p95=4594.65 max=4849.86 (n=1000)
reload 35 rss_mib before=465 after=481 comms_sample=[4286056400]
reload 35 sessions_up 1000/1000
reload 35 stable_marker_peers 0/0
reload 35 withdrawals: v4 named 0/0 v6 named 0/0 leaked=0 bystander=0 stable=0 duplicate=0
reloadstall_csv,35,1000,1000,0,400000,4.215166,4.792506,4.883999,1389.192,3049.301,3310.949,1389.646,3049.301,3310.949,2784.788,4594.645,4849.856,465,481,0,1000,0
reload 36 SIGHUP wall_us=1791146549777421 policy=/tmp/rsfs.fhZKbL/gen-a.rpol
reload 36 daemon_applied complete_before=35 complete_after=36
reload 36 completion_s: p50=3.99 p95=4.62 max=4.69 (n=1000)
reload 36 maxgap_ms: p50=1540.07 p95=3020.69 max=3225.77 (n=1000)
reload 36 all_observer_maxgap_ms: p50=1540.07 p95=3020.69 max=3225.77 (n=1000)
reload 36 changed_first_generation_update_ms: p50=2713.16 p95=4446.42 max=4650.08 (n=1000)
reload 36 rss_mib before=472 after=500 comms_sample=[4286055400]
reload 36 sessions_up 1000/1000
reload 36 stable_marker_peers 0/0
reload 36 withdrawals: v4 named 0/0 v6 named 0/0 leaked=0 bystander=0 stable=0 duplicate=0
reloadstall_csv,36,1000,1000,0,400000,3.992243,4.622372,4.690639,1540.070,3020.691,3225.772,1540.070,3020.691,3225.772,2713.161,4446.417,4650.083,472,500,0,1000,0
reload 37 SIGHUP wall_us=1791148355598809 policy=/tmp/rsfs.fhZKbL/gen-b.rpol
reload 37 daemon_applied complete_before=36 complete_after=37
reload 37 completion_s: p50=4.13 p95=4.71 max=4.78 (n=1000)
reload 37 maxgap_ms: p50=1338.27 p95=3009.01 max=3291.55 (n=1000)
reload 37 all_observer_maxgap_ms: p50=1340.35 p95=3009.01 max=3291.55 (n=1000)
reload 37 changed_first_generation_update_ms: p50=2708.14 p95=4459.67 max=4738.83 (n=1000)
reload 37 rss_mib before=461 after=491 comms_sample=[4286056400]
reload 37 sessions_up 1000/1000
reload 37 stable_marker_peers 0/0
reload 37 withdrawals: v4 named 0/0 v6 named 0/0 leaked=0 bystander=0 stable=0 duplicate=0
reloadstall_csv,37,1000,1000,0,400000,4.130894,4.707867,4.780067,1338.274,3009.015,3291.550,1340.347,3009.015,3291.550,2708.137,4459.670,4738.827,461,491,0,1000,0
reload 38 SIGHUP wall_us=1791150161378656 policy=/tmp/rsfs.fhZKbL/gen-a.rpol
reload 38 daemon_applied complete_before=37 complete_after=38
reload 38 completion_s: p50=3.91 p95=4.53 max=4.61 (n=1000)
reload 38 maxgap_ms: p50=1533.53 p95=2920.63 max=3161.34 (n=1000)
reload 38 all_observer_maxgap_ms: p50=1533.53 p95=2920.63 max=3161.34 (n=1000)
reload 38 changed_first_generation_update_ms: p50=2727.41 p95=4328.76 max=4576.08 (n=1000)
reload 38 rss_mib before=478 after=489 comms_sample=[4286055400]
reload 38 sessions_up 1000/1000
reload 38 stable_marker_peers 0/0
reload 38 withdrawals: v4 named 0/0 v6 named 0/0 leaked=0 bystander=0 stable=0 duplicate=0
reloadstall_csv,38,1000,1000,0,400000,3.910643,4.534852,4.608016,1533.528,2920.626,3161.335,1533.528,2920.626,3161.335,2727.406,4328.762,4576.083,478,489,0,1000,0
reload 39 SIGHUP wall_us=1791151967252490 policy=/tmp/rsfs.fhZKbL/gen-b.rpol
reload 39 daemon_applied complete_before=38 complete_after=39
reload 39 completion_s: p50=3.87 p95=4.49 max=4.57 (n=1000)
reload 39 maxgap_ms: p50=1783.36 p95=2981.88 max=3219.80 (n=1000)
reload 39 all_observer_maxgap_ms: p50=1783.36 p95=2981.88 max=3219.80 (n=1000)
reload 39 changed_first_generation_update_ms: p50=2814.57 p95=4275.31 max=4520.40 (n=1000)
reload 39 rss_mib before=473 after=489 comms_sample=[4286056400]
reload 39 sessions_up 1000/1000
reload 39 stable_marker_peers 0/0
reload 39 withdrawals: v4 named 0/0 v6 named 0/0 leaked=0 bystander=0 stable=0 duplicate=0
reloadstall_csv,39,1000,1000,0,400000,3.871543,4.489113,4.567892,1783.358,2981.877,3219.801,1783.358,2981.877,3219.801,2814.572,4275.306,4520.405,473,489,0,1000,0
reload 40 SIGHUP wall_us=1791153772743336 policy=/tmp/rsfs.fhZKbL/gen-a.rpol
reload 40 daemon_applied complete_before=39 complete_after=40
reload 40 completion_s: p50=3.81 p95=4.35 max=4.43 (n=1000)
reload 40 maxgap_ms: p50=1355.54 p95=2998.33 max=3210.62 (n=1000)
reload 40 all_observer_maxgap_ms: p50=1355.54 p95=2998.33 max=3210.62 (n=1000)
reload 40 changed_first_generation_update_ms: p50=2435.84 p95=4183.83 max=4407.52 (n=1000)
reload 40 rss_mib before=464 after=485 comms_sample=[4286055400]
reload 40 sessions_up 1000/1000
reload 40 stable_marker_peers 0/0
reload 40 withdrawals: v4 named 0/0 v6 named 0/0 leaked=0 bystander=0 stable=0 duplicate=0
reloadstall_csv,40,1000,1000,0,400000,3.808333,4.348486,4.431989,1355.538,2998.334,3210.619,1355.538,2998.334,3210.619,2435.844,4183.826,4407.520,464,485,0,1000,0
trip 5 announce_over wall_us=1791155577964267 member=0 prefixes=64
trip 5 torn_down wall_us=1791155578015449 after_s=0.051
trip 5 reconnect transport_retries=0 recovered_peers=0
trip 5 reestablished wall_us=1791155698137928 holddown_s=120.122
trip 5 reannounced wall_us=1791155698138071
trip_csv,5,1000,0.051,0.001,120.122,0.020,506,1000,0
trip 5 complete wall_us=1791155698239660 rss_mib=506
reload 41 SIGHUP wall_us=1791155698420192 policy=/tmp/rsfs.fhZKbL/gen-b.rpol
reload 41 daemon_applied complete_before=40 complete_after=41
reload 41 completion_s: p50=4.16 p95=4.85 max=4.94 (n=1000)
reload 41 maxgap_ms: p50=1564.87 p95=3182.59 max=3298.03 (n=1000)
reload 41 all_observer_maxgap_ms: p50=1564.87 p95=3182.59 max=3298.03 (n=1000)
reload 41 changed_first_generation_update_ms: p50=2867.42 p95=4791.04 max=4906.66 (n=1000)
reload 41 rss_mib before=531 after=502 comms_sample=[4286056400]
reload 41 sessions_up 1000/1000
reload 41 stable_marker_peers 0/0
reload 41 withdrawals: v4 named 0/0 v6 named 0/0 leaked=0 bystander=0 stable=0 duplicate=0
reloadstall_csv,41,1000,1000,0,400000,4.155955,4.846266,4.941738,1564.865,3182.595,3298.034,1564.865,3182.595,3298.034,2867.422,4791.040,4906.661,531,502,0,1000,0
reload 42 SIGHUP wall_us=1791157504432902 policy=/tmp/rsfs.fhZKbL/gen-a.rpol
reload 42 daemon_applied complete_before=41 complete_after=42
reload 42 completion_s: p50=3.91 p95=4.58 max=4.66 (n=1000)
reload 42 maxgap_ms: p50=1580.36 p95=2937.65 max=3283.69 (n=1000)
reload 42 all_observer_maxgap_ms: p50=1580.38 p95=2937.65 max=3283.69 (n=1000)
reload 42 changed_first_generation_update_ms: p50=2631.24 p95=4280.35 max=4616.55 (n=1000)
reload 42 rss_mib before=474 after=496 comms_sample=[4286055400]
reload 42 sessions_up 1000/1000
reload 42 stable_marker_peers 0/0
reload 42 withdrawals: v4 named 0/0 v6 named 0/0 leaked=0 bystander=0 stable=0 duplicate=0
reloadstall_csv,42,1000,1000,0,400000,3.907181,4.582043,4.657982,1580.359,2937.649,3283.690,1580.383,2937.649,3283.690,2631.238,4280.350,4616.549,474,496,0,1000,0
reload 43 SIGHUP wall_us=1791159309985049 policy=/tmp/rsfs.fhZKbL/gen-b.rpol
reload 43 daemon_applied complete_before=42 complete_after=43
reload 43 completion_s: p50=4.04 p95=4.75 max=4.83 (n=1000)
reload 43 maxgap_ms: p50=1385.38 p95=3043.41 max=3289.30 (n=1000)
reload 43 all_observer_maxgap_ms: p50=1385.38 p95=3043.41 max=3289.30 (n=1000)
reload 43 changed_first_generation_update_ms: p50=2690.55 p95=4551.59 max=4793.28 (n=1000)
reload 43 rss_mib before=466 after=498 comms_sample=[4286056400]
reload 43 sessions_up 1000/1000
reload 43 stable_marker_peers 0/0
reload 43 withdrawals: v4 named 0/0 v6 named 0/0 leaked=0 bystander=0 stable=0 duplicate=0
reloadstall_csv,43,1000,1000,0,400000,4.038070,4.752296,4.829418,1385.375,3043.405,3289.301,1385.375,3043.405,3289.301,2690.550,4551.591,4793.279,466,498,0,1000,0
reload 44 SIGHUP wall_us=1791161115866577 policy=/tmp/rsfs.fhZKbL/gen-a.rpol
reload 44 daemon_applied complete_before=43 complete_after=44
reload 44 completion_s: p50=4.01 p95=4.65 max=4.73 (n=1000)
reload 44 maxgap_ms: p50=1535.15 p95=2997.53 max=3205.71 (n=1000)
reload 44 all_observer_maxgap_ms: p50=1535.15 p95=2997.53 max=3205.71 (n=1000)
reload 44 changed_first_generation_update_ms: p50=2706.94 p95=4491.43 max=4698.61 (n=1000)
reload 44 rss_mib before=459 after=490 comms_sample=[4286055400]
reload 44 sessions_up 1000/1000
reload 44 stable_marker_peers 0/0
reload 44 withdrawals: v4 named 0/0 v6 named 0/0 leaked=0 bystander=0 stable=0 duplicate=0
reloadstall_csv,44,1000,1000,0,400000,4.008110,4.648200,4.727723,1535.152,2997.525,3205.714,1535.152,2997.525,3205.714,2706.940,4491.432,4698.606,459,490,0,1000,0
reload 45 SIGHUP wall_us=1791162921618446 policy=/tmp/rsfs.fhZKbL/gen-b.rpol
reload 45 daemon_applied complete_before=44 complete_after=45
reload 45 completion_s: p50=4.34 p95=4.98 max=5.06 (n=1000)
reload 45 maxgap_ms: p50=1650.81 p95=3269.07 max=3439.18 (n=1000)
reload 45 all_observer_maxgap_ms: p50=1650.81 p95=3269.07 max=3439.18 (n=1000)
reload 45 changed_first_generation_update_ms: p50=2970.04 p95=4851.69 max=5014.79 (n=1000)
reload 45 rss_mib before=469 after=487 comms_sample=[4286056400]
reload 45 sessions_up 1000/1000
reload 45 stable_marker_peers 0/0
reload 45 withdrawals: v4 named 0/0 v6 named 0/0 leaked=0 bystander=0 stable=0 duplicate=0
reloadstall_csv,45,1000,1000,0,400000,4.344292,4.980843,5.058923,1650.809,3269.071,3439.178,1650.809,3269.071,3439.178,2970.043,4851.691,5014.791,469,487,0,1000,0
reload 46 SIGHUP wall_us=1791164727725868 policy=/tmp/rsfs.fhZKbL/gen-a.rpol
reload 46 receiver_barriers_complete awaiting_daemon_settlement
reload 46 daemon_applied complete_before=45 complete_after=46
reload 46 completion_s: p50=4.31 p95=4.86 max=4.95 (n=1000)
reload 46 maxgap_ms: p50=1455.53 p95=3088.41 max=3352.23 (n=1000)
reload 46 all_observer_maxgap_ms: p50=1455.53 p95=3088.41 max=3352.23 (n=1000)
reload 46 changed_first_generation_update_ms: p50=2819.23 p95=4644.83 max=4902.48 (n=1000)
reload 46 rss_mib before=468 after=477 comms_sample=[4286055400]
reload 46 sessions_up 1000/1000
reload 46 stable_marker_peers 0/0
reload 46 withdrawals: v4 named 0/0 v6 named 0/0 leaked=0 bystander=0 stable=0 duplicate=0
reloadstall_csv,46,1000,1000,0,400000,4.310279,4.855627,4.945655,1455.525,3088.405,3352.233,1455.525,3088.405,3352.233,2819.233,4644.828,4902.483,468,477,0,1000,0
reload 47 SIGHUP wall_us=1791166534277727 policy=/tmp/rsfs.fhZKbL/gen-b.rpol
reload 47 daemon_applied complete_before=46 complete_after=47
reload 47 completion_s: p50=3.89 p95=4.58 max=4.67 (n=1000)
reload 47 maxgap_ms: p50=1398.86 p95=3127.92 max=3278.74 (n=1000)
reload 47 all_observer_maxgap_ms: p50=1398.86 p95=3127.92 max=3278.74 (n=1000)
reload 47 changed_first_generation_update_ms: p50=2583.99 p95=4487.64 max=4642.71 (n=1000)
reload 47 rss_mib before=472 after=495 comms_sample=[4286056400]
reload 47 sessions_up 1000/1000
reload 47 stable_marker_peers 0/0
reload 47 withdrawals: v4 named 0/0 v6 named 0/0 leaked=0 bystander=0 stable=0 duplicate=0
reloadstall_csv,47,1000,1000,0,400000,3.894561,4.583924,4.669968,1398.861,3127.922,3278.745,1398.861,3127.922,3278.745,2583.988,4487.643,4642.707,472,495,0,1000,0
reload 48 SIGHUP wall_us=1791168339926281 policy=/tmp/rsfs.fhZKbL/gen-a.rpol
reload 48 daemon_applied complete_before=47 complete_after=48
reload 48 completion_s: p50=4.13 p95=4.75 max=4.82 (n=1000)
reload 48 maxgap_ms: p50=1484.77 p95=2925.88 max=3269.77 (n=1000)
reload 48 all_observer_maxgap_ms: p50=1484.77 p95=2925.88 max=3269.77 (n=1000)
reload 48 changed_first_generation_update_ms: p50=2794.40 p95=4438.37 max=4777.78 (n=1000)
reload 48 rss_mib before=467 after=492 comms_sample=[4286055400]
reload 48 sessions_up 1000/1000
reload 48 stable_marker_peers 0/0
reload 48 withdrawals: v4 named 0/0 v6 named 0/0 leaked=0 bystander=0 stable=0 duplicate=0
reloadstall_csv,48,1000,1000,0,400000,4.125686,4.746523,4.818032,1484.774,2925.880,3269.770,1484.774,2925.880,3269.770,2794.397,4438.371,4777.782,467,492,0,1000,0
trip 6 announce_over wall_us=1791170145534921 member=0 prefixes=64
trip 6 torn_down wall_us=1791170145586305 after_s=0.051
trip 6 reconnect transport_retries=0 recovered_peers=0
trip 6 reestablished wall_us=1791170265712077 holddown_s=120.126
trip 6 reannounced wall_us=1791170265712152
trip_csv,6,1000,0.051,0.000,120.126,0.019,483,1000,0
trip 6 complete wall_us=1791170265813399 rss_mib=483
final quiesce 120s
final sessions_up 1000/1000 parse_errors=0
done rss_mib=463
