# reloadstall peers=700 changed_peers=700 stable_peers=0 prefixes=400400 per_peer=572 pid=2306976
established 700 at 0.8s
establishment transport_retries=0 recovered_peers=0
first_exact_bitmap,mode=flapstorm,peers=700,total=400400,per_peer=572,expected=399828,completed=700,min_unique=399828,max_unique=399828
converged (>= 399828/observer) at 3.2s rss_mib=402
control_maxgap_ms: p50=19.13 p95=19.80 max=41.96 (n=700)
control_rss_mib 349
converged_rejoin_csv_header,round,peers_total,peers_flapped,prefixes,rejoin_p50_s,rejoin_max_s,survivor_maxgap_ms,readiness_samples,rss_mib,sessions_up,parse_errors
converged_table_checkpoint,round=1,phase=disconnected,observers=1:2,unique=399828,eor=present
converged_rejoin 1 reconnect transport_retries=0
flap 1 peer 0 rejoin_complete_s=0.168633 eor_before_full_table=false eor=present
flap 1 rejoin_complete_s: p50=0.17 p95=0.17 max=0.17 (n=1)
converged_table_checkpoint,round=1,phase=settled,observers=1:2,unique=399828,eor=present
converged_rejoin 1 survivor_maxgap_ms: p50=106.58 p95=108.20 max=108.39 (n=699)
converged_rejoin_csv,1,700,1,400400,0.168633,0.168633,108.390000,12,427,700,0
converged_table_checkpoint,round=2,phase=disconnected,observers=1:2,unique=399828,eor=present
converged_rejoin 2 reconnect transport_retries=0
flap 2 peer 0 rejoin_complete_s=0.164334 eor_before_full_table=false eor=present
flap 2 rejoin_complete_s: p50=0.16 p95=0.16 max=0.16 (n=1)
converged_table_checkpoint,round=2,phase=settled,observers=1:2,unique=399828,eor=present
converged_rejoin 2 survivor_maxgap_ms: p50=104.31 p95=105.66 max=105.76 (n=699)
converged_rejoin_csv,2,700,1,400400,0.164334,0.164334,105.756000,12,424,700,0
converged_table_checkpoint,round=3,phase=disconnected,observers=1:2,unique=399828,eor=present
converged_rejoin 3 reconnect transport_retries=0
flap 3 peer 0 rejoin_complete_s=0.170312 eor_before_full_table=false eor=present
flap 3 rejoin_complete_s: p50=0.17 p95=0.17 max=0.17 (n=1)
converged_table_checkpoint,round=3,phase=settled,observers=1:2,unique=399828,eor=present
converged_rejoin 3 survivor_maxgap_ms: p50=105.67 p95=106.70 max=106.92 (n=699)
converged_rejoin_csv,3,700,1,400400,0.170312,0.170312,106.917000,12,428,700,0
done rss_mib=350
