# reloadstall peers=700 changed_peers=700 stable_peers=0 prefixes=400400 per_peer=572 pid=467262
established 700 at 0.7s
establishment transport_retries=0 recovered_peers=0
first_exact_bitmap,mode=reload,peers=700,total=400400,per_peer=572,expected=399828,completed=700,min_unique=399828,max_unique=399828
converged (>= 399828/observer) at 3.4s rss_mib=416
control_maxgap_ms: p50=18.53 p95=19.34 max=41.99 (n=700)
control_rss_mib 358
reloadstall_csv_header,reload,peers_total,peers_changed,peers_stable,prefixes,completion_p50_s,completion_p95_s,completion_max_s,changed_maxgap_p50_ms,changed_maxgap_p95_ms,changed_maxgap_max_ms,all_observer_maxgap_p50_ms,all_observer_maxgap_p95_ms,all_observer_maxgap_max_ms,changed_first_generation_update_p50_ms,changed_first_generation_update_p95_ms,changed_first_generation_update_max_ms,rss_before_mib,rss_after_mib,stable_marker_peers,sessions_up,parse_errors
reload 1 SIGHUP wall_us=1790576758936157 policy=/tmp/ixp-rustbgpd/gen-b.rpol
reload 1 completion_s: p50=1.33 p95=1.62 max=1.65 (n=700)
reload 1 maxgap_ms: p50=389.97 p95=511.97 max=661.57 (n=700)
reload 1 all_observer_maxgap_ms: p50=390.05 p95=511.97 max=661.57 (n=700)
reload 1 changed_first_generation_update_ms: p50=890.38 p95=1011.10 max=1163.87 (n=700)
reload 1 rss_mib before=358 after=400 comms_sample=[4286056400]
reload 1 sessions_up 700/700
reload 1 stable_marker_peers 0/0
reloadstall_csv,1,700,700,0,400400,1.327857,1.620969,1.649430,389.966,511.971,661.571,390.046,511.971,661.571,890.381,1011.095,1163.866,358,400,0,700,0
reload 2 SIGHUP wall_us=1790576780613128 policy=/tmp/ixp-rustbgpd/gen-a.rpol
reload 2 completion_s: p50=1.35 p95=1.67 max=1.69 (n=700)
reload 2 maxgap_ms: p50=567.83 p95=1025.14 max=1185.63 (n=700)
reload 2 all_observer_maxgap_ms: p50=567.83 p95=1025.14 max=1185.63 (n=700)
reload 2 changed_first_generation_update_ms: p50=874.57 p95=1513.67 max=1672.52 (n=700)
reload 2 rss_mib before=371 after=409 comms_sample=[4286055400]
reload 2 sessions_up 700/700
reload 2 stable_marker_peers 0/0
reloadstall_csv,2,700,700,0,400400,1.346859,1.671151,1.692229,567.831,1025.145,1185.632,567.831,1025.145,1185.632,874.572,1513.667,1672.523,371,409,0,700,0
reload 3 SIGHUP wall_us=1790576802402964 policy=/tmp/ixp-rustbgpd/gen-b.rpol
reload 3 completion_s: p50=1.19 p95=1.58 max=1.64 (n=700)
reload 3 maxgap_ms: p50=452.36 p95=1077.34 max=1150.44 (n=700)
reload 3 all_observer_maxgap_ms: p50=452.36 p95=1077.34 max=1150.44 (n=700)
reload 3 changed_first_generation_update_ms: p50=830.86 p95=1482.32 max=1556.26 (n=700)
reload 3 rss_mib before=372 after=406 comms_sample=[4286056400]
reload 3 sessions_up 700/700
reload 3 stable_marker_peers 0/0
reloadstall_csv,3,700,700,0,400400,1.192535,1.579925,1.637413,452.362,1077.339,1150.440,452.362,1077.339,1150.440,830.864,1482.323,1556.261,372,406,0,700,0
reload 4 SIGHUP wall_us=1790576824092129 policy=/tmp/ixp-rustbgpd/gen-a.rpol
reload 4 completion_s: p50=1.35 p95=1.67 max=1.70 (n=700)
reload 4 maxgap_ms: p50=641.51 p95=983.50 max=1212.10 (n=700)
reload 4 all_observer_maxgap_ms: p50=641.51 p95=983.50 max=1212.10 (n=700)
reload 4 changed_first_generation_update_ms: p50=852.07 p95=1453.15 max=1681.42 (n=700)
reload 4 rss_mib before=373 after=410 comms_sample=[4286055400]
reload 4 sessions_up 700/700
reload 4 stable_marker_peers 0/0
reloadstall_csv,4,700,700,0,400400,1.352613,1.672628,1.698695,641.510,983.502,1212.102,641.510,983.502,1212.102,852.072,1453.149,1681.425,373,410,0,700,0
done rss_mib=373
