# reloadstall peers=20 changed_peers=16 stable_peers=4 prefixes=5720 per_peer=286 pid=577137
# dualstack total_prefixes=11440 per_family=5720 per_peer_per_family=286 filter_count=64
established 20 at 0.1s
establishment transport_retries=0 recovered_peers=0
first_exact_bitmap,mode=reload,peers=20,total=5720,per_peer=286,expected=5434,completed=20,min_unique=5434,max_unique=5434
first_exact_bitmap6,mode=reload,peers=20,total=5720,per_peer=286,expected=5434,completed=20,min_unique=5434,max_unique=5434
converged (>= 5434/observer) at 0.3s rss_mib=54
control_maxgap_ms: p50=17.57 p95=41.85 max=41.88 (n=20)
control_maxgap_v4_ms: p50=17.69 p95=41.85 max=41.88 (n=20)
control_maxgap_v6_ms: p50=17.95 p95=74.15 max=74.59 (n=20)
control_rss_mib 43
reloadstall_csv_header,reload,peers_total,peers_changed,peers_stable,prefixes,completion_p50_s,completion_p95_s,completion_max_s,changed_maxgap_p50_ms,changed_maxgap_p95_ms,changed_maxgap_max_ms,all_observer_maxgap_p50_ms,all_observer_maxgap_p95_ms,all_observer_maxgap_max_ms,changed_first_generation_update_p50_ms,changed_first_generation_update_p95_ms,changed_first_generation_update_max_ms,rss_before_mib,rss_after_mib,stable_marker_peers,sessions_up,parse_errors
reloadstall_dualstack_csv_header,reload,peers_total,peers_changed,prefixes_total,prefixes_per_family,generation,filter_count,v4_completion_p50_s,v4_completion_p95_s,v4_completion_max_s,v6_completion_p50_s,v6_completion_p95_s,v6_completion_max_s,v4_maxgap_p50_ms,v4_maxgap_p95_ms,v4_maxgap_max_ms,v6_maxgap_p50_ms,v6_maxgap_p95_ms,v6_maxgap_max_ms,v4_first_generation_update_p50_ms,v4_first_generation_update_p95_ms,v4_first_generation_update_max_ms,v6_first_generation_update_p50_ms,v6_first_generation_update_p95_ms,v6_first_generation_update_max_ms,v4_filtered_withdrawn,v4_filtered_expected,v6_filtered_withdrawn,v6_filtered_expected,filtered_leaked,bystander_withdrawn,stable_withdrawn,duplicate_withdrawn,stable_marker_peers_v4,stable_marker_peers_v6,sessions_up,parse_errors
reload 1 SIGHUP wall_us=1788815527858194 policy=/tmp/rls-cell/gen-b.rpol
reload 1 completion_s: p50=0.03 p95=0.07 max=0.07 (n=16)
reload 1 maxgap_ms: p50=15.74 p95=40.44 max=40.66 (n=16)
reload 1 all_observer_maxgap_ms: p50=23.79 p95=40.66 max=41.61 (n=20)
reload 1 changed_first_generation_update_ms: p50=26.07 p95=26.14 max=26.18 (n=16)
reload 1 rss_mib before=43 after=71 comms_sample=[4286056400]
reload 1 sessions_up 20/20
reload 1 stable_marker_peers 4/4
reload 1 withdrawals: v4 named 960/960 v6 named 960/960 leaked=0 bystander=0 stable=0 duplicate=0
reloadstall_csv,1,20,16,4,11440,0.026847,0.066958,0.067260,15.736,40.441,40.656,23.787,40.656,41.614,26.068,26.141,26.176,43,71,4,20,0
reload 1 v4_completion_s: p50=0.03 p95=0.07 max=0.07 (n=16)
reload 1 v4_maxgap_ms: p50=15.90 p95=40.45 max=40.67 (n=16)
reload 1 v4_first_generation_update_ms: p50=26.07 p95=26.14 max=26.18 (n=16)
reload 1 v6_completion_s: p50=0.03 p95=0.07 max=0.07 (n=16)
reload 1 v6_maxgap_ms: p50=15.75 p95=40.45 max=40.67 (n=16)
reload 1 v6_first_generation_update_ms: p50=26.09 p95=26.16 max=26.18 (n=16)
reloadstall_dualstack_csv,1,20,16,11440,5720,b,64,0.026827,0.066955,0.067254,0.026847,0.066958,0.067260,15.896,40.454,40.666,15.754,40.445,40.666,26.068,26.141,26.176,26.090,26.162,26.181,960,960,960,960,0,0,0,0,4,4,20,0
reload 2 SIGHUP wall_us=1788815548061830 policy=/tmp/rls-cell/gen-a.rpol
reload 2 completion_s: p50=0.03 p95=0.07 max=0.07 (n=16)
reload 2 maxgap_ms: p50=25.04 p95=41.08 max=41.22 (n=16)
reload 2 all_observer_maxgap_ms: p50=25.02 p95=41.08 max=41.22 (n=20)
reload 2 changed_first_generation_update_ms: p50=25.02 p95=25.14 max=38.20 (n=16)
reload 2 rss_mib before=48 after=81 comms_sample=[4286055400]
reload 2 sessions_up 20/20
reload 2 stable_marker_peers 4/4
reload 2 withdrawals: v4 named 0/0 v6 named 0/0 leaked=0 bystander=0 stable=0 duplicate=0
reloadstall_csv,2,20,16,4,11440,0.025973,0.066345,0.066604,25.035,41.077,41.218,25.016,41.077,41.218,25.019,25.144,38.200,48,81,4,20,0
reload 2 v4_completion_s: p50=0.03 p95=0.07 max=0.07 (n=16)
reload 2 v4_maxgap_ms: p50=25.05 p95=41.08 max=41.22 (n=16)
reload 2 v4_first_generation_update_ms: p50=25.02 p95=25.14 max=38.20 (n=16)
reload 2 v6_completion_s: p50=0.03 p95=0.07 max=0.07 (n=16)
reload 2 v6_maxgap_ms: p50=25.04 p95=41.10 max=41.25 (n=16)
reload 2 v6_first_generation_update_ms: p50=25.01 p95=25.07 max=38.19 (n=16)
reloadstall_dualstack_csv,2,20,16,11440,5720,a,64,0.025973,0.066345,0.066604,0.025967,0.066332,0.066596,25.052,41.077,41.218,25.035,41.097,41.246,25.019,25.144,38.200,25.013,25.070,38.189,0,0,0,0,0,0,0,0,4,4,20,0
reload 3 SIGHUP wall_us=1788815568365815 policy=/tmp/rls-cell/gen-b.rpol
reload 3 completion_s: p50=0.03 p95=0.04 max=0.07 (n=16)
reload 3 maxgap_ms: p50=25.33 p95=36.18 max=39.84 (n=16)
reload 3 all_observer_maxgap_ms: p50=38.79 p95=38.86 max=39.84 (n=20)
reload 3 changed_first_generation_update_ms: p50=25.30 p95=25.41 max=36.19 (n=16)
reload 3 rss_mib before=49 after=70 comms_sample=[4286056400]
reload 3 sessions_up 20/20
reload 3 stable_marker_peers 4/4
reload 3 withdrawals: v4 named 960/960 v6 named 960/960 leaked=0 bystander=0 stable=0 duplicate=0
reloadstall_csv,3,20,16,4,11440,0.026401,0.036603,0.065525,25.331,36.179,39.837,38.791,38.863,39.837,25.302,25.415,36.188,49,70,4,20,0
reload 3 v4_completion_s: p50=0.03 p95=0.04 max=0.07 (n=16)
reload 3 v4_maxgap_ms: p50=25.34 p95=36.19 max=39.84 (n=16)
reload 3 v4_first_generation_update_ms: p50=25.30 p95=25.41 max=36.19 (n=16)
reload 3 v6_completion_s: p50=0.03 p95=0.04 max=0.07 (n=16)
reload 3 v6_maxgap_ms: p50=25.33 p95=36.18 max=39.85 (n=16)
reload 3 v6_first_generation_update_ms: p50=25.33 p95=25.48 max=36.20 (n=16)
reloadstall_dualstack_csv,3,20,16,11440,5720,b,64,0.026397,0.036599,0.065520,0.026401,0.036603,0.065525,25.341,36.188,39.844,25.331,36.179,39.850,25.302,25.415,36.188,25.331,25.481,36.199,960,960,960,960,0,0,0,0,4,4,20,0
reload 4 SIGHUP wall_us=1788815588569845 policy=/tmp/rls-cell/gen-a.rpol
reload 4 completion_s: p50=0.03 p95=0.03 max=0.03 (n=16)
reload 4 maxgap_ms: p50=24.53 p95=24.65 max=24.69 (n=16)
reload 4 all_observer_maxgap_ms: p50=24.53 p95=25.78 max=25.78 (n=20)
reload 4 changed_first_generation_update_ms: p50=24.53 p95=24.65 max=24.71 (n=16)
reload 4 rss_mib before=48 after=85 comms_sample=[4286055400]
reload 4 sessions_up 20/20
reload 4 stable_marker_peers 4/4
reload 4 withdrawals: v4 named 0/0 v6 named 0/0 leaked=0 bystander=0 stable=0 duplicate=0
reloadstall_csv,4,20,16,4,11440,0.025396,0.025747,0.025783,24.529,24.648,24.686,24.529,25.783,25.783,24.534,24.648,24.706,48,85,4,20,0
reload 4 v4_completion_s: p50=0.03 p95=0.03 max=0.03 (n=16)
reload 4 v4_maxgap_ms: p50=24.53 p95=24.65 max=24.71 (n=16)
reload 4 v4_first_generation_update_ms: p50=24.53 p95=24.65 max=24.71 (n=16)
reload 4 v6_completion_s: p50=0.03 p95=0.03 max=0.03 (n=16)
reload 4 v6_maxgap_ms: p50=24.55 p95=24.71 max=24.72 (n=16)
reload 4 v6_first_generation_update_ms: p50=24.59 p95=24.71 max=24.72 (n=16)
reloadstall_dualstack_csv,4,20,16,11440,5720,a,64,0.025386,0.025732,0.025778,0.025396,0.025747,0.025783,24.529,24.648,24.706,24.553,24.711,24.716,24.534,24.648,24.706,24.592,24.711,24.716,0,0,0,0,0,0,0,0,4,4,20,0
done rss_mib=46
