# reloadstall peers=700 changed_peers=700 stable_peers=0 prefixes=400400 per_peer=572 pid=335544
established 700 at 0.8s
establishment transport_retries=0 recovered_peers=0
first_exact_bitmap,mode=reload,peers=700,total=400400,per_peer=572,expected=399828,completed=700,min_unique=399828,max_unique=399828
converged (>= 399828/observer) at 3.0s rss_mib=432
control_maxgap_ms: p50=21.23 p95=21.77 max=41.99 (n=700)
control_rss_mib 379
reloadstall_csv_header,reload,peers_total,peers_changed,peers_stable,prefixes,completion_p50_s,completion_p95_s,completion_max_s,changed_maxgap_p50_ms,changed_maxgap_p95_ms,changed_maxgap_max_ms,all_observer_maxgap_p50_ms,all_observer_maxgap_p95_ms,all_observer_maxgap_max_ms,changed_first_generation_update_p50_ms,changed_first_generation_update_p95_ms,changed_first_generation_update_max_ms,rss_before_mib,rss_after_mib,stable_marker_peers,sessions_up,parse_errors
reload 1 SIGHUP wall_us=1790562777521642 policy=/tmp/ixp-rustbgpd/gen-b.rpol
reload 1 receiver_barriers_complete awaiting_daemon_settlement
reload 1 daemon_applied complete_before=0 complete_after=1
reload 1 completion_s: p50=1.69 p95=2.02 max=2.04 (n=700)
reload 1 maxgap_ms: p50=472.95 p95=760.95 max=960.90 (n=700)
reload 1 all_observer_maxgap_ms: p50=472.95 p95=760.95 max=960.90 (n=700)
reload 1 changed_first_generation_update_ms: p50=1061.36 p95=1349.43 max=1550.16 (n=700)
reload 1 rss_mib before=407 after=474 comms_sample=[4286056400]
reload 1 sessions_up 700/700
reload 1 stable_marker_peers 0/0
reload 1 withdrawals: v4 named 0/0 v6 named 0/0 leaked=0 bystander=0 stable=0 duplicate=0
reloadstall_csv,1,700,700,0,400400,1.688495,2.022033,2.035928,472.952,760.950,960.897,472.952,760.950,960.897,1061.362,1349.435,1550.159,407,474,0,700,0
reload 2 SIGHUP wall_us=1790562800047967 policy=/tmp/ixp-rustbgpd/gen-a.rpol
reload 2 daemon_applied complete_before=1 complete_after=2
reload 2 completion_s: p50=1.49 p95=1.77 max=1.81 (n=700)
reload 2 maxgap_ms: p50=683.19 p95=1234.65 max=1289.35 (n=700)
reload 2 all_observer_maxgap_ms: p50=683.19 p95=1234.65 max=1289.35 (n=700)
reload 2 changed_first_generation_update_ms: p50=965.90 p95=1723.67 max=1778.59 (n=700)
reload 2 rss_mib before=419 after=483 comms_sample=[4286055400]
reload 2 sessions_up 700/700
reload 2 stable_marker_peers 0/0
reload 2 withdrawals: v4 named 0/0 v6 named 0/0 leaked=0 bystander=0 stable=0 duplicate=0
reloadstall_csv,2,700,700,0,400400,1.486042,1.773863,1.809906,683.194,1234.653,1289.351,683.194,1234.653,1289.351,965.902,1723.672,1778.589,419,483,0,700,0
reload 3 SIGHUP wall_us=1790562821992385 policy=/tmp/ixp-rustbgpd/gen-b.rpol
reload 3 daemon_applied complete_before=2 complete_after=3
reload 3 completion_s: p50=1.47 p95=1.83 max=1.85 (n=700)
reload 3 maxgap_ms: p50=690.21 p95=1206.30 max=1313.60 (n=700)
reload 3 all_observer_maxgap_ms: p50=697.74 p95=1206.30 max=1313.60 (n=700)
reload 3 changed_first_generation_update_ms: p50=1040.33 p95=1738.19 max=1836.63 (n=700)
reload 3 rss_mib before=416 after=461 comms_sample=[4286056400]
reload 3 sessions_up 700/700
reload 3 stable_marker_peers 0/0
reload 3 withdrawals: v4 named 0/0 v6 named 0/0 leaked=0 bystander=0 stable=0 duplicate=0
reloadstall_csv,3,700,700,0,400400,1.467616,1.829448,1.854527,690.210,1206.300,1313.600,697.739,1206.300,1313.600,1040.332,1738.190,1836.634,416,461,0,700,0
reload 4 SIGHUP wall_us=1790562843950307 policy=/tmp/ixp-rustbgpd/gen-a.rpol
reload 4 daemon_applied complete_before=3 complete_after=4
reload 4 completion_s: p50=1.56 p95=1.89 max=1.92 (n=700)
reload 4 maxgap_ms: p50=789.13 p95=1384.68 max=1459.32 (n=700)
reload 4 all_observer_maxgap_ms: p50=793.34 p95=1384.68 max=1459.32 (n=700)
reload 4 changed_first_generation_update_ms: p50=1005.37 p95=1831.92 max=1899.86 (n=700)
reload 4 rss_mib before=421 after=479 comms_sample=[4286055400]
reload 4 sessions_up 700/700
reload 4 stable_marker_peers 0/0
reload 4 withdrawals: v4 named 0/0 v6 named 0/0 leaked=0 bystander=0 stable=0 duplicate=0
reloadstall_csv,4,700,700,0,400400,1.562630,1.892887,1.916821,789.135,1384.685,1459.320,793.342,1384.685,1459.320,1005.370,1831.920,1899.864,421,479,0,700,0
done rss_mib=399
