# reloadstall peers=700 changed_peers=700 stable_peers=0 prefixes=400400 per_peer=572 pid=0
established 700 at 20.5s
first_exact_bitmap,mode=flapstorm,peers=700,total=400400,per_peer=572,expected=399828,completed=700,min_unique=399828,max_unique=399828
converged (>= 399828/observer) at 63.3s rss_mib=0
control_maxgap_ms: p50=40.35 p95=40.99 max=54.99 (n=700)
control_rss_mib 0
flapstorm_csv_header,round,peers_total,peers_flapped,prefixes,flap_prefixes,withdraw_p50_s,withdraw_p95_s,withdraw_max_s,reannounce_p50_s,reannounce_p95_s,reannounce_max_s,rss_mib,sessions_up,parse_errors
flap 1 close wall_us=1786213796715488
flap 1 withdraw_s: p50=0.48 p95=0.63 max=0.66 (n=650)
flap 1 reannounce wall_us=1786213809591662
flap 1 reannounce_s: p50=3.74 p95=4.76 max=4.89 (n=650)
flap 1 first_reann_s: p50=2.69 p95=3.75 max=4.05 (n=650)
flap 1 sessions_up 700/700 rss_mib=0
flapstorm_csv,1,700,50,400400,28600,0.484943,0.630498,0.660889,3.739872,4.755832,4.893277,0,700,0
flap 2 close wall_us=1786213824549921
flap 2 withdraw_s: p50=0.47 p95=0.52 max=0.55 (n=650)
flap 2 reannounce wall_us=1786213837108866
flap 2 reannounce_s: p50=2.85 p95=4.02 max=4.11 (n=650)
flap 2 first_reann_s: p50=0.32 p95=1.26 max=1.73 (n=650)
flap 2 sessions_up 700/700 rss_mib=0
flapstorm_csv,2,700,50,400400,28600,0.465126,0.518060,0.548775,2.848388,4.020233,4.110665,0,700,0
flap 3 close wall_us=1786213851255161
flap 3 withdraw_s: p50=0.50 p95=0.60 max=0.62 (n=650)
flap 3 reannounce wall_us=1786213864334347
flap 3 reannounce_s: p50=3.28 p95=4.11 max=4.21 (n=650)
flap 3 first_reann_s: p50=1.66 p95=2.71 max=3.57 (n=650)
flap 3 sessions_up 700/700 rss_mib=0
flapstorm_csv,3,700,50,400400,28600,0.502577,0.596206,0.615747,3.282031,4.107745,4.214067,0,700,0
done rss_mib=0
