# reloadstall peers=700 changed_peers=700 stable_peers=0 prefixes=400400 per_peer=572 pid=0
established 700 at 17.3s
converged (>= 399828/observer) at 61.6s rss_mib=0
control_maxgap_ms: p50=40.40 p95=41.18 max=50.29 (n=700)
control_rss_mib 0
reloadstall_csv_header,reload,peers_total,peers_changed,peers_stable,prefixes,completion_p50_s,completion_p95_s,completion_max_s,changed_maxgap_p50_ms,changed_maxgap_p95_ms,changed_maxgap_max_ms,all_observer_maxgap_p50_ms,all_observer_maxgap_p95_ms,all_observer_maxgap_max_ms,changed_first_update_p50_ms,changed_first_update_p95_ms,changed_first_update_max_ms,rss_before_mib,rss_after_mib,stable_marker_peers,sessions_up,parse_errors
reload 1 reload_cmd wall_us=1784277943983199 policy=/tmp/ixp-bird/gen-b.conf
BIRD 3.3.1 ready.
Reading configuration from /etc/bird/bird.conf
Reconfigured
reload 1 progress: complete=0/700
reload 1 progress: complete=0/700
reload 1 progress: complete=0/700
reload 1 progress: complete=0/700
reload 1 progress: complete=0/700
reload 1 progress: complete=2/700
reload 1 progress: complete=20/700
reload 1 progress: complete=417/700
reload 1 progress: complete=642/700
reload 1 completion_s: p50=80.11 p95=92.15 max=92.75 (n=700)
reload 1 maxgap_ms: p50=1672.77 p95=3574.69 max=6806.82 (n=700)
reload 1 all_observer_maxgap_ms: p50=1741.52 p95=3722.83 max=6806.82 (n=700)
reload 1 first_update_ms: p50=10.35 p95=12.12 max=20.50 (n=700)
reload 1 rss_mib before=0 after=0 comms_sample=[4292610000]
reload 1 sessions_up 700/700
reload 1 stable_marker_peers 0/0
reloadstall_csv,1,700,700,0,400400,80.105549,92.150520,92.745533,1672.769,3574.693,6806.819,1741.520,3722.832,6806.819,10.349,12.124,20.498,0,0,0,700,0
reload 2 reload_cmd wall_us=1784278056779005 policy=/tmp/ixp-bird/gen-a.conf
BIRD 3.3.1 ready.
Reading configuration from /etc/bird/bird.conf
Reconfigured
reload 2 progress: complete=0/700
reload 2 progress: complete=0/700
reload 2 progress: complete=0/700
reload 2 progress: complete=0/700
reload 2 progress: complete=5/700
reload 2 progress: complete=119/700
reload 2 progress: complete=165/700
reload 2 progress: complete=356/700
reload 2 progress: complete=624/700
reload 2 completion_s: p50=80.40 p95=92.62 max=93.24 (n=700)
reload 2 maxgap_ms: p50=1891.70 p95=4346.28 max=6880.99 (n=700)
reload 2 all_observer_maxgap_ms: p50=2149.91 p95=4896.49 max=6880.99 (n=700)
reload 2 first_update_ms: p50=1.63 p95=2.74 max=10.02 (n=700)
reload 2 rss_mib before=0 after=0 comms_sample=[4292609000]
reload 2 sessions_up 700/700
reload 2 stable_marker_peers 0/0
reloadstall_csv,2,700,700,0,400400,80.404113,92.624260,93.236830,1891.701,4346.282,6880.986,2149.914,4896.490,6880.986,1.634,2.736,10.021,0,0,0,700,0
reload 3 reload_cmd wall_us=1784278170072448 policy=/tmp/ixp-bird/gen-b.conf
BIRD 3.3.1 ready.
Reading configuration from /etc/bird/bird.conf
Reconfigured
reload 3 progress: complete=0/700
reload 3 progress: complete=0/700
reload 3 progress: complete=3/700
reload 3 progress: complete=40/700
reload 3 progress: complete=117/700
reload 3 progress: complete=165/700
reload 3 progress: complete=261/700
reload 3 progress: complete=382/700
reload 3 progress: complete=576/700
reload 3 completion_s: p50=79.12 p95=93.02 max=93.75 (n=700)
reload 3 maxgap_ms: p50=2294.75 p95=5226.93 max=7307.34 (n=700)
reload 3 all_observer_maxgap_ms: p50=3229.38 p95=5352.46 max=7307.34 (n=700)
reload 3 first_update_ms: p50=40.22 p95=42.78 max=43.68 (n=700)
reload 3 rss_mib before=0 after=0 comms_sample=[4292610000]
reload 3 sessions_up 700/700
reload 3 stable_marker_peers 0/0
reloadstall_csv,3,700,700,0,400400,79.120223,93.024850,93.750456,2294.750,5226.927,7307.336,3229.375,5352.464,7307.336,40.219,42.784,43.682,0,0,0,700,0
reload 4 reload_cmd wall_us=1784278283869459 policy=/tmp/ixp-bird/gen-a.conf
BIRD 3.3.1 ready.
Reading configuration from /etc/bird/bird.conf
Reconfigured
reload 4 progress: complete=0/700
reload 4 progress: complete=0/700
reload 4 progress: complete=0/700
reload 4 progress: complete=0/700
reload 4 progress: complete=0/700
reload 4 progress: complete=0/700
reload 4 progress: complete=24/700
reload 4 progress: complete=246/700
reload 4 progress: complete=640/700
reload 4 completion_s: p50=86.07 p95=91.99 max=92.80 (n=700)
reload 4 maxgap_ms: p50=1614.81 p95=3573.41 max=6226.12 (n=700)
reload 4 all_observer_maxgap_ms: p50=1868.50 p95=3573.41 max=6226.12 (n=700)
reload 4 first_update_ms: p50=41.34 p95=45.04 max=46.14 (n=700)
reload 4 rss_mib before=0 after=0 comms_sample=[4292609000]
reload 4 sessions_up 700/700
reload 4 stable_marker_peers 0/0
reloadstall_csv,4,700,700,0,400400,86.069245,91.985361,92.799281,1614.814,3573.407,6226.116,1868.497,3573.407,6226.116,41.337,45.042,46.142,0,0,0,700,0
done rss_mib=0
