# reloadstall peers=320 changed_peers=320 stable_peers=0 prefixes=183040 per_peer=572 pid=0
established 320 at 46.8s
establishment transport_retries=0 recovered_peers=0
first_exact_bitmap,mode=reload,peers=320,total=183040,per_peer=572,expected=182468,completed=320,min_unique=182130,max_unique=182224
converged (>= 182468/observer) at 102.9s rss_mib=0
control_maxgap_ms: p50=38.92 p95=38.95 max=55.94 (n=320)
control_rss_mib 0
reloadstall_csv_header,reload,peers_total,peers_changed,peers_stable,prefixes,completion_p50_s,completion_p95_s,completion_max_s,changed_maxgap_p50_ms,changed_maxgap_p95_ms,changed_maxgap_max_ms,all_observer_maxgap_p50_ms,all_observer_maxgap_p95_ms,all_observer_maxgap_max_ms,changed_first_generation_update_p50_ms,changed_first_generation_update_p95_ms,changed_first_generation_update_max_ms,rss_before_mib,rss_after_mib,stable_marker_peers,sessions_up,parse_errors
reload 1 reload_cmd wall_us=1791186720172791 policy=/tmp/irr-openbgpd/gen-b.conf
reload request sent.
request processed
reload 1 progress: complete=0/320
reload 1 progress: complete=0/320
reload 1 progress: complete=0/320
reload 1 progress: complete=0/320
reload 1 progress: complete=0/320
reload 1 completion_s: p50=56.25 p95=56.26 max=56.26 (n=320)
reload 1 maxgap_ms: p50=377.42 p95=377.86 max=394.65 (n=320)
reload 1 all_observer_maxgap_ms: p50=377.42 p95=377.86 max=394.65 (n=320)
reload 1 changed_first_generation_update_ms: p50=7631.51 p95=7632.34 max=7793.77 (n=320)
reload 1 rss_mib before=0 after=0 comms_sample=[4286056400]
reload 1 sessions_up 320/320
reload 1 stable_marker_peers 0/0
reload 1 withdrawals: v4 named 0/0 v6 named 0/0 leaked=0 bystander=0 stable=0 duplicate=0
reloadstall_csv,1,320,320,0,183040,56.253329,56.257058,56.260158,377.417,377.861,394.650,377.417,377.861,394.650,7631.510,7632.336,7793.769,0,0,0,320,0
reload 2 reload_cmd wall_us=1791186796598473 policy=/tmp/irr-openbgpd/gen-a.conf
reload request sent.
request processed
reload 2 progress: complete=0/320
reload 2 progress: complete=0/320
reload 2 progress: complete=0/320
reload 2 progress: complete=0/320
reload 2 progress: complete=0/320
reload 2 completion_s: p50=60.98 p95=60.98 max=60.98 (n=320)
reload 2 maxgap_ms: p50=452.82 p95=453.33 max=467.20 (n=320)
reload 2 all_observer_maxgap_ms: p50=452.82 p95=453.33 max=467.20 (n=320)
reload 2 changed_first_generation_update_ms: p50=7440.84 p95=7441.62 max=7563.89 (n=320)
reload 2 rss_mib before=0 after=0 comms_sample=[4286055400]
reload 2 sessions_up 320/320
reload 2 stable_marker_peers 0/0
reload 2 withdrawals: v4 named 0/0 v6 named 0/0 leaked=0 bystander=0 stable=0 duplicate=0
reloadstall_csv,2,320,320,0,183040,60.979458,60.981458,60.983330,452.823,453.331,467.201,452.823,453.331,467.201,7440.838,7441.625,7563.885,0,0,0,320,0
reload 3 reload_cmd wall_us=1791186877637844 policy=/tmp/irr-openbgpd/gen-b.conf
reload request sent.
request processed
reload 3 progress: complete=0/320
reload 3 progress: complete=0/320
reload 3 progress: complete=0/320
reload 3 progress: complete=0/320
reload 3 progress: complete=0/320
reload 3 completion_s: p50=63.71 p95=63.72 max=63.72 (n=320)
reload 3 maxgap_ms: p50=439.11 p95=439.77 max=439.83 (n=320)
reload 3 all_observer_maxgap_ms: p50=439.11 p95=439.77 max=439.83 (n=320)
reload 3 changed_first_generation_update_ms: p50=7550.48 p95=7551.24 max=7816.16 (n=320)
reload 3 rss_mib before=0 after=0 comms_sample=[4286056400]
reload 3 sessions_up 320/320
reload 3 stable_marker_peers 0/0
reload 3 withdrawals: v4 named 0/0 v6 named 0/0 leaked=0 bystander=0 stable=0 duplicate=0
reloadstall_csv,3,320,320,0,183040,63.713766,63.718012,63.719529,439.114,439.768,439.833,439.114,439.768,439.833,7550.483,7551.239,7816.157,0,0,0,320,0
reload 4 reload_cmd wall_us=1791186961443603 policy=/tmp/irr-openbgpd/gen-a.conf
reload request sent.
request processed
reload 4 progress: complete=0/320
reload 4 progress: complete=0/320
reload 4 progress: complete=0/320
reload 4 progress: complete=0/320
reload 4 progress: complete=0/320
reload 4 completion_s: p50=61.53 p95=61.53 max=61.54 (n=320)
reload 4 maxgap_ms: p50=517.25 p95=517.82 max=517.87 (n=320)
reload 4 all_observer_maxgap_ms: p50=517.25 p95=517.82 max=517.87 (n=320)
reload 4 changed_first_generation_update_ms: p50=7459.71 p95=7460.56 max=7662.81 (n=320)
reload 4 rss_mib before=0 after=0 comms_sample=[4286055400]
reload 4 sessions_up 320/320
reload 4 stable_marker_peers 0/0
reload 4 withdrawals: v4 named 0/0 v6 named 0/0 leaked=0 bystander=0 stable=0 duplicate=0
reloadstall_csv,4,320,320,0,183040,61.529487,61.532258,61.535839,517.245,517.820,517.873,517.245,517.820,517.873,7459.713,7460.561,7662.811,0,0,0,320,0
final sessions_up 320/320 parse_errors=0
done rss_mib=0
