# reloadstall peers=1000 changed_peers=1000 stable_peers=0 prefixes=400000 per_peer=400 pid=3724618
established 1000 at 1.1s
converged (>= 399600/observer) at 20.0s rss_mib=525
control_maxgap_ms: p50=22.35 p95=24.16 max=42.03 (n=1000)
control_rss_mib 477
reloadstall_csv_header,reload,peers_total,peers_changed,peers_stable,prefixes,completion_p50_s,completion_p95_s,completion_max_s,changed_maxgap_p50_ms,changed_maxgap_p95_ms,changed_maxgap_max_ms,all_observer_maxgap_p50_ms,all_observer_maxgap_p95_ms,all_observer_maxgap_max_ms,changed_first_update_p50_ms,changed_first_update_p95_ms,changed_first_update_max_ms,rss_before_mib,rss_after_mib,stable_marker_peers,sessions_up,parse_errors
reload 1 SIGHUP wall_us=1785018671092247 policy=$RUN/gen-b.rpol
reload 1 completion_s: p50=4.94 p95=5.75 max=5.82 (n=1000)
reload 1 maxgap_ms: p50=1012.05 p95=1461.58 max=1614.83 (n=1000)
reload 1 all_observer_maxgap_ms: p50=1012.94 p95=1461.58 max=1614.83 (n=1000)
reload 1 first_update_ms: p50=6.05 p95=9.18 max=40.43 (n=1000)
reload 1 rss_mib before=477 after=510 comms_sample=[4286056400]
reload 1 sessions_up 1000/1000
reload 1 stable_marker_peers 0/0
reloadstall_csv,1,1000,1000,0,400000,4.939591,5.750292,5.823431,1012.053,1461.583,1614.825,1012.943,1461.583,1614.825,6.048,9.175,40.433,477,510,0,1000,0
reload 2 SIGHUP wall_us=1785018696933422 policy=$RUN/gen-a.rpol
reload 2 progress: complete=999/1000
reload 2 progress: complete=999/1000
reload 2 completion_s: p50=4.78 p95=5.78 max=31.39 (n=1000)
reload 2 maxgap_ms: p50=1490.94 p95=2637.51 max=3143.63 (n=1000)
reload 2 all_observer_maxgap_ms: p50=1494.35 p95=2637.51 max=3143.63 (n=1000)
reload 2 first_update_ms: p50=2.57 p95=5.12 max=32.26 (n=1000)
reload 2 rss_mib before=496 after=497 comms_sample=[4286055400]
reload 2 sessions_up 1000/1000
reload 2 stable_marker_peers 0/0
reloadstall_csv,2,1000,1000,0,400000,4.781506,5.777936,31.387371,1490.940,2637.515,3143.633,1494.354,2637.515,3143.633,2.573,5.122,32.262,496,497,0,1000,0
reload 3 SIGHUP wall_us=1785018748432791 policy=$RUN/gen-b.rpol
reload 3 progress: complete=999/1000
reload 3 completion_s: p50=4.45 p95=5.82 max=20.25 (n=1000)
reload 3 maxgap_ms: p50=1788.16 p95=3545.99 max=4126.79 (n=1000)
reload 3 all_observer_maxgap_ms: p50=1801.29 p95=3545.99 max=4126.79 (n=1000)
reload 3 first_update_ms: p50=6.04 p95=8.05 max=17.90 (n=1000)
reload 3 rss_mib before=497 after=492 comms_sample=[4286056400]
reload 3 sessions_up 1000/1000
reload 3 stable_marker_peers 0/0
reloadstall_csv,3,1000,1000,0,400000,4.451206,5.820140,20.247340,1788.165,3545.985,4126.788,1801.292,3545.985,4126.788,6.043,8.049,17.902,497,492,0,1000,0
reload 4 SIGHUP wall_us=1785018788775394 policy=$RUN/gen-a.rpol
reload 4 completion_s: p50=4.14 p95=5.75 max=8.13 (n=1000)
reload 4 maxgap_ms: p50=1823.86 p95=3872.71 max=4656.56 (n=1000)
reload 4 all_observer_maxgap_ms: p50=1998.12 p95=3872.71 max=4656.56 (n=1000)
reload 4 first_update_ms: p50=29.67 p95=32.11 max=36.43 (n=1000)
reload 4 rss_mib before=492 after=504 comms_sample=[4286055400]
reload 4 sessions_up 1000/1000
reload 4 stable_marker_peers 0/0
reloadstall_csv,4,1000,1000,0,400000,4.138491,5.754556,8.132460,1823.860,3872.710,4656.558,1998.123,3872.710,4656.558,29.668,32.109,36.430,492,504,0,1000,0
done rss_mib=497
