# reloadstall peers=320 changed_peers=320 stable_peers=0 prefixes=183040 per_peer=572 pid=1749582
established 320 at 0.3s
establishment transport_retries=0 recovered_peers=0
first_exact_bitmap,mode=reload,peers=320,total=183040,per_peer=572,expected=182468,completed=320,min_unique=182468,max_unique=182468
converged (>= 182468/observer) at 3.0s rss_mib=543
control_maxgap_ms: p50=17.98 p95=18.26 max=42.04 (n=320)
control_rss_mib 478
reloadstall_csv_header,reload,peers_total,peers_changed,peers_stable,prefixes,completion_p50_s,completion_p95_s,completion_max_s,changed_maxgap_p50_ms,changed_maxgap_p95_ms,changed_maxgap_max_ms,all_observer_maxgap_p50_ms,all_observer_maxgap_p95_ms,all_observer_maxgap_max_ms,changed_first_generation_update_p50_ms,changed_first_generation_update_p95_ms,changed_first_generation_update_max_ms,rss_before_mib,rss_after_mib,stable_marker_peers,sessions_up,parse_errors
dataset-stage generation=b changed=36 total=640
reload 1 SIGHUP wall_us=1791470245630069 policy=/tmp/irr-rustbgpd-sighup/gen-b.rpol
reload 1 receiver_barriers_complete awaiting_daemon_settlement
reload 1 daemon_applied complete_before=0 complete_after=1
reload 1 completion_s: p50=0.55 p95=0.59 max=0.59 (n=320)
reload 1 maxgap_ms: p50=354.70 p95=355.91 max=371.26 (n=320)
reload 1 all_observer_maxgap_ms: p50=354.70 p95=355.91 max=371.26 (n=320)
reload 1 changed_first_generation_update_ms: p50=512.56 p95=513.59 max=514.17 (n=320)
reload 1 rss_mib before=490 after=712 comms_sample=[4286056400]
reload 1 sessions_up 320/320
reload 1 stable_marker_peers 0/0
reload 1 withdrawals: v4 named 0/0 v6 named 0/0 leaked=0 bystander=0 stable=0 duplicate=0
reloadstall_csv,1,320,320,0,183040,0.549782,0.588269,0.589106,354.703,355.909,371.265,354.703,355.909,371.265,512.558,513.586,514.172,490,712,0,320,0
dataset-stage generation=a changed=36 total=640
reload 2 SIGHUP wall_us=1791470267876043 policy=/tmp/irr-rustbgpd-sighup/gen-a.rpol
reload 2 receiver_barriers_complete awaiting_daemon_settlement
reload 2 daemon_applied complete_before=1 complete_after=2
reload 2 completion_s: p50=0.55 p95=0.56 max=0.59 (n=320)
reload 2 maxgap_ms: p50=356.09 p95=370.83 max=376.06 (n=320)
reload 2 all_observer_maxgap_ms: p50=356.09 p95=370.83 max=376.06 (n=320)
reload 2 changed_first_generation_update_ms: p50=509.92 p95=524.31 max=529.76 (n=320)
reload 2 rss_mib before=565 after=779 comms_sample=[4286055400]
reload 2 sessions_up 320/320
reload 2 stable_marker_peers 0/0
reload 2 withdrawals: v4 named 0/0 v6 named 0/0 leaked=0 bystander=0 stable=0 duplicate=0
reloadstall_csv,2,320,320,0,183040,0.553739,0.564517,0.586042,356.092,370.833,376.063,356.092,370.833,376.063,509.918,524.311,529.756,565,779,0,320,0
dataset-stage generation=b changed=36 total=640
reload 3 SIGHUP wall_us=1791470290142068 policy=/tmp/irr-rustbgpd-sighup/gen-b.rpol
reload 3 receiver_barriers_complete awaiting_daemon_settlement
reload 3 daemon_applied complete_before=2 complete_after=3
reload 3 completion_s: p50=0.56 p95=0.60 max=0.60 (n=320)
reload 3 maxgap_ms: p50=365.33 p95=370.75 max=382.04 (n=320)
reload 3 all_observer_maxgap_ms: p50=365.33 p95=370.75 max=382.04 (n=320)
reload 3 changed_first_generation_update_ms: p50=524.42 p95=529.35 max=534.52 (n=320)
reload 3 rss_mib before=567 after=789 comms_sample=[4286056400]
reload 3 sessions_up 320/320
reload 3 stable_marker_peers 0/0
reload 3 withdrawals: v4 named 0/0 v6 named 0/0 leaked=0 bystander=0 stable=0 duplicate=0
reloadstall_csv,3,320,320,0,183040,0.563702,0.598220,0.600011,365.335,370.752,382.040,365.335,370.752,382.040,524.420,529.348,534.520,567,789,0,320,0
dataset-stage generation=a changed=36 total=640
reload 4 SIGHUP wall_us=1791470312400155 policy=/tmp/irr-rustbgpd-sighup/gen-a.rpol
reload 4 receiver_barriers_complete awaiting_daemon_settlement
reload 4 daemon_applied complete_before=3 complete_after=4
reload 4 completion_s: p50=0.57 p95=0.58 max=0.60 (n=320)
reload 4 maxgap_ms: p50=359.31 p95=376.05 max=396.49 (n=320)
reload 4 all_observer_maxgap_ms: p50=359.31 p95=376.05 max=396.49 (n=320)
reload 4 changed_first_generation_update_ms: p50=528.25 p95=545.01 max=564.64 (n=320)
reload 4 rss_mib before=568 after=789 comms_sample=[4286055400]
reload 4 sessions_up 320/320
reload 4 stable_marker_peers 0/0
reload 4 withdrawals: v4 named 0/0 v6 named 0/0 leaked=0 bystander=0 stable=0 duplicate=0
reloadstall_csv,4,320,320,0,183040,0.571915,0.576894,0.600900,359.313,376.054,396.485,359.313,376.054,396.485,528.252,545.011,564.637,568,789,0,320,0
final sessions_up 320/320 parse_errors=0
done rss_mib=558
route_refresh_accounting,peer=4,family=ipv4,received=4,suppressed=0,completed=4,sent_nlri=2288
route_refresh_accounting,peer=8,family=ipv4,received=4,suppressed=0,completed=4,sent_nlri=2288
route_refresh_accounting,peer=25,family=ipv4,received=4,suppressed=0,completed=4,sent_nlri=2288
route_refresh_accounting,peer=27,family=ipv4,received=4,suppressed=0,completed=4,sent_nlri=2288
route_refresh_accounting,peer=49,family=ipv4,received=4,suppressed=0,completed=4,sent_nlri=2288
route_refresh_accounting,peer=53,family=ipv4,received=4,suppressed=0,completed=4,sent_nlri=2288
route_refresh_accounting,peer=62,family=ipv4,received=4,suppressed=0,completed=4,sent_nlri=2288
route_refresh_accounting,peer=64,family=ipv4,received=4,suppressed=0,completed=4,sent_nlri=2288
route_refresh_accounting,peer=66,family=ipv4,received=4,suppressed=0,completed=4,sent_nlri=2288
route_refresh_accounting,peer=70,family=ipv4,received=4,suppressed=0,completed=4,sent_nlri=2288
route_refresh_accounting,peer=84,family=ipv4,received=4,suppressed=0,completed=4,sent_nlri=2288
route_refresh_accounting,peer=96,family=ipv4,received=4,suppressed=0,completed=4,sent_nlri=2288
route_refresh_accounting,peer=102,family=ipv4,received=4,suppressed=0,completed=4,sent_nlri=2288
route_refresh_accounting,peer=117,family=ipv4,received=4,suppressed=0,completed=4,sent_nlri=2288
route_refresh_accounting,peer=122,family=ipv4,received=4,suppressed=0,completed=4,sent_nlri=2288
route_refresh_accounting,peer=128,family=ipv4,received=4,suppressed=0,completed=4,sent_nlri=2288
route_refresh_accounting,peer=133,family=ipv4,received=4,suppressed=0,completed=4,sent_nlri=2288
route_refresh_accounting,peer=137,family=ipv4,received=4,suppressed=0,completed=4,sent_nlri=2288
route_refresh_accounting,peer=149,family=ipv4,received=4,suppressed=0,completed=4,sent_nlri=2288
route_refresh_accounting,peer=153,family=ipv4,received=4,suppressed=0,completed=4,sent_nlri=2288
route_refresh_accounting,peer=164,family=ipv4,received=4,suppressed=0,completed=4,sent_nlri=2288
route_refresh_accounting,peer=165,family=ipv4,received=4,suppressed=0,completed=4,sent_nlri=2288
route_refresh_accounting,peer=166,family=ipv4,received=4,suppressed=0,completed=4,sent_nlri=2288
route_refresh_accounting,peer=169,family=ipv4,received=4,suppressed=0,completed=4,sent_nlri=2288
route_refresh_accounting,peer=177,family=ipv4,received=4,suppressed=0,completed=4,sent_nlri=2288
route_refresh_accounting,peer=209,family=ipv4,received=4,suppressed=0,completed=4,sent_nlri=2288
route_refresh_accounting,peer=219,family=ipv4,received=4,suppressed=0,completed=4,sent_nlri=2288
route_refresh_accounting,peer=223,family=ipv4,received=4,suppressed=0,completed=4,sent_nlri=2288
route_refresh_accounting,peer=227,family=ipv4,received=4,suppressed=0,completed=4,sent_nlri=2288
route_refresh_accounting,peer=249,family=ipv4,received=4,suppressed=0,completed=4,sent_nlri=2288
route_refresh_accounting,peer=251,family=ipv4,received=4,suppressed=0,completed=4,sent_nlri=2288
route_refresh_accounting,peer=254,family=ipv4,received=4,suppressed=0,completed=4,sent_nlri=2288
route_refresh_accounting,peer=266,family=ipv4,received=4,suppressed=0,completed=4,sent_nlri=2288
route_refresh_accounting,peer=310,family=ipv4,received=4,suppressed=0,completed=4,sent_nlri=2288
route_refresh_accounting,peer=311,family=ipv4,received=4,suppressed=0,completed=4,sent_nlri=2288
route_refresh_accounting,peer=317,family=ipv4,received=4,suppressed=0,completed=4,sent_nlri=2288
