# reloadstall peers=700 changed_peers=700 stable_peers=0 prefixes=400400 per_peer=572 pid=0
established 700 at 182.5s
establishment transport_retries=0 recovered_peers=0
first_exact_bitmap,mode=reload,peers=700,total=400400,per_peer=572,expected=399828,completed=700,min_unique=399828,max_unique=399828
converged (>= 399828/observer) at 417.8s rss_mib=0
control_maxgap_ms: p50=20.03 p95=26.97 max=35.91 (n=700)
control_rss_mib 0
reloadstall_csv_header,reload,peers_total,peers_changed,peers_stable,prefixes,completion_p50_s,completion_p95_s,completion_max_s,changed_maxgap_p50_ms,changed_maxgap_p95_ms,changed_maxgap_max_ms,all_observer_maxgap_p50_ms,all_observer_maxgap_p95_ms,all_observer_maxgap_max_ms,changed_first_generation_update_p50_ms,changed_first_generation_update_p95_ms,changed_first_generation_update_max_ms,rss_before_mib,rss_after_mib,stable_marker_peers,sessions_up,parse_errors
reload 1 reload_cmd wall_us=1791168937928485 policy=/tmp/ixp-openbgpd/gen-b.conf
reload request sent.
request processed
reload 1 progress: complete=0/700
reload 1 progress: complete=0/700
reload 1 progress: complete=0/700
reload 1 progress: complete=0/700
reload 1 progress: complete=0/700
reload 1 progress: complete=0/700
reload 1 progress: complete=0/700
reload 1 progress: complete=0/700
reload 1 progress: complete=0/700
reload 1 progress: complete=0/700
reload 1 progress: complete=0/700
reload 1 progress: complete=0/700
reload 1 progress: complete=0/700
reload 1 progress: complete=0/700
reload 1 progress: complete=0/700
reload 1 progress: complete=0/700
reload 1 progress: complete=0/700
reload 1 progress: complete=0/700
reload 1 progress: complete=0/700
reload 1 progress: complete=0/700
reload 1 completion_s: p50=204.44 p95=204.44 max=204.44 (n=700)
reload 1 maxgap_ms: p50=194.06 p95=198.49 max=199.66 (n=700)
reload 1 all_observer_maxgap_ms: p50=194.06 p95=198.49 max=199.66 (n=700)
reload 1 changed_first_generation_update_ms: p50=1074.04 p95=1142.76 max=1507.73 (n=700)
reload 1 rss_mib before=0 after=0 comms_sample=[4286056400]
reload 1 sessions_up 700/700
reload 1 stable_marker_peers 0/0
reload 1 withdrawals: v4 named 0/0 v6 named 0/0 leaked=0 bystander=0 stable=0 duplicate=0
reloadstall_csv,1,700,700,0,400400,204.436295,204.440131,204.443548,194.065,198.487,199.660,194.065,198.487,199.660,1074.035,1142.764,1507.726,0,0,0,700,0
reload 2 reload_cmd wall_us=1791169162489799 policy=/tmp/ixp-openbgpd/gen-a.conf
reload request sent.
request processed
reload 2 progress: complete=0/700
reload 2 progress: complete=0/700
reload 2 progress: complete=0/700
reload 2 progress: complete=0/700
reload 2 progress: complete=0/700
reload 2 progress: complete=0/700
reload 2 progress: complete=0/700
reload 2 progress: complete=0/700
reload 2 progress: complete=0/700
reload 2 progress: complete=0/700
reload 2 progress: complete=0/700
reload 2 progress: complete=0/700
reload 2 progress: complete=0/700
reload 2 progress: complete=0/700
reload 2 progress: complete=0/700
reload 2 progress: complete=0/700
reload 2 progress: complete=0/700
reload 2 progress: complete=0/700
reload 2 progress: complete=0/700
reload 2 completion_s: p50=201.90 p95=201.94 max=201.94 (n=700)
reload 2 maxgap_ms: p50=195.62 p95=198.91 max=200.05 (n=700)
reload 2 all_observer_maxgap_ms: p50=195.62 p95=198.91 max=200.05 (n=700)
reload 2 changed_first_generation_update_ms: p50=756.99 p95=759.18 max=1208.32 (n=700)
reload 2 rss_mib before=0 after=0 comms_sample=[4286055400]
reload 2 sessions_up 700/700
reload 2 stable_marker_peers 0/0
reload 2 withdrawals: v4 named 0/0 v6 named 0/0 leaked=0 bystander=0 stable=0 duplicate=0
reloadstall_csv,2,700,700,0,400400,201.900824,201.939736,201.939937,195.623,198.912,200.048,195.623,198.912,200.048,756.985,759.182,1208.316,0,0,0,700,0
reload 3 reload_cmd wall_us=1791169384479000 policy=/tmp/ixp-openbgpd/gen-b.conf
reload request sent.
request processed
reload 3 progress: complete=0/700
reload 3 progress: complete=0/700
reload 3 progress: complete=0/700
reload 3 progress: complete=0/700
reload 3 progress: complete=0/700
reload 3 progress: complete=0/700
reload 3 progress: complete=0/700
reload 3 progress: complete=0/700
reload 3 progress: complete=0/700
reload 3 progress: complete=0/700
reload 3 progress: complete=0/700
reload 3 progress: complete=0/700
reload 3 progress: complete=0/700
reload 3 progress: complete=0/700
reload 3 progress: complete=0/700
reload 3 progress: complete=0/700
reload 3 progress: complete=0/700
reload 3 progress: complete=0/700
reload 3 progress: complete=0/700
reload 3 completion_s: p50=201.93 p95=201.94 max=201.94 (n=700)
reload 3 maxgap_ms: p50=192.74 p95=201.96 max=202.15 (n=700)
reload 3 all_observer_maxgap_ms: p50=192.74 p95=201.96 max=202.15 (n=700)
reload 3 changed_first_generation_update_ms: p50=732.99 p95=735.22 max=1228.53 (n=700)
reload 3 rss_mib before=0 after=0 comms_sample=[4286056400]
reload 3 sessions_up 700/700
reload 3 stable_marker_peers 0/0
reload 3 withdrawals: v4 named 0/0 v6 named 0/0 leaked=0 bystander=0 stable=0 duplicate=0
reloadstall_csv,3,700,700,0,400400,201.932668,201.938802,201.941036,192.743,201.959,202.147,192.743,201.959,202.147,732.994,735.224,1228.527,0,0,0,700,0
reload 4 reload_cmd wall_us=1791169606479978 policy=/tmp/ixp-openbgpd/gen-a.conf
reload request sent.
request processed
reload 4 progress: complete=0/700
reload 4 progress: complete=0/700
reload 4 progress: complete=0/700
reload 4 progress: complete=0/700
reload 4 progress: complete=0/700
reload 4 progress: complete=0/700
reload 4 progress: complete=0/700
reload 4 progress: complete=0/700
reload 4 progress: complete=0/700
reload 4 progress: complete=0/700
reload 4 progress: complete=0/700
reload 4 progress: complete=0/700
reload 4 progress: complete=0/700
reload 4 progress: complete=0/700
reload 4 progress: complete=0/700
reload 4 progress: complete=0/700
reload 4 progress: complete=0/700
reload 4 progress: complete=0/700
reload 4 progress: complete=0/700
reload 4 completion_s: p50=201.90 p95=201.90 max=201.91 (n=700)
reload 4 maxgap_ms: p50=195.16 p95=204.54 max=210.10 (n=700)
reload 4 all_observer_maxgap_ms: p50=195.16 p95=204.54 max=210.10 (n=700)
reload 4 changed_first_generation_update_ms: p50=768.09 p95=770.12 max=1444.13 (n=700)
reload 4 rss_mib before=0 after=0 comms_sample=[4286055400]
reload 4 sessions_up 700/700
reload 4 stable_marker_peers 0/0
reload 4 withdrawals: v4 named 0/0 v6 named 0/0 leaked=0 bystander=0 stable=0 duplicate=0
reloadstall_csv,4,700,700,0,400400,201.895795,201.902910,201.912279,195.158,204.537,210.097,195.158,204.537,210.097,768.086,770.121,1444.130,0,0,0,700,0
done rss_mib=0
