# reloadstall peers=700 changed_peers=700 stable_peers=0 prefixes=400400 per_peer=572 pid=0
established 700 at 134.3s
establishment transport_retries=0 recovered_peers=0
first_exact_bitmap,mode=flapstorm,peers=700,total=400400,per_peer=572,expected=399828,completed=700,min_unique=399828,max_unique=399828
converged (>= 399828/observer) at 371.2s rss_mib=0
control_maxgap_ms: p50=18.42 p95=18.47 max=32.35 (n=700)
control_rss_mib 0
flapstorm_failover_csv_header,round,peers_total,peers_flapped,flap_prefixes,alternate_prefixes,alternate_sources,daemon_cpu_s,scrape_bracketed_flush_sum_s,scrape_bracketed_flush_count,withdraw_p50_s,withdraw_max_s,window_s,background_cpu_s_per_s
flapstorm_csv_header,round,peers_total,peers_flapped,prefixes,flap_prefixes,withdraw_p50_s,withdraw_p95_s,withdraw_max_s,reannounce_p50_s,reannounce_p95_s,reannounce_max_s,rss_mib,sessions_up,parse_errors
flap 1 close wall_us=1791092269029457
flap 1 withdraw_s: p50=8.45 p95=8.46 max=8.46 (n=650)
flapstorm_failover_csv,1,700,50,28600,0,0,NaN,NaN,0,8.452225,8.456979,8.486886,NaN
flap 1 reconnect transport_retries=0 recovered_peers=0
flap 1 reannounce wall_us=1791092279149156
flap 1 peer 0 rejoin_complete_s=26.985202 eor_before_full_table=absent eor=absent
flap 1 peer 1 rejoin_complete_s=26.991848 eor_before_full_table=absent eor=absent
flap 1 peer 2 rejoin_complete_s=26.998720 eor_before_full_table=absent eor=absent
flap 1 peer 3 rejoin_complete_s=26.998326 eor_before_full_table=absent eor=absent
flap 1 peer 4 rejoin_complete_s=27.001726 eor_before_full_table=absent eor=absent
flap 1 peer 5 rejoin_complete_s=27.005284 eor_before_full_table=absent eor=absent
flap 1 peer 6 rejoin_complete_s=27.008865 eor_before_full_table=absent eor=absent
flap 1 peer 7 rejoin_complete_s=27.008501 eor_before_full_table=absent eor=absent
flap 1 peer 8 rejoin_complete_s=27.008128 eor_before_full_table=absent eor=absent
flap 1 peer 9 rejoin_complete_s=27.023390 eor_before_full_table=absent eor=absent
flap 1 peer 10 rejoin_complete_s=27.038322 eor_before_full_table=absent eor=absent
flap 1 peer 11 rejoin_complete_s=27.055558 eor_before_full_table=absent eor=absent
flap 1 peer 12 rejoin_complete_s=27.058425 eor_before_full_table=absent eor=absent
flap 1 peer 13 rejoin_complete_s=27.074881 eor_before_full_table=absent eor=absent
flap 1 peer 14 rejoin_complete_s=27.080663 eor_before_full_table=absent eor=absent
flap 1 peer 15 rejoin_complete_s=27.097069 eor_before_full_table=absent eor=absent
flap 1 peer 16 rejoin_complete_s=27.116189 eor_before_full_table=absent eor=absent
flap 1 peer 17 rejoin_complete_s=27.126242 eor_before_full_table=absent eor=absent
flap 1 peer 18 rejoin_complete_s=27.121694 eor_before_full_table=absent eor=absent
flap 1 peer 19 rejoin_complete_s=27.118200 eor_before_full_table=absent eor=absent
flap 1 peer 20 rejoin_complete_s=27.117840 eor_before_full_table=absent eor=absent
flap 1 peer 21 rejoin_complete_s=27.117399 eor_before_full_table=absent eor=absent
flap 1 peer 22 rejoin_complete_s=27.116948 eor_before_full_table=absent eor=absent
flap 1 peer 23 rejoin_complete_s=27.120205 eor_before_full_table=absent eor=absent
flap 1 peer 24 rejoin_complete_s=27.119860 eor_before_full_table=absent eor=absent
flap 1 peer 25 rejoin_complete_s=27.119401 eor_before_full_table=absent eor=absent
flap 1 peer 26 rejoin_complete_s=27.122841 eor_before_full_table=absent eor=absent
flap 1 peer 27 rejoin_complete_s=27.122374 eor_before_full_table=absent eor=absent
flap 1 peer 28 rejoin_complete_s=27.122024 eor_before_full_table=absent eor=absent
flap 1 peer 29 rejoin_complete_s=27.121554 eor_before_full_table=absent eor=absent
flap 1 peer 30 rejoin_complete_s=27.128367 eor_before_full_table=absent eor=absent
flap 1 peer 31 rejoin_complete_s=27.128040 eor_before_full_table=absent eor=absent
flap 1 peer 32 rejoin_complete_s=27.127511 eor_before_full_table=absent eor=absent
flap 1 peer 33 rejoin_complete_s=27.127168 eor_before_full_table=absent eor=absent
flap 1 peer 34 rejoin_complete_s=27.126640 eor_before_full_table=absent eor=absent
flap 1 peer 35 rejoin_complete_s=27.126297 eor_before_full_table=absent eor=absent
flap 1 peer 36 rejoin_complete_s=27.137748 eor_before_full_table=absent eor=absent
flap 1 peer 37 rejoin_complete_s=27.141588 eor_before_full_table=absent eor=absent
flap 1 peer 38 rejoin_complete_s=27.136555 eor_before_full_table=absent eor=absent
flap 1 peer 39 rejoin_complete_s=27.136164 eor_before_full_table=absent eor=absent
flap 1 peer 40 rejoin_complete_s=27.131868 eor_before_full_table=absent eor=absent
flap 1 peer 41 rejoin_complete_s=27.127339 eor_before_full_table=absent eor=absent
flap 1 peer 42 rejoin_complete_s=27.122959 eor_before_full_table=absent eor=absent
flap 1 peer 43 rejoin_complete_s=27.118545 eor_before_full_table=absent eor=absent
flap 1 peer 44 rejoin_complete_s=27.114391 eor_before_full_table=absent eor=absent
flap 1 peer 45 rejoin_complete_s=27.114240 eor_before_full_table=absent eor=absent
flap 1 peer 46 rejoin_complete_s=27.109696 eor_before_full_table=absent eor=absent
flap 1 peer 47 rejoin_complete_s=27.105243 eor_before_full_table=absent eor=absent
flap 1 peer 48 rejoin_complete_s=27.101088 eor_before_full_table=absent eor=absent
flap 1 peer 49 rejoin_complete_s=27.145069 eor_before_full_table=absent eor=absent
flap 1 rejoin_complete_s: p50=27.12 p95=27.14 max=27.15 (n=50)
flap 1 reannounce_s: p50=17.75 p95=17.76 max=17.77 (n=650)
flap 1 first_reann_s: p50=0.16 p95=0.16 max=0.16 (n=650)
flap 1 sessions_up 700/700 rss_mib=0
flapstorm_csv,1,700,50,400400,28600,8.452225,8.456795,8.456979,17.752460,17.761610,17.770257,0,700,0
flap 2 close wall_us=1791092316351727
flap 2 withdraw_s: p50=9.33 p95=9.33 max=9.33 (n=650)
flapstorm_failover_csv,2,700,50,28600,0,0,NaN,NaN,0,9.328833,9.332660,9.394622,NaN
flap 2 reconnect transport_retries=0 recovered_peers=0
flap 2 reannounce wall_us=1791092326467188
flap 2 peer 0 rejoin_complete_s=26.755876 eor_before_full_table=absent eor=absent
flap 2 peer 1 rejoin_complete_s=26.755426 eor_before_full_table=absent eor=absent
flap 2 peer 2 rejoin_complete_s=26.755103 eor_before_full_table=absent eor=absent
flap 2 peer 3 rejoin_complete_s=26.773368 eor_before_full_table=absent eor=absent
flap 2 peer 4 rejoin_complete_s=26.776281 eor_before_full_table=absent eor=absent
flap 2 peer 5 rejoin_complete_s=26.778209 eor_before_full_table=absent eor=absent
flap 2 peer 6 rejoin_complete_s=26.777812 eor_before_full_table=absent eor=absent
flap 2 peer 7 rejoin_complete_s=26.777560 eor_before_full_table=absent eor=absent
flap 2 peer 8 rejoin_complete_s=26.781090 eor_before_full_table=absent eor=absent
flap 2 peer 9 rejoin_complete_s=26.800057 eor_before_full_table=absent eor=absent
flap 2 peer 10 rejoin_complete_s=26.811785 eor_before_full_table=absent eor=absent
flap 2 peer 11 rejoin_complete_s=26.816593 eor_before_full_table=absent eor=absent
flap 2 peer 12 rejoin_complete_s=26.819701 eor_before_full_table=absent eor=absent
flap 2 peer 13 rejoin_complete_s=26.826674 eor_before_full_table=absent eor=absent
flap 2 peer 14 rejoin_complete_s=26.837141 eor_before_full_table=absent eor=absent
flap 2 peer 15 rejoin_complete_s=26.840304 eor_before_full_table=absent eor=absent
flap 2 peer 16 rejoin_complete_s=26.854671 eor_before_full_table=absent eor=absent
flap 2 peer 17 rejoin_complete_s=26.861046 eor_before_full_table=absent eor=absent
flap 2 peer 18 rejoin_complete_s=26.856944 eor_before_full_table=absent eor=absent
flap 2 peer 19 rejoin_complete_s=26.853156 eor_before_full_table=absent eor=absent
flap 2 peer 20 rejoin_complete_s=26.852792 eor_before_full_table=absent eor=absent
flap 2 peer 21 rejoin_complete_s=26.856349 eor_before_full_table=absent eor=absent
flap 2 peer 22 rejoin_complete_s=26.855932 eor_before_full_table=absent eor=absent
flap 2 peer 23 rejoin_complete_s=26.855454 eor_before_full_table=absent eor=absent
flap 2 peer 24 rejoin_complete_s=26.855138 eor_before_full_table=absent eor=absent
flap 2 peer 25 rejoin_complete_s=26.858640 eor_before_full_table=absent eor=absent
flap 2 peer 26 rejoin_complete_s=26.858281 eor_before_full_table=absent eor=absent
flap 2 peer 27 rejoin_complete_s=26.857823 eor_before_full_table=absent eor=absent
flap 2 peer 28 rejoin_complete_s=26.857473 eor_before_full_table=absent eor=absent
flap 2 peer 29 rejoin_complete_s=26.861206 eor_before_full_table=absent eor=absent
flap 2 peer 30 rejoin_complete_s=26.860853 eor_before_full_table=absent eor=absent
flap 2 peer 31 rejoin_complete_s=26.860349 eor_before_full_table=absent eor=absent
flap 2 peer 32 rejoin_complete_s=26.860030 eor_before_full_table=absent eor=absent
flap 2 peer 33 rejoin_complete_s=26.859496 eor_before_full_table=absent eor=absent
flap 2 peer 34 rejoin_complete_s=26.859172 eor_before_full_table=absent eor=absent
flap 2 peer 35 rejoin_complete_s=26.866324 eor_before_full_table=absent eor=absent
flap 2 peer 36 rejoin_complete_s=26.865992 eor_before_full_table=absent eor=absent
flap 2 peer 37 rejoin_complete_s=26.865639 eor_before_full_table=absent eor=absent
flap 2 peer 38 rejoin_complete_s=26.865092 eor_before_full_table=absent eor=absent
flap 2 peer 39 rejoin_complete_s=26.864713 eor_before_full_table=absent eor=absent
flap 2 peer 40 rejoin_complete_s=26.864166 eor_before_full_table=absent eor=absent
flap 2 peer 41 rejoin_complete_s=26.863799 eor_before_full_table=absent eor=absent
flap 2 peer 42 rejoin_complete_s=26.871085 eor_before_full_table=absent eor=absent
flap 2 peer 43 rejoin_complete_s=26.874329 eor_before_full_table=absent eor=absent
flap 2 peer 44 rejoin_complete_s=26.873096 eor_before_full_table=absent eor=absent
flap 2 peer 45 rejoin_complete_s=26.872439 eor_before_full_table=absent eor=absent
flap 2 peer 46 rejoin_complete_s=26.867705 eor_before_full_table=absent eor=absent
flap 2 peer 47 rejoin_complete_s=26.863445 eor_before_full_table=absent eor=absent
flap 2 peer 48 rejoin_complete_s=26.859106 eor_before_full_table=absent eor=absent
flap 2 peer 49 rejoin_complete_s=26.920914 eor_before_full_table=absent eor=absent
flap 2 rejoin_complete_s: p50=26.86 p95=26.87 max=26.92 (n=50)
flap 2 reannounce_s: p50=18.06 p95=18.06 max=18.12 (n=650)
flap 2 first_reann_s: p50=0.11 p95=0.11 max=0.11 (n=650)
flap 2 sessions_up 700/700 rss_mib=0
flapstorm_csv,2,700,50,400400,28600,9.328833,9.332480,9.332660,18.060008,18.061337,18.121953,0,700,0
flap 3 close wall_us=1791092363470967
flap 3 withdraw_s: p50=8.93 p95=8.93 max=8.93 (n=650)
flapstorm_failover_csv,3,700,50,28600,0,0,NaN,NaN,0,8.925745,8.930209,8.988386,NaN
flap 3 reconnect transport_retries=0 recovered_peers=0
flap 3 reannounce wall_us=1791092373499473
flap 3 peer 0 rejoin_complete_s=25.401940 eor_before_full_table=absent eor=absent
flap 3 peer 1 rejoin_complete_s=25.404762 eor_before_full_table=absent eor=absent
flap 3 peer 2 rejoin_complete_s=25.397431 eor_before_full_table=absent eor=absent
flap 3 peer 3 rejoin_complete_s=25.404400 eor_before_full_table=absent eor=absent
flap 3 peer 4 rejoin_complete_s=25.404067 eor_before_full_table=absent eor=absent
flap 3 peer 5 rejoin_complete_s=25.418297 eor_before_full_table=absent eor=absent
flap 3 peer 6 rejoin_complete_s=25.421718 eor_before_full_table=absent eor=absent
flap 3 peer 7 rejoin_complete_s=25.417613 eor_before_full_table=absent eor=absent
flap 3 peer 8 rejoin_complete_s=25.417268 eor_before_full_table=absent eor=absent
flap 3 peer 9 rejoin_complete_s=25.420665 eor_before_full_table=absent eor=absent
flap 3 peer 10 rejoin_complete_s=25.420257 eor_before_full_table=absent eor=absent
flap 3 peer 11 rejoin_complete_s=25.428032 eor_before_full_table=absent eor=absent
flap 3 peer 12 rejoin_complete_s=25.431388 eor_before_full_table=absent eor=absent
flap 3 peer 13 rejoin_complete_s=25.430989 eor_before_full_table=absent eor=absent
flap 3 peer 14 rejoin_complete_s=25.434123 eor_before_full_table=absent eor=absent
flap 3 peer 15 rejoin_complete_s=25.437302 eor_before_full_table=absent eor=absent
flap 3 peer 16 rejoin_complete_s=25.436872 eor_before_full_table=absent eor=absent
flap 3 peer 17 rejoin_complete_s=25.436529 eor_before_full_table=absent eor=absent
flap 3 peer 18 rejoin_complete_s=25.436091 eor_before_full_table=absent eor=absent
flap 3 peer 19 rejoin_complete_s=25.435669 eor_before_full_table=absent eor=absent
flap 3 peer 20 rejoin_complete_s=25.435226 eor_before_full_table=absent eor=absent
flap 3 peer 21 rejoin_complete_s=25.442079 eor_before_full_table=absent eor=absent
flap 3 peer 22 rejoin_complete_s=25.441632 eor_before_full_table=absent eor=absent
flap 3 peer 23 rejoin_complete_s=25.441152 eor_before_full_table=absent eor=absent
flap 3 peer 24 rejoin_complete_s=25.440784 eor_before_full_table=absent eor=absent
flap 3 peer 25 rejoin_complete_s=25.443949 eor_before_full_table=absent eor=absent
flap 3 peer 26 rejoin_complete_s=25.443601 eor_before_full_table=absent eor=absent
flap 3 peer 27 rejoin_complete_s=25.443113 eor_before_full_table=absent eor=absent
flap 3 peer 28 rejoin_complete_s=25.442761 eor_before_full_table=absent eor=absent
flap 3 peer 29 rejoin_complete_s=25.442275 eor_before_full_table=absent eor=absent
flap 3 peer 30 rejoin_complete_s=25.441920 eor_before_full_table=absent eor=absent
flap 3 peer 31 rejoin_complete_s=25.448762 eor_before_full_table=absent eor=absent
flap 3 peer 32 rejoin_complete_s=25.448407 eor_before_full_table=absent eor=absent
flap 3 peer 33 rejoin_complete_s=25.447885 eor_before_full_table=absent eor=absent
flap 3 peer 34 rejoin_complete_s=25.447523 eor_before_full_table=absent eor=absent
flap 3 peer 35 rejoin_complete_s=25.450823 eor_before_full_table=absent eor=absent
flap 3 peer 36 rejoin_complete_s=25.450545 eor_before_full_table=absent eor=absent
flap 3 peer 37 rejoin_complete_s=25.449969 eor_before_full_table=absent eor=absent
flap 3 peer 38 rejoin_complete_s=25.449619 eor_before_full_table=absent eor=absent
flap 3 peer 39 rejoin_complete_s=25.449257 eor_before_full_table=absent eor=absent
flap 3 peer 40 rejoin_complete_s=25.448666 eor_before_full_table=absent eor=absent
flap 3 peer 41 rejoin_complete_s=25.448349 eor_before_full_table=absent eor=absent
flap 3 peer 42 rejoin_complete_s=25.447711 eor_before_full_table=absent eor=absent
flap 3 peer 43 rejoin_complete_s=25.451405 eor_before_full_table=absent eor=absent
flap 3 peer 44 rejoin_complete_s=25.451052 eor_before_full_table=absent eor=absent
flap 3 peer 45 rejoin_complete_s=25.450421 eor_before_full_table=absent eor=absent
flap 3 peer 46 rejoin_complete_s=25.537765 eor_before_full_table=absent eor=absent
flap 3 peer 47 rejoin_complete_s=25.537447 eor_before_full_table=absent eor=absent
flap 3 peer 48 rejoin_complete_s=25.536779 eor_before_full_table=absent eor=absent
flap 3 peer 49 rejoin_complete_s=25.536438 eor_before_full_table=absent eor=absent
flap 3 rejoin_complete_s: p50=25.44 p95=25.54 max=25.54 (n=50)
flap 3 reannounce_s: p50=17.85 p95=17.85 max=17.87 (n=650)
flap 3 first_reann_s: p50=0.10 p95=0.10 max=0.10 (n=650)
flap 3 sessions_up 700/700 rss_mib=0
flapstorm_csv,3,700,50,400400,28600,8.925745,8.930029,8.930209,17.846077,17.847426,17.868996,0,700,0
done rss_mib=0
