[2026-09-12T21:34:36Z] reload 1 issued
[2026-09-12T21:34:45Z] reload 1 complete
[2026-09-12T22:04:45Z] reload 2 issued
[2026-09-12T22:04:56Z] reload 2 complete
[2026-09-12T22:34:56Z] reload 3 issued
[2026-09-12T22:35:07Z] reload 3 complete
[2026-09-12T23:05:06Z] reload 4 issued
[2026-09-12T23:05:17Z] reload 4 complete
[2026-09-12T23:35:17Z] reload 5 issued
[2026-09-12T23:35:27Z] reload 5 complete
[2026-09-13T00:05:28Z] reload 6 issued
[2026-09-13T00:05:37Z] reload 6 complete
[2026-09-13T00:35:37Z] reload 7 issued
[2026-09-13T00:35:47Z] reload 7 complete
[2026-09-13T01:05:47Z] reload 8 issued
[2026-09-13T01:05:57Z] reload 8 complete
[2026-09-13T01:35:58Z] trip 1 announce_over
[2026-09-13T01:35:58Z] trip 1 torn_down
[2026-09-13T01:35:58Z] trip 1 exceeded_total=1
[2026-09-13T01:35:58Z] trip 1 countdown_ms=118883 action=restart
[2026-09-13T01:37:57Z] trip 1 reestablished
[2026-09-13T01:37:57Z] trip 1 reannounced
[2026-09-13T01:37:58Z] reload 9 issued
[2026-09-13T01:37:59Z] trip 1 complete usage=400 limit=450 headroom=50
[2026-09-13T01:38:10Z] reload 9 complete
[2026-09-13T02:08:11Z] reload 10 issued
[2026-09-13T02:08:20Z] reload 10 complete
[2026-09-13T02:38:20Z] reload 11 issued
[2026-09-13T02:38:30Z] reload 11 complete
[2026-09-13T03:08:31Z] reload 12 issued
[2026-09-13T03:08:41Z] reload 12 complete
[2026-09-13T03:38:41Z] reload 13 issued
[2026-09-13T03:38:51Z] reload 13 complete
[2026-09-13T04:08:51Z] reload 14 issued
[2026-09-13T04:09:02Z] reload 14 complete
[2026-09-13T04:39:01Z] reload 15 issued
[2026-09-13T04:39:12Z] reload 15 complete
[2026-09-13T05:09:11Z] reload 16 issued
[2026-09-13T05:09:22Z] reload 16 complete
[2026-09-13T05:39:22Z] trip 2 announce_over
[2026-09-13T05:39:22Z] trip 2 torn_down
[2026-09-13T05:39:22Z] trip 2 exceeded_total=2
[2026-09-13T05:39:22Z] trip 2 countdown_ms=119455 action=restart
[2026-09-13T05:41:22Z] trip 2 reestablished
[2026-09-13T05:41:22Z] trip 2 reannounced
[2026-09-13T05:41:22Z] reload 17 issued
[2026-09-13T05:41:22Z] trip 2 complete usage=400 limit=450 headroom=50
[2026-09-13T05:41:34Z] reload 17 complete
[2026-09-13T06:11:35Z] reload 18 issued
[2026-09-13T06:11:44Z] reload 18 complete
[2026-09-13T06:41:44Z] reload 19 issued
[2026-09-13T06:41:54Z] reload 19 complete
[2026-09-13T07:11:55Z] reload 20 issued
[2026-09-13T07:12:04Z] reload 20 complete
[2026-09-13T07:42:04Z] reload 21 issued
[2026-09-13T07:42:15Z] reload 21 complete
[2026-09-13T08:12:14Z] reload 22 issued
[2026-09-13T08:12:25Z] reload 22 complete
[2026-09-13T08:42:25Z] reload 23 issued
[2026-09-13T08:42:35Z] reload 23 complete
[2026-09-13T09:12:35Z] reload 24 issued
[2026-09-13T09:12:45Z] reload 24 complete
[2026-09-13T09:42:46Z] trip 3 announce_over
[2026-09-13T09:42:46Z] trip 3 torn_down
[2026-09-13T09:42:46Z] trip 3 exceeded_total=3
[2026-09-13T09:42:46Z] trip 3 countdown_ms=118817 action=restart
[2026-09-13T09:44:46Z] trip 3 reestablished
[2026-09-13T09:44:46Z] trip 3 reannounced
[2026-09-13T09:44:46Z] trip 3 complete usage=400 limit=450 headroom=50
[2026-09-13T09:44:47Z] reload 25 issued
[2026-09-13T09:44:57Z] reload 25 complete
[2026-09-13T10:14:58Z] reload 26 issued
[2026-09-13T10:15:07Z] reload 26 complete
[2026-09-13T10:45:08Z] reload 27 issued
[2026-09-13T10:45:18Z] reload 27 complete
[2026-09-13T11:15:18Z] reload 28 issued
[2026-09-13T11:15:27Z] reload 28 complete
[2026-09-13T11:45:27Z] reload 29 issued
[2026-09-13T11:45:38Z] reload 29 complete
[2026-09-13T12:15:38Z] reload 30 issued
[2026-09-13T12:15:47Z] reload 30 complete
[2026-09-13T12:45:48Z] reload 31 issued
[2026-09-13T12:45:58Z] reload 31 complete
[2026-09-13T13:15:58Z] reload 32 issued
[2026-09-13T13:16:08Z] reload 32 complete
[2026-09-13T13:46:08Z] trip 4 announce_over
[2026-09-13T13:46:08Z] trip 4 torn_down
[2026-09-13T13:46:08Z] trip 4 exceeded_total=4
[2026-09-13T13:46:08Z] trip 4 countdown_ms=119243 action=restart
[2026-09-13T13:48:08Z] trip 4 reestablished
[2026-09-13T13:48:08Z] trip 4 reannounced
[2026-09-13T13:48:08Z] reload 33 issued
[2026-09-13T13:48:09Z] trip 4 complete usage=400 limit=450 headroom=50
[2026-09-13T13:48:20Z] reload 33 complete
[2026-09-13T14:18:20Z] reload 34 issued
[2026-09-13T14:18:30Z] reload 34 complete
[2026-09-13T14:48:30Z] reload 35 issued
[2026-09-13T14:48:40Z] reload 35 complete
[2026-09-13T15:18:41Z] reload 36 issued
[2026-09-13T15:18:50Z] reload 36 complete
[2026-09-13T15:48:51Z] reload 37 issued
[2026-09-13T15:49:00Z] reload 37 complete
[2026-09-13T16:19:00Z] reload 38 issued
[2026-09-13T16:19:10Z] reload 38 complete
[2026-09-13T16:49:11Z] reload 39 issued
[2026-09-13T16:49:20Z] reload 39 complete
[2026-09-13T17:19:20Z] reload 40 issued
[2026-09-13T17:19:30Z] reload 40 complete
[2026-09-13T17:49:30Z] trip 5 announce_over
[2026-09-13T17:49:30Z] trip 5 torn_down
[2026-09-13T17:49:30Z] trip 5 exceeded_total=5
[2026-09-13T17:49:30Z] trip 5 countdown_ms=119153 action=restart
[2026-09-13T17:51:30Z] trip 5 reestablished
[2026-09-13T17:51:30Z] trip 5 reannounced
[2026-09-13T17:51:30Z] reload 41 issued
[2026-09-13T17:51:31Z] trip 5 complete usage=400 limit=450 headroom=50
[2026-09-13T17:51:43Z] reload 41 complete
[2026-09-13T18:21:43Z] reload 42 issued
[2026-09-13T18:21:52Z] reload 42 complete
[2026-09-13T18:51:52Z] reload 43 issued
[2026-09-13T18:52:02Z] reload 43 complete
[2026-09-13T19:22:02Z] reload 44 issued
[2026-09-13T19:22:12Z] reload 44 complete
[2026-09-13T19:52:12Z] reload 45 issued
[2026-09-13T19:52:22Z] reload 45 complete
[2026-09-13T20:22:22Z] reload 46 issued
[2026-09-13T20:22:31Z] reload 46 complete
[2026-09-13T20:52:31Z] reload 47 issued
[2026-09-13T20:52:42Z] reload 47 complete
[2026-09-13T21:22:42Z] reload 48 issued
[2026-09-13T21:22:52Z] reload 48 complete
[2026-09-13T21:52:52Z] trip 6 announce_over
[2026-09-13T21:52:52Z] trip 6 torn_down
[2026-09-13T21:52:52Z] trip 6 exceeded_total=6
[2026-09-13T21:52:52Z] trip 6 countdown_ms=119651 action=restart
[2026-09-13T21:54:52Z] trip 6 reestablished
[2026-09-13T21:54:52Z] trip 6 reannounced
[2026-09-13T21:54:53Z] trip 6 complete usage=400 limit=450 headroom=50
