# reloadstall peers=1000 changed_peers=1000 stable_peers=0 prefixes=400000 per_peer=400 pid=3810169
established 1000 at 1.7s
establishment transport_retries=0 recovered_peers=0
first_exact_bitmap,mode=reload,peers=1000,total=400000,per_peer=400,expected=399600,completed=1000,min_unique=399600,max_unique=399600
converged (>= 399600/observer) at 13.5s rss_mib=420
control_maxgap_ms: p50=167.52 p95=169.38 max=199.90 (n=1000)
control_rss_mib 521
reloadstall_csv_header,reload,peers_total,peers_changed,peers_stable,prefixes,completion_p50_s,completion_p95_s,completion_max_s,changed_maxgap_p50_ms,changed_maxgap_p95_ms,changed_maxgap_max_ms,all_observer_maxgap_p50_ms,all_observer_maxgap_p95_ms,all_observer_maxgap_max_ms,changed_first_generation_update_p50_ms,changed_first_generation_update_p95_ms,changed_first_generation_update_max_ms,rss_before_mib,rss_after_mib,stable_marker_peers,sessions_up,parse_errors
trip_csv_header,trip,peers_total,teardown_s,withdraw_s,holddown_s,reannounce_s,rss_mib,sessions_up,parse_errors
reload 1 SIGHUP wall_us=1789248876466236 policy=/tmp/rsfs.AiWUHr/gen-b.rpol
reload 1 daemon_applied complete_before=0 complete_after=1
reload 1 completion_s: p50=7.27 p95=8.61 max=8.75 (n=1000)
reload 1 maxgap_ms: p50=1994.71 p95=3705.95 max=5636.57 (n=1000)
reload 1 all_observer_maxgap_ms: p50=2014.89 p95=3705.95 max=5636.57 (n=1000)
reload 1 changed_first_generation_update_ms: p50=4445.55 p95=6561.28 max=8545.12 (n=1000)
reload 1 rss_mib before=550 after=553 comms_sample=[4286056400]
reload 1 sessions_up 1000/1000
reload 1 stable_marker_peers 0/0
reload 1 withdrawals: v4 named 0/0 v6 named 0/0 leaked=0 bystander=0 stable=0 duplicate=0
reloadstall_csv,1,1000,1000,0,400000,7.265399,8.605960,8.754112,1994.707,3705.948,5636.574,2014.894,3705.948,5636.574,4445.553,6561.285,8545.124,550,553,0,1000,0
reload 2 SIGHUP wall_us=1789250685577274 policy=/tmp/rsfs.AiWUHr/gen-a.rpol
reload 2 daemon_applied complete_before=1 complete_after=2
reload 2 completion_s: p50=7.14 p95=8.83 max=9.17 (n=1000)
reload 2 maxgap_ms: p50=2886.58 p95=5404.58 max=5706.24 (n=1000)
reload 2 all_observer_maxgap_ms: p50=2928.50 p95=5404.58 max=5706.24 (n=1000)
reload 2 changed_first_generation_update_ms: p50=5024.53 p95=8467.79 max=8766.62 (n=1000)
reload 2 rss_mib before=514 after=572 comms_sample=[4286055400]
reload 2 sessions_up 1000/1000
reload 2 stable_marker_peers 0/0
reload 2 withdrawals: v4 named 0/0 v6 named 0/0 leaked=0 bystander=0 stable=0 duplicate=0
reloadstall_csv,2,1000,1000,0,400000,7.139522,8.829265,9.173875,2886.582,5404.579,5706.243,2928.496,5404.579,5706.243,5024.531,8467.791,8766.623,514,572,0,1000,0
reload 3 SIGHUP wall_us=1789252496419470 policy=/tmp/rsfs.AiWUHr/gen-b.rpol
reload 3 daemon_applied complete_before=2 complete_after=3
reload 3 completion_s: p50=6.98 p95=8.47 max=9.01 (n=1000)
reload 3 maxgap_ms: p50=2795.55 p95=4922.28 max=5667.68 (n=1000)
reload 3 all_observer_maxgap_ms: p50=2845.38 p95=4922.28 max=5667.68 (n=1000)
reload 3 changed_first_generation_update_ms: p50=4360.09 p95=7751.79 max=8500.28 (n=1000)
reload 3 rss_mib before=556 after=554 comms_sample=[4286056400]
reload 3 sessions_up 1000/1000
reload 3 stable_marker_peers 0/0
reload 3 withdrawals: v4 named 0/0 v6 named 0/0 leaked=0 bystander=0 stable=0 duplicate=0
reloadstall_csv,3,1000,1000,0,400000,6.980497,8.474033,9.008705,2795.550,4922.282,5667.684,2845.375,4922.282,5667.684,4360.093,7751.788,8500.282,556,554,0,1000,0
reload 4 SIGHUP wall_us=1789254306549422 policy=/tmp/rsfs.AiWUHr/gen-a.rpol
reload 4 daemon_applied complete_before=3 complete_after=4
reload 4 completion_s: p50=7.47 p95=9.01 max=9.27 (n=1000)
reload 4 maxgap_ms: p50=2536.62 p95=5133.15 max=5743.71 (n=1000)
reload 4 all_observer_maxgap_ms: p50=2551.05 p95=5133.15 max=5743.71 (n=1000)
reload 4 changed_first_generation_update_ms: p50=4956.10 p95=8458.25 max=9068.85 (n=1000)
reload 4 rss_mib before=535 after=547 comms_sample=[4286055400]
reload 4 sessions_up 1000/1000
reload 4 stable_marker_peers 0/0
reload 4 withdrawals: v4 named 0/0 v6 named 0/0 leaked=0 bystander=0 stable=0 duplicate=0
reloadstall_csv,4,1000,1000,0,400000,7.467824,9.009188,9.274215,2536.616,5133.150,5743.714,2551.049,5133.150,5743.714,4956.100,8458.248,9068.850,535,547,0,1000,0
reload 5 SIGHUP wall_us=1789256116861606 policy=/tmp/rsfs.AiWUHr/gen-b.rpol
reload 5 daemon_applied complete_before=4 complete_after=5
reload 5 completion_s: p50=6.97 p95=8.53 max=9.12 (n=1000)
reload 5 maxgap_ms: p50=2922.10 p95=5112.19 max=5778.59 (n=1000)
reload 5 all_observer_maxgap_ms: p50=2973.03 p95=5112.19 max=5778.59 (n=1000)
reload 5 changed_first_generation_update_ms: p50=4461.32 p95=7929.72 max=8597.06 (n=1000)
reload 5 rss_mib before=516 after=521 comms_sample=[4286056400]
reload 5 sessions_up 1000/1000
reload 5 stable_marker_peers 0/0
reload 5 withdrawals: v4 named 0/0 v6 named 0/0 leaked=0 bystander=0 stable=0 duplicate=0
reloadstall_csv,5,1000,1000,0,400000,6.965810,8.526041,9.121907,2922.100,5112.191,5778.588,2973.034,5112.191,5778.588,4461.324,7929.722,8597.060,516,521,0,1000,0
reload 6 SIGHUP wall_us=1789257927154096 policy=/tmp/rsfs.AiWUHr/gen-a.rpol
reload 6 daemon_applied complete_before=5 complete_after=6
reload 6 completion_s: p50=6.90 p95=8.45 max=8.76 (n=1000)
reload 6 maxgap_ms: p50=2547.04 p95=5132.79 max=5706.99 (n=1000)
reload 6 all_observer_maxgap_ms: p50=2547.04 p95=5132.79 max=5706.99 (n=1000)
reload 6 changed_first_generation_update_ms: p50=4399.32 p95=7972.78 max=8542.06 (n=1000)
reload 6 rss_mib before=523 after=514 comms_sample=[4286055400]
reload 6 sessions_up 1000/1000
reload 6 stable_marker_peers 0/0
reload 6 withdrawals: v4 named 0/0 v6 named 0/0 leaked=0 bystander=0 stable=0 duplicate=0
reloadstall_csv,6,1000,1000,0,400000,6.899363,8.448386,8.757812,2547.040,5132.791,5706.989,2547.040,5132.791,5706.989,4399.319,7972.777,8542.057,523,514,0,1000,0
reload 7 SIGHUP wall_us=1789259737153886 policy=/tmp/rsfs.AiWUHr/gen-b.rpol
reload 7 daemon_applied complete_before=6 complete_after=7
reload 7 completion_s: p50=7.22 p95=8.57 max=8.81 (n=1000)
reload 7 maxgap_ms: p50=2558.71 p95=4726.93 max=5607.54 (n=1000)
reload 7 all_observer_maxgap_ms: p50=2569.00 p95=4726.93 max=5607.54 (n=1000)
reload 7 changed_first_generation_update_ms: p50=4487.75 p95=7753.94 max=8630.04 (n=1000)
reload 7 rss_mib before=554 after=572 comms_sample=[4286056400]
reload 7 sessions_up 1000/1000
reload 7 stable_marker_peers 0/0
reload 7 withdrawals: v4 named 0/0 v6 named 0/0 leaked=0 bystander=0 stable=0 duplicate=0
reloadstall_csv,7,1000,1000,0,400000,7.222139,8.572675,8.805534,2558.707,4726.934,5607.536,2569.000,4726.934,5607.536,4487.754,7753.939,8630.039,554,572,0,1000,0
reload 8 SIGHUP wall_us=1789261547153884 policy=/tmp/rsfs.AiWUHr/gen-a.rpol
reload 8 daemon_applied complete_before=7 complete_after=8
reload 8 completion_s: p50=7.58 p95=8.79 max=9.47 (n=1000)
reload 8 maxgap_ms: p50=2328.85 p95=4461.62 max=5604.71 (n=1000)
reload 8 all_observer_maxgap_ms: p50=2355.62 p95=4461.62 max=5604.71 (n=1000)
reload 8 changed_first_generation_update_ms: p50=4774.45 p95=7721.29 max=8865.13 (n=1000)
reload 8 rss_mib before=512 after=540 comms_sample=[4286055400]
reload 8 sessions_up 1000/1000
reload 8 stable_marker_peers 0/0
reload 8 withdrawals: v4 named 0/0 v6 named 0/0 leaked=0 bystander=0 stable=0 duplicate=0
reloadstall_csv,8,1000,1000,0,400000,7.578612,8.793684,9.473817,2328.853,4461.623,5604.707,2355.616,4461.623,5604.707,4774.446,7721.288,8865.132,512,540,0,1000,0
trip 1 announce_over wall_us=1789263357562314 member=0 prefixes=64
trip 1 torn_down wall_us=1789263357613726 after_s=0.051
trip 1 reconnect transport_retries=0 recovered_peers=0
trip 1 reestablished wall_us=1789263477737681 holddown_s=120.124
trip 1 reannounced wall_us=1789263477737780
trip_csv,1,1000,0.051,0.000,120.124,0.026,557,1000,0
trip 1 complete wall_us=1789263477839241 rss_mib=557
reload 9 SIGHUP wall_us=1789263478017351 policy=/tmp/rsfs.AiWUHr/gen-b.rpol
reload 9 daemon_applied complete_before=8 complete_after=9
reload 9 completion_s: p50=8.83 p95=10.40 max=11.03 (n=1000)
reload 9 maxgap_ms: p50=2635.34 p95=4491.14 max=5811.47 (n=1000)
reload 9 all_observer_maxgap_ms: p50=2646.83 p95=4491.14 max=5811.47 (n=1000)
reload 9 changed_first_generation_update_ms: p50=6231.78 p95=9160.89 max=10484.23 (n=1000)
reload 9 rss_mib before=592 after=553 comms_sample=[4286056400]
reload 9 sessions_up 1000/1000
reload 9 stable_marker_peers 0/0
reload 9 withdrawals: v4 named 0/0 v6 named 0/0 leaked=0 bystander=0 stable=0 duplicate=0
reloadstall_csv,9,1000,1000,0,400000,8.833172,10.402389,11.026611,2635.341,4491.142,5811.469,2646.833,4491.142,5811.469,6231.777,9160.889,10484.234,592,553,0,1000,0
reload 10 SIGHUP wall_us=1789265290469212 policy=/tmp/rsfs.AiWUHr/gen-a.rpol
reload 10 daemon_applied complete_before=9 complete_after=10
reload 10 completion_s: p50=6.92 p95=8.50 max=8.65 (n=1000)
reload 10 maxgap_ms: p50=2730.24 p95=4985.26 max=5792.18 (n=1000)
reload 10 all_observer_maxgap_ms: p50=2730.24 p95=4985.26 max=5792.18 (n=1000)
reload 10 changed_first_generation_update_ms: p50=4275.61 p95=7740.01 max=8544.66 (n=1000)
reload 10 rss_mib before=557 after=534 comms_sample=[4286055400]
reload 10 sessions_up 1000/1000
reload 10 stable_marker_peers 0/0
reload 10 withdrawals: v4 named 0/0 v6 named 0/0 leaked=0 bystander=0 stable=0 duplicate=0
reloadstall_csv,10,1000,1000,0,400000,6.920293,8.501221,8.650290,2730.236,4985.255,5792.183,2730.236,4985.255,5792.183,4275.609,7740.014,8544.664,557,534,0,1000,0
reload 11 SIGHUP wall_us=1789267100210990 policy=/tmp/rsfs.AiWUHr/gen-b.rpol
reload 11 daemon_applied complete_before=10 complete_after=11
reload 11 completion_s: p50=7.26 p95=8.71 max=8.83 (n=1000)
reload 11 maxgap_ms: p50=2673.02 p95=4176.42 max=5720.96 (n=1000)
reload 11 all_observer_maxgap_ms: p50=2673.02 p95=4176.42 max=5720.96 (n=1000)
reload 11 changed_first_generation_update_ms: p50=4643.79 p95=7134.92 max=8767.52 (n=1000)
reload 11 rss_mib before=554 after=541 comms_sample=[4286056400]
reload 11 sessions_up 1000/1000
reload 11 stable_marker_peers 0/0
reload 11 withdrawals: v4 named 0/0 v6 named 0/0 leaked=0 bystander=0 stable=0 duplicate=0
reloadstall_csv,11,1000,1000,0,400000,7.264628,8.707276,8.833156,2673.024,4176.418,5720.960,2673.024,4176.418,5720.960,4643.786,7134.920,8767.525,554,541,0,1000,0
reload 12 SIGHUP wall_us=1789268910257689 policy=/tmp/rsfs.AiWUHr/gen-a.rpol
reload 12 daemon_applied complete_before=11 complete_after=12
reload 12 completion_s: p50=7.50 p95=9.04 max=9.28 (n=1000)
reload 12 maxgap_ms: p50=2733.44 p95=4308.11 max=5729.19 (n=1000)
reload 12 all_observer_maxgap_ms: p50=2827.65 p95=4308.11 max=5729.19 (n=1000)
reload 12 changed_first_generation_update_ms: p50=4892.58 p95=7555.46 max=9012.51 (n=1000)
reload 12 rss_mib before=524 after=564 comms_sample=[4286055400]
reload 12 sessions_up 1000/1000
reload 12 stable_marker_peers 0/0
reload 12 withdrawals: v4 named 0/0 v6 named 0/0 leaked=0 bystander=0 stable=0 duplicate=0
reloadstall_csv,12,1000,1000,0,400000,7.498523,9.035131,9.278725,2733.437,4308.110,5729.192,2827.653,4308.110,5729.192,4892.579,7555.458,9012.515,524,564,0,1000,0
reload 13 SIGHUP wall_us=1789270720624358 policy=/tmp/rsfs.AiWUHr/gen-b.rpol
reload 13 daemon_applied complete_before=12 complete_after=13
reload 13 completion_s: p50=7.27 p95=8.68 max=9.26 (n=1000)
reload 13 maxgap_ms: p50=2857.42 p95=4847.41 max=5809.25 (n=1000)
reload 13 all_observer_maxgap_ms: p50=2868.75 p95=4847.41 max=5809.25 (n=1000)
reload 13 changed_first_generation_update_ms: p50=4446.94 p95=7775.81 max=8737.94 (n=1000)
reload 13 rss_mib before=496 after=543 comms_sample=[4286056400]
reload 13 sessions_up 1000/1000
reload 13 stable_marker_peers 0/0
reload 13 withdrawals: v4 named 0/0 v6 named 0/0 leaked=0 bystander=0 stable=0 duplicate=0
reloadstall_csv,13,1000,1000,0,400000,7.270876,8.682958,9.261940,2857.419,4847.409,5809.253,2868.753,4847.409,5809.253,4446.937,7775.814,8737.940,496,543,0,1000,0
reload 14 SIGHUP wall_us=1789272531136644 policy=/tmp/rsfs.AiWUHr/gen-a.rpol
reload 14 daemon_applied complete_before=13 complete_after=14
reload 14 completion_s: p50=7.37 p95=8.93 max=9.32 (n=1000)
reload 14 maxgap_ms: p50=2690.28 p95=4931.49 max=5801.72 (n=1000)
reload 14 all_observer_maxgap_ms: p50=2690.28 p95=4931.49 max=5801.72 (n=1000)
reload 14 changed_first_generation_update_ms: p50=4697.66 p95=8119.61 max=8985.23 (n=1000)
reload 14 rss_mib before=554 after=531 comms_sample=[4286055400]
reload 14 sessions_up 1000/1000
reload 14 stable_marker_peers 0/0
reload 14 withdrawals: v4 named 0/0 v6 named 0/0 leaked=0 bystander=0 stable=0 duplicate=0
reloadstall_csv,14,1000,1000,0,400000,7.367732,8.927670,9.324188,2690.280,4931.491,5801.721,2690.280,4931.491,5801.721,4697.661,8119.612,8985.232,554,531,0,1000,0
reload 15 SIGHUP wall_us=1789274341662564 policy=/tmp/rsfs.AiWUHr/gen-b.rpol
reload 15 daemon_applied complete_before=14 complete_after=15
reload 15 completion_s: p50=7.11 p95=8.62 max=9.03 (n=1000)
reload 15 maxgap_ms: p50=2637.21 p95=4698.60 max=5659.94 (n=1000)
reload 15 all_observer_maxgap_ms: p50=2642.58 p95=4698.60 max=5659.94 (n=1000)
reload 15 changed_first_generation_update_ms: p50=4525.86 p95=7675.42 max=8638.10 (n=1000)
reload 15 rss_mib before=533 after=565 comms_sample=[4286056400]
reload 15 sessions_up 1000/1000
reload 15 stable_marker_peers 0/0
reload 15 withdrawals: v4 named 0/0 v6 named 0/0 leaked=0 bystander=0 stable=0 duplicate=0
reloadstall_csv,15,1000,1000,0,400000,7.110466,8.619077,9.025152,2637.214,4698.597,5659.941,2642.584,4698.597,5659.941,4525.862,7675.419,8638.105,533,565,0,1000,0
reload 16 SIGHUP wall_us=1789276151756669 policy=/tmp/rsfs.AiWUHr/gen-a.rpol
reload 16 daemon_applied complete_before=15 complete_after=16
reload 16 completion_s: p50=7.75 p95=8.94 max=9.19 (n=1000)
reload 16 maxgap_ms: p50=2878.42 p95=5009.09 max=5745.44 (n=1000)
reload 16 all_observer_maxgap_ms: p50=2890.60 p95=5009.09 max=5745.44 (n=1000)
reload 16 changed_first_generation_update_ms: p50=4797.70 p95=8254.32 max=8995.66 (n=1000)
reload 16 rss_mib before=559 after=563 comms_sample=[4286055400]
reload 16 sessions_up 1000/1000
reload 16 stable_marker_peers 0/0
reload 16 withdrawals: v4 named 0/0 v6 named 0/0 leaked=0 bystander=0 stable=0 duplicate=0
reloadstall_csv,16,1000,1000,0,400000,7.751399,8.939298,9.185672,2878.417,5009.088,5745.443,2890.604,5009.088,5745.443,4797.696,8254.323,8995.658,559,563,0,1000,0
trip 2 announce_over wall_us=1789277961902281 member=0 prefixes=64
trip 2 torn_down wall_us=1789277961953951 after_s=0.052
trip 2 reconnect transport_retries=0 recovered_peers=0
trip 2 reestablished wall_us=1789278082077352 holddown_s=120.123
trip 2 reannounced wall_us=1789278082077423
trip_csv,2,1000,0.052,0.000,120.123,0.087,546,1000,0
trip 2 complete wall_us=1789278082179902 rss_mib=546
reload 17 SIGHUP wall_us=1789278082380953 policy=/tmp/rsfs.AiWUHr/gen-b.rpol
reload 17 daemon_applied complete_before=16 complete_after=17
reload 17 completion_s: p50=8.94 p95=10.54 max=10.72 (n=1000)
reload 17 maxgap_ms: p50=2724.69 p95=5105.77 max=5775.75 (n=1000)
reload 17 all_observer_maxgap_ms: p50=2724.69 p95=5105.77 max=5775.75 (n=1000)
reload 17 changed_first_generation_update_ms: p50=6627.80 p95=9957.07 max=10627.21 (n=1000)
reload 17 rss_mib before=590 after=520 comms_sample=[4286056400]
reload 17 sessions_up 1000/1000
reload 17 stable_marker_peers 0/0
reload 17 withdrawals: v4 named 0/0 v6 named 0/0 leaked=0 bystander=0 stable=0 duplicate=0
reloadstall_csv,17,1000,1000,0,400000,8.943733,10.541325,10.720200,2724.686,5105.771,5775.748,2724.686,5105.771,5775.748,6627.796,9957.070,10627.210,590,520,0,1000,0
reload 18 SIGHUP wall_us=1789279894384740 policy=/tmp/rsfs.AiWUHr/gen-a.rpol
reload 18 daemon_applied complete_before=17 complete_after=18
reload 18 completion_s: p50=7.16 p95=8.51 max=8.76 (n=1000)
reload 18 maxgap_ms: p50=2745.63 p95=5126.23 max=5559.33 (n=1000)
reload 18 all_observer_maxgap_ms: p50=2936.60 p95=5126.23 max=5559.33 (n=1000)
reload 18 changed_first_generation_update_ms: p50=4617.47 p95=8118.17 max=8548.79 (n=1000)
reload 18 rss_mib before=553 after=505 comms_sample=[4286055400]
reload 18 sessions_up 1000/1000
reload 18 stable_marker_peers 0/0
reload 18 withdrawals: v4 named 0/0 v6 named 0/0 leaked=0 bystander=0 stable=0 duplicate=0
reloadstall_csv,18,1000,1000,0,400000,7.158865,8.510720,8.760929,2745.631,5126.226,5559.327,2936.597,5126.226,5559.327,4617.467,8118.166,8548.794,553,505,0,1000,0
reload 19 SIGHUP wall_us=1789281704284156 policy=/tmp/rsfs.AiWUHr/gen-b.rpol
reload 19 daemon_applied complete_before=18 complete_after=19
reload 19 completion_s: p50=7.06 p95=8.60 max=9.06 (n=1000)
reload 19 maxgap_ms: p50=2647.75 p95=4933.40 max=5660.81 (n=1000)
reload 19 all_observer_maxgap_ms: p50=2710.93 p95=4933.40 max=5660.81 (n=1000)
reload 19 changed_first_generation_update_ms: p50=4553.70 p95=7897.73 max=8625.26 (n=1000)
reload 19 rss_mib before=553 after=559 comms_sample=[4286056400]
reload 19 sessions_up 1000/1000
reload 19 stable_marker_peers 0/0
reload 19 withdrawals: v4 named 0/0 v6 named 0/0 leaked=0 bystander=0 stable=0 duplicate=0
reloadstall_csv,19,1000,1000,0,400000,7.063132,8.602181,9.055003,2647.748,4933.402,5660.808,2710.930,4933.402,5660.808,4553.698,7897.734,8625.256,553,559,0,1000,0
reload 20 SIGHUP wall_us=1789283514533572 policy=/tmp/rsfs.AiWUHr/gen-a.rpol
reload 20 daemon_applied complete_before=19 complete_after=20
reload 20 completion_s: p50=6.94 p95=8.32 max=8.90 (n=1000)
reload 20 maxgap_ms: p50=2460.14 p95=4829.23 max=5435.69 (n=1000)
reload 20 all_observer_maxgap_ms: p50=2618.05 p95=4829.23 max=5435.69 (n=1000)
reload 20 changed_first_generation_update_ms: p50=4328.48 p95=7752.76 max=8354.30 (n=1000)
reload 20 rss_mib before=579 after=517 comms_sample=[4286055400]
reload 20 sessions_up 1000/1000
reload 20 stable_marker_peers 0/0
reload 20 withdrawals: v4 named 0/0 v6 named 0/0 leaked=0 bystander=0 stable=0 duplicate=0
reloadstall_csv,20,1000,1000,0,400000,6.944467,8.319125,8.897718,2460.141,4829.225,5435.692,2618.054,4829.225,5435.692,4328.480,7752.760,8354.298,579,517,0,1000,0
reload 21 SIGHUP wall_us=1789285324736667 policy=/tmp/rsfs.AiWUHr/gen-b.rpol
reload 21 daemon_applied complete_before=20 complete_after=21
reload 21 completion_s: p50=6.91 p95=8.65 max=8.78 (n=1000)
reload 21 maxgap_ms: p50=2836.31 p95=5334.41 max=5768.40 (n=1000)
reload 21 all_observer_maxgap_ms: p50=2958.30 p95=5334.41 max=5768.40 (n=1000)
reload 21 changed_first_generation_update_ms: p50=4472.44 p95=8284.78 max=8722.73 (n=1000)
reload 21 rss_mib before=522 after=539 comms_sample=[4286056400]
reload 21 sessions_up 1000/1000
reload 21 stable_marker_peers 0/0
reload 21 withdrawals: v4 named 0/0 v6 named 0/0 leaked=0 bystander=0 stable=0 duplicate=0
reloadstall_csv,21,1000,1000,0,400000,6.910161,8.645246,8.778241,2836.312,5334.413,5768.402,2958.304,5334.413,5768.402,4472.437,8284.779,8722.728,522,539,0,1000,0
reload 22 SIGHUP wall_us=1789287134644037 policy=/tmp/rsfs.AiWUHr/gen-a.rpol
reload 22 daemon_applied complete_before=21 complete_after=22
reload 22 completion_s: p50=7.24 p95=8.50 max=8.82 (n=1000)
reload 22 maxgap_ms: p50=2484.08 p95=4727.31 max=5613.29 (n=1000)
reload 22 all_observer_maxgap_ms: p50=2515.94 p95=4727.31 max=5613.29 (n=1000)
reload 22 changed_first_generation_update_ms: p50=4483.86 p95=7673.08 max=8563.81 (n=1000)
reload 22 rss_mib before=502 after=526 comms_sample=[4286055400]
reload 22 sessions_up 1000/1000
reload 22 stable_marker_peers 0/0
reload 22 withdrawals: v4 named 0/0 v6 named 0/0 leaked=0 bystander=0 stable=0 duplicate=0
reloadstall_csv,22,1000,1000,0,400000,7.240780,8.498863,8.820270,2484.076,4727.307,5613.293,2515.936,4727.307,5613.293,4483.864,7673.076,8563.809,502,526,0,1000,0
reload 23 SIGHUP wall_us=1789288944563745 policy=/tmp/rsfs.AiWUHr/gen-b.rpol
reload 23 daemon_applied complete_before=22 complete_after=23
reload 23 completion_s: p50=7.10 p95=8.49 max=9.12 (n=1000)
reload 23 maxgap_ms: p50=2532.56 p95=4990.16 max=5493.24 (n=1000)
reload 23 all_observer_maxgap_ms: p50=2633.39 p95=4990.16 max=5493.24 (n=1000)
reload 23 changed_first_generation_update_ms: p50=4609.06 p95=8028.35 max=8536.55 (n=1000)
reload 23 rss_mib before=535 after=545 comms_sample=[4286056400]
reload 23 sessions_up 1000/1000
reload 23 stable_marker_peers 0/0
reload 23 withdrawals: v4 named 0/0 v6 named 0/0 leaked=0 bystander=0 stable=0 duplicate=0
reloadstall_csv,23,1000,1000,0,400000,7.096840,8.492200,9.122512,2532.556,4990.164,5493.241,2633.389,4990.164,5493.241,4609.063,8028.349,8536.545,535,545,0,1000,0
reload 24 SIGHUP wall_us=1789290755086025 policy=/tmp/rsfs.AiWUHr/gen-a.rpol
reload 24 daemon_applied complete_before=23 complete_after=24
reload 24 completion_s: p50=7.46 p95=8.96 max=9.08 (n=1000)
reload 24 maxgap_ms: p50=2576.16 p95=4709.55 max=5620.08 (n=1000)
reload 24 all_observer_maxgap_ms: p50=2612.18 p95=4709.55 max=5620.08 (n=1000)
reload 24 changed_first_generation_update_ms: p50=4969.59 p95=8127.43 max=9030.93 (n=1000)
reload 24 rss_mib before=542 after=528 comms_sample=[4286055400]
reload 24 sessions_up 1000/1000
reload 24 stable_marker_peers 0/0
reload 24 withdrawals: v4 named 0/0 v6 named 0/0 leaked=0 bystander=0 stable=0 duplicate=0
reloadstall_csv,24,1000,1000,0,400000,7.456457,8.957263,9.076209,2576.164,4709.545,5620.082,2612.181,4709.545,5620.082,4969.588,8127.427,9030.931,542,528,0,1000,0
trip 3 announce_over wall_us=1789292565273319 member=0 prefixes=64
trip 3 torn_down wall_us=1789292565324460 after_s=0.051
trip 3 reconnect transport_retries=0 recovered_peers=0
trip 3 reestablished wall_us=1789292685447532 holddown_s=120.123
trip 3 reannounced wall_us=1789292685447608
trip_csv,3,1000,0.051,0.061,120.123,0.887,575,1000,0
trip 3 complete wall_us=1789292686358944 rss_mib=575
reload 25 SIGHUP wall_us=1789292686584193 policy=/tmp/rsfs.AiWUHr/gen-b.rpol
reload 25 daemon_applied complete_before=24 complete_after=25
reload 25 completion_s: p50=8.08 p95=9.36 max=9.88 (n=1000)
reload 25 maxgap_ms: p50=2708.84 p95=4554.21 max=5631.27 (n=1000)
reload 25 all_observer_maxgap_ms: p50=2708.84 p95=4554.21 max=5631.27 (n=1000)
reload 25 changed_first_generation_update_ms: p50=5341.49 p95=8395.96 max=9478.93 (n=1000)
reload 25 rss_mib before=601 after=534 comms_sample=[4286056400]
reload 25 sessions_up 1000/1000
reload 25 stable_marker_peers 0/0
reload 25 withdrawals: v4 named 0/0 v6 named 0/0 leaked=0 bystander=0 stable=0 duplicate=0
reloadstall_csv,25,1000,1000,0,400000,8.084101,9.364798,9.883569,2708.845,4554.211,5631.275,2708.845,4554.211,5631.275,5341.490,8395.963,9478.927,601,534,0,1000,0
reload 26 SIGHUP wall_us=1789294497732918 policy=/tmp/rsfs.AiWUHr/gen-a.rpol
reload 26 daemon_applied complete_before=25 complete_after=26
reload 26 completion_s: p50=7.08 p95=8.54 max=8.69 (n=1000)
reload 26 maxgap_ms: p50=2582.46 p95=5040.43 max=5580.84 (n=1000)
reload 26 all_observer_maxgap_ms: p50=2586.28 p95=5040.43 max=5580.84 (n=1000)
reload 26 changed_first_generation_update_ms: p50=4688.69 p95=8089.40 max=8633.58 (n=1000)
reload 26 rss_mib before=513 after=555 comms_sample=[4286055400]
reload 26 sessions_up 1000/1000
reload 26 stable_marker_peers 0/0
reload 26 withdrawals: v4 named 0/0 v6 named 0/0 leaked=0 bystander=0 stable=0 duplicate=0
reloadstall_csv,26,1000,1000,0,400000,7.075167,8.542944,8.689829,2582.460,5040.434,5580.835,2586.284,5040.434,5580.835,4688.692,8089.395,8633.576,513,555,0,1000,0
reload 27 SIGHUP wall_us=1789296307499248 policy=/tmp/rsfs.AiWUHr/gen-b.rpol
reload 27 daemon_applied complete_before=26 complete_after=27
reload 27 completion_s: p50=7.24 p95=8.57 max=9.01 (n=1000)
reload 27 maxgap_ms: p50=2507.84 p95=4970.72 max=5550.82 (n=1000)
reload 27 all_observer_maxgap_ms: p50=2522.07 p95=4970.72 max=5550.82 (n=1000)
reload 27 changed_first_generation_update_ms: p50=4543.48 p95=8015.81 max=8593.45 (n=1000)
reload 27 rss_mib before=580 after=568 comms_sample=[4286056400]
reload 27 sessions_up 1000/1000
reload 27 stable_marker_peers 0/0
reload 27 withdrawals: v4 named 0/0 v6 named 0/0 leaked=0 bystander=0 stable=0 duplicate=0
reloadstall_csv,27,1000,1000,0,400000,7.238100,8.574396,9.013777,2507.836,4970.721,5550.817,2522.065,4970.721,5550.817,4543.485,8015.805,8593.454,580,568,0,1000,0
reload 28 SIGHUP wall_us=1789298117622580 policy=/tmp/rsfs.AiWUHr/gen-a.rpol
reload 28 daemon_applied complete_before=27 complete_after=28
reload 28 completion_s: p50=6.94 p95=8.34 max=8.94 (n=1000)
reload 28 maxgap_ms: p50=2306.57 p95=4507.48 max=5439.91 (n=1000)
reload 28 all_observer_maxgap_ms: p50=2539.84 p95=4507.48 max=5439.91 (n=1000)
reload 28 changed_first_generation_update_ms: p50=4489.11 p95=7475.31 max=8403.40 (n=1000)
reload 28 rss_mib before=534 after=526 comms_sample=[4286055400]
reload 28 sessions_up 1000/1000
reload 28 stable_marker_peers 0/0
reload 28 withdrawals: v4 named 0/0 v6 named 0/0 leaked=0 bystander=0 stable=0 duplicate=0
reloadstall_csv,28,1000,1000,0,400000,6.939566,8.340317,8.943722,2306.569,4507.477,5439.914,2539.835,4507.477,5439.914,4489.111,7475.307,8403.396,534,526,0,1000,0
reload 29 SIGHUP wall_us=1789299927644712 policy=/tmp/rsfs.AiWUHr/gen-b.rpol
reload 29 daemon_applied complete_before=28 complete_after=29
reload 29 completion_s: p50=6.82 p95=8.43 max=9.09 (n=1000)
reload 29 maxgap_ms: p50=2391.59 p95=4775.83 max=5580.40 (n=1000)
reload 29 all_observer_maxgap_ms: p50=2391.59 p95=4775.83 max=5580.40 (n=1000)
reload 29 changed_first_generation_update_ms: p50=4492.44 p95=7706.84 max=8510.88 (n=1000)
reload 29 rss_mib before=541 after=588 comms_sample=[4286056400]
reload 29 sessions_up 1000/1000
reload 29 stable_marker_peers 0/0
reload 29 withdrawals: v4 named 0/0 v6 named 0/0 leaked=0 bystander=0 stable=0 duplicate=0
reloadstall_csv,29,1000,1000,0,400000,6.818773,8.433148,9.085929,2391.591,4775.828,5580.397,2391.591,4775.828,5580.397,4492.440,7706.844,8510.877,541,588,0,1000,0
reload 30 SIGHUP wall_us=1789301737773921 policy=/tmp/rsfs.AiWUHr/gen-a.rpol
reload 30 daemon_applied complete_before=29 complete_after=30
reload 30 completion_s: p50=7.00 p95=8.52 max=8.69 (n=1000)
reload 30 maxgap_ms: p50=2597.82 p95=4242.69 max=5541.13 (n=1000)
reload 30 all_observer_maxgap_ms: p50=2597.82 p95=4242.69 max=5541.13 (n=1000)
reload 30 changed_first_generation_update_ms: p50=4566.59 p95=7257.06 max=8548.85 (n=1000)
reload 30 rss_mib before=523 after=524 comms_sample=[4286055400]
reload 30 sessions_up 1000/1000
reload 30 stable_marker_peers 0/0
reload 30 withdrawals: v4 named 0/0 v6 named 0/0 leaked=0 bystander=0 stable=0 duplicate=0
reloadstall_csv,30,1000,1000,0,400000,6.998132,8.523502,8.692786,2597.823,4242.695,5541.126,2597.823,4242.695,5541.126,4566.594,7257.056,8548.853,523,524,0,1000,0
reload 31 SIGHUP wall_us=1789303547607998 policy=/tmp/rsfs.AiWUHr/gen-b.rpol
reload 31 daemon_applied complete_before=30 complete_after=31
reload 31 completion_s: p50=6.97 p95=8.46 max=9.10 (n=1000)
reload 31 maxgap_ms: p50=2417.28 p95=4769.53 max=5496.67 (n=1000)
reload 31 all_observer_maxgap_ms: p50=2570.21 p95=4769.53 max=5496.67 (n=1000)
reload 31 changed_first_generation_update_ms: p50=4602.64 p95=7804.68 max=8530.32 (n=1000)
reload 31 rss_mib before=573 after=586 comms_sample=[4286056400]
reload 31 sessions_up 1000/1000
reload 31 stable_marker_peers 0/0
reload 31 withdrawals: v4 named 0/0 v6 named 0/0 leaked=0 bystander=0 stable=0 duplicate=0
reloadstall_csv,31,1000,1000,0,400000,6.969420,8.457916,9.098999,2417.281,4769.528,5496.671,2570.206,4769.528,5496.671,4602.641,7804.682,8530.323,573,586,0,1000,0
reload 32 SIGHUP wall_us=1789305357890409 policy=/tmp/rsfs.AiWUHr/gen-a.rpol
reload 32 daemon_applied complete_before=31 complete_after=32
reload 32 completion_s: p50=7.40 p95=8.91 max=9.40 (n=1000)
reload 32 maxgap_ms: p50=2625.76 p95=5007.43 max=5468.69 (n=1000)
reload 32 all_observer_maxgap_ms: p50=2637.90 p95=5007.43 max=5468.69 (n=1000)
reload 32 changed_first_generation_update_ms: p50=4950.32 p95=8489.24 max=8949.82 (n=1000)
reload 32 rss_mib before=493 after=513 comms_sample=[4286055400]
reload 32 sessions_up 1000/1000
reload 32 stable_marker_peers 0/0
reload 32 withdrawals: v4 named 0/0 v6 named 0/0 leaked=0 bystander=0 stable=0 duplicate=0
reloadstall_csv,32,1000,1000,0,400000,7.401385,8.910212,9.395204,2625.763,5007.428,5468.690,2637.899,5007.428,5468.690,4950.322,8489.238,8949.816,493,513,0,1000,0
trip 4 announce_over wall_us=1789307168154394 member=0 prefixes=64
trip 4 torn_down wall_us=1789307168205484 after_s=0.051
trip 4 reconnect transport_retries=0 recovered_peers=0
trip 4 reestablished wall_us=1789307288340009 holddown_s=120.135
trip 4 reannounced wall_us=1789307288340087
trip_csv,4,1000,0.051,0.029,120.135,0.025,539,1000,0
trip 4 complete wall_us=1789307288441137 rss_mib=539
reload 33 SIGHUP wall_us=1789307288635895 policy=/tmp/rsfs.AiWUHr/gen-b.rpol
reload 33 daemon_applied complete_before=32 complete_after=33
reload 33 completion_s: p50=7.80 p95=9.26 max=9.95 (n=1000)
reload 33 maxgap_ms: p50=2462.54 p95=4643.61 max=5299.74 (n=1000)
reload 33 all_observer_maxgap_ms: p50=2475.10 p95=4643.61 max=5299.74 (n=1000)
reload 33 changed_first_generation_update_ms: p50=5526.05 p95=8619.86 max=9278.84 (n=1000)
reload 33 rss_mib before=570 after=512 comms_sample=[4286056400]
reload 33 sessions_up 1000/1000
reload 33 stable_marker_peers 0/0
reload 33 withdrawals: v4 named 0/0 v6 named 0/0 leaked=0 bystander=0 stable=0 duplicate=0
reloadstall_csv,33,1000,1000,0,400000,7.801407,9.262578,9.948327,2462.544,4643.608,5299.737,2475.100,4643.608,5299.737,5526.049,8619.862,9278.837,570,512,0,1000,0
reload 34 SIGHUP wall_us=1789309099702115 policy=/tmp/rsfs.AiWUHr/gen-a.rpol
reload 34 daemon_applied complete_before=33 complete_after=34
reload 34 completion_s: p50=6.99 p95=8.44 max=8.94 (n=1000)
reload 34 maxgap_ms: p50=2472.30 p95=4814.72 max=5518.72 (n=1000)
reload 34 all_observer_maxgap_ms: p50=2519.36 p95=4814.72 max=5518.72 (n=1000)
reload 34 changed_first_generation_update_ms: p50=4511.67 p95=7759.13 max=8457.75 (n=1000)
reload 34 rss_mib before=572 after=511 comms_sample=[4286055400]
reload 34 sessions_up 1000/1000
reload 34 stable_marker_peers 0/0
reload 34 withdrawals: v4 named 0/0 v6 named 0/0 leaked=0 bystander=0 stable=0 duplicate=0
reloadstall_csv,34,1000,1000,0,400000,6.986790,8.440004,8.937589,2472.299,4814.718,5518.718,2519.357,4814.718,5518.718,4511.673,7759.128,8457.754,572,511,0,1000,0
reload 35 SIGHUP wall_us=1789310910098212 policy=/tmp/rsfs.AiWUHr/gen-b.rpol
reload 35 daemon_applied complete_before=34 complete_after=35
reload 35 completion_s: p50=7.04 p95=8.30 max=9.03 (n=1000)
reload 35 maxgap_ms: p50=2589.09 p95=4721.37 max=5355.29 (n=1000)
reload 35 all_observer_maxgap_ms: p50=2595.64 p95=4721.37 max=5355.29 (n=1000)
reload 35 changed_first_generation_update_ms: p50=4623.74 p95=7714.42 max=8343.68 (n=1000)
reload 35 rss_mib before=518 after=537 comms_sample=[4286056400]
reload 35 sessions_up 1000/1000
reload 35 stable_marker_peers 0/0
reload 35 withdrawals: v4 named 0/0 v6 named 0/0 leaked=0 bystander=0 stable=0 duplicate=0
reloadstall_csv,35,1000,1000,0,400000,7.040604,8.296127,9.031922,2589.093,4721.371,5355.293,2595.644,4721.371,5355.293,4623.741,7714.422,8343.682,518,537,0,1000,0
reload 36 SIGHUP wall_us=1789312720449507 policy=/tmp/rsfs.AiWUHr/gen-a.rpol
reload 36 daemon_applied complete_before=35 complete_after=36
reload 36 completion_s: p50=7.17 p95=8.33 max=8.87 (n=1000)
reload 36 maxgap_ms: p50=2423.66 p95=4399.05 max=5258.61 (n=1000)
reload 36 all_observer_maxgap_ms: p50=2450.68 p95=4399.05 max=5258.61 (n=1000)
reload 36 changed_first_generation_update_ms: p50=4739.35 p95=7564.69 max=8426.32 (n=1000)
reload 36 rss_mib before=561 after=557 comms_sample=[4286055400]
reload 36 sessions_up 1000/1000
reload 36 stable_marker_peers 0/0
reload 36 withdrawals: v4 named 0/0 v6 named 0/0 leaked=0 bystander=0 stable=0 duplicate=0
reloadstall_csv,36,1000,1000,0,400000,7.169022,8.332601,8.871183,2423.664,4399.052,5258.606,2450.679,4399.052,5258.606,4739.352,7564.690,8426.319,561,557,0,1000,0
reload 37 SIGHUP wall_us=1789314530473441 policy=/tmp/rsfs.AiWUHr/gen-b.rpol
reload 37 daemon_applied complete_before=36 complete_after=37
reload 37 completion_s: p50=6.85 p95=8.10 max=8.71 (n=1000)
reload 37 maxgap_ms: p50=2527.20 p95=4917.50 max=5479.07 (n=1000)
reload 37 all_observer_maxgap_ms: p50=2557.50 p95=4917.50 max=5479.07 (n=1000)
reload 37 changed_first_generation_update_ms: p50=4235.41 p95=7611.03 max=8166.76 (n=1000)
reload 37 rss_mib before=592 after=552 comms_sample=[4286056400]
reload 37 sessions_up 1000/1000
reload 37 stable_marker_peers 0/0
reload 37 withdrawals: v4 named 0/0 v6 named 0/0 leaked=0 bystander=0 stable=0 duplicate=0
reloadstall_csv,37,1000,1000,0,400000,6.846806,8.095707,8.707291,2527.200,4917.503,5479.075,2557.496,4917.503,5479.075,4235.410,7611.026,8166.758,592,552,0,1000,0
reload 38 SIGHUP wall_us=1789316340221382 policy=/tmp/rsfs.AiWUHr/gen-a.rpol
reload 38 daemon_applied complete_before=37 complete_after=38
reload 38 completion_s: p50=6.91 p95=8.14 max=8.94 (n=1000)
reload 38 maxgap_ms: p50=2658.66 p95=4311.00 max=5364.87 (n=1000)
reload 38 all_observer_maxgap_ms: p50=2658.66 p95=4311.00 max=5364.87 (n=1000)
reload 38 changed_first_generation_update_ms: p50=4310.91 p95=7157.02 max=8206.76 (n=1000)
reload 38 rss_mib before=532 after=559 comms_sample=[4286055400]
reload 38 sessions_up 1000/1000
reload 38 stable_marker_peers 0/0
reload 38 withdrawals: v4 named 0/0 v6 named 0/0 leaked=0 bystander=0 stable=0 duplicate=0
reloadstall_csv,38,1000,1000,0,400000,6.913867,8.137411,8.935834,2658.659,4311.003,5364.874,2658.659,4311.003,5364.874,4310.910,7157.020,8206.763,532,559,0,1000,0
reload 39 SIGHUP wall_us=1789318150445596 policy=/tmp/rsfs.AiWUHr/gen-b.rpol
reload 39 daemon_applied complete_before=38 complete_after=39
reload 39 completion_s: p50=6.65 p95=8.03 max=8.87 (n=1000)
reload 39 maxgap_ms: p50=2513.51 p95=4812.56 max=5349.53 (n=1000)
reload 39 all_observer_maxgap_ms: p50=2522.28 p95=4812.56 max=5349.53 (n=1000)
reload 39 changed_first_generation_update_ms: p50=4461.60 p95=7563.38 max=8097.34 (n=1000)
reload 39 rss_mib before=546 after=541 comms_sample=[4286056400]
reload 39 sessions_up 1000/1000
reload 39 stable_marker_peers 0/0
reload 39 withdrawals: v4 named 0/0 v6 named 0/0 leaked=0 bystander=0 stable=0 duplicate=0
reloadstall_csv,39,1000,1000,0,400000,6.654641,8.028745,8.871638,2513.510,4812.561,5349.531,2522.279,4812.561,5349.531,4461.602,7563.384,8097.335,546,541,0,1000,0
reload 40 SIGHUP wall_us=1789319960438914 policy=/tmp/rsfs.AiWUHr/gen-a.rpol
reload 40 daemon_applied complete_before=39 complete_after=40
reload 40 completion_s: p50=6.89 p95=8.14 max=8.56 (n=1000)
reload 40 maxgap_ms: p50=2708.16 p95=4960.48 max=5383.91 (n=1000)
reload 40 all_observer_maxgap_ms: p50=2708.16 p95=4960.48 max=5383.91 (n=1000)
reload 40 changed_first_generation_update_ms: p50=4431.05 p95=7803.18 max=8228.24 (n=1000)
reload 40 rss_mib before=539 after=511 comms_sample=[4286055400]
reload 40 sessions_up 1000/1000
reload 40 stable_marker_peers 0/0
reload 40 withdrawals: v4 named 0/0 v6 named 0/0 leaked=0 bystander=0 stable=0 duplicate=0
reloadstall_csv,40,1000,1000,0,400000,6.890314,8.141151,8.563857,2708.163,4960.475,5383.915,2708.163,4960.475,5383.915,4431.054,7803.183,8228.241,539,511,0,1000,0
trip 5 announce_over wall_us=1789321769950356 member=0 prefixes=64
trip 5 torn_down wall_us=1789321770001984 after_s=0.052
trip 5 reconnect transport_retries=0 recovered_peers=0
trip 5 reestablished wall_us=1789321890227110 holddown_s=120.225
trip 5 reannounced wall_us=1789321890227167
trip_csv,5,1000,0.052,0.000,120.225,0.136,493,1000,0
trip 5 complete wall_us=1789321890428700 rss_mib=493
reload 41 SIGHUP wall_us=1789321890602279 policy=/tmp/rsfs.AiWUHr/gen-b.rpol
reload 41 daemon_applied complete_before=40 complete_after=41
reload 41 completion_s: p50=9.08 p95=10.50 max=11.13 (n=1000)
reload 41 maxgap_ms: p50=2255.69 p95=4124.81 max=5299.39 (n=1000)
reload 41 all_observer_maxgap_ms: p50=2264.23 p95=4124.81 max=5299.39 (n=1000)
reload 41 changed_first_generation_update_ms: p50=6797.92 p95=9422.77 max=10598.46 (n=1000)
reload 41 rss_mib before=516 after=548 comms_sample=[4286056400]
reload 41 sessions_up 1000/1000
reload 41 stable_marker_peers 0/0
reload 41 withdrawals: v4 named 0/0 v6 named 0/0 leaked=0 bystander=0 stable=0 duplicate=0
reloadstall_csv,41,1000,1000,0,400000,9.079733,10.504552,11.130194,2255.692,4124.806,5299.391,2264.234,4124.806,5299.391,6797.921,9422.770,10598.461,516,548,0,1000,0
reload 42 SIGHUP wall_us=1789323702845178 policy=/tmp/rsfs.AiWUHr/gen-a.rpol
reload 42 daemon_applied complete_before=41 complete_after=42
reload 42 completion_s: p50=6.92 p95=8.36 max=8.53 (n=1000)
reload 42 maxgap_ms: p50=2541.58 p95=4404.69 max=5370.97 (n=1000)
reload 42 all_observer_maxgap_ms: p50=2551.10 p95=4404.69 max=5370.97 (n=1000)
reload 42 changed_first_generation_update_ms: p50=4653.37 p95=7465.79 max=8435.38 (n=1000)
reload 42 rss_mib before=564 after=566 comms_sample=[4286055400]
reload 42 sessions_up 1000/1000
reload 42 stable_marker_peers 0/0
reload 42 withdrawals: v4 named 0/0 v6 named 0/0 leaked=0 bystander=0 stable=0 duplicate=0
reloadstall_csv,42,1000,1000,0,400000,6.917796,8.355489,8.525890,2541.584,4404.695,5370.971,2551.101,4404.695,5370.971,4653.374,7465.786,8435.375,564,566,0,1000,0
reload 43 SIGHUP wall_us=1789325512496796 policy=/tmp/rsfs.AiWUHr/gen-b.rpol
reload 43 daemon_applied complete_before=42 complete_after=43
reload 43 completion_s: p50=7.12 p95=8.45 max=8.55 (n=1000)
reload 43 maxgap_ms: p50=2390.54 p95=4212.53 max=5440.52 (n=1000)
reload 43 all_observer_maxgap_ms: p50=2390.54 p95=4212.53 max=5440.52 (n=1000)
reload 43 changed_first_generation_update_ms: p50=4606.23 p95=7267.04 max=8491.08 (n=1000)
reload 43 rss_mib before=572 after=527 comms_sample=[4286056400]
reload 43 sessions_up 1000/1000
reload 43 stable_marker_peers 0/0
reload 43 withdrawals: v4 named 0/0 v6 named 0/0 leaked=0 bystander=0 stable=0 duplicate=0
reloadstall_csv,43,1000,1000,0,400000,7.119130,8.450888,8.546619,2390.543,4212.528,5440.521,2390.543,4212.528,5440.521,4606.227,7267.038,8491.084,572,527,0,1000,0
reload 44 SIGHUP wall_us=1789327322205087 policy=/tmp/rsfs.AiWUHr/gen-a.rpol
reload 44 daemon_applied complete_before=43 complete_after=44
reload 44 completion_s: p50=6.99 p95=8.34 max=8.44 (n=1000)
reload 44 maxgap_ms: p50=2699.70 p95=4830.81 max=5353.53 (n=1000)
reload 44 all_observer_maxgap_ms: p50=2701.32 p95=4830.81 max=5353.53 (n=1000)
reload 44 changed_first_generation_update_ms: p50=4541.71 p95=7841.34 max=8369.56 (n=1000)
reload 44 rss_mib before=541 after=527 comms_sample=[4286055400]
reload 44 sessions_up 1000/1000
reload 44 stable_marker_peers 0/0
reload 44 withdrawals: v4 named 0/0 v6 named 0/0 leaked=0 bystander=0 stable=0 duplicate=0
reloadstall_csv,44,1000,1000,0,400000,6.985391,8.341413,8.443708,2699.695,4830.813,5353.530,2701.316,4830.813,5353.530,4541.706,7841.336,8369.563,541,527,0,1000,0
reload 45 SIGHUP wall_us=1789329131736114 policy=/tmp/rsfs.AiWUHr/gen-b.rpol
reload 45 daemon_applied complete_before=44 complete_after=45
reload 45 completion_s: p50=6.93 p95=8.33 max=8.58 (n=1000)
reload 45 maxgap_ms: p50=2284.68 p95=4086.80 max=5426.55 (n=1000)
reload 45 all_observer_maxgap_ms: p50=2311.30 p95=4086.80 max=5426.55 (n=1000)
reload 45 changed_first_generation_update_ms: p50=4508.18 p95=7039.66 max=8397.24 (n=1000)
reload 45 rss_mib before=526 after=538 comms_sample=[4286056400]
reload 45 sessions_up 1000/1000
reload 45 stable_marker_peers 0/0
reload 45 withdrawals: v4 named 0/0 v6 named 0/0 leaked=0 bystander=0 stable=0 duplicate=0
reloadstall_csv,45,1000,1000,0,400000,6.928168,8.325970,8.582235,2284.684,4086.801,5426.554,2311.301,4086.801,5426.554,4508.179,7039.662,8397.237,526,538,0,1000,0
reload 46 SIGHUP wall_us=1789330941491150 policy=/tmp/rsfs.AiWUHr/gen-a.rpol
reload 46 daemon_applied complete_before=45 complete_after=46
reload 46 completion_s: p50=6.99 p95=8.62 max=9.09 (n=1000)
reload 46 maxgap_ms: p50=2595.76 p95=4833.80 max=5437.98 (n=1000)
reload 46 all_observer_maxgap_ms: p50=2595.76 p95=4833.80 max=5437.98 (n=1000)
reload 46 changed_first_generation_update_ms: p50=4735.05 p95=8065.43 max=8668.20 (n=1000)
reload 46 rss_mib before=535 after=571 comms_sample=[4286055400]
reload 46 sessions_up 1000/1000
reload 46 stable_marker_peers 0/0
reload 46 withdrawals: v4 named 0/0 v6 named 0/0 leaked=0 bystander=0 stable=0 duplicate=0
reloadstall_csv,46,1000,1000,0,400000,6.991933,8.622882,9.086521,2595.763,4833.804,5437.975,2595.763,4833.804,5437.975,4735.046,8065.430,8668.198,535,571,0,1000,0
reload 47 SIGHUP wall_us=1789332751711524 policy=/tmp/rsfs.AiWUHr/gen-b.rpol
reload 47 daemon_applied complete_before=46 complete_after=47
reload 47 completion_s: p50=7.23 p95=8.58 max=8.70 (n=1000)
reload 47 maxgap_ms: p50=2658.41 p95=3904.55 max=5235.76 (n=1000)
reload 47 all_observer_maxgap_ms: p50=2658.41 p95=3904.55 max=5235.76 (n=1000)
reload 47 changed_first_generation_update_ms: p50=4911.05 p95=7317.08 max=8652.74 (n=1000)
reload 47 rss_mib before=545 after=569 comms_sample=[4286056400]
reload 47 sessions_up 1000/1000
reload 47 stable_marker_peers 0/0
reload 47 withdrawals: v4 named 0/0 v6 named 0/0 leaked=0 bystander=0 stable=0 duplicate=0
reloadstall_csv,47,1000,1000,0,400000,7.228796,8.582011,8.700527,2658.407,3904.553,5235.763,2658.407,3904.553,5235.763,4911.052,7317.082,8652.741,545,569,0,1000,0
reload 48 SIGHUP wall_us=1789334561991659 policy=/tmp/rsfs.AiWUHr/gen-a.rpol
reload 48 daemon_applied complete_before=47 complete_after=48
reload 48 completion_s: p50=7.38 p95=8.64 max=9.31 (n=1000)
reload 48 maxgap_ms: p50=2499.59 p95=4291.19 max=5405.23 (n=1000)
reload 48 all_observer_maxgap_ms: p50=2567.27 p95=4291.19 max=5405.23 (n=1000)
reload 48 changed_first_generation_update_ms: p50=4799.47 p95=7592.53 max=8707.00 (n=1000)
reload 48 rss_mib before=508 after=549 comms_sample=[4286055400]
reload 48 sessions_up 1000/1000
reload 48 stable_marker_peers 0/0
reload 48 withdrawals: v4 named 0/0 v6 named 0/0 leaked=0 bystander=0 stable=0 duplicate=0
reloadstall_csv,48,1000,1000,0,400000,7.381492,8.641241,9.310397,2499.593,4291.187,5405.231,2567.266,4291.187,5405.231,4799.469,7592.526,8707.004,508,549,0,1000,0
trip 6 announce_over wall_us=1789336372312349 member=0 prefixes=64
trip 6 torn_down wall_us=1789336372363750 after_s=0.051
trip 6 reconnect transport_retries=0 recovered_peers=0
trip 6 reestablished wall_us=1789336492485947 holddown_s=120.122
trip 6 reannounced wall_us=1789336492486013
trip_csv,6,1000,0.051,0.029,120.122,0.901,561,1000,0
trip 6 complete wall_us=1789336493397632 rss_mib=561
final quiesce 120s
final sessions_up 1000/1000 parse_errors=0
done rss_mib=527
