# reloadstall peers=320 changed_peers=320 stable_peers=0 prefixes=183040 per_peer=572 pid=0
established 320 at 63.1s
establishment transport_retries=0 recovered_peers=0
first_exact_bitmap,mode=reload,peers=320,total=183040,per_peer=572,expected=182468,completed=320,min_unique=182388,max_unique=182432
converged (>= 182468/observer) at 111.8s rss_mib=0
control_maxgap_ms: p50=44.94 p95=45.00 max=47.22 (n=320)
control_rss_mib 0
reloadstall_csv_header,reload,peers_total,peers_changed,peers_stable,prefixes,completion_p50_s,completion_p95_s,completion_max_s,changed_maxgap_p50_ms,changed_maxgap_p95_ms,changed_maxgap_max_ms,all_observer_maxgap_p50_ms,all_observer_maxgap_p95_ms,all_observer_maxgap_max_ms,changed_first_generation_update_p50_ms,changed_first_generation_update_p95_ms,changed_first_generation_update_max_ms,rss_before_mib,rss_after_mib,stable_marker_peers,sessions_up,parse_errors
reload 1 reload_cmd wall_us=1791184873668208 policy=/tmp/irr-openbgpd/gen-b.conf
reload request sent.
request processed
reload 1 progress: complete=0/320
reload 1 progress: complete=0/320
reload 1 progress: complete=0/320
reload 1 progress: complete=0/320
reload 1 progress: complete=0/320
reload 1 completion_s: p50=55.99 p95=55.99 max=56.00 (n=320)
reload 1 maxgap_ms: p50=406.46 p95=407.37 max=407.44 (n=320)
reload 1 all_observer_maxgap_ms: p50=406.46 p95=407.37 max=407.44 (n=320)
reload 1 changed_first_generation_update_ms: p50=7336.32 p95=7337.18 max=7503.93 (n=320)
reload 1 rss_mib before=0 after=0 comms_sample=[4286056400]
reload 1 sessions_up 320/320
reload 1 stable_marker_peers 0/0
reload 1 withdrawals: v4 named 0/0 v6 named 0/0 leaked=0 bystander=0 stable=0 duplicate=0
reloadstall_csv,1,320,320,0,183040,55.989481,55.992645,55.997760,406.460,407.366,407.443,406.460,407.366,407.443,7336.321,7337.178,7503.925,0,0,0,320,0
reload 2 reload_cmd wall_us=1791184949772459 policy=/tmp/irr-openbgpd/gen-a.conf
reload request sent.
request processed
reload 2 progress: complete=0/320
reload 2 progress: complete=0/320
reload 2 progress: complete=0/320
reload 2 progress: complete=0/320
reload 2 progress: complete=0/320
reload 2 completion_s: p50=59.51 p95=59.51 max=59.51 (n=320)
reload 2 maxgap_ms: p50=436.97 p95=437.81 max=437.91 (n=320)
reload 2 all_observer_maxgap_ms: p50=436.97 p95=437.81 max=437.91 (n=320)
reload 2 changed_first_generation_update_ms: p50=7099.59 p95=7100.37 max=7313.43 (n=320)
reload 2 rss_mib before=0 after=0 comms_sample=[4286055400]
reload 2 sessions_up 320/320
reload 2 stable_marker_peers 0/0
reload 2 withdrawals: v4 named 0/0 v6 named 0/0 leaked=0 bystander=0 stable=0 duplicate=0
reloadstall_csv,2,320,320,0,183040,59.507320,59.509711,59.510795,436.972,437.812,437.910,436.972,437.812,437.910,7099.590,7100.370,7313.427,0,0,0,320,0
reload 3 reload_cmd wall_us=1791185029357900 policy=/tmp/irr-openbgpd/gen-b.conf
reload request sent.
request processed
reload 3 progress: complete=0/320
reload 3 progress: complete=0/320
reload 3 progress: complete=0/320
reload 3 progress: complete=0/320
reload 3 progress: complete=0/320
reload 3 completion_s: p50=63.57 p95=63.58 max=63.58 (n=320)
reload 3 maxgap_ms: p50=458.43 p95=459.01 max=459.07 (n=320)
reload 3 all_observer_maxgap_ms: p50=458.43 p95=459.01 max=459.07 (n=320)
reload 3 changed_first_generation_update_ms: p50=7292.24 p95=7293.18 max=7501.48 (n=320)
reload 3 rss_mib before=0 after=0 comms_sample=[4286056400]
reload 3 sessions_up 320/320
reload 3 stable_marker_peers 0/0
reload 3 withdrawals: v4 named 0/0 v6 named 0/0 leaked=0 bystander=0 stable=0 duplicate=0
reloadstall_csv,3,320,320,0,183040,63.574035,63.577964,63.581321,458.430,459.012,459.069,458.430,459.012,459.069,7292.242,7293.183,7501.483,0,0,0,320,0
reload 4 reload_cmd wall_us=1791185113087447 policy=/tmp/irr-openbgpd/gen-a.conf
reload request sent.
request processed
reload 4 progress: complete=0/320
reload 4 progress: complete=0/320
reload 4 progress: complete=0/320
reload 4 progress: complete=0/320
reload 4 progress: complete=0/320
reload 4 completion_s: p50=60.14 p95=60.14 max=60.15 (n=320)
reload 4 maxgap_ms: p50=531.19 p95=532.13 max=532.22 (n=320)
reload 4 all_observer_maxgap_ms: p50=531.19 p95=532.13 max=532.22 (n=320)
reload 4 changed_first_generation_update_ms: p50=7034.70 p95=7035.53 max=7183.86 (n=320)
reload 4 rss_mib before=0 after=0 comms_sample=[4286055400]
reload 4 sessions_up 320/320
reload 4 stable_marker_peers 0/0
reload 4 withdrawals: v4 named 0/0 v6 named 0/0 leaked=0 bystander=0 stable=0 duplicate=0
reloadstall_csv,4,320,320,0,183040,60.142872,60.144252,60.145534,531.188,532.130,532.216,531.188,532.130,532.216,7034.703,7035.528,7183.862,0,0,0,320,0
final sessions_up 320/320 parse_errors=0
done rss_mib=0
