# reloadstall peers=320 changed_peers=320 stable_peers=0 prefixes=183040 per_peer=572 pid=0
established 320 at 7.6s
establishment transport_retries=0 recovered_peers=0
first_exact_bitmap,mode=reload,peers=320,total=183040,per_peer=572,expected=182468,completed=320,min_unique=182468,max_unique=182468
converged (>= 182468/observer) at 19.0s rss_mib=0
control_maxgap_ms: p50=30.65 p95=32.65 max=45.38 (n=320)
control_rss_mib 0
reloadstall_csv_header,reload,peers_total,peers_changed,peers_stable,prefixes,completion_p50_s,completion_p95_s,completion_max_s,changed_maxgap_p50_ms,changed_maxgap_p95_ms,changed_maxgap_max_ms,all_observer_maxgap_p50_ms,all_observer_maxgap_p95_ms,all_observer_maxgap_max_ms,changed_first_generation_update_p50_ms,changed_first_generation_update_p95_ms,changed_first_generation_update_max_ms,rss_before_mib,rss_after_mib,stable_marker_peers,sessions_up,parse_errors
reload 1 reload_cmd wall_us=1791176977329362 policy=/tmp/irr-bird/gen-b.conf
BIRD 3.3.2 ready.
Reading configuration from /etc/bird/bird.conf
Reconfigured
reload 1 progress: complete=0/320
reload 1 completion_s: p50=13.53 p95=14.80 max=14.86 (n=320)
reload 1 maxgap_ms: p50=840.68 p95=1578.74 max=2177.74 (n=320)
reload 1 all_observer_maxgap_ms: p50=847.15 p95=1787.70 max=2177.74 (n=320)
reload 1 changed_first_generation_update_ms: p50=1760.70 p95=2168.21 max=2290.49 (n=320)
reload 1 rss_mib before=0 after=0 comms_sample=[4286056400]
reload 1 sessions_up 320/320
reload 1 stable_marker_peers 0/0
reload 1 withdrawals: v4 named 0/0 v6 named 0/0 leaked=0 bystander=0 stable=0 duplicate=0
reloadstall_csv,1,320,320,0,183040,13.528892,14.798899,14.855640,840.676,1578.740,2177.745,847.149,1787.702,2177.745,1760.698,2168.211,2290.488,0,0,0,320,0
reload 2 reload_cmd wall_us=1791177012293759 policy=/tmp/irr-bird/gen-a.conf
BIRD 3.3.2 ready.
Reading configuration from /etc/bird/bird.conf
Reconfigured
reload 2 progress: complete=30/320
reload 2 completion_s: p50=13.56 p95=14.51 max=14.57 (n=320)
reload 2 maxgap_ms: p50=869.82 p95=1554.53 max=2106.00 (n=320)
reload 2 all_observer_maxgap_ms: p50=873.39 p95=1556.05 max=2106.00 (n=320)
reload 2 changed_first_generation_update_ms: p50=1527.03 p95=1951.21 max=2087.99 (n=320)
reload 2 rss_mib before=0 after=0 comms_sample=[4286055400]
reload 2 sessions_up 320/320
reload 2 stable_marker_peers 0/0
reload 2 withdrawals: v4 named 0/0 v6 named 0/0 leaked=0 bystander=0 stable=0 duplicate=0
reloadstall_csv,2,320,320,0,183040,13.559282,14.512273,14.567361,869.822,1554.534,2106.001,873.392,1556.052,2106.001,1527.031,1951.215,2087.988,0,0,0,320,0
reload 3 reload_cmd wall_us=1791177046971467 policy=/tmp/irr-bird/gen-b.conf
BIRD 3.3.2 ready.
Reading configuration from /etc/bird/bird.conf
Reconfigured
reload 3 progress: complete=39/320
reload 3 completion_s: p50=13.71 p95=15.01 max=15.13 (n=320)
reload 3 maxgap_ms: p50=858.38 p95=1613.47 max=2156.38 (n=320)
reload 3 all_observer_maxgap_ms: p50=889.12 p95=1643.06 max=2156.38 (n=320)
reload 3 changed_first_generation_update_ms: p50=1512.31 p95=1959.40 max=2779.37 (n=320)
reload 3 rss_mib before=0 after=0 comms_sample=[4286056400]
reload 3 sessions_up 320/320
reload 3 stable_marker_peers 0/0
reload 3 withdrawals: v4 named 0/0 v6 named 0/0 leaked=0 bystander=0 stable=0 duplicate=0
reloadstall_csv,3,320,320,0,183040,13.709272,15.012794,15.127547,858.379,1613.472,2156.384,889.124,1643.058,2156.384,1512.309,1959.399,2779.374,0,0,0,320,0
reload 4 reload_cmd wall_us=1791177082145623 policy=/tmp/irr-bird/gen-a.conf
BIRD 3.3.2 ready.
Reading configuration from /etc/bird/bird.conf
Reconfigured
reload 4 progress: complete=4/320
reload 4 completion_s: p50=13.08 p95=14.74 max=14.86 (n=320)
reload 4 maxgap_ms: p50=835.98 p95=1460.91 max=2204.02 (n=320)
reload 4 all_observer_maxgap_ms: p50=1228.02 p95=1483.07 max=2204.02 (n=320)
reload 4 changed_first_generation_update_ms: p50=1551.47 p95=1973.51 max=2748.91 (n=320)
reload 4 rss_mib before=0 after=0 comms_sample=[4286055400]
reload 4 sessions_up 320/320
reload 4 stable_marker_peers 0/0
reload 4 withdrawals: v4 named 0/0 v6 named 0/0 leaked=0 bystander=0 stable=0 duplicate=0
reloadstall_csv,4,320,320,0,183040,13.078752,14.736509,14.861360,835.982,1460.910,2204.016,1228.024,1483.066,2204.016,1551.475,1973.512,2748.910,0,0,0,320,0
final sessions_up 320/320 parse_errors=0
done rss_mib=0
route_refresh_accounting,peer=4,family=ipv4,received=4,suppressed=0,completed=4,sent_nlri=2288
route_refresh_accounting,peer=8,family=ipv4,received=4,suppressed=0,completed=4,sent_nlri=2288
route_refresh_accounting,peer=25,family=ipv4,received=4,suppressed=0,completed=4,sent_nlri=2288
route_refresh_accounting,peer=27,family=ipv4,received=4,suppressed=0,completed=4,sent_nlri=2288
route_refresh_accounting,peer=49,family=ipv4,received=4,suppressed=0,completed=4,sent_nlri=2288
route_refresh_accounting,peer=53,family=ipv4,received=4,suppressed=0,completed=4,sent_nlri=2288
route_refresh_accounting,peer=62,family=ipv4,received=4,suppressed=0,completed=4,sent_nlri=2288
route_refresh_accounting,peer=64,family=ipv4,received=4,suppressed=0,completed=4,sent_nlri=2288
route_refresh_accounting,peer=66,family=ipv4,received=4,suppressed=0,completed=4,sent_nlri=2288
route_refresh_accounting,peer=70,family=ipv4,received=4,suppressed=0,completed=4,sent_nlri=2288
route_refresh_accounting,peer=84,family=ipv4,received=4,suppressed=0,completed=4,sent_nlri=2288
route_refresh_accounting,peer=96,family=ipv4,received=4,suppressed=0,completed=4,sent_nlri=2288
route_refresh_accounting,peer=102,family=ipv4,received=4,suppressed=0,completed=4,sent_nlri=2288
route_refresh_accounting,peer=117,family=ipv4,received=4,suppressed=0,completed=4,sent_nlri=2288
route_refresh_accounting,peer=122,family=ipv4,received=4,suppressed=0,completed=4,sent_nlri=2288
route_refresh_accounting,peer=128,family=ipv4,received=4,suppressed=0,completed=4,sent_nlri=2288
route_refresh_accounting,peer=133,family=ipv4,received=4,suppressed=0,completed=4,sent_nlri=2288
route_refresh_accounting,peer=137,family=ipv4,received=4,suppressed=0,completed=4,sent_nlri=2288
route_refresh_accounting,peer=149,family=ipv4,received=4,suppressed=0,completed=4,sent_nlri=2288
route_refresh_accounting,peer=153,family=ipv4,received=4,suppressed=0,completed=4,sent_nlri=2288
route_refresh_accounting,peer=164,family=ipv4,received=4,suppressed=0,completed=4,sent_nlri=2288
route_refresh_accounting,peer=165,family=ipv4,received=4,suppressed=0,completed=4,sent_nlri=2288
route_refresh_accounting,peer=166,family=ipv4,received=4,suppressed=0,completed=4,sent_nlri=2288
route_refresh_accounting,peer=169,family=ipv4,received=4,suppressed=0,completed=4,sent_nlri=2288
route_refresh_accounting,peer=177,family=ipv4,received=4,suppressed=0,completed=4,sent_nlri=2288
route_refresh_accounting,peer=209,family=ipv4,received=4,suppressed=0,completed=4,sent_nlri=2288
route_refresh_accounting,peer=219,family=ipv4,received=4,suppressed=0,completed=4,sent_nlri=2288
route_refresh_accounting,peer=223,family=ipv4,received=4,suppressed=0,completed=4,sent_nlri=2288
route_refresh_accounting,peer=227,family=ipv4,received=4,suppressed=0,completed=4,sent_nlri=2288
route_refresh_accounting,peer=249,family=ipv4,received=4,suppressed=0,completed=4,sent_nlri=2288
route_refresh_accounting,peer=251,family=ipv4,received=4,suppressed=0,completed=4,sent_nlri=2288
route_refresh_accounting,peer=254,family=ipv4,received=4,suppressed=0,completed=4,sent_nlri=2288
route_refresh_accounting,peer=266,family=ipv4,received=4,suppressed=0,completed=4,sent_nlri=2288
route_refresh_accounting,peer=310,family=ipv4,received=4,suppressed=0,completed=4,sent_nlri=2288
route_refresh_accounting,peer=311,family=ipv4,received=4,suppressed=0,completed=4,sent_nlri=2288
route_refresh_accounting,peer=317,family=ipv4,received=4,suppressed=0,completed=4,sent_nlri=2288
