# reloadstall peers=320 changed_peers=320 stable_peers=0 prefixes=183040 per_peer=572 pid=499302
established 320 at 0.3s
establishment transport_retries=0 recovered_peers=0
first_exact_bitmap,mode=reload,peers=320,total=183040,per_peer=572,expected=182468,completed=320,min_unique=182468,max_unique=182468
converged (>= 182468/observer) at 3.1s rss_mib=511
control_maxgap_ms: p50=18.34 p95=18.61 max=42.03 (n=320)
control_rss_mib 485
reloadstall_csv_header,reload,peers_total,peers_changed,peers_stable,prefixes,completion_p50_s,completion_p95_s,completion_max_s,changed_maxgap_p50_ms,changed_maxgap_p95_ms,changed_maxgap_max_ms,all_observer_maxgap_p50_ms,all_observer_maxgap_p95_ms,all_observer_maxgap_max_ms,changed_first_generation_update_p50_ms,changed_first_generation_update_p95_ms,changed_first_generation_update_max_ms,rss_before_mib,rss_after_mib,stable_marker_peers,sessions_up,parse_errors
dataset-stage generation=b changed=36 total=640
reload 1 SIGHUP wall_us=1790581758499496 policy=/tmp/irr-rustbgpd-sighup/gen-b.rpol
reload 1 daemon_applied complete_before=0 complete_after=1
reload 1 completion_s: p50=1.31 p95=1.38 max=1.39 (n=320)
reload 1 maxgap_ms: p50=500.71 p95=534.69 max=551.80 (n=320)
reload 1 all_observer_maxgap_ms: p50=500.71 p95=534.69 max=551.80 (n=320)
reload 1 changed_first_generation_update_ms: p50=1108.25 p95=1141.49 max=1159.48 (n=320)
reload 1 rss_mib before=494 after=612 comms_sample=[4286056400]
reload 1 sessions_up 320/320
reload 1 stable_marker_peers 0/0
reload 1 withdrawals: v4 named 0/0 v6 named 0/0 leaked=0 bystander=0 stable=0 duplicate=0
reloadstall_csv,1,320,320,0,183040,1.309357,1.383997,1.389688,500.709,534.691,551.802,500.709,534.691,551.802,1108.246,1141.494,1159.484,494,612,0,320,0
dataset-stage generation=a changed=36 total=640
reload 2 SIGHUP wall_us=1790581780980458 policy=/tmp/irr-rustbgpd-sighup/gen-a.rpol
reload 2 daemon_applied complete_before=1 complete_after=2
reload 2 completion_s: p50=1.29 p95=1.38 max=1.38 (n=320)
reload 2 maxgap_ms: p50=522.83 p95=747.90 max=781.60 (n=320)
reload 2 all_observer_maxgap_ms: p50=522.83 p95=747.90 max=781.60 (n=320)
reload 2 changed_first_generation_update_ms: p50=1100.65 p95=1327.88 max=1358.82 (n=320)
reload 2 rss_mib before=556 after=646 comms_sample=[4286055400]
reload 2 sessions_up 320/320
reload 2 stable_marker_peers 0/0
reload 2 withdrawals: v4 named 0/0 v6 named 0/0 leaked=0 bystander=0 stable=0 duplicate=0
reloadstall_csv,2,320,320,0,183040,1.288253,1.379214,1.384319,522.830,747.898,781.600,522.830,747.898,781.600,1100.655,1327.885,1358.820,556,646,0,320,0
dataset-stage generation=b changed=36 total=640
reload 3 SIGHUP wall_us=1790581803453405 policy=/tmp/irr-rustbgpd-sighup/gen-b.rpol
reload 3 receiver_barriers_complete awaiting_daemon_settlement
reload 3 daemon_applied complete_before=2 complete_after=3
reload 3 completion_s: p50=1.27 p95=1.38 max=1.39 (n=320)
reload 3 maxgap_ms: p50=557.00 p95=717.57 max=812.30 (n=320)
reload 3 all_observer_maxgap_ms: p50=557.00 p95=717.57 max=812.30 (n=320)
reload 3 changed_first_generation_update_ms: p50=1107.34 p95=1267.88 max=1362.28 (n=320)
reload 3 rss_mib before=557 after=676 comms_sample=[4286056400]
reload 3 sessions_up 320/320
reload 3 stable_marker_peers 0/0
reload 3 withdrawals: v4 named 0/0 v6 named 0/0 leaked=0 bystander=0 stable=0 duplicate=0
reloadstall_csv,3,320,320,0,183040,1.271887,1.378580,1.390718,556.997,717.565,812.304,556.997,717.565,812.304,1107.340,1267.878,1362.275,557,676,0,320,0
dataset-stage generation=a changed=36 total=640
reload 4 SIGHUP wall_us=1790581826840586 policy=/tmp/irr-rustbgpd-sighup/gen-a.rpol
reload 4 receiver_barriers_complete awaiting_daemon_settlement
reload 4 daemon_applied complete_before=3 complete_after=4
reload 4 completion_s: p50=1.29 p95=1.42 max=1.43 (n=320)
reload 4 maxgap_ms: p50=520.58 p95=699.32 max=820.49 (n=320)
reload 4 all_observer_maxgap_ms: p50=520.58 p95=699.32 max=820.49 (n=320)
reload 4 changed_first_generation_update_ms: p50=1105.47 p95=1283.40 max=1404.61 (n=320)
reload 4 rss_mib before=608 after=655 comms_sample=[4286055400]
reload 4 sessions_up 320/320
reload 4 stable_marker_peers 0/0
reload 4 withdrawals: v4 named 0/0 v6 named 0/0 leaked=0 bystander=0 stable=0 duplicate=0
reloadstall_csv,4,320,320,0,183040,1.288871,1.417864,1.433668,520.576,699.319,820.490,520.576,699.319,820.490,1105.473,1283.400,1404.608,608,655,0,320,0
final sessions_up 320/320 parse_errors=0
done rss_mib=547
