# reloadstall peers=700 changed_peers=700 stable_peers=0 prefixes=400400 per_peer=572 pid=2310584
established 700 at 0.8s
establishment transport_retries=0 recovered_peers=0
first_exact_bitmap,mode=flapstorm,peers=700,total=400400,per_peer=572,expected=399828,completed=700,min_unique=399828,max_unique=399828
converged (>= 399828/observer) at 3.5s rss_mib=404
control_maxgap_ms: p50=19.23 p95=20.59 max=42.01 (n=700)
control_rss_mib 349
converged_rejoin_csv_header,round,peers_total,peers_flapped,prefixes,rejoin_p50_s,rejoin_max_s,survivor_maxgap_ms,readiness_samples,rss_mib,sessions_up,parse_errors
converged_table_checkpoint,round=1,phase=disconnected,observers=50:51,unique=399828,eor=present
converged_rejoin 1 reconnect transport_retries=0
flap 1 peer 0 rejoin_complete_s=0.170077 eor_before_full_table=false eor=present
flap 1 peer 1 rejoin_complete_s=0.262501 eor_before_full_table=false eor=present
flap 1 peer 2 rejoin_complete_s=0.260186 eor_before_full_table=false eor=present
flap 1 peer 3 rejoin_complete_s=0.260465 eor_before_full_table=false eor=present
flap 1 peer 4 rejoin_complete_s=0.258557 eor_before_full_table=false eor=present
flap 1 peer 5 rejoin_complete_s=0.258125 eor_before_full_table=false eor=present
flap 1 peer 6 rejoin_complete_s=0.257425 eor_before_full_table=false eor=present
flap 1 peer 7 rejoin_complete_s=0.256375 eor_before_full_table=false eor=present
flap 1 peer 8 rejoin_complete_s=0.256832 eor_before_full_table=false eor=present
flap 1 peer 9 rejoin_complete_s=0.257141 eor_before_full_table=false eor=present
flap 1 peer 10 rejoin_complete_s=0.257089 eor_before_full_table=false eor=present
flap 1 peer 11 rejoin_complete_s=0.255769 eor_before_full_table=false eor=present
flap 1 peer 12 rejoin_complete_s=0.256552 eor_before_full_table=false eor=present
flap 1 peer 13 rejoin_complete_s=0.256299 eor_before_full_table=false eor=present
flap 1 peer 14 rejoin_complete_s=0.255687 eor_before_full_table=false eor=present
flap 1 peer 15 rejoin_complete_s=0.254144 eor_before_full_table=false eor=present
flap 1 peer 16 rejoin_complete_s=0.253752 eor_before_full_table=false eor=present
flap 1 peer 17 rejoin_complete_s=0.254666 eor_before_full_table=false eor=present
flap 1 peer 18 rejoin_complete_s=0.263028 eor_before_full_table=false eor=present
flap 1 peer 19 rejoin_complete_s=0.254411 eor_before_full_table=false eor=present
flap 1 peer 20 rejoin_complete_s=0.253713 eor_before_full_table=false eor=present
flap 1 peer 21 rejoin_complete_s=0.252058 eor_before_full_table=false eor=present
flap 1 peer 22 rejoin_complete_s=0.252677 eor_before_full_table=false eor=present
flap 1 peer 23 rejoin_complete_s=0.253161 eor_before_full_table=false eor=present
flap 1 peer 24 rejoin_complete_s=0.252242 eor_before_full_table=false eor=present
flap 1 peer 25 rejoin_complete_s=0.251449 eor_before_full_table=false eor=present
flap 1 peer 26 rejoin_complete_s=0.250996 eor_before_full_table=false eor=present
flap 1 peer 27 rejoin_complete_s=0.250496 eor_before_full_table=false eor=present
flap 1 peer 28 rejoin_complete_s=0.249922 eor_before_full_table=false eor=present
flap 1 peer 29 rejoin_complete_s=0.250805 eor_before_full_table=false eor=present
flap 1 peer 30 rejoin_complete_s=0.249787 eor_before_full_table=false eor=present
flap 1 peer 31 rejoin_complete_s=0.248775 eor_before_full_table=false eor=present
flap 1 peer 32 rejoin_complete_s=0.250246 eor_before_full_table=false eor=present
flap 1 peer 33 rejoin_complete_s=0.248702 eor_before_full_table=false eor=present
flap 1 peer 34 rejoin_complete_s=0.248717 eor_before_full_table=false eor=present
flap 1 peer 35 rejoin_complete_s=0.247910 eor_before_full_table=false eor=present
flap 1 peer 36 rejoin_complete_s=0.247875 eor_before_full_table=false eor=present
flap 1 peer 37 rejoin_complete_s=0.246933 eor_before_full_table=false eor=present
flap 1 peer 38 rejoin_complete_s=0.246991 eor_before_full_table=false eor=present
flap 1 peer 39 rejoin_complete_s=0.246970 eor_before_full_table=false eor=present
flap 1 peer 40 rejoin_complete_s=0.245636 eor_before_full_table=false eor=present
flap 1 peer 41 rejoin_complete_s=0.245697 eor_before_full_table=false eor=present
flap 1 peer 42 rejoin_complete_s=0.245021 eor_before_full_table=false eor=present
flap 1 peer 43 rejoin_complete_s=0.245332 eor_before_full_table=false eor=present
flap 1 peer 44 rejoin_complete_s=0.245850 eor_before_full_table=false eor=present
flap 1 peer 45 rejoin_complete_s=0.243499 eor_before_full_table=false eor=present
flap 1 peer 46 rejoin_complete_s=0.282127 eor_before_full_table=false eor=present
flap 1 peer 47 rejoin_complete_s=0.243533 eor_before_full_table=false eor=present
flap 1 peer 48 rejoin_complete_s=0.244038 eor_before_full_table=false eor=present
flap 1 peer 49 rejoin_complete_s=0.242133 eor_before_full_table=false eor=present
flap 1 rejoin_complete_s: p50=0.25 p95=0.26 max=0.28 (n=50)
converged_table_checkpoint,round=1,phase=settled,observers=50:51,unique=399828,eor=present
converged_rejoin 1 survivor_maxgap_ms: p50=118.81 p95=119.57 max=122.10 (n=650)
converged_rejoin_csv,1,700,50,400400,0.252058,0.282127,122.099000,13,436,700,0
converged_table_checkpoint,round=2,phase=disconnected,observers=50:51,unique=399828,eor=present
converged_rejoin 2 reconnect transport_retries=0
flap 2 peer 0 rejoin_complete_s=0.170063 eor_before_full_table=false eor=present
flap 2 peer 1 rejoin_complete_s=0.243633 eor_before_full_table=false eor=present
flap 2 peer 2 rejoin_complete_s=0.247624 eor_before_full_table=false eor=present
flap 2 peer 3 rejoin_complete_s=0.281379 eor_before_full_table=false eor=present
flap 2 peer 4 rejoin_complete_s=0.241195 eor_before_full_table=false eor=present
flap 2 peer 5 rejoin_complete_s=0.240895 eor_before_full_table=false eor=present
flap 2 peer 6 rejoin_complete_s=0.240600 eor_before_full_table=false eor=present
flap 2 peer 7 rejoin_complete_s=0.240143 eor_before_full_table=false eor=present
flap 2 peer 8 rejoin_complete_s=0.239873 eor_before_full_table=false eor=present
flap 2 peer 9 rejoin_complete_s=0.239588 eor_before_full_table=false eor=present
flap 2 peer 10 rejoin_complete_s=0.239094 eor_before_full_table=false eor=present
flap 2 peer 11 rejoin_complete_s=0.238840 eor_before_full_table=false eor=present
flap 2 peer 12 rejoin_complete_s=0.238597 eor_before_full_table=false eor=present
flap 2 peer 13 rejoin_complete_s=0.241803 eor_before_full_table=false eor=present
flap 2 peer 14 rejoin_complete_s=0.237847 eor_before_full_table=false eor=present
flap 2 peer 15 rejoin_complete_s=0.237501 eor_before_full_table=false eor=present
flap 2 peer 16 rejoin_complete_s=0.237324 eor_before_full_table=false eor=present
flap 2 peer 17 rejoin_complete_s=0.242170 eor_before_full_table=false eor=present
flap 2 peer 18 rejoin_complete_s=0.236480 eor_before_full_table=false eor=present
flap 2 peer 19 rejoin_complete_s=0.236421 eor_before_full_table=false eor=present
flap 2 peer 20 rejoin_complete_s=0.241117 eor_before_full_table=false eor=present
flap 2 peer 21 rejoin_complete_s=0.235488 eor_before_full_table=false eor=present
flap 2 peer 22 rejoin_complete_s=0.245742 eor_before_full_table=false eor=present
flap 2 peer 23 rejoin_complete_s=0.234694 eor_before_full_table=false eor=present
flap 2 peer 24 rejoin_complete_s=0.234591 eor_before_full_table=false eor=present
flap 2 peer 25 rejoin_complete_s=0.234182 eor_before_full_table=false eor=present
flap 2 peer 26 rejoin_complete_s=0.234560 eor_before_full_table=false eor=present
flap 2 peer 27 rejoin_complete_s=0.233417 eor_before_full_table=false eor=present
flap 2 peer 28 rejoin_complete_s=0.233234 eor_before_full_table=false eor=present
flap 2 peer 29 rejoin_complete_s=0.232779 eor_before_full_table=false eor=present
flap 2 peer 30 rejoin_complete_s=0.232597 eor_before_full_table=false eor=present
flap 2 peer 31 rejoin_complete_s=0.235371 eor_before_full_table=false eor=present
flap 2 peer 32 rejoin_complete_s=0.231783 eor_before_full_table=false eor=present
flap 2 peer 33 rejoin_complete_s=0.231373 eor_before_full_table=false eor=present
flap 2 peer 34 rejoin_complete_s=0.231281 eor_before_full_table=false eor=present
flap 2 peer 35 rejoin_complete_s=0.230567 eor_before_full_table=false eor=present
flap 2 peer 36 rejoin_complete_s=0.230075 eor_before_full_table=false eor=present
flap 2 peer 37 rejoin_complete_s=0.234638 eor_before_full_table=false eor=present
flap 2 peer 38 rejoin_complete_s=0.229107 eor_before_full_table=false eor=present
flap 2 peer 39 rejoin_complete_s=0.228984 eor_before_full_table=false eor=present
flap 2 peer 40 rejoin_complete_s=0.228751 eor_before_full_table=false eor=present
flap 2 peer 41 rejoin_complete_s=0.228155 eor_before_full_table=false eor=present
flap 2 peer 42 rejoin_complete_s=0.268165 eor_before_full_table=false eor=present
flap 2 peer 43 rejoin_complete_s=0.227560 eor_before_full_table=false eor=present
flap 2 peer 44 rejoin_complete_s=0.227128 eor_before_full_table=false eor=present
flap 2 peer 45 rejoin_complete_s=0.226929 eor_before_full_table=false eor=present
flap 2 peer 46 rejoin_complete_s=0.231796 eor_before_full_table=false eor=present
flap 2 peer 47 rejoin_complete_s=0.226108 eor_before_full_table=false eor=present
flap 2 peer 48 rejoin_complete_s=0.225692 eor_before_full_table=false eor=present
flap 2 peer 49 rejoin_complete_s=0.228815 eor_before_full_table=false eor=present
flap 2 rejoin_complete_s: p50=0.23 p95=0.25 max=0.28 (n=50)
converged_table_checkpoint,round=2,phase=settled,observers=50:51,unique=399828,eor=present
converged_rejoin 2 survivor_maxgap_ms: p50=113.76 p95=117.46 max=118.99 (n=650)
converged_rejoin_csv,2,700,50,400400,0.234694,0.281379,118.994000,13,419,700,0
converged_table_checkpoint,round=3,phase=disconnected,observers=50:51,unique=399828,eor=present
converged_rejoin 3 reconnect transport_retries=0
flap 3 peer 0 rejoin_complete_s=0.169402 eor_before_full_table=false eor=present
flap 3 peer 1 rejoin_complete_s=0.247757 eor_before_full_table=false eor=present
flap 3 peer 2 rejoin_complete_s=0.248017 eor_before_full_table=false eor=present
flap 3 peer 3 rejoin_complete_s=0.247151 eor_before_full_table=false eor=present
flap 3 peer 4 rejoin_complete_s=0.246055 eor_before_full_table=false eor=present
flap 3 peer 5 rejoin_complete_s=0.246809 eor_before_full_table=false eor=present
flap 3 peer 6 rejoin_complete_s=0.245997 eor_before_full_table=false eor=present
flap 3 peer 7 rejoin_complete_s=0.245489 eor_before_full_table=false eor=present
flap 3 peer 8 rejoin_complete_s=0.244251 eor_before_full_table=false eor=present
flap 3 peer 9 rejoin_complete_s=0.249888 eor_before_full_table=false eor=present
flap 3 peer 10 rejoin_complete_s=0.244572 eor_before_full_table=false eor=present
flap 3 peer 11 rejoin_complete_s=0.243333 eor_before_full_table=false eor=present
flap 3 peer 12 rejoin_complete_s=0.243037 eor_before_full_table=false eor=present
flap 3 peer 13 rejoin_complete_s=0.242727 eor_before_full_table=false eor=present
flap 3 peer 14 rejoin_complete_s=0.243069 eor_before_full_table=false eor=present
flap 3 peer 15 rejoin_complete_s=0.245078 eor_before_full_table=false eor=present
flap 3 peer 16 rejoin_complete_s=0.242472 eor_before_full_table=false eor=present
flap 3 peer 17 rejoin_complete_s=0.242108 eor_before_full_table=false eor=present
flap 3 peer 18 rejoin_complete_s=0.240589 eor_before_full_table=false eor=present
flap 3 peer 19 rejoin_complete_s=0.240314 eor_before_full_table=false eor=present
flap 3 peer 20 rejoin_complete_s=0.246735 eor_before_full_table=false eor=present
flap 3 peer 21 rejoin_complete_s=0.240208 eor_before_full_table=false eor=present
flap 3 peer 22 rejoin_complete_s=0.239258 eor_before_full_table=false eor=present
flap 3 peer 23 rejoin_complete_s=0.239620 eor_before_full_table=false eor=present
flap 3 peer 24 rejoin_complete_s=0.238431 eor_before_full_table=false eor=present
flap 3 peer 25 rejoin_complete_s=0.238267 eor_before_full_table=false eor=present
flap 3 peer 26 rejoin_complete_s=0.238253 eor_before_full_table=false eor=present
flap 3 peer 27 rejoin_complete_s=0.237531 eor_before_full_table=false eor=present
flap 3 peer 28 rejoin_complete_s=0.238011 eor_before_full_table=false eor=present
flap 3 peer 29 rejoin_complete_s=0.237267 eor_before_full_table=false eor=present
flap 3 peer 30 rejoin_complete_s=0.236826 eor_before_full_table=false eor=present
flap 3 peer 31 rejoin_complete_s=0.236343 eor_before_full_table=false eor=present
flap 3 peer 32 rejoin_complete_s=0.236610 eor_before_full_table=false eor=present
flap 3 peer 33 rejoin_complete_s=0.235586 eor_before_full_table=false eor=present
flap 3 peer 34 rejoin_complete_s=0.235551 eor_before_full_table=false eor=present
flap 3 peer 35 rejoin_complete_s=0.234866 eor_before_full_table=false eor=present
flap 3 peer 36 rejoin_complete_s=0.235639 eor_before_full_table=false eor=present
flap 3 peer 37 rejoin_complete_s=0.234183 eor_before_full_table=false eor=present
flap 3 peer 38 rejoin_complete_s=0.233750 eor_before_full_table=false eor=present
flap 3 peer 39 rejoin_complete_s=0.234726 eor_before_full_table=false eor=present
flap 3 peer 40 rejoin_complete_s=0.233039 eor_before_full_table=false eor=present
flap 3 peer 41 rejoin_complete_s=0.233106 eor_before_full_table=false eor=present
flap 3 peer 42 rejoin_complete_s=0.234085 eor_before_full_table=false eor=present
flap 3 peer 43 rejoin_complete_s=0.231926 eor_before_full_table=false eor=present
flap 3 peer 44 rejoin_complete_s=0.232590 eor_before_full_table=false eor=present
flap 3 peer 45 rejoin_complete_s=0.232455 eor_before_full_table=false eor=present
flap 3 peer 46 rejoin_complete_s=0.232325 eor_before_full_table=false eor=present
flap 3 peer 47 rejoin_complete_s=0.231590 eor_before_full_table=false eor=present
flap 3 peer 48 rejoin_complete_s=0.231116 eor_before_full_table=false eor=present
flap 3 peer 49 rejoin_complete_s=0.229912 eor_before_full_table=false eor=present
flap 3 rejoin_complete_s: p50=0.24 p95=0.25 max=0.25 (n=50)
converged_table_checkpoint,round=3,phase=settled,observers=50:51,unique=399828,eor=present
converged_rejoin 3 survivor_maxgap_ms: p50=111.33 p95=113.60 max=117.82 (n=650)
converged_rejoin_csv,3,700,50,400400,0.238267,0.249888,117.824000,13,429,700,0
done rss_mib=353
