[2026-09-13T23:18:57Z] reload 1 issued
[2026-09-13T23:19:06Z] reload 1 complete
[2026-09-13T23:49:06Z] reload 2 issued
[2026-09-13T23:49:16Z] reload 2 complete
[2026-09-14T00:19:16Z] reload 3 issued
[2026-09-14T00:19:27Z] reload 3 complete
[2026-09-14T00:49:27Z] reload 4 issued
[2026-09-14T00:49:36Z] reload 4 complete
[2026-09-14T01:19:36Z] reload 5 issued
[2026-09-14T01:19:46Z] reload 5 complete
[2026-09-14T01:49:47Z] reload 6 issued
[2026-09-14T01:49:57Z] reload 6 complete
[2026-09-14T02:19:57Z] reload 7 issued
[2026-09-14T02:20:09Z] reload 7 complete
[2026-09-14T02:50:08Z] reload 8 issued
[2026-09-14T02:50:19Z] reload 8 complete
[2026-09-14T03:20:19Z] trip 1 announce_over
[2026-09-14T03:20:19Z] trip 1 torn_down
[2026-09-14T03:20:20Z] trip 1 exceeded_total=1
[2026-09-14T03:20:20Z] trip 1 countdown_ms=118960 action=restart
[2026-09-14T03:22:20Z] trip 1 reestablished
[2026-09-14T03:22:20Z] trip 1 reannounced
[2026-09-14T03:22:20Z] reload 9 issued
[2026-09-14T03:22:20Z] trip 1 complete usage=400 limit=450 headroom=50
[2026-09-14T03:22:32Z] reload 9 complete
[2026-09-14T03:52:32Z] reload 10 issued
[2026-09-14T03:52:42Z] reload 10 complete
[2026-09-14T04:22:42Z] reload 11 issued
[2026-09-14T04:22:53Z] reload 11 complete
[2026-09-14T04:52:52Z] reload 12 issued
[2026-09-14T04:53:02Z] reload 12 complete
[2026-09-14T05:23:03Z] reload 13 issued
[2026-09-14T05:23:13Z] reload 13 complete
[2026-09-14T05:53:13Z] reload 14 issued
[2026-09-14T05:53:23Z] reload 14 complete
[2026-09-14T06:23:24Z] reload 15 issued
[2026-09-14T06:23:34Z] reload 15 complete
[2026-09-14T06:53:34Z] reload 16 issued
[2026-09-14T06:53:45Z] reload 16 complete
[2026-09-14T07:23:44Z] trip 2 announce_over
[2026-09-14T07:23:44Z] trip 2 torn_down
[2026-09-14T07:23:44Z] trip 2 exceeded_total=2
[2026-09-14T07:23:45Z] trip 2 countdown_ms=119444 action=restart
[2026-09-14T07:25:44Z] trip 2 reestablished
[2026-09-14T07:25:44Z] trip 2 reannounced
[2026-09-14T07:25:45Z] reload 17 issued
[2026-09-14T07:25:46Z] trip 2 complete usage=400 limit=450 headroom=50
[2026-09-14T07:25:56Z] reload 17 complete
[2026-09-14T07:55:57Z] reload 18 issued
[2026-09-14T07:56:06Z] reload 18 complete
[2026-09-14T08:26:07Z] reload 19 issued
[2026-09-14T08:26:16Z] reload 19 complete
[2026-09-14T08:56:17Z] reload 20 issued
[2026-09-14T08:56:27Z] reload 20 complete
[2026-09-14T09:26:27Z] reload 21 issued
[2026-09-14T09:26:37Z] reload 21 complete
[2026-09-14T09:56:38Z] reload 22 issued
[2026-09-14T09:56:48Z] reload 22 complete
[2026-09-14T10:26:47Z] reload 23 issued
[2026-09-14T10:26:57Z] reload 23 complete
[2026-09-14T10:56:58Z] reload 24 issued
[2026-09-14T10:57:07Z] reload 24 complete
[2026-09-14T11:27:07Z] trip 3 announce_over
[2026-09-14T11:27:07Z] trip 3 torn_down
[2026-09-14T11:27:07Z] trip 3 exceeded_total=3
[2026-09-14T11:27:07Z] trip 3 countdown_ms=119435 action=restart
[2026-09-14T11:29:07Z] trip 3 reestablished
[2026-09-14T11:29:07Z] trip 3 reannounced
[2026-09-14T11:29:08Z] reload 25 issued
[2026-09-14T11:29:08Z] trip 3 complete usage=400 limit=450 headroom=50
[2026-09-14T11:29:20Z] reload 25 complete
[2026-09-14T11:59:19Z] reload 26 issued
[2026-09-14T11:59:29Z] reload 26 complete
[2026-09-14T12:29:30Z] reload 27 issued
[2026-09-14T12:29:40Z] reload 27 complete
[2026-09-14T12:59:40Z] reload 28 issued
[2026-09-14T12:59:51Z] reload 28 complete
[2026-09-14T13:29:50Z] reload 29 issued
[2026-09-14T13:30:00Z] reload 29 complete
[2026-09-14T14:00:01Z] reload 30 issued
[2026-09-14T14:00:11Z] reload 30 complete
[2026-09-14T14:30:11Z] reload 31 issued
[2026-09-14T14:30:22Z] reload 31 complete
[2026-09-14T15:00:22Z] reload 32 issued
[2026-09-14T15:00:32Z] reload 32 complete
[2026-09-14T15:30:32Z] trip 4 announce_over
[2026-09-14T15:30:32Z] trip 4 torn_down
[2026-09-14T15:30:33Z] trip 4 exceeded_total=4
[2026-09-14T15:30:33Z] trip 4 countdown_ms=118929 action=restart
[2026-09-14T15:32:33Z] trip 4 reestablished
[2026-09-14T15:32:33Z] trip 4 reannounced
[2026-09-14T15:32:33Z] reload 33 issued
[2026-09-14T15:32:33Z] trip 4 complete usage=400 limit=450 headroom=50
[2026-09-14T15:32:44Z] reload 33 complete
[2026-09-14T16:02:43Z] reload 34 issued
[2026-09-14T16:02:54Z] reload 34 complete
[2026-09-14T16:32:54Z] reload 35 issued
[2026-09-14T16:33:05Z] reload 35 complete
[2026-09-14T17:03:05Z] reload 36 issued
[2026-09-14T17:03:14Z] reload 36 complete
[2026-09-14T17:33:15Z] reload 37 issued
[2026-09-14T17:33:26Z] reload 37 complete
[2026-09-14T18:03:26Z] reload 38 issued
[2026-09-14T18:03:36Z] reload 38 complete
[2026-09-14T18:33:36Z] reload 39 issued
[2026-09-14T18:33:46Z] reload 39 complete
[2026-09-14T19:03:46Z] reload 40 issued
[2026-09-14T19:03:56Z] reload 40 complete
[2026-09-14T19:33:56Z] trip 5 announce_over
[2026-09-14T19:33:56Z] trip 5 torn_down
[2026-09-14T19:33:57Z] trip 5 exceeded_total=5
[2026-09-14T19:33:57Z] trip 5 countdown_ms=119046 action=restart
[2026-09-14T19:35:57Z] trip 5 reestablished
[2026-09-14T19:35:57Z] trip 5 reannounced
[2026-09-14T19:35:57Z] reload 41 issued
[2026-09-14T19:35:57Z] trip 5 complete usage=400 limit=450 headroom=50
[2026-09-14T19:36:09Z] reload 41 complete
[2026-09-14T20:06:09Z] reload 42 issued
[2026-09-14T20:06:19Z] reload 42 complete
[2026-09-14T20:36:20Z] reload 43 issued
[2026-09-14T20:36:30Z] reload 43 complete
[2026-09-14T21:06:31Z] reload 44 issued
[2026-09-14T21:06:41Z] reload 44 complete
[2026-09-14T21:36:40Z] reload 45 issued
[2026-09-14T21:36:51Z] reload 45 complete
[2026-09-14T22:06:50Z] reload 46 issued
[2026-09-14T22:07:01Z] reload 46 complete
[2026-09-14T22:37:02Z] reload 47 issued
[2026-09-14T22:37:12Z] reload 47 complete
[2026-09-14T23:07:12Z] reload 48 issued
[2026-09-14T23:07:23Z] reload 48 complete
[2026-09-14T23:37:22Z] trip 6 announce_over
[2026-09-14T23:37:22Z] trip 6 torn_down
[2026-09-14T23:37:22Z] trip 6 exceeded_total=6
[2026-09-14T23:37:22Z] trip 6 countdown_ms=119708 action=restart
[2026-09-14T23:39:22Z] trip 6 reestablished
[2026-09-14T23:39:22Z] trip 6 reannounced
[2026-09-14T23:39:23Z] trip 6 complete usage=400 limit=450 headroom=50
