[2026-09-29T09:41:54Z] reload 1 issued
[2026-09-29T09:42:01Z] reload 1 complete
[2026-09-29T10:12:02Z] reload 2 issued
[2026-09-29T10:12:09Z] reload 2 complete
[2026-09-29T10:42:10Z] reload 3 issued
[2026-09-29T10:42:18Z] reload 3 complete
[2026-09-29T11:12:18Z] reload 4 issued
[2026-09-29T11:12:26Z] reload 4 complete
[2026-09-29T11:42:26Z] reload 5 issued
[2026-09-29T11:42:34Z] reload 5 complete
[2026-09-29T12:12:35Z] reload 6 issued
[2026-09-29T12:12:43Z] reload 6 complete
[2026-09-29T12:42:43Z] reload 7 issued
[2026-09-29T12:42:51Z] reload 7 complete
[2026-09-29T13:12:51Z] reload 8 issued
[2026-09-29T13:13:00Z] reload 8 complete
[2026-09-29T13:43:00Z] trip 1 announce_over
[2026-09-29T13:43:00Z] trip 1 torn_down
[2026-09-29T13:43:01Z] trip 1 exceeded_total=1
[2026-09-29T13:43:01Z] trip 1 countdown_ms=118873 action=restart
[2026-09-29T13:45:00Z] trip 1 reestablished
[2026-09-29T13:45:00Z] trip 1 reannounced
[2026-09-29T13:45:00Z] reload 9 issued
[2026-09-29T13:45:01Z] trip 1 complete usage=400 limit=450 headroom=50
[2026-09-29T13:45:09Z] reload 9 complete
[2026-09-29T14:15:09Z] reload 10 issued
[2026-09-29T14:15:17Z] reload 10 complete
[2026-09-29T14:45:18Z] reload 11 issued
[2026-09-29T14:45:27Z] reload 11 complete
[2026-09-29T15:15:27Z] reload 12 issued
[2026-09-29T15:15:35Z] reload 12 complete
[2026-09-29T15:45:35Z] reload 13 issued
[2026-09-29T15:45:43Z] reload 13 complete
[2026-09-29T16:15:43Z] reload 14 issued
[2026-09-29T16:15:51Z] reload 14 complete
[2026-09-29T16:45:52Z] reload 15 issued
[2026-09-29T16:46:00Z] reload 15 complete
[2026-09-29T17:16:00Z] reload 16 issued
[2026-09-29T17:16:09Z] reload 16 complete
[2026-09-29T17:46:09Z] trip 2 announce_over
[2026-09-29T17:46:09Z] trip 2 torn_down
[2026-09-29T17:46:09Z] trip 2 exceeded_total=2
[2026-09-29T17:46:09Z] trip 2 countdown_ms=119587 action=restart
[2026-09-29T17:48:09Z] trip 2 reestablished
[2026-09-29T17:48:09Z] trip 2 reannounced
[2026-09-29T17:48:10Z] reload 17 issued
[2026-09-29T17:48:10Z] trip 2 complete usage=400 limit=450 headroom=50
[2026-09-29T17:48:18Z] reload 17 complete
[2026-09-29T18:18:18Z] reload 18 issued
[2026-09-29T18:18:26Z] reload 18 complete
[2026-09-29T18:48:26Z] reload 19 issued
[2026-09-29T18:48:35Z] reload 19 complete
[2026-09-29T19:18:34Z] reload 20 issued
[2026-09-29T19:18:43Z] reload 20 complete
[2026-09-29T19:48:42Z] reload 21 issued
[2026-09-29T19:48:50Z] reload 21 complete
[2026-09-29T20:18:51Z] reload 22 issued
[2026-09-29T20:18:59Z] reload 22 complete
[2026-09-29T20:48:59Z] reload 23 issued
[2026-09-29T20:49:07Z] reload 23 complete
[2026-09-29T21:19:07Z] reload 24 issued
[2026-09-29T21:19:16Z] reload 24 complete
[2026-09-29T21:49:15Z] trip 3 announce_over
[2026-09-29T21:49:15Z] trip 3 torn_down
[2026-09-29T21:49:16Z] trip 3 exceeded_total=3
[2026-09-29T21:49:16Z] trip 3 countdown_ms=119702 action=restart
[2026-09-29T21:51:16Z] trip 3 reestablished
[2026-09-29T21:51:16Z] trip 3 reannounced
[2026-09-29T21:51:16Z] reload 25 issued
[2026-09-29T21:51:17Z] trip 3 complete usage=400 limit=450 headroom=50
[2026-09-29T21:51:25Z] reload 25 complete
[2026-09-29T22:21:24Z] reload 26 issued
[2026-09-29T22:21:32Z] reload 26 complete
[2026-09-29T22:51:33Z] reload 27 issued
[2026-09-29T22:51:41Z] reload 27 complete
[2026-09-29T23:21:42Z] reload 28 issued
[2026-09-29T23:21:49Z] reload 28 complete
[2026-09-29T23:51:49Z] reload 29 issued
[2026-09-29T23:51:57Z] reload 29 complete
[2026-09-30T00:21:58Z] reload 30 issued
[2026-09-30T00:22:05Z] reload 30 complete
[2026-09-30T00:52:06Z] reload 31 issued
[2026-09-30T00:52:14Z] reload 31 complete
[2026-09-30T01:22:14Z] reload 32 issued
[2026-09-30T01:22:23Z] reload 32 complete
[2026-09-30T01:52:22Z] trip 4 announce_over
[2026-09-30T01:52:22Z] trip 4 exceeded_total=4
[2026-09-30T01:52:22Z] trip 4 countdown_ms=119773 action=restart
[2026-09-30T01:52:23Z] trip 4 torn_down
[2026-09-30T01:54:23Z] trip 4 reestablished
[2026-09-30T01:54:23Z] trip 4 reannounced
[2026-09-30T01:54:23Z] reload 33 issued
[2026-09-30T01:54:23Z] trip 4 complete usage=400 limit=450 headroom=50
[2026-09-30T01:54:30Z] reload 33 complete
[2026-09-30T02:24:30Z] reload 34 issued
[2026-09-30T02:24:38Z] reload 34 complete
[2026-09-30T02:54:39Z] reload 35 issued
[2026-09-30T02:54:46Z] reload 35 complete
[2026-09-30T03:24:47Z] reload 36 issued
[2026-09-30T03:24:55Z] reload 36 complete
[2026-09-30T03:54:54Z] reload 37 issued
[2026-09-30T03:55:03Z] reload 37 complete
[2026-09-30T04:25:03Z] reload 38 issued
[2026-09-30T04:25:12Z] reload 38 complete
[2026-09-30T04:55:11Z] reload 39 issued
[2026-09-30T04:55:19Z] reload 39 complete
[2026-09-30T05:25:20Z] reload 40 issued
[2026-09-30T05:25:27Z] reload 40 complete
[2026-09-30T05:55:27Z] trip 5 announce_over
[2026-09-30T05:55:27Z] trip 5 exceeded_total=5
[2026-09-30T05:55:27Z] trip 5 countdown_ms=119768 action=restart
[2026-09-30T05:55:28Z] trip 5 torn_down
[2026-09-30T05:57:28Z] trip 5 reestablished
[2026-09-30T05:57:28Z] trip 5 reannounced
[2026-09-30T05:57:28Z] reload 41 issued
[2026-09-30T05:57:28Z] trip 5 complete usage=400 limit=450 headroom=50
[2026-09-30T05:57:36Z] reload 41 complete
[2026-09-30T06:27:36Z] reload 42 issued
[2026-09-30T06:27:44Z] reload 42 complete
[2026-09-30T06:57:44Z] reload 43 issued
[2026-09-30T06:57:52Z] reload 43 complete
[2026-09-30T07:27:52Z] reload 44 issued
[2026-09-30T07:28:00Z] reload 44 complete
[2026-09-30T07:57:59Z] reload 45 issued
[2026-09-30T07:58:09Z] reload 45 complete
[2026-09-30T08:28:09Z] reload 46 issued
[2026-09-30T08:28:17Z] reload 46 complete
[2026-09-30T08:58:17Z] reload 47 issued
[2026-09-30T08:58:25Z] reload 47 complete
[2026-09-30T09:28:26Z] reload 48 issued
[2026-09-30T09:28:34Z] reload 48 complete
[2026-09-30T09:58:33Z] trip 6 announce_over
[2026-09-30T09:58:33Z] trip 6 torn_down
[2026-09-30T09:58:33Z] trip 6 exceeded_total=6
[2026-09-30T09:58:33Z] trip 6 countdown_ms=119533 action=restart
[2026-09-30T10:00:34Z] trip 6 reestablished
[2026-09-30T10:00:34Z] trip 6 reannounced
[2026-09-30T10:00:34Z] trip 6 complete usage=400 limit=450 headroom=50
