# reloadstall peers=1000 changed_peers=1000 stable_peers=0 prefixes=400000 per_peer=400 pid=3200222
established 1000 at 2.1s
establishment transport_retries=0 recovered_peers=0
first_exact_bitmap,mode=reload,peers=1000,total=400000,per_peer=400,expected=399600,completed=1000,min_unique=399600,max_unique=399600
converged (>= 399600/observer) at 9.7s rss_mib=443
control_maxgap_ms: p50=195.90 p95=197.39 max=224.94 (n=1000)
control_rss_mib 542
reloadstall_csv_header,reload,peers_total,peers_changed,peers_stable,prefixes,completion_p50_s,completion_p95_s,completion_max_s,changed_maxgap_p50_ms,changed_maxgap_p95_ms,changed_maxgap_max_ms,all_observer_maxgap_p50_ms,all_observer_maxgap_p95_ms,all_observer_maxgap_max_ms,changed_first_generation_update_p50_ms,changed_first_generation_update_p95_ms,changed_first_generation_update_max_ms,rss_before_mib,rss_after_mib,stable_marker_peers,sessions_up,parse_errors
trip_csv_header,trip,peers_total,teardown_s,withdraw_s,holddown_s,reannounce_s,rss_mib,sessions_up,parse_errors
reload 1 SIGHUP wall_us=1790674914050027 policy=/tmp/rsfs.RvfvcK/gen-b.rpol
reload 1 daemon_applied complete_before=0 complete_after=1
reload 1 completion_s: p50=6.05 p95=7.39 max=7.55 (n=1000)
reload 1 maxgap_ms: p50=1902.57 p95=3825.62 max=5502.83 (n=1000)
reload 1 all_observer_maxgap_ms: p50=1906.60 p95=3825.62 max=5502.83 (n=1000)
reload 1 changed_first_generation_update_ms: p50=3491.68 p95=5495.94 max=7383.17 (n=1000)
reload 1 rss_mib before=540 after=544 comms_sample=[4286056400]
reload 1 sessions_up 1000/1000
reload 1 stable_marker_peers 0/0
reload 1 withdrawals: v4 named 0/0 v6 named 0/0 leaked=0 bystander=0 stable=0 duplicate=0
reloadstall_csv,1,1000,1000,0,400000,6.048905,7.391231,7.547410,1902.570,3825.616,5502.831,1906.598,3825.616,5502.831,3491.677,5495.944,7383.171,540,544,0,1000,0
reload 2 SIGHUP wall_us=1790676721849324 policy=/tmp/rsfs.RvfvcK/gen-a.rpol
reload 2 daemon_applied complete_before=1 complete_after=2
reload 2 completion_s: p50=5.41 p95=6.86 max=7.01 (n=1000)
reload 2 maxgap_ms: p50=2323.96 p95=5069.95 max=5410.05 (n=1000)
reload 2 all_observer_maxgap_ms: p50=2323.96 p95=5069.95 max=5410.05 (n=1000)
reload 2 changed_first_generation_update_ms: p50=3147.01 p95=6612.81 max=6944.06 (n=1000)
reload 2 rss_mib before=554 after=550 comms_sample=[4286055400]
reload 2 sessions_up 1000/1000
reload 2 stable_marker_peers 0/0
reload 2 withdrawals: v4 named 0/0 v6 named 0/0 leaked=0 bystander=0 stable=0 duplicate=0
reloadstall_csv,2,1000,1000,0,400000,5.411075,6.864656,7.012819,2323.960,5069.952,5410.053,2323.960,5069.952,5410.053,3147.011,6612.815,6944.057,554,550,0,1000,0
reload 3 SIGHUP wall_us=1790678529727955 policy=/tmp/rsfs.RvfvcK/gen-b.rpol
reload 3 daemon_applied complete_before=2 complete_after=3
reload 3 completion_s: p50=5.75 p95=7.02 max=7.71 (n=1000)
reload 3 maxgap_ms: p50=2599.79 p95=4830.59 max=5341.77 (n=1000)
reload 3 all_observer_maxgap_ms: p50=2630.76 p95=4830.59 max=5341.77 (n=1000)
reload 3 changed_first_generation_update_ms: p50=3371.14 p95=6587.40 max=7097.26 (n=1000)
reload 3 rss_mib before=521 after=568 comms_sample=[4286056400]
reload 3 sessions_up 1000/1000
reload 3 stable_marker_peers 0/0
reload 3 withdrawals: v4 named 0/0 v6 named 0/0 leaked=0 bystander=0 stable=0 duplicate=0
reloadstall_csv,3,1000,1000,0,400000,5.750121,7.016525,7.711966,2599.792,4830.588,5341.775,2630.765,4830.588,5341.775,3371.139,6587.405,7097.258,521,568,0,1000,0
reload 4 SIGHUP wall_us=1790680338292849 policy=/tmp/rsfs.RvfvcK/gen-a.rpol
reload 4 daemon_applied complete_before=3 complete_after=4
reload 4 completion_s: p50=5.52 p95=6.89 max=7.04 (n=1000)
reload 4 maxgap_ms: p50=2700.63 p95=4994.19 max=5340.27 (n=1000)
reload 4 all_observer_maxgap_ms: p50=2722.43 p95=4994.19 max=5340.27 (n=1000)
reload 4 changed_first_generation_update_ms: p50=3307.29 p95=6634.80 max=6984.93 (n=1000)
reload 4 rss_mib before=556 after=550 comms_sample=[4286055400]
reload 4 sessions_up 1000/1000
reload 4 stable_marker_peers 0/0
reload 4 withdrawals: v4 named 0/0 v6 named 0/0 leaked=0 bystander=0 stable=0 duplicate=0
reloadstall_csv,4,1000,1000,0,400000,5.523816,6.893348,7.036141,2700.628,4994.189,5340.272,2722.430,4994.189,5340.272,3307.289,6634.801,6984.928,556,550,0,1000,0
reload 5 SIGHUP wall_us=1790682146284192 policy=/tmp/rsfs.RvfvcK/gen-b.rpol
reload 5 daemon_applied complete_before=4 complete_after=5
reload 5 completion_s: p50=5.75 p95=6.96 max=7.56 (n=1000)
reload 5 maxgap_ms: p50=2754.62 p95=4457.91 max=5399.15 (n=1000)
reload 5 all_observer_maxgap_ms: p50=2754.62 p95=4457.91 max=5399.15 (n=1000)
reload 5 changed_first_generation_update_ms: p50=3376.84 p95=6095.56 max=7033.38 (n=1000)
reload 5 rss_mib before=538 after=543 comms_sample=[4286056400]
reload 5 sessions_up 1000/1000
reload 5 stable_marker_peers 0/0
reload 5 withdrawals: v4 named 0/0 v6 named 0/0 leaked=0 bystander=0 stable=0 duplicate=0
reloadstall_csv,5,1000,1000,0,400000,5.754192,6.963710,7.561847,2754.618,4457.914,5399.147,2754.618,4457.914,5399.147,3376.840,6095.563,7033.379,538,543,0,1000,0
reload 6 SIGHUP wall_us=1790683954728175 policy=/tmp/rsfs.RvfvcK/gen-a.rpol
reload 6 daemon_applied complete_before=5 complete_after=6
reload 6 completion_s: p50=5.36 p95=6.71 max=7.50 (n=1000)
reload 6 maxgap_ms: p50=2382.73 p95=4386.02 max=5169.11 (n=1000)
reload 6 all_observer_maxgap_ms: p50=2382.73 p95=4386.02 max=5169.11 (n=1000)
reload 6 changed_first_generation_update_ms: p50=3263.51 p95=5943.18 max=6734.04 (n=1000)
reload 6 rss_mib before=561 after=523 comms_sample=[4286055400]
reload 6 sessions_up 1000/1000
reload 6 stable_marker_peers 0/0
reload 6 withdrawals: v4 named 0/0 v6 named 0/0 leaked=0 bystander=0 stable=0 duplicate=0
reloadstall_csv,6,1000,1000,0,400000,5.361499,6.705832,7.495463,2382.731,4386.022,5169.113,2382.731,4386.022,5169.113,3263.513,5943.179,6734.037,561,523,0,1000,0
reload 7 SIGHUP wall_us=1790685763048053 policy=/tmp/rsfs.RvfvcK/gen-b.rpol
reload 7 daemon_applied complete_before=6 complete_after=7
reload 7 completion_s: p50=5.33 p95=6.90 max=7.67 (n=1000)
reload 7 maxgap_ms: p50=2423.32 p95=5070.96 max=5350.90 (n=1000)
reload 7 all_observer_maxgap_ms: p50=2428.11 p95=5070.96 max=5350.90 (n=1000)
reload 7 changed_first_generation_update_ms: p50=3237.95 p95=6722.27 max=6998.26 (n=1000)
reload 7 rss_mib before=545 after=542 comms_sample=[4286056400]
reload 7 sessions_up 1000/1000
reload 7 stable_marker_peers 0/0
reload 7 withdrawals: v4 named 0/0 v6 named 0/0 leaked=0 bystander=0 stable=0 duplicate=0
reloadstall_csv,7,1000,1000,0,400000,5.330702,6.895137,7.671980,2423.320,5070.963,5350.895,2428.113,5070.963,5350.895,3237.955,6722.275,6998.259,545,542,0,1000,0
reload 8 SIGHUP wall_us=1790687571702983 policy=/tmp/rsfs.RvfvcK/gen-a.rpol
reload 8 daemon_applied complete_before=7 complete_after=8
reload 8 completion_s: p50=5.42 p95=6.90 max=7.68 (n=1000)
reload 8 maxgap_ms: p50=2356.95 p95=4375.21 max=5302.26 (n=1000)
reload 8 all_observer_maxgap_ms: p50=2391.64 p95=4375.21 max=5302.26 (n=1000)
reload 8 changed_first_generation_update_ms: p50=3356.80 p95=6057.75 max=6970.25 (n=1000)
reload 8 rss_mib before=529 after=561 comms_sample=[4286055400]
reload 8 sessions_up 1000/1000
reload 8 stable_marker_peers 0/0
reload 8 withdrawals: v4 named 0/0 v6 named 0/0 leaked=0 bystander=0 stable=0 duplicate=0
reloadstall_csv,8,1000,1000,0,400000,5.416518,6.903038,7.676751,2356.950,4375.208,5302.258,2391.645,4375.208,5302.258,3356.803,6057.751,6970.247,529,561,0,1000,0
trip 1 announce_over wall_us=1790689380039023 member=0 prefixes=64
trip 1 torn_down wall_us=1790689380091392 after_s=0.052
trip 1 reconnect transport_retries=0 recovered_peers=0
trip 1 reestablished wall_us=1790689500212502 holddown_s=120.121
trip 1 reannounced wall_us=1790689500212552
trip_csv,1,1000,0.052,0.000,120.121,0.039,539,1000,0
trip 1 complete wall_us=1790689500314294 rss_mib=539
reload 9 SIGHUP wall_us=1790689500529136 policy=/tmp/rsfs.RvfvcK/gen-b.rpol
reload 9 daemon_applied complete_before=8 complete_after=9
reload 9 completion_s: p50=6.05 p95=7.30 max=7.44 (n=1000)
reload 9 maxgap_ms: p50=2585.15 p95=4418.22 max=5158.92 (n=1000)
reload 9 all_observer_maxgap_ms: p50=2585.15 p95=4418.22 max=5158.92 (n=1000)
reload 9 changed_first_generation_update_ms: p50=3830.34 p95=6580.46 max=7319.54 (n=1000)
reload 9 rss_mib before=596 after=545 comms_sample=[4286056400]
reload 9 sessions_up 1000/1000
reload 9 stable_marker_peers 0/0
reload 9 withdrawals: v4 named 0/0 v6 named 0/0 leaked=0 bystander=0 stable=0 duplicate=0
reloadstall_csv,9,1000,1000,0,400000,6.045487,7.300831,7.441151,2585.151,4418.217,5158.924,2585.151,4418.217,5158.924,3830.345,6580.459,7319.538,596,545,0,1000,0
reload 10 SIGHUP wall_us=1790691308897718 policy=/tmp/rsfs.RvfvcK/gen-a.rpol
reload 10 daemon_applied complete_before=9 complete_after=10
reload 10 completion_s: p50=5.28 p95=6.84 max=7.68 (n=1000)
reload 10 maxgap_ms: p50=2765.87 p95=4980.98 max=5491.45 (n=1000)
reload 10 all_observer_maxgap_ms: p50=2780.00 p95=4980.98 max=5491.45 (n=1000)
reload 10 changed_first_generation_update_ms: p50=3227.20 p95=6401.98 max=6901.75 (n=1000)
reload 10 rss_mib before=552 after=529 comms_sample=[4286055400]
reload 10 sessions_up 1000/1000
reload 10 stable_marker_peers 0/0
reload 10 withdrawals: v4 named 0/0 v6 named 0/0 leaked=0 bystander=0 stable=0 duplicate=0
reloadstall_csv,10,1000,1000,0,400000,5.279226,6.840985,7.678521,2765.868,4980.979,5491.455,2779.996,4980.979,5491.455,3227.195,6401.978,6901.746,552,529,0,1000,0
reload 11 SIGHUP wall_us=1790693117723184 policy=/tmp/rsfs.RvfvcK/gen-b.rpol
reload 11 daemon_applied complete_before=10 complete_after=11
reload 11 completion_s: p50=5.56 p95=6.90 max=7.76 (n=1000)
reload 11 maxgap_ms: p50=2663.78 p95=4757.92 max=5293.49 (n=1000)
reload 11 all_observer_maxgap_ms: p50=2665.43 p95=4757.92 max=5293.49 (n=1000)
reload 11 changed_first_generation_update_ms: p50=3401.16 p95=6402.42 max=6938.62 (n=1000)
reload 11 rss_mib before=516 after=545 comms_sample=[4286056400]
reload 11 sessions_up 1000/1000
reload 11 stable_marker_peers 0/0
reload 11 withdrawals: v4 named 0/0 v6 named 0/0 leaked=0 bystander=0 stable=0 duplicate=0
reloadstall_csv,11,1000,1000,0,400000,5.555831,6.897726,7.761113,2663.779,4757.922,5293.491,2665.433,4757.922,5293.491,3401.158,6402.418,6938.617,516,545,0,1000,0
reload 12 SIGHUP wall_us=1790694926343446 policy=/tmp/rsfs.RvfvcK/gen-a.rpol
reload 12 daemon_applied complete_before=11 complete_after=12
reload 12 completion_s: p50=5.63 p95=7.06 max=7.85 (n=1000)
reload 12 maxgap_ms: p50=2725.31 p95=4771.74 max=5326.38 (n=1000)
reload 12 all_observer_maxgap_ms: p50=2771.29 p95=4771.74 max=5326.38 (n=1000)
reload 12 changed_first_generation_update_ms: p50=3517.79 p95=6566.17 max=7121.89 (n=1000)
reload 12 rss_mib before=558 after=551 comms_sample=[4286055400]
reload 12 sessions_up 1000/1000
reload 12 stable_marker_peers 0/0
reload 12 withdrawals: v4 named 0/0 v6 named 0/0 leaked=0 bystander=0 stable=0 duplicate=0
reloadstall_csv,12,1000,1000,0,400000,5.627840,7.061686,7.846870,2725.308,4771.744,5326.381,2771.290,4771.744,5326.381,3517.787,6566.172,7121.893,558,551,0,1000,0
reload 13 SIGHUP wall_us=1790696735068531 policy=/tmp/rsfs.RvfvcK/gen-b.rpol
reload 13 daemon_applied complete_before=12 complete_after=13
reload 13 completion_s: p50=5.33 p95=6.92 max=7.70 (n=1000)
reload 13 maxgap_ms: p50=2714.54 p95=4639.42 max=5156.66 (n=1000)
reload 13 all_observer_maxgap_ms: p50=2758.93 p95=4639.42 max=5156.66 (n=1000)
reload 13 changed_first_generation_update_ms: p50=3545.80 p95=6424.41 max=6944.63 (n=1000)
reload 13 rss_mib before=562 after=546 comms_sample=[4286056400]
reload 13 sessions_up 1000/1000
reload 13 stable_marker_peers 0/0
reload 13 withdrawals: v4 named 0/0 v6 named 0/0 leaked=0 bystander=0 stable=0 duplicate=0
reloadstall_csv,13,1000,1000,0,400000,5.328005,6.920379,7.697684,2714.539,4639.416,5156.658,2758.929,4639.416,5156.658,3545.798,6424.414,6944.628,562,546,0,1000,0
reload 14 SIGHUP wall_us=1790698543471930 policy=/tmp/rsfs.RvfvcK/gen-a.rpol
reload 14 daemon_applied complete_before=13 complete_after=14
reload 14 completion_s: p50=5.36 p95=6.87 max=7.73 (n=1000)
reload 14 maxgap_ms: p50=2630.25 p95=4567.87 max=5330.17 (n=1000)
reload 14 all_observer_maxgap_ms: p50=2640.95 p95=4567.87 max=5330.17 (n=1000)
reload 14 changed_first_generation_update_ms: p50=3148.15 p95=6154.20 max=6917.47 (n=1000)
reload 14 rss_mib before=522 after=543 comms_sample=[4286055400]
reload 14 sessions_up 1000/1000
reload 14 stable_marker_peers 0/0
reload 14 withdrawals: v4 named 0/0 v6 named 0/0 leaked=0 bystander=0 stable=0 duplicate=0
reloadstall_csv,14,1000,1000,0,400000,5.359991,6.865673,7.727454,2630.253,4567.873,5330.170,2640.950,4567.873,5330.170,3148.147,6154.198,6917.470,522,543,0,1000,0
reload 15 SIGHUP wall_us=1790700352139240 policy=/tmp/rsfs.RvfvcK/gen-b.rpol
reload 15 daemon_applied complete_before=14 complete_after=15
reload 15 completion_s: p50=5.40 p95=7.17 max=7.32 (n=1000)
reload 15 maxgap_ms: p50=2787.93 p95=5072.81 max=5581.59 (n=1000)
reload 15 all_observer_maxgap_ms: p50=2844.63 p95=5072.81 max=5581.59 (n=1000)
reload 15 changed_first_generation_update_ms: p50=3501.41 p95=6717.66 max=7226.81 (n=1000)
reload 15 rss_mib before=543 after=576 comms_sample=[4286056400]
reload 15 sessions_up 1000/1000
reload 15 stable_marker_peers 0/0
reload 15 withdrawals: v4 named 0/0 v6 named 0/0 leaked=0 bystander=0 stable=0 duplicate=0
reloadstall_csv,15,1000,1000,0,400000,5.396283,7.172183,7.319617,2787.933,5072.812,5581.585,2844.633,5072.812,5581.585,3501.406,6717.662,7226.805,543,576,0,1000,0
reload 16 SIGHUP wall_us=1790702160389986 policy=/tmp/rsfs.RvfvcK/gen-a.rpol
reload 16 daemon_applied complete_before=15 complete_after=16
reload 16 completion_s: p50=5.40 p95=6.91 max=7.66 (n=1000)
reload 16 maxgap_ms: p50=2255.67 p95=4292.82 max=5335.33 (n=1000)
reload 16 all_observer_maxgap_ms: p50=2257.95 p95=4292.82 max=5335.33 (n=1000)
reload 16 changed_first_generation_update_ms: p50=3141.37 p95=5934.74 max=6973.42 (n=1000)
reload 16 rss_mib before=549 after=566 comms_sample=[4286055400]
reload 16 sessions_up 1000/1000
reload 16 stable_marker_peers 0/0
reload 16 withdrawals: v4 named 0/0 v6 named 0/0 leaked=0 bystander=0 stable=0 duplicate=0
reloadstall_csv,16,1000,1000,0,400000,5.404672,6.906419,7.655113,2255.670,4292.825,5335.326,2257.948,4292.825,5335.326,3141.372,5934.742,6973.418,549,566,0,1000,0
trip 2 announce_over wall_us=1790703968908485 member=0 prefixes=64
trip 2 torn_down wall_us=1790703968959428 after_s=0.051
trip 2 reconnect transport_retries=0 recovered_peers=0
trip 2 reestablished wall_us=1790704089080143 holddown_s=120.121
trip 2 reannounced wall_us=1790704089080198
trip_csv,2,1000,0.051,0.000,120.121,0.024,536,1000,0
trip 2 complete wall_us=1790704089181745 rss_mib=536
reload 17 SIGHUP wall_us=1790704089399009 policy=/tmp/rsfs.RvfvcK/gen-b.rpol
reload 17 daemon_applied complete_before=16 complete_after=17
reload 17 completion_s: p50=6.25 p95=7.59 max=7.72 (n=1000)
reload 17 maxgap_ms: p50=2799.00 p95=5011.27 max=5392.57 (n=1000)
reload 17 all_observer_maxgap_ms: p50=2803.86 p95=5011.27 max=5392.57 (n=1000)
reload 17 changed_first_generation_update_ms: p50=4228.20 p95=7291.60 max=7673.26 (n=1000)
reload 17 rss_mib before=582 after=551 comms_sample=[4286056400]
reload 17 sessions_up 1000/1000
reload 17 stable_marker_peers 0/0
reload 17 withdrawals: v4 named 0/0 v6 named 0/0 leaked=0 bystander=0 stable=0 duplicate=0
reloadstall_csv,17,1000,1000,0,400000,6.245504,7.593230,7.715347,2799.000,5011.266,5392.574,2803.863,5011.266,5392.574,4228.205,7291.595,7673.264,582,551,0,1000,0
reload 18 SIGHUP wall_us=1790705898056164 policy=/tmp/rsfs.RvfvcK/gen-a.rpol
reload 18 daemon_applied complete_before=17 complete_after=18
reload 18 completion_s: p50=5.55 p95=6.68 max=7.33 (n=1000)
reload 18 maxgap_ms: p50=2382.97 p95=4433.39 max=5053.13 (n=1000)
reload 18 all_observer_maxgap_ms: p50=2443.35 p95=4433.39 max=5053.13 (n=1000)
reload 18 changed_first_generation_update_ms: p50=3220.44 p95=6091.52 max=6709.33 (n=1000)
reload 18 rss_mib before=557 after=561 comms_sample=[4286055400]
reload 18 sessions_up 1000/1000
reload 18 stable_marker_peers 0/0
reload 18 withdrawals: v4 named 0/0 v6 named 0/0 leaked=0 bystander=0 stable=0 duplicate=0
reloadstall_csv,18,1000,1000,0,400000,5.548029,6.680561,7.332209,2382.971,4433.392,5053.127,2443.354,4433.392,5053.127,3220.438,6091.515,6709.327,557,561,0,1000,0
reload 19 SIGHUP wall_us=1790707706208297 policy=/tmp/rsfs.RvfvcK/gen-b.rpol
reload 19 daemon_applied complete_before=18 complete_after=19
reload 19 completion_s: p50=5.49 p95=6.87 max=7.44 (n=1000)
reload 19 maxgap_ms: p50=2329.73 p95=4770.26 max=5332.13 (n=1000)
reload 19 all_observer_maxgap_ms: p50=2329.73 p95=4770.26 max=5332.13 (n=1000)
reload 19 changed_first_generation_update_ms: p50=3142.21 p95=6378.12 max=6945.87 (n=1000)
reload 19 rss_mib before=545 after=570 comms_sample=[4286056400]
reload 19 sessions_up 1000/1000
reload 19 stable_marker_peers 0/0
reload 19 withdrawals: v4 named 0/0 v6 named 0/0 leaked=0 bystander=0 stable=0 duplicate=0
reloadstall_csv,19,1000,1000,0,400000,5.488061,6.867538,7.443423,2329.732,4770.257,5332.130,2329.732,4770.257,5332.130,3142.210,6378.121,6945.870,545,570,0,1000,0
reload 20 SIGHUP wall_us=1790709514466101 policy=/tmp/rsfs.RvfvcK/gen-a.rpol
reload 20 daemon_applied complete_before=19 complete_after=20
reload 20 completion_s: p50=5.45 p95=6.97 max=7.14 (n=1000)
reload 20 maxgap_ms: p50=2626.70 p95=4741.19 max=5225.14 (n=1000)
reload 20 all_observer_maxgap_ms: p50=2628.77 p95=4741.19 max=5225.14 (n=1000)
reload 20 changed_first_generation_update_ms: p50=3466.50 p95=6553.90 max=7040.11 (n=1000)
reload 20 rss_mib before=521 after=536 comms_sample=[4286055400]
reload 20 sessions_up 1000/1000
reload 20 stable_marker_peers 0/0
reload 20 withdrawals: v4 named 0/0 v6 named 0/0 leaked=0 bystander=0 stable=0 duplicate=0
reloadstall_csv,20,1000,1000,0,400000,5.448110,6.969552,7.137361,2626.701,4741.189,5225.144,2628.773,4741.189,5225.144,3466.501,6553.905,7040.107,521,536,0,1000,0
reload 21 SIGHUP wall_us=1790711322550939 policy=/tmp/rsfs.RvfvcK/gen-b.rpol
reload 21 daemon_applied complete_before=20 complete_after=21
reload 21 completion_s: p50=5.46 p95=6.97 max=7.11 (n=1000)
reload 21 maxgap_ms: p50=2795.73 p95=4785.67 max=5289.85 (n=1000)
reload 21 all_observer_maxgap_ms: p50=2836.82 p95=4785.67 max=5289.85 (n=1000)
reload 21 changed_first_generation_update_ms: p50=3614.70 p95=6548.09 max=7045.50 (n=1000)
reload 21 rss_mib before=547 after=563 comms_sample=[4286056400]
reload 21 sessions_up 1000/1000
reload 21 stable_marker_peers 0/0
reload 21 withdrawals: v4 named 0/0 v6 named 0/0 leaked=0 bystander=0 stable=0 duplicate=0
reloadstall_csv,21,1000,1000,0,400000,5.460317,6.969547,7.113798,2795.729,4785.673,5289.847,2836.820,4785.673,5289.847,3614.703,6548.094,7045.501,547,563,0,1000,0
reload 22 SIGHUP wall_us=1790713130690265 policy=/tmp/rsfs.RvfvcK/gen-a.rpol
reload 22 daemon_applied complete_before=21 complete_after=22
reload 22 completion_s: p50=5.24 p95=6.65 max=7.48 (n=1000)
reload 22 maxgap_ms: p50=2626.47 p95=4728.67 max=5175.74 (n=1000)
reload 22 all_observer_maxgap_ms: p50=2626.47 p95=4728.67 max=5175.74 (n=1000)
reload 22 changed_first_generation_update_ms: p50=3156.89 p95=6290.64 max=6731.69 (n=1000)
reload 22 rss_mib before=541 after=562 comms_sample=[4286055400]
reload 22 sessions_up 1000/1000
reload 22 stable_marker_peers 0/0
reload 22 withdrawals: v4 named 0/0 v6 named 0/0 leaked=0 bystander=0 stable=0 duplicate=0
reloadstall_csv,22,1000,1000,0,400000,5.236459,6.652952,7.477574,2626.471,4728.670,5175.744,2626.471,4728.670,5175.744,3156.893,6290.641,6731.690,541,562,0,1000,0
reload 23 SIGHUP wall_us=1790714939060151 policy=/tmp/rsfs.RvfvcK/gen-b.rpol
reload 23 daemon_applied complete_before=22 complete_after=23
reload 23 completion_s: p50=5.56 p95=6.93 max=7.80 (n=1000)
reload 23 maxgap_ms: p50=2581.65 p95=4487.86 max=5363.93 (n=1000)
reload 23 all_observer_maxgap_ms: p50=2593.19 p95=4487.86 max=5363.93 (n=1000)
reload 23 changed_first_generation_update_ms: p50=3274.26 p95=6117.10 max=6982.67 (n=1000)
reload 23 rss_mib before=577 after=569 comms_sample=[4286056400]
reload 23 sessions_up 1000/1000
reload 23 stable_marker_peers 0/0
reload 23 withdrawals: v4 named 0/0 v6 named 0/0 leaked=0 bystander=0 stable=0 duplicate=0
reloadstall_csv,23,1000,1000,0,400000,5.559366,6.926669,7.798440,2581.647,4487.861,5363.926,2593.187,4487.861,5363.926,3274.255,6117.097,6982.671,577,569,0,1000,0
reload 24 SIGHUP wall_us=1790716747888962 policy=/tmp/rsfs.RvfvcK/gen-a.rpol
reload 24 daemon_applied complete_before=23 complete_after=24
reload 24 completion_s: p50=5.34 p95=6.81 max=6.95 (n=1000)
reload 24 maxgap_ms: p50=2727.82 p95=4703.85 max=5157.33 (n=1000)
reload 24 all_observer_maxgap_ms: p50=2727.82 p95=4703.85 max=5157.33 (n=1000)
reload 24 changed_first_generation_update_ms: p50=3399.32 p95=6424.40 max=6871.99 (n=1000)
reload 24 rss_mib before=546 after=557 comms_sample=[4286055400]
reload 24 sessions_up 1000/1000
reload 24 stable_marker_peers 0/0
reload 24 withdrawals: v4 named 0/0 v6 named 0/0 leaked=0 bystander=0 stable=0 duplicate=0
reloadstall_csv,24,1000,1000,0,400000,5.342020,6.810108,6.946062,2727.825,4703.852,5157.329,2727.825,4703.852,5157.329,3399.325,6424.398,6871.993,546,557,0,1000,0
trip 3 announce_over wall_us=1790718555728638 member=0 prefixes=64
trip 3 torn_down wall_us=1790718555779559 after_s=0.051
trip 3 reconnect transport_retries=0 recovered_peers=0
trip 3 reestablished wall_us=1790718675902230 holddown_s=120.123
trip 3 reannounced wall_us=1790718675902276
trip_csv,3,1000,0.051,0.000,120.123,0.045,550,1000,0
trip 3 complete wall_us=1790718676003424 rss_mib=550
reload 25 SIGHUP wall_us=1790718676178015 policy=/tmp/rsfs.RvfvcK/gen-b.rpol
reload 25 daemon_applied complete_before=24 complete_after=25
reload 25 completion_s: p50=6.12 p95=7.33 max=7.48 (n=1000)
reload 25 maxgap_ms: p50=2674.45 p95=4596.84 max=5212.82 (n=1000)
reload 25 all_observer_maxgap_ms: p50=2689.35 p95=4596.84 max=5212.82 (n=1000)
reload 25 changed_first_generation_update_ms: p50=3814.74 p95=6800.13 max=7413.02 (n=1000)
reload 25 rss_mib before=586 after=552 comms_sample=[4286056400]
reload 25 sessions_up 1000/1000
reload 25 stable_marker_peers 0/0
reload 25 withdrawals: v4 named 0/0 v6 named 0/0 leaked=0 bystander=0 stable=0 duplicate=0
reloadstall_csv,25,1000,1000,0,400000,6.116221,7.333122,7.482510,2674.445,4596.835,5212.825,2689.348,4596.835,5212.825,3814.742,6800.131,7413.022,586,552,0,1000,0
reload 26 SIGHUP wall_us=1790720484435959 policy=/tmp/rsfs.RvfvcK/gen-a.rpol
reload 26 daemon_applied complete_before=25 complete_after=26
reload 26 completion_s: p50=5.63 p95=6.90 max=7.33 (n=1000)
reload 26 maxgap_ms: p50=2654.14 p95=4855.90 max=5274.56 (n=1000)
reload 26 all_observer_maxgap_ms: p50=2654.14 p95=4855.90 max=5274.56 (n=1000)
reload 26 changed_first_generation_update_ms: p50=3463.30 p95=6509.21 max=6925.01 (n=1000)
reload 26 rss_mib before=555 after=561 comms_sample=[4286055400]
reload 26 sessions_up 1000/1000
reload 26 stable_marker_peers 0/0
reload 26 withdrawals: v4 named 0/0 v6 named 0/0 leaked=0 bystander=0 stable=0 duplicate=0
reloadstall_csv,26,1000,1000,0,400000,5.634101,6.902890,7.325698,2654.142,4855.901,5274.565,2654.142,4855.901,5274.565,3463.298,6509.206,6925.013,555,561,0,1000,0
reload 27 SIGHUP wall_us=1790722292572577 policy=/tmp/rsfs.RvfvcK/gen-b.rpol
reload 27 daemon_applied complete_before=26 complete_after=27
reload 27 completion_s: p50=5.67 p95=6.90 max=7.81 (n=1000)
reload 27 maxgap_ms: p50=2606.68 p95=4480.41 max=5231.77 (n=1000)
reload 27 all_observer_maxgap_ms: p50=2665.28 p95=4480.41 max=5231.77 (n=1000)
reload 27 changed_first_generation_update_ms: p50=3328.76 p95=6177.01 max=6922.04 (n=1000)
reload 27 rss_mib before=563 after=544 comms_sample=[4286056400]
reload 27 sessions_up 1000/1000
reload 27 stable_marker_peers 0/0
reload 27 withdrawals: v4 named 0/0 v6 named 0/0 leaked=0 bystander=0 stable=0 duplicate=0
reloadstall_csv,27,1000,1000,0,400000,5.670053,6.898254,7.812082,2606.678,4480.407,5231.768,2665.283,4480.407,5231.768,3328.761,6177.012,6922.043,563,544,0,1000,0
reload 28 SIGHUP wall_us=1790724101307404 policy=/tmp/rsfs.RvfvcK/gen-a.rpol
reload 28 daemon_applied complete_before=27 complete_after=28
reload 28 completion_s: p50=5.50 p95=6.82 max=6.97 (n=1000)
reload 28 maxgap_ms: p50=2855.44 p95=5015.52 max=5248.70 (n=1000)
reload 28 all_observer_maxgap_ms: p50=2855.44 p95=5015.52 max=5248.70 (n=1000)
reload 28 changed_first_generation_update_ms: p50=4001.00 p95=6684.69 max=6926.78 (n=1000)
reload 28 rss_mib before=542 after=576 comms_sample=[4286055400]
reload 28 sessions_up 1000/1000
reload 28 stable_marker_peers 0/0
reload 28 withdrawals: v4 named 0/0 v6 named 0/0 leaked=0 bystander=0 stable=0 duplicate=0
reloadstall_csv,28,1000,1000,0,400000,5.502512,6.821050,6.969938,2855.438,5015.525,5248.698,2855.438,5015.525,5248.698,4001.001,6684.690,6926.783,542,576,0,1000,0
reload 29 SIGHUP wall_us=1790725909173912 policy=/tmp/rsfs.RvfvcK/gen-b.rpol
reload 29 daemon_applied complete_before=28 complete_after=29
reload 29 completion_s: p50=5.53 p95=6.89 max=7.06 (n=1000)
reload 29 maxgap_ms: p50=2748.34 p95=4795.60 max=5385.56 (n=1000)
reload 29 all_observer_maxgap_ms: p50=2773.54 p95=4795.60 max=5385.56 (n=1000)
reload 29 changed_first_generation_update_ms: p50=3182.71 p95=6402.39 max=6993.98 (n=1000)
reload 29 rss_mib before=525 after=565 comms_sample=[4286056400]
reload 29 sessions_up 1000/1000
reload 29 stable_marker_peers 0/0
reload 29 withdrawals: v4 named 0/0 v6 named 0/0 leaked=0 bystander=0 stable=0 duplicate=0
reloadstall_csv,29,1000,1000,0,400000,5.532769,6.893875,7.057433,2748.336,4795.600,5385.560,2773.536,4795.600,5385.560,3182.710,6402.390,6993.977,525,565,0,1000,0
reload 30 SIGHUP wall_us=1790727717274169 policy=/tmp/rsfs.RvfvcK/gen-a.rpol
reload 30 daemon_applied complete_before=29 complete_after=30
reload 30 completion_s: p50=5.72 p95=6.97 max=7.13 (n=1000)
reload 30 maxgap_ms: p50=2526.74 p95=4975.37 max=5359.22 (n=1000)
reload 30 all_observer_maxgap_ms: p50=2541.29 p95=4975.37 max=5359.22 (n=1000)
reload 30 changed_first_generation_update_ms: p50=3498.35 p95=6694.37 max=7081.68 (n=1000)
reload 30 rss_mib before=538 after=565 comms_sample=[4286055400]
reload 30 sessions_up 1000/1000
reload 30 stable_marker_peers 0/0
reload 30 withdrawals: v4 named 0/0 v6 named 0/0 leaked=0 bystander=0 stable=0 duplicate=0
reloadstall_csv,30,1000,1000,0,400000,5.722439,6.973095,7.132262,2526.739,4975.369,5359.216,2541.287,4975.369,5359.216,3498.349,6694.367,7081.680,538,565,0,1000,0
reload 31 SIGHUP wall_us=1790729525421274 policy=/tmp/rsfs.RvfvcK/gen-b.rpol
reload 31 daemon_applied complete_before=30 complete_after=31
reload 31 completion_s: p50=5.95 p95=7.15 max=7.94 (n=1000)
reload 31 maxgap_ms: p50=2506.00 p95=4398.51 max=5287.92 (n=1000)
reload 31 all_observer_maxgap_ms: p50=2529.47 p95=4398.51 max=5287.92 (n=1000)
reload 31 changed_first_generation_update_ms: p50=3534.99 p95=6297.32 max=7196.69 (n=1000)
reload 31 rss_mib before=571 after=536 comms_sample=[4286056400]
reload 31 sessions_up 1000/1000
reload 31 stable_marker_peers 0/0
reload 31 withdrawals: v4 named 0/0 v6 named 0/0 leaked=0 bystander=0 stable=0 duplicate=0
reloadstall_csv,31,1000,1000,0,400000,5.947337,7.153302,7.939036,2505.996,4398.511,5287.922,2529.474,4398.511,5287.922,3534.985,6297.324,7196.685,571,536,0,1000,0
reload 32 SIGHUP wall_us=1790731334232931 policy=/tmp/rsfs.RvfvcK/gen-a.rpol
reload 32 daemon_applied complete_before=31 complete_after=32
reload 32 completion_s: p50=5.64 p95=6.99 max=7.16 (n=1000)
reload 32 maxgap_ms: p50=2521.91 p95=4570.54 max=5358.27 (n=1000)
reload 32 all_observer_maxgap_ms: p50=2521.91 p95=4570.54 max=5358.27 (n=1000)
reload 32 changed_first_generation_update_ms: p50=3254.45 p95=6272.61 max=7067.44 (n=1000)
reload 32 rss_mib before=529 after=545 comms_sample=[4286055400]
reload 32 sessions_up 1000/1000
reload 32 stable_marker_peers 0/0
reload 32 withdrawals: v4 named 0/0 v6 named 0/0 leaked=0 bystander=0 stable=0 duplicate=0
reloadstall_csv,32,1000,1000,0,400000,5.640638,6.988717,7.155878,2521.912,4570.539,5358.272,2521.912,4570.539,5358.272,3254.448,6272.610,7067.439,529,545,0,1000,0
trip 4 announce_over wall_us=1790733142121244 member=0 prefixes=64
trip 4 torn_down wall_us=1790733142173148 after_s=0.052
trip 4 reconnect transport_retries=0 recovered_peers=0
trip 4 reestablished wall_us=1790733262294056 holddown_s=120.121
trip 4 reannounced wall_us=1790733262294120
trip_csv,4,1000,0.052,0.000,120.121,0.020,544,1000,0
trip 4 complete wall_us=1790733262395225 rss_mib=544
reload 33 SIGHUP wall_us=1790733262674611 policy=/tmp/rsfs.RvfvcK/gen-b.rpol
reload 33 daemon_applied complete_before=32 complete_after=33
reload 33 completion_s: p50=5.44 p95=6.78 max=6.95 (n=1000)
reload 33 maxgap_ms: p50=2529.03 p95=4764.58 max=5105.36 (n=1000)
reload 33 all_observer_maxgap_ms: p50=2541.93 p95=4764.58 max=5105.36 (n=1000)
reload 33 changed_first_generation_update_ms: p50=3411.34 p95=6531.97 max=6871.40 (n=1000)
reload 33 rss_mib before=625 after=568 comms_sample=[4286056400]
reload 33 sessions_up 1000/1000
reload 33 stable_marker_peers 0/0
reload 33 withdrawals: v4 named 0/0 v6 named 0/0 leaked=0 bystander=0 stable=0 duplicate=0
reloadstall_csv,33,1000,1000,0,400000,5.440770,6.782866,6.952686,2529.032,4764.576,5105.356,2541.930,4764.576,5105.356,3411.335,6531.971,6871.397,625,568,0,1000,0
reload 34 SIGHUP wall_us=1790735070572938 policy=/tmp/rsfs.RvfvcK/gen-a.rpol
reload 34 daemon_applied complete_before=33 complete_after=34
reload 34 completion_s: p50=5.51 p95=7.06 max=7.21 (n=1000)
reload 34 maxgap_ms: p50=2516.93 p95=4858.53 max=5553.56 (n=1000)
reload 34 all_observer_maxgap_ms: p50=2516.93 p95=4858.53 max=5553.56 (n=1000)
reload 34 changed_first_generation_update_ms: p50=3229.46 p95=6446.52 max=7137.43 (n=1000)
reload 34 rss_mib before=567 after=558 comms_sample=[4286055400]
reload 34 sessions_up 1000/1000
reload 34 stable_marker_peers 0/0
reload 34 withdrawals: v4 named 0/0 v6 named 0/0 leaked=0 bystander=0 stable=0 duplicate=0
reloadstall_csv,34,1000,1000,0,400000,5.511111,7.057237,7.214669,2516.928,4858.534,5553.558,2516.928,4858.534,5553.558,3229.458,6446.524,7137.430,567,558,0,1000,0
reload 35 SIGHUP wall_us=1790736878498553 policy=/tmp/rsfs.RvfvcK/gen-b.rpol
reload 35 daemon_applied complete_before=34 complete_after=35
reload 35 completion_s: p50=5.55 p95=6.79 max=6.89 (n=1000)
reload 35 maxgap_ms: p50=2442.29 p95=4479.56 max=5118.45 (n=1000)
reload 35 all_observer_maxgap_ms: p50=2468.18 p95=4479.56 max=5118.45 (n=1000)
reload 35 changed_first_generation_update_ms: p50=3238.72 p95=6190.33 max=6837.53 (n=1000)
reload 35 rss_mib before=545 after=584 comms_sample=[4286056400]
reload 35 sessions_up 1000/1000
reload 35 stable_marker_peers 0/0
reload 35 withdrawals: v4 named 0/0 v6 named 0/0 leaked=0 bystander=0 stable=0 duplicate=0
reloadstall_csv,35,1000,1000,0,400000,5.546214,6.785233,6.891899,2442.289,4479.557,5118.454,2468.176,4479.557,5118.454,3238.718,6190.333,6837.530,545,584,0,1000,0
reload 36 SIGHUP wall_us=1790738686291646 policy=/tmp/rsfs.RvfvcK/gen-a.rpol
reload 36 daemon_applied complete_before=35 complete_after=36
reload 36 completion_s: p50=5.41 p95=6.71 max=7.38 (n=1000)
reload 36 maxgap_ms: p50=2414.22 p95=4299.05 max=5117.19 (n=1000)
reload 36 all_observer_maxgap_ms: p50=2414.22 p95=4299.05 max=5117.19 (n=1000)
reload 36 changed_first_generation_update_ms: p50=3238.10 p95=5966.56 max=6789.56 (n=1000)
reload 36 rss_mib before=531 after=546 comms_sample=[4286055400]
reload 36 sessions_up 1000/1000
reload 36 stable_marker_peers 0/0
reload 36 withdrawals: v4 named 0/0 v6 named 0/0 leaked=0 bystander=0 stable=0 duplicate=0
reloadstall_csv,36,1000,1000,0,400000,5.406247,6.712399,7.382077,2414.219,4299.052,5117.194,2414.219,4299.052,5117.194,3238.102,5966.559,6789.557,531,546,0,1000,0
reload 37 SIGHUP wall_us=1790740494568790 policy=/tmp/rsfs.RvfvcK/gen-b.rpol
reload 37 daemon_applied complete_before=36 complete_after=37
reload 37 completion_s: p50=5.38 p95=6.71 max=7.62 (n=1000)
reload 37 maxgap_ms: p50=2507.53 p95=4899.46 max=5201.44 (n=1000)
reload 37 all_observer_maxgap_ms: p50=2513.84 p95=4899.46 max=5201.44 (n=1000)
reload 37 changed_first_generation_update_ms: p50=3146.07 p95=6472.65 max=6772.65 (n=1000)
reload 37 rss_mib before=536 after=556 comms_sample=[4286056400]
reload 37 sessions_up 1000/1000
reload 37 stable_marker_peers 0/0
reload 37 withdrawals: v4 named 0/0 v6 named 0/0 leaked=0 bystander=0 stable=0 duplicate=0
reloadstall_csv,37,1000,1000,0,400000,5.383167,6.711476,7.623186,2507.528,4899.461,5201.439,2513.845,4899.461,5201.439,3146.066,6472.649,6772.647,536,556,0,1000,0
reload 38 SIGHUP wall_us=1790742302883215 policy=/tmp/rsfs.RvfvcK/gen-a.rpol
reload 38 daemon_applied complete_before=37 complete_after=38
reload 38 completion_s: p50=5.09 p95=6.48 max=7.37 (n=1000)
reload 38 maxgap_ms: p50=2198.30 p95=4664.31 max=5008.19 (n=1000)
reload 38 all_observer_maxgap_ms: p50=2305.97 p95=4664.31 max=5008.19 (n=1000)
reload 38 changed_first_generation_update_ms: p50=2982.51 p95=6211.11 max=6553.77 (n=1000)
reload 38 rss_mib before=548 after=532 comms_sample=[4286055400]
reload 38 sessions_up 1000/1000
reload 38 stable_marker_peers 0/0
reload 38 withdrawals: v4 named 0/0 v6 named 0/0 leaked=0 bystander=0 stable=0 duplicate=0
reloadstall_csv,38,1000,1000,0,400000,5.090547,6.484323,7.371547,2198.295,4664.308,5008.190,2305.972,4664.308,5008.190,2982.510,6211.111,6553.769,548,532,0,1000,0
reload 39 SIGHUP wall_us=1790744111213493 policy=/tmp/rsfs.RvfvcK/gen-b.rpol
reload 39 daemon_applied complete_before=38 complete_after=39
reload 39 completion_s: p50=5.39 p95=6.76 max=7.36 (n=1000)
reload 39 maxgap_ms: p50=2439.69 p95=4270.07 max=5037.02 (n=1000)
reload 39 all_observer_maxgap_ms: p50=2523.49 p95=4270.07 max=5037.02 (n=1000)
reload 39 changed_first_generation_update_ms: p50=3188.56 p95=6004.53 max=6775.92 (n=1000)
reload 39 rss_mib before=551 after=542 comms_sample=[4286056400]
reload 39 sessions_up 1000/1000
reload 39 stable_marker_peers 0/0
reload 39 withdrawals: v4 named 0/0 v6 named 0/0 leaked=0 bystander=0 stable=0 duplicate=0
reloadstall_csv,39,1000,1000,0,400000,5.392215,6.756625,7.358789,2439.687,4270.073,5037.018,2523.493,4270.073,5037.018,3188.564,6004.531,6775.918,551,542,0,1000,0
reload 40 SIGHUP wall_us=1790745919538137 policy=/tmp/rsfs.RvfvcK/gen-a.rpol
reload 40 daemon_applied complete_before=39 complete_after=40
reload 40 completion_s: p50=5.47 p95=6.79 max=6.89 (n=1000)
reload 40 maxgap_ms: p50=2542.32 p95=4553.18 max=5292.40 (n=1000)
reload 40 all_observer_maxgap_ms: p50=2542.32 p95=4553.18 max=5292.40 (n=1000)
reload 40 changed_first_generation_update_ms: p50=3126.30 p95=6061.78 max=6792.25 (n=1000)
reload 40 rss_mib before=572 after=553 comms_sample=[4286055400]
reload 40 sessions_up 1000/1000
reload 40 stable_marker_peers 0/0
reload 40 withdrawals: v4 named 0/0 v6 named 0/0 leaked=0 bystander=0 stable=0 duplicate=0
reloadstall_csv,40,1000,1000,0,400000,5.465212,6.787131,6.893465,2542.323,4553.175,5292.397,2542.323,4553.175,5292.397,3126.303,6061.781,6792.249,572,553,0,1000,0
trip 5 announce_over wall_us=1790747727058285 member=0 prefixes=64
trip 5 torn_down wall_us=1790747727110199 after_s=0.052
trip 5 reconnect transport_retries=0 recovered_peers=0
trip 5 reestablished wall_us=1790747847235355 holddown_s=120.125
trip 5 reannounced wall_us=1790747847235409
trip_csv,5,1000,0.052,0.000,120.125,0.022,550,1000,0
trip 5 complete wall_us=1790747847336698 rss_mib=550
reload 41 SIGHUP wall_us=1790747847511897 policy=/tmp/rsfs.RvfvcK/gen-b.rpol
reload 41 daemon_applied complete_before=40 complete_after=41
reload 41 completion_s: p50=5.78 p95=7.18 max=7.35 (n=1000)
reload 41 maxgap_ms: p50=2495.48 p95=4818.94 max=5182.38 (n=1000)
reload 41 all_observer_maxgap_ms: p50=2514.78 p95=4818.94 max=5182.38 (n=1000)
reload 41 changed_first_generation_update_ms: p50=3780.74 p95=6914.89 max=7281.10 (n=1000)
reload 41 rss_mib before=595 after=544 comms_sample=[4286056400]
reload 41 sessions_up 1000/1000
reload 41 stable_marker_peers 0/0
reload 41 withdrawals: v4 named 0/0 v6 named 0/0 leaked=0 bystander=0 stable=0 duplicate=0
reloadstall_csv,41,1000,1000,0,400000,5.779071,7.180585,7.348743,2495.480,4818.940,5182.383,2514.784,4818.940,5182.383,3780.739,6914.885,7281.097,595,544,0,1000,0
reload 42 SIGHUP wall_us=1790749656137434 policy=/tmp/rsfs.RvfvcK/gen-a.rpol
reload 42 daemon_applied complete_before=41 complete_after=42
reload 42 completion_s: p50=5.55 p95=6.72 max=7.32 (n=1000)
reload 42 maxgap_ms: p50=2406.49 p95=4498.18 max=5119.82 (n=1000)
reload 42 all_observer_maxgap_ms: p50=2429.44 p95=4498.18 max=5119.82 (n=1000)
reload 42 changed_first_generation_update_ms: p50=3181.28 p95=6163.94 max=6781.00 (n=1000)
reload 42 rss_mib before=555 after=545 comms_sample=[4286055400]
reload 42 sessions_up 1000/1000
reload 42 stable_marker_peers 0/0
reload 42 withdrawals: v4 named 0/0 v6 named 0/0 leaked=0 bystander=0 stable=0 duplicate=0
reloadstall_csv,42,1000,1000,0,400000,5.554008,6.722109,7.319318,2406.489,4498.183,5119.822,2429.438,4498.183,5119.822,3181.275,6163.945,6780.999,555,545,0,1000,0
reload 43 SIGHUP wall_us=1790751464190850 policy=/tmp/rsfs.RvfvcK/gen-b.rpol
reload 43 daemon_applied complete_before=42 complete_after=43
reload 43 completion_s: p50=5.38 p95=6.62 max=6.73 (n=1000)
reload 43 maxgap_ms: p50=2569.12 p95=4754.66 max=5151.27 (n=1000)
reload 43 all_observer_maxgap_ms: p50=2571.84 p95=4754.66 max=5151.27 (n=1000)
reload 43 changed_first_generation_update_ms: p50=3108.19 p95=6288.06 max=6680.68 (n=1000)
reload 43 rss_mib before=549 after=537 comms_sample=[4286056400]
reload 43 sessions_up 1000/1000
reload 43 stable_marker_peers 0/0
reload 43 withdrawals: v4 named 0/0 v6 named 0/0 leaked=0 bystander=0 stable=0 duplicate=0
reloadstall_csv,43,1000,1000,0,400000,5.382972,6.624489,6.725143,2569.119,4754.658,5151.272,2571.836,4754.658,5151.272,3108.189,6288.055,6680.676,549,537,0,1000,0
reload 44 SIGHUP wall_us=1790753271818417 policy=/tmp/rsfs.RvfvcK/gen-a.rpol
reload 44 daemon_applied complete_before=43 complete_after=44
reload 44 completion_s: p50=5.49 p95=6.75 max=6.87 (n=1000)
reload 44 maxgap_ms: p50=2489.67 p95=4146.23 max=5223.36 (n=1000)
reload 44 all_observer_maxgap_ms: p50=2497.06 p95=4146.23 max=5223.36 (n=1000)
reload 44 changed_first_generation_update_ms: p50=3143.46 p95=5713.54 max=6794.51 (n=1000)
reload 44 rss_mib before=551 after=542 comms_sample=[4286055400]
reload 44 sessions_up 1000/1000
reload 44 stable_marker_peers 0/0
reload 44 withdrawals: v4 named 0/0 v6 named 0/0 leaked=0 bystander=0 stable=0 duplicate=0
reloadstall_csv,44,1000,1000,0,400000,5.494047,6.753446,6.874494,2489.668,4146.228,5223.363,2497.061,4146.228,5223.363,3143.460,5713.537,6794.509,551,542,0,1000,0
reload 45 SIGHUP wall_us=1790755079632875 policy=/tmp/rsfs.RvfvcK/gen-b.rpol
reload 45 daemon_applied complete_before=44 complete_after=45
reload 45 completion_s: p50=5.97 p95=7.39 max=8.03 (n=1000)
reload 45 maxgap_ms: p50=2728.18 p95=4825.54 max=5415.49 (n=1000)
reload 45 all_observer_maxgap_ms: p50=2728.18 p95=4825.54 max=5415.49 (n=1000)
reload 45 changed_first_generation_update_ms: p50=3705.98 p95=6880.24 max=7470.65 (n=1000)
reload 45 rss_mib before=557 after=536 comms_sample=[4286056400]
reload 45 sessions_up 1000/1000
reload 45 stable_marker_peers 0/0
reload 45 withdrawals: v4 named 0/0 v6 named 0/0 leaked=0 bystander=0 stable=0 duplicate=0
reloadstall_csv,45,1000,1000,0,400000,5.965752,7.395000,8.032500,2728.183,4825.541,5415.490,2728.183,4825.541,5415.490,3705.977,6880.243,7470.649,557,536,0,1000,0
reload 46 SIGHUP wall_us=1790756888715587 policy=/tmp/rsfs.RvfvcK/gen-a.rpol
reload 46 daemon_applied complete_before=45 complete_after=46
reload 46 completion_s: p50=5.85 p95=7.14 max=7.26 (n=1000)
reload 46 maxgap_ms: p50=2574.18 p95=4641.21 max=5414.73 (n=1000)
reload 46 all_observer_maxgap_ms: p50=2580.20 p95=4641.21 max=5414.73 (n=1000)
reload 46 changed_first_generation_update_ms: p50=3379.81 p95=6421.41 max=7204.54 (n=1000)
reload 46 rss_mib before=519 after=546 comms_sample=[4286055400]
reload 46 sessions_up 1000/1000
reload 46 stable_marker_peers 0/0
reload 46 withdrawals: v4 named 0/0 v6 named 0/0 leaked=0 bystander=0 stable=0 duplicate=0
reloadstall_csv,46,1000,1000,0,400000,5.848882,7.135615,7.257409,2574.180,4641.207,5414.726,2580.200,4641.207,5414.726,3379.810,6421.413,7204.537,519,546,0,1000,0
reload 47 SIGHUP wall_us=1790758696732723 policy=/tmp/rsfs.RvfvcK/gen-b.rpol
reload 47 daemon_applied complete_before=46 complete_after=47
reload 47 completion_s: p50=5.74 p95=7.10 max=8.00 (n=1000)
reload 47 maxgap_ms: p50=2710.74 p95=5045.39 max=5358.90 (n=1000)
reload 47 all_observer_maxgap_ms: p50=2715.61 p95=5045.39 max=5358.90 (n=1000)
reload 47 changed_first_generation_update_ms: p50=3477.12 p95=6868.27 max=7182.58 (n=1000)
reload 47 rss_mib before=536 after=542 comms_sample=[4286056400]
reload 47 sessions_up 1000/1000
reload 47 stable_marker_peers 0/0
reload 47 withdrawals: v4 named 0/0 v6 named 0/0 leaked=0 bystander=0 stable=0 duplicate=0
reloadstall_csv,47,1000,1000,0,400000,5.741414,7.102006,8.003241,2710.737,5045.391,5358.895,2715.606,5045.391,5358.895,3477.121,6868.269,7182.581,536,542,0,1000,0
reload 48 SIGHUP wall_us=1790760505697550 policy=/tmp/rsfs.RvfvcK/gen-a.rpol
reload 48 daemon_applied complete_before=47 complete_after=48
reload 48 completion_s: p50=5.41 p95=6.72 max=6.83 (n=1000)
reload 48 maxgap_ms: p50=2589.89 p95=4503.19 max=5153.23 (n=1000)
reload 48 all_observer_maxgap_ms: p50=2610.43 p95=4503.19 max=5153.23 (n=1000)
reload 48 changed_first_generation_update_ms: p50=3205.65 p95=6131.54 max=6781.53 (n=1000)
reload 48 rss_mib before=526 after=573 comms_sample=[4286055400]
reload 48 sessions_up 1000/1000
reload 48 stable_marker_peers 0/0
reload 48 withdrawals: v4 named 0/0 v6 named 0/0 leaked=0 bystander=0 stable=0 duplicate=0
reloadstall_csv,48,1000,1000,0,400000,5.406130,6.717841,6.833429,2589.894,4503.187,5153.234,2610.429,4503.187,5153.234,3205.647,6131.544,6781.528,526,573,0,1000,0
trip 6 announce_over wall_us=1790762313209930 member=0 prefixes=64
trip 6 torn_down wall_us=1790762313260624 after_s=0.051
trip 6 reconnect transport_retries=0 recovered_peers=0
trip 6 reestablished wall_us=1790762433382802 holddown_s=120.122
trip 6 reannounced wall_us=1790762433382843
trip_csv,6,1000,0.051,0.000,120.122,0.045,566,1000,0
trip 6 complete wall_us=1790762433484530 rss_mib=566
final quiesce 120s
final sessions_up 1000/1000 parse_errors=0
done rss_mib=559
