# reloadstall peers=700 changed_peers=700 stable_peers=0 prefixes=400400 per_peer=572 pid=2309688
established 700 at 0.8s
establishment transport_retries=0 recovered_peers=0
first_exact_bitmap,mode=flapstorm,peers=700,total=400400,per_peer=572,expected=399828,completed=700,min_unique=399828,max_unique=399828
converged (>= 399828/observer) at 3.4s rss_mib=407
control_maxgap_ms: p50=69.23 p95=69.89 max=71.30 (n=700)
control_rss_mib 349
converged_rejoin_csv_header,round,peers_total,peers_flapped,prefixes,rejoin_p50_s,rejoin_max_s,survivor_maxgap_ms,readiness_samples,rss_mib,sessions_up,parse_errors
converged_table_checkpoint,round=1,phase=disconnected,observers=1:2,unique=399828,eor=present
converged_rejoin 1 reconnect transport_retries=0
flap 1 peer 0 rejoin_complete_s=0.161412 eor_before_full_table=false eor=present
flap 1 rejoin_complete_s: p50=0.16 p95=0.16 max=0.16 (n=1)
converged_table_checkpoint,round=1,phase=settled,observers=1:2,unique=399828,eor=present
converged_rejoin 1 survivor_maxgap_ms: p50=100.66 p95=102.27 max=102.59 (n=699)
converged_rejoin_csv,1,700,1,400400,0.161412,0.161412,102.594000,12,426,700,0
converged_table_checkpoint,round=2,phase=disconnected,observers=1:2,unique=399828,eor=present
converged_rejoin 2 reconnect transport_retries=0
flap 2 peer 0 rejoin_complete_s=0.166018 eor_before_full_table=false eor=present
flap 2 rejoin_complete_s: p50=0.17 p95=0.17 max=0.17 (n=1)
converged_table_checkpoint,round=2,phase=settled,observers=1:2,unique=399828,eor=present
converged_rejoin 2 survivor_maxgap_ms: p50=104.22 p95=104.46 max=107.37 (n=699)
converged_rejoin_csv,2,700,1,400400,0.166018,0.166018,107.369000,12,431,700,0
converged_table_checkpoint,round=3,phase=disconnected,observers=1:2,unique=399828,eor=present
converged_rejoin 3 reconnect transport_retries=0
flap 3 peer 0 rejoin_complete_s=0.169031 eor_before_full_table=false eor=present
flap 3 rejoin_complete_s: p50=0.17 p95=0.17 max=0.17 (n=1)
converged_table_checkpoint,round=3,phase=settled,observers=1:2,unique=399828,eor=present
converged_rejoin 3 survivor_maxgap_ms: p50=107.45 p95=108.66 max=108.83 (n=699)
converged_rejoin_csv,3,700,1,400400,0.169031,0.169031,108.830000,12,420,700,0
done rss_mib=351
