# reloadstall peers=700 changed_peers=700 stable_peers=0 prefixes=400400 per_peer=572 pid=479832
established 700 at 0.7s
establishment transport_retries=0 recovered_peers=0
first_exact_bitmap,mode=flapstorm,peers=700,total=400400,per_peer=572,expected=399828,completed=700,min_unique=399828,max_unique=399828
converged (>= 399828/observer) at 3.6s rss_mib=413
control_maxgap_ms: p50=19.05 p95=19.48 max=42.03 (n=700)
control_rss_mib 362
flapstorm_csv_header,round,peers_total,peers_flapped,prefixes,flap_prefixes,withdraw_p50_s,withdraw_p95_s,withdraw_max_s,reannounce_p50_s,reannounce_p95_s,reannounce_max_s,rss_mib,sessions_up,parse_errors
flap 1 close wall_us=1790579902567993
flap 1 withdraw_s: p50=0.26 p95=0.26 max=0.29 (n=650)
flap 1 reconnect transport_retries=0 recovered_peers=0
flap 1 reannounce wall_us=1790579912593784
flap 1 reannounce_s: p50=0.37 p95=0.37 max=0.41 (n=650)
flap 1 first_reann_s: p50=0.20 p95=0.21 max=0.24 (n=650)
flap 1 sessions_up 700/700 rss_mib=431
flapstorm_csv,1,700,50,400400,28600,0.260130,0.262916,0.294968,0.371331,0.371817,0.405190,431,700,0
flap 2 close wall_us=1790579923106191
flap 2 withdraw_s: p50=0.48 p95=0.48 max=0.50 (n=650)
flap 2 reconnect transport_retries=0 recovered_peers=0
flap 2 reannounce wall_us=1790579933130744
flap 2 reannounce_s: p50=0.36 p95=0.36 max=0.39 (n=650)
flap 2 first_reann_s: p50=0.20 p95=0.20 max=0.24 (n=650)
flap 2 sessions_up 700/700 rss_mib=390
flapstorm_csv,2,700,50,400400,28600,0.475093,0.478802,0.498759,0.359990,0.361047,0.394220,390,700,0
flap 3 close wall_us=1790579943540133
flap 3 withdraw_s: p50=0.40 p95=0.40 max=0.40 (n=650)
flap 3 reconnect transport_retries=0 recovered_peers=0
flap 3 reannounce wall_us=1790579953565538
flap 3 reannounce_s: p50=0.36 p95=0.36 max=0.39 (n=650)
flap 3 first_reann_s: p50=0.21 p95=0.21 max=0.24 (n=650)
flap 3 sessions_up 700/700 rss_mib=382
flapstorm_csv,3,700,50,400400,28600,0.400798,0.403124,0.404824,0.358128,0.359187,0.388903,382,700,0
done rss_mib=399
