# reloadstall peers=700 changed_peers=700 stable_peers=0 prefixes=400400 per_peer=572 pid=352581
established 700 at 0.8s
establishment transport_retries=0 recovered_peers=0
first_exact_bitmap,mode=flapstorm,peers=700,total=400400,per_peer=572,expected=399828,completed=700,min_unique=399828,max_unique=399828
converged (>= 399828/observer) at 3.1s rss_mib=431
control_maxgap_ms: p50=18.99 p95=20.04 max=42.00 (n=700)
control_rss_mib 378
flapstorm_failover_csv_header,round,peers_total,peers_flapped,flap_prefixes,alternate_prefixes,alternate_sources,daemon_cpu_s,scrape_bracketed_flush_sum_s,scrape_bracketed_flush_count,withdraw_p50_s,withdraw_max_s,window_s,background_cpu_s_per_s
flapstorm_csv_header,round,peers_total,peers_flapped,prefixes,flap_prefixes,withdraw_p50_s,withdraw_p95_s,withdraw_max_s,reannounce_p50_s,reannounce_p95_s,reannounce_max_s,rss_mib,sessions_up,parse_errors
flap 1 close wall_us=1790567715023979
flap 1 withdraw_s: p50=0.25 p95=0.25 max=0.27 (n=650)
flapstorm_failover_csv,1,700,50,28600,0,0,1.110,NaN,0,0.245600,0.267987,0.305099,0.739
flap 1 reconnect transport_retries=0 recovered_peers=0
flap 1 reannounce wall_us=1790567725050681
flap 1 reannounce_s: p50=0.38 p95=0.41 max=0.42 (n=650)
flap 1 first_reann_s: p50=0.25 p95=0.26 max=0.29 (n=650)
flap 1 sessions_up 700/700 rss_mib=476
flapstorm_csv,1,700,50,400400,28600,0.245600,0.252684,0.267987,0.382461,0.405599,0.417279,476,700,0
flap 2 close wall_us=1790567737562034
flap 2 withdraw_s: p50=0.34 p95=0.35 max=0.37 (n=650)
flapstorm_failover_csv,2,700,50,28600,0,0,1.330,NaN,0,0.335899,0.371947,0.404038,1.174
flap 2 reconnect transport_retries=0 recovered_peers=0
flap 2 reannounce wall_us=1790567747587316
flap 2 reannounce_s: p50=0.38 p95=0.40 max=0.41 (n=650)
flap 2 first_reann_s: p50=0.25 p95=0.26 max=0.29 (n=650)
flap 2 sessions_up 700/700 rss_mib=491
flapstorm_csv,2,700,50,400400,28600,0.335899,0.351408,0.371947,0.379380,0.400746,0.413664,491,700,0
flap 3 close wall_us=1790567760099195
flap 3 withdraw_s: p50=0.28 p95=0.29 max=0.32 (n=650)
flapstorm_failover_csv,3,700,50,28600,0,0,1.360,NaN,0,0.277747,0.316777,0.403320,1.149
flap 3 reconnect transport_retries=0 recovered_peers=0
flap 3 reannounce wall_us=1790567770123004
flap 3 reannounce_s: p50=0.38 p95=0.39 max=0.42 (n=650)
flap 3 first_reann_s: p50=0.25 p95=0.25 max=0.28 (n=650)
flap 3 sessions_up 700/700 rss_mib=476
flapstorm_csv,3,700,50,400400,28600,0.277747,0.285932,0.316777,0.383488,0.386009,0.419995,476,700,0
done rss_mib=493
