# reloadstall peers=700 changed_peers=700 stable_peers=0 prefixes=400400 per_peer=572 pid=470588
established 700 at 0.7s
establishment transport_retries=0 recovered_peers=0
first_exact_bitmap,mode=flapstorm,peers=700,total=400400,per_peer=572,expected=399828,completed=700,min_unique=399828,max_unique=399828
converged (>= 399828/observer) at 3.4s rss_mib=416
control_maxgap_ms: p50=19.62 p95=19.96 max=41.97 (n=700)
control_rss_mib 359
flapstorm_csv_header,round,peers_total,peers_flapped,prefixes,flap_prefixes,withdraw_p50_s,withdraw_p95_s,withdraw_max_s,reannounce_p50_s,reannounce_p95_s,reannounce_max_s,rss_mib,sessions_up,parse_errors
flap 1 close wall_us=1790578111113125
flap 1 withdraw_s: p50=0.42 p95=0.42 max=0.43 (n=650)
flap 1 reconnect transport_retries=0 recovered_peers=0
flap 1 reannounce wall_us=1790578121132663
flap 1 reannounce_s: p50=0.38 p95=0.39 max=0.41 (n=650)
flap 1 first_reann_s: p50=0.21 p95=0.21 max=0.24 (n=650)
flap 1 sessions_up 700/700 rss_mib=389
flapstorm_csv,1,700,50,400400,28600,0.418065,0.423096,0.425839,0.384921,0.386162,0.412335,389,700,0
flap 2 close wall_us=1790578131642663
flap 2 withdraw_s: p50=0.31 p95=0.35 max=0.35 (n=650)
flap 2 reconnect transport_retries=0 recovered_peers=0
flap 2 reannounce wall_us=1790578141664632
flap 2 reannounce_s: p50=0.39 p95=0.39 max=0.43 (n=650)
flap 2 first_reann_s: p50=0.21 p95=0.21 max=0.25 (n=650)
flap 2 sessions_up 700/700 rss_mib=416
flapstorm_csv,2,700,50,400400,28600,0.314589,0.348426,0.352001,0.386243,0.387119,0.427340,416,700,0
flap 3 close wall_us=1790578152175131
flap 3 withdraw_s: p50=0.40 p95=0.41 max=0.43 (n=650)
flap 3 reconnect transport_retries=0 recovered_peers=0
flap 3 reannounce wall_us=1790578162196637
flap 3 reannounce_s: p50=0.36 p95=0.36 max=0.39 (n=650)
flap 3 first_reann_s: p50=0.21 p95=0.21 max=0.25 (n=650)
flap 3 sessions_up 700/700 rss_mib=379
flapstorm_csv,3,700,50,400400,28600,0.404616,0.407311,0.433836,0.363334,0.364314,0.394753,379,700,0
done rss_mib=413
