# reloadstall peers=320 changed_peers=320 stable_peers=0 prefixes=183040 per_peer=572 pid=0
established 320 at 48.5s
establishment transport_retries=0 recovered_peers=0
first_exact_bitmap,mode=reload,peers=320,total=183040,per_peer=572,expected=182468,completed=320,min_unique=182468,max_unique=182468
converged (>= 182468/observer) at 92.1s rss_mib=0
control_maxgap_ms: p50=23.45 p95=23.63 max=34.67 (n=320)
control_rss_mib 0
reloadstall_csv_header,reload,peers_total,peers_changed,peers_stable,prefixes,completion_p50_s,completion_p95_s,completion_max_s,changed_maxgap_p50_ms,changed_maxgap_p95_ms,changed_maxgap_max_ms,all_observer_maxgap_p50_ms,all_observer_maxgap_p95_ms,all_observer_maxgap_max_ms,changed_first_generation_update_p50_ms,changed_first_generation_update_p95_ms,changed_first_generation_update_max_ms,rss_before_mib,rss_after_mib,stable_marker_peers,sessions_up,parse_errors
reload 1 reload_cmd wall_us=1791175806750179 policy=/tmp/irr-openbgpd/gen-b.conf
reload request sent.
request processed
reload 1 progress: complete=0/320
reload 1 progress: complete=0/320
reload 1 progress: complete=0/320
reload 1 progress: complete=0/320
reload 1 completion_s: p50=52.68 p95=52.68 max=52.68 (n=320)
reload 1 maxgap_ms: p50=369.21 p95=369.25 max=382.50 (n=320)
reload 1 all_observer_maxgap_ms: p50=369.21 p95=369.25 max=382.50 (n=320)
reload 1 changed_first_generation_update_ms: p50=7489.51 p95=7490.60 max=7603.66 (n=320)
reload 1 rss_mib before=0 after=0 comms_sample=[4286056400]
reload 1 sessions_up 320/320
reload 1 stable_marker_peers 0/0
reload 1 withdrawals: v4 named 0/0 v6 named 0/0 leaked=0 bystander=0 stable=0 duplicate=0
reloadstall_csv,1,320,320,0,183040,52.678165,52.679080,52.681048,369.210,369.252,382.505,369.210,369.252,382.505,7489.513,7490.596,7603.656,0,0,0,320,0
reload 2 reload_cmd wall_us=1791175879506376 policy=/tmp/irr-openbgpd/gen-a.conf
reload request sent.
request processed
reload 2 progress: complete=0/320
reload 2 progress: complete=0/320
reload 2 progress: complete=0/320
reload 2 completion_s: p50=44.42 p95=44.42 max=44.42 (n=320)
reload 2 maxgap_ms: p50=448.25 p95=448.96 max=464.28 (n=320)
reload 2 all_observer_maxgap_ms: p50=448.25 p95=448.96 max=464.28 (n=320)
reload 2 changed_first_generation_update_ms: p50=7296.14 p95=7296.86 max=7387.70 (n=320)
reload 2 rss_mib before=0 after=0 comms_sample=[4286055400]
reload 2 sessions_up 320/320
reload 2 stable_marker_peers 0/0
reload 2 withdrawals: v4 named 0/0 v6 named 0/0 leaked=0 bystander=0 stable=0 duplicate=0
reloadstall_csv,2,320,320,0,183040,44.416219,44.417452,44.418940,448.247,448.960,464.277,448.247,448.960,464.277,7296.143,7296.863,7387.700,0,0,0,320,0
reload 3 reload_cmd wall_us=1791175944002591 policy=/tmp/irr-openbgpd/gen-b.conf
reload request sent.
request processed
reload 3 progress: complete=0/320
reload 3 progress: complete=0/320
reload 3 progress: complete=0/320
reload 3 progress: complete=0/320
reload 3 progress: complete=0/320
reload 3 completion_s: p50=57.96 p95=57.97 max=57.97 (n=320)
reload 3 maxgap_ms: p50=431.56 p95=432.06 max=432.10 (n=320)
reload 3 all_observer_maxgap_ms: p50=431.56 p95=432.06 max=432.10 (n=320)
reload 3 changed_first_generation_update_ms: p50=7265.87 p95=7266.66 max=7526.57 (n=320)
reload 3 rss_mib before=0 after=0 comms_sample=[4286056400]
reload 3 sessions_up 320/320
reload 3 stable_marker_peers 0/0
reload 3 withdrawals: v4 named 0/0 v6 named 0/0 leaked=0 bystander=0 stable=0 duplicate=0
reloadstall_csv,3,320,320,0,183040,57.964537,57.968386,57.972777,431.555,432.057,432.102,431.555,432.057,432.102,7265.874,7266.663,7526.567,0,0,0,320,0
reload 4 reload_cmd wall_us=1791176022105095 policy=/tmp/irr-openbgpd/gen-a.conf
reload request sent.
request processed
reload 4 progress: complete=0/320
reload 4 progress: complete=0/320
reload 4 progress: complete=0/320
reload 4 completion_s: p50=44.49 p95=44.49 max=44.50 (n=320)
reload 4 maxgap_ms: p50=519.44 p95=520.00 max=520.05 (n=320)
reload 4 all_observer_maxgap_ms: p50=519.44 p95=520.00 max=520.05 (n=320)
reload 4 changed_first_generation_update_ms: p50=7122.54 p95=7123.42 max=7307.55 (n=320)
reload 4 rss_mib before=0 after=0 comms_sample=[4286055400]
reload 4 sessions_up 320/320
reload 4 stable_marker_peers 0/0
reload 4 withdrawals: v4 named 0/0 v6 named 0/0 leaked=0 bystander=0 stable=0 duplicate=0
reloadstall_csv,4,320,320,0,183040,44.488969,44.492834,44.496751,519.440,519.997,520.048,519.440,519.997,520.048,7122.538,7123.419,7307.553,0,0,0,320,0
final sessions_up 320/320 parse_errors=0
done rss_mib=0
