source-id: image sha256:efd5669227e214abc71065c90a76dee4b443d41a318217b986bb65dae09a9801 matches this tree (629232bc13c5a6e567e5c24af80b637f842eb03587c9009ba3e00a13b6693991)
source-id: image sha256:efd5669227e214abc71065c90a76dee4b443d41a318217b986bb65dae09a9801 matches this tree (629232bc13c5a6e567e5c24af80b637f842eb03587c9009ba3e00a13b6693991)
Software Version     : v25.10.1
Build Number         : 399-g90c1dbe35ef
[08:47:29 TEST] gRPC endpoint: 172.20.20.4:50051
[08:47:29 TEST] Starting rustbgpd daemon...
[08:47:29 TEST] rustbgpd is running (after 1s)
[08:47:29 TEST] Waiting for gRPC to become available...
  [08:47:29] PASS gRPC endpoint ready (attempt 1)
[08:47:29 TEST] Waiting for bundle SR Linux session to reach Established...
  [08:47:32] PASS bundle SR Linux session established (attempt 2)
M119 assertion failed: daemon route differs: {'route_type': 2, 'rd': '192.0.2.2:100', 'ethernet_tag': '10', 'next_hop': '192.0.2.2', 'peer': '10.0.119.2', 'tunnel_type': 8, 'mac': '02:aa:bb:01:19:02', 'ip': '', 'label': 10010, 'label2': 0, 'esi': '00:00:00:00:00:00:00:00:00:00'}
  [08:47:38] PASS initial route, vendor import and FDB state
  [08:47:43] PASS forwarding: fresh ARP and ping tag 10 toward host 2
  [08:47:48] PASS forwarding: fresh ARP and ping tag 10 toward host 1
  [08:47:53] PASS forwarding: fresh ARP and ping tag 20 toward host 2
  [08:47:58] PASS forwarding: fresh ARP and ping tag 20 toward host 1
All changes have been committed. Leaving candidate mode.
M119 assertion failed: unexpected managed FDB row
  [08:48:04] PASS remote-withdrawn route, vendor import and FDB state
  [08:48:09] PASS isolated: fresh ARP and ping tag 20 toward host 2
  [08:48:14] PASS isolated: fresh ARP and ping tag 20 toward host 1
All changes have been committed. Leaving candidate mode.
M119 assertion failed: bd10 EVPN MAC inventory differs
  [08:48:20] PASS remote-restored route, vendor import and FDB state
  [08:48:25] PASS restored: fresh ARP and ping tag 10 toward host 2
  [08:48:30] PASS restored: fresh ARP and ping tag 10 toward host 1
  [08:48:35] PASS restored: fresh ARP and ping tag 20 toward host 2
  [08:48:40] PASS restored: fresh ARP and ping tag 20 toward host 1
  [08:48:43] PASS local-withdrawn route, vendor import and FDB state
  [08:48:45] PASS final route, vendor import and FDB state
  [08:48:45] PASS session remained established without a flap throughout withdrawals and restores

[08:48:45 TEST] Results: 18 passed, 0 failed
