# reloadstall peers=700 changed_peers=700 stable_peers=0 prefixes=400400 per_peer=572 pid=1704278
established 700 at 0.7s
establishment transport_retries=0 recovered_peers=0
first_exact_bitmap,mode=flapstorm,peers=700,total=400400,per_peer=572,expected=399828,completed=700,min_unique=399828,max_unique=399828
converged (>= 399828/observer) at 3.4s rss_mib=417
control_maxgap_ms: p50=19.30 p95=19.86 max=42.00 (n=700)
control_rss_mib 358
flapstorm_csv_header,round,peers_total,peers_flapped,prefixes,flap_prefixes,withdraw_p50_s,withdraw_p95_s,withdraw_max_s,reannounce_p50_s,reannounce_p95_s,reannounce_max_s,rss_mib,sessions_up,parse_errors
flap 1 close wall_us=1788105385272835
flap 1 withdraw_s: p50=0.31 p95=0.31 max=0.34 (n=650)
flap 1 reconnect transport_retries=0 recovered_peers=0
flap 1 reannounce wall_us=1788105395296946
flap 1 reannounce_s: p50=0.39 p95=0.39 max=0.42 (n=650)
flap 1 first_reann_s: p50=0.21 p95=0.21 max=0.24 (n=650)
flap 1 sessions_up 700/700 rss_mib=415
flapstorm_csv,1,700,50,400400,28600,0.309058,0.313074,0.335848,0.385081,0.386332,0.421739,415,700,0
flap 2 close wall_us=1788105405807798
flap 2 withdraw_s: p50=0.30 p95=0.30 max=0.34 (n=650)
flap 2 reconnect transport_retries=0 recovered_peers=0
flap 2 reannounce wall_us=1788105415829894
flap 2 reannounce_s: p50=0.39 p95=0.40 max=0.40 (n=650)
flap 2 first_reann_s: p50=0.21 p95=0.21 max=0.24 (n=650)
flap 2 sessions_up 700/700 rss_mib=386
flapstorm_csv,2,700,50,400400,28600,0.303448,0.304307,0.338237,0.385880,0.395999,0.396889,386,700,0
flap 3 close wall_us=1788105426238595
flap 3 withdraw_s: p50=0.43 p95=0.43 max=0.44 (n=650)
flap 3 reconnect transport_retries=0 recovered_peers=0
flap 3 reannounce wall_us=1788105436261461
flap 3 reannounce_s: p50=0.38 p95=0.38 max=0.41 (n=650)
flap 3 first_reann_s: p50=0.21 p95=0.21 max=0.25 (n=650)
flap 3 sessions_up 700/700 rss_mib=424
flapstorm_csv,3,700,50,400400,28600,0.432381,0.434447,0.440074,0.377139,0.378122,0.414240,424,700,0
done rss_mib=449
