# reloadstall peers=700 changed_peers=700 stable_peers=0 prefixes=400400 per_peer=572 pid=1700340
established 700 at 0.7s
establishment transport_retries=0 recovered_peers=0
first_exact_bitmap,mode=reload,peers=700,total=400400,per_peer=572,expected=399828,completed=700,min_unique=399828,max_unique=399828
converged (>= 399828/observer) at 3.4s rss_mib=414
control_maxgap_ms: p50=20.22 p95=20.75 max=42.20 (n=700)
control_rss_mib 358
reloadstall_csv_header,reload,peers_total,peers_changed,peers_stable,prefixes,completion_p50_s,completion_p95_s,completion_max_s,changed_maxgap_p50_ms,changed_maxgap_p95_ms,changed_maxgap_max_ms,all_observer_maxgap_p50_ms,all_observer_maxgap_p95_ms,all_observer_maxgap_max_ms,changed_first_generation_update_p50_ms,changed_first_generation_update_p95_ms,changed_first_generation_update_max_ms,rss_before_mib,rss_after_mib,stable_marker_peers,sessions_up,parse_errors
reload 1 SIGHUP wall_us=1788104914958287 policy=<runtime-path>
reload 1 completion_s: p50=1.28 p95=1.58 max=1.59 (n=700)
reload 1 maxgap_ms: p50=383.95 p95=466.98 max=533.57 (n=700)
reload 1 all_observer_maxgap_ms: p50=383.95 p95=466.98 max=533.57 (n=700)
reload 1 changed_first_generation_update_ms: p50=853.93 p95=929.54 max=1004.70 (n=700)
reload 1 rss_mib before=358 after=403 comms_sample=[4286056400]
reload 1 sessions_up 700/700
reload 1 stable_marker_peers 0/0
reloadstall_csv,1,700,700,0,400400,1.275230,1.579344,1.593319,383.947,466.984,533.569,383.947,466.984,533.569,853.931,929.543,1004.696,358,403,0,700,0
reload 2 SIGHUP wall_us=1788104936645033 policy=<runtime-path>
reload 2 completion_s: p50=1.30 p95=1.78 max=1.80 (n=700)
reload 2 maxgap_ms: p50=490.01 p95=707.24 max=1043.03 (n=700)
reload 2 all_observer_maxgap_ms: p50=490.01 p95=707.24 max=1043.03 (n=700)
reload 2 changed_first_generation_update_ms: p50=847.78 p95=1173.18 max=1509.04 (n=700)
reload 2 rss_mib before=371 after=414 comms_sample=[4286055400]
reload 2 sessions_up 700/700
reload 2 stable_marker_peers 0/0
reloadstall_csv,2,700,700,0,400400,1.295389,1.776072,1.798755,490.009,707.238,1043.027,490.009,707.238,1043.027,847.777,1173.183,1509.039,371,414,0,700,0
reload 3 SIGHUP wall_us=1788104958548115 policy=<runtime-path>
reload 3 completion_s: p50=1.21 p95=1.70 max=1.75 (n=700)
reload 3 maxgap_ms: p50=451.56 p95=913.33 max=1040.81 (n=700)
reload 3 all_observer_maxgap_ms: p50=451.56 p95=913.33 max=1040.81 (n=700)
reload 3 changed_first_generation_update_ms: p50=807.20 p95=1351.32 max=1478.24 (n=700)
reload 3 rss_mib before=372 after=424 comms_sample=[4286056400]
reload 3 sessions_up 700/700
reload 3 stable_marker_peers 0/0
reloadstall_csv,3,700,700,0,400400,1.209182,1.697715,1.749158,451.555,913.330,1040.813,451.555,913.330,1040.813,807.204,1351.323,1478.241,372,424,0,700,0
reload 4 SIGHUP wall_us=1788104980382985 policy=<runtime-path>
reload 4 completion_s: p50=1.24 p95=1.70 max=1.76 (n=700)
reload 4 maxgap_ms: p50=528.97 p95=946.77 max=1049.06 (n=700)
reload 4 all_observer_maxgap_ms: p50=528.97 p95=946.77 max=1049.06 (n=700)
reload 4 changed_first_generation_update_ms: p50=812.71 p95=1356.63 max=1457.35 (n=700)
reload 4 rss_mib before=371 after=420 comms_sample=[4286055400]
reload 4 sessions_up 700/700
reload 4 stable_marker_peers 0/0
reloadstall_csv,4,700,700,0,400400,1.235586,1.698598,1.763376,528.965,946.773,1049.056,528.965,946.773,1049.056,812.710,1356.635,1457.347,371,420,0,700,0
done rss_mib=372
