# reloadstall peers=20 changed_peers=20 stable_peers=0 prefixes=20000 per_peer=1000 pid=3244174
established 20 at 0.1s
converged (>= 19000/observer) at 0.3s rss_mib=66
control_maxgap_ms: p50=37.41 p95=43.06 max=45.56 (n=20)
control_rss_mib 66
reloadstall_csv_header,reload,peers_total,peers_changed,peers_stable,prefixes,completion_p50_s,completion_p95_s,completion_max_s,changed_maxgap_p50_ms,changed_maxgap_p95_ms,changed_maxgap_max_ms,all_observer_maxgap_p50_ms,all_observer_maxgap_p95_ms,all_observer_maxgap_max_ms,changed_first_update_p50_ms,changed_first_update_p95_ms,changed_first_update_max_ms,rss_before_mib,rss_after_mib,stable_marker_peers,sessions_up,parse_errors
reload 1 SIGHUP wall_us=1784251490922129 policy=/tmp/ixp-rustbgpd/gen-b.rpol
reload 1 completion_s: p50=0.06 p95=0.07 max=0.07 (n=20)
reload 1 maxgap_ms: p50=40.29 p95=40.88 max=41.19 (n=20)
reload 1 all_observer_maxgap_ms: p50=40.31 p95=40.88 max=41.19 (n=20)
reload 1 first_update_ms: p50=23.62 p95=25.20 max=25.21 (n=20)
reload 1 rss_mib before=66 after=80 comms_sample=[4292610000]
reload 1 sessions_up 20/20
reload 1 stable_marker_peers 0/0
reloadstall_csv,1,20,20,0,20000,0.064693,0.065291,0.065299,40.293,40.879,41.192,40.312,40.879,41.192,23.624,25.205,25.211,66,80,0,20,0
reload 2 SIGHUP wall_us=1784251511024122 policy=/tmp/ixp-rustbgpd/gen-a.rpol
reload 2 completion_s: p50=0.06 p95=0.06 max=0.06 (n=20)
reload 2 maxgap_ms: p50=40.17 p95=41.12 max=41.27 (n=20)
reload 2 all_observer_maxgap_ms: p50=40.48 p95=41.12 max=41.27 (n=20)
reload 2 first_update_ms: p50=14.07 p95=22.52 max=23.70 (n=20)
reload 2 rss_mib before=80 after=90 comms_sample=[4292609000]
reload 2 sessions_up 20/20
reload 2 stable_marker_peers 0/0
reloadstall_csv,2,20,20,0,20000,0.063807,0.064601,0.064653,40.173,41.121,41.270,40.478,41.121,41.270,14.068,22.523,23.697,80,90,0,20,0
done rss_mib=90
