# reloadstall peers=700 changed_peers=700 stable_peers=0 prefixes=400400 per_peer=572 pid=0
established 700 at 19.7s
converged (>= 399828/observer) at 61.5s rss_mib=0
control_maxgap_ms: p50=54.48 p95=55.63 max=85.06 (n=700)
control_rss_mib 0
flapstorm_csv_header,round,peers_total,peers_flapped,prefixes,flap_prefixes,withdraw_p50_s,withdraw_p95_s,withdraw_max_s,reannounce_p50_s,reannounce_p95_s,reannounce_max_s,rss_mib,sessions_up,parse_errors
flap 1 close wall_us=1784284666724117
flap 1 withdraw_s: p50=0.53 p95=0.65 max=0.65 (n=650)
flap 1 reannounce wall_us=1784284679744240
flap 1 reannounce_s: p50=3.80 p95=4.57 max=4.68 (n=650)
flap 1 sessions_up 700/700 rss_mib=0
flapstorm_csv,1,700,50,400400,28600,0.530786,0.646775,0.651839,3.797475,4.568817,4.678795,0,700,0
flap 2 close wall_us=1784284694498459
flap 2 withdraw_s: p50=0.52 p95=0.64 max=0.66 (n=650)
flap 2 reannounce wall_us=1784284707671918
flap 2 reannounce_s: p50=2.84 p95=3.80 max=3.84 (n=650)
flap 2 sessions_up 700/700 rss_mib=0
flapstorm_csv,2,700,50,400400,28600,0.520718,0.636416,0.664235,2.839721,3.800843,3.839669,0,700,0
flap 3 close wall_us=1784284721513627
flap 3 withdraw_s: p50=0.61 p95=0.70 max=0.70 (n=650)
flap 3 reannounce wall_us=1784284734890973
flap 3 reannounce_s: p50=4.22 p95=4.25 max=4.29 (n=650)
flap 3 sessions_up 700/700 rss_mib=0
flapstorm_csv,3,700,50,400400,28600,0.605791,0.695134,0.699776,4.220601,4.253116,4.290713,0,700,0
done rss_mib=0
