# reloadstall peers=700 changed_peers=700 stable_peers=0 prefixes=400400 per_peer=572 pid=0
established 700 at 20.8s
converged (>= 399828/observer) at 65.3s rss_mib=0
control_maxgap_ms: p50=40.26 p95=41.01 max=56.64 (n=700)
control_rss_mib 0
flapstorm_csv_header,round,peers_total,peers_flapped,prefixes,flap_prefixes,withdraw_p50_s,withdraw_p95_s,withdraw_max_s,reannounce_p50_s,reannounce_p95_s,reannounce_max_s,rss_mib,sessions_up,parse_errors
flap 1 close wall_us=1785190299632594
flap 1 withdraw_s: p50=0.44 p95=0.70 max=0.75 (n=650)
flap 1 reannounce wall_us=1785190312881022
flap 1 reannounce_s: p50=3.61 p95=3.82 max=3.88 (n=650)
flap 1 first_reann_s: p50=0.59 p95=1.59 max=2.01 (n=650)
flap 1 sessions_up 700/700 rss_mib=0
flapstorm_csv,1,700,50,400400,28600,0.441256,0.697471,0.754129,3.605290,3.817797,3.875706,0,700,0
flap 2 close wall_us=1785190326829569
flap 2 withdraw_s: p50=0.56 p95=0.63 max=0.64 (n=650)
flap 2 reannounce wall_us=1785190339542471
flap 2 reannounce_s: p50=3.68 p95=4.12 max=4.17 (n=650)
flap 2 first_reann_s: p50=0.62 p95=1.93 max=2.46 (n=650)
flap 2 sessions_up 700/700 rss_mib=0
flapstorm_csv,2,700,50,400400,28600,0.564254,0.632207,0.644515,3.675482,4.115352,4.173880,0,700,0
flap 3 close wall_us=1785190353791025
flap 3 withdraw_s: p50=0.57 p95=0.72 max=0.74 (n=650)
flap 3 reannounce wall_us=1785190366467712
flap 3 reannounce_s: p50=3.43 p95=3.95 max=4.04 (n=650)
flap 3 first_reann_s: p50=0.18 p95=0.87 max=1.27 (n=650)
flap 3 sessions_up 700/700 rss_mib=0
flapstorm_csv,3,700,50,400400,28600,0.571102,0.717969,0.744179,3.425560,3.952763,4.036749,0,700,0
done rss_mib=0
