# reloadstall peers=320 changed_peers=320 stable_peers=0 prefixes=183040 per_peer=572 pid=868501
established 320 at 0.3s
establishment transport_retries=0 recovered_peers=0
first_exact_bitmap,mode=reload,peers=320,total=183040,per_peer=572,expected=182468,completed=320,min_unique=182468,max_unique=182468
converged (>= 182468/observer) at 3.0s rss_mib=501
control_maxgap_ms: p50=18.71 p95=20.53 max=42.10 (n=320)
control_rss_mib 477
reloadstall_csv_header,reload,peers_total,peers_changed,peers_stable,prefixes,completion_p50_s,completion_p95_s,completion_max_s,changed_maxgap_p50_ms,changed_maxgap_p95_ms,changed_maxgap_max_ms,all_observer_maxgap_p50_ms,all_observer_maxgap_p95_ms,all_observer_maxgap_max_ms,changed_first_generation_update_p50_ms,changed_first_generation_update_p95_ms,changed_first_generation_update_max_ms,rss_before_mib,rss_after_mib,stable_marker_peers,sessions_up,parse_errors
dataset-stage generation=b changed=36 total=640
reload 1 SIGHUP wall_us=1791095589945132 policy=/tmp/irr-rustbgpd-sighup/gen-b.rpol
reload 1 receiver_barriers_complete awaiting_daemon_settlement
reload 1 daemon_applied complete_before=0 complete_after=1
reload 1 completion_s: p50=0.59 p95=0.63 max=0.63 (n=320)
reload 1 maxgap_ms: p50=389.24 p95=391.17 max=408.49 (n=320)
reload 1 all_observer_maxgap_ms: p50=389.24 p95=391.17 max=408.49 (n=320)
reload 1 changed_first_generation_update_ms: p50=552.93 p95=554.96 max=555.65 (n=320)
reload 1 rss_mib before=488 after=582 comms_sample=[4286056400]
reload 1 sessions_up 320/320
reload 1 stable_marker_peers 0/0
reload 1 withdrawals: v4 named 0/0 v6 named 0/0 leaked=0 bystander=0 stable=0 duplicate=0
reloadstall_csv,1,320,320,0,183040,0.591688,0.627182,0.628944,389.241,391.168,408.492,389.241,391.168,408.492,552.930,554.960,555.653,488,582,0,320,0
dataset-stage generation=a changed=36 total=640
reload 2 SIGHUP wall_us=1791095612190305 policy=/tmp/irr-rustbgpd-sighup/gen-a.rpol
reload 2 receiver_barriers_complete awaiting_daemon_settlement
reload 2 daemon_applied complete_before=1 complete_after=2
reload 2 completion_s: p50=0.62 p95=0.62 max=0.65 (n=320)
reload 2 maxgap_ms: p50=418.45 p95=433.67 max=440.75 (n=320)
reload 2 all_observer_maxgap_ms: p50=418.45 p95=433.67 max=440.75 (n=320)
reload 2 changed_first_generation_update_ms: p50=575.11 p95=590.72 max=596.89 (n=320)
reload 2 rss_mib before=547 after=632 comms_sample=[4286055400]
reload 2 sessions_up 320/320
reload 2 stable_marker_peers 0/0
reload 2 withdrawals: v4 named 0/0 v6 named 0/0 leaked=0 bystander=0 stable=0 duplicate=0
reloadstall_csv,2,320,320,0,183040,0.616695,0.620901,0.649780,418.447,433.673,440.755,418.447,433.673,440.755,575.106,590.717,596.886,547,632,0,320,0
dataset-stage generation=b changed=36 total=640
reload 3 SIGHUP wall_us=1791095634457605 policy=/tmp/irr-rustbgpd-sighup/gen-b.rpol
reload 3 receiver_barriers_complete awaiting_daemon_settlement
reload 3 daemon_applied complete_before=2 complete_after=3
reload 3 completion_s: p50=0.61 p95=0.64 max=0.64 (n=320)
reload 3 maxgap_ms: p50=427.04 p95=440.54 max=452.02 (n=320)
reload 3 all_observer_maxgap_ms: p50=427.04 p95=440.54 max=452.02 (n=320)
reload 3 changed_first_generation_update_ms: p50=569.15 p95=582.21 max=593.34 (n=320)
reload 3 rss_mib before=547 after=624 comms_sample=[4286056400]
reload 3 sessions_up 320/320
reload 3 stable_marker_peers 0/0
reload 3 withdrawals: v4 named 0/0 v6 named 0/0 leaked=0 bystander=0 stable=0 duplicate=0
reloadstall_csv,3,320,320,0,183040,0.610756,0.642678,0.644477,427.035,440.538,452.024,427.035,440.538,452.024,569.148,582.205,593.338,547,624,0,320,0
dataset-stage generation=a changed=36 total=640
reload 4 SIGHUP wall_us=1791095656713482 policy=/tmp/irr-rustbgpd-sighup/gen-a.rpol
reload 4 receiver_barriers_complete awaiting_daemon_settlement
reload 4 daemon_applied complete_before=3 complete_after=4
reload 4 completion_s: p50=0.60 p95=0.64 max=0.64 (n=320)
reload 4 maxgap_ms: p50=398.54 p95=401.83 max=420.61 (n=320)
reload 4 all_observer_maxgap_ms: p50=398.54 p95=401.83 max=420.61 (n=320)
reload 4 changed_first_generation_update_ms: p50=564.63 p95=567.41 max=569.72 (n=320)
reload 4 rss_mib before=549 after=606 comms_sample=[4286055400]
reload 4 sessions_up 320/320
reload 4 stable_marker_peers 0/0
reload 4 withdrawals: v4 named 0/0 v6 named 0/0 leaked=0 bystander=0 stable=0 duplicate=0
reloadstall_csv,4,320,320,0,183040,0.604590,0.638752,0.640593,398.536,401.832,420.607,398.536,401.832,420.607,564.627,567.412,569.718,549,606,0,320,0
final sessions_up 320/320 parse_errors=0
done rss_mib=537
route_refresh_accounting,peer=4,family=ipv4,received=4,suppressed=0,completed=4,sent_nlri=2288
route_refresh_accounting,peer=8,family=ipv4,received=4,suppressed=0,completed=4,sent_nlri=2288
route_refresh_accounting,peer=25,family=ipv4,received=4,suppressed=0,completed=4,sent_nlri=2288
route_refresh_accounting,peer=27,family=ipv4,received=4,suppressed=0,completed=4,sent_nlri=2288
route_refresh_accounting,peer=49,family=ipv4,received=4,suppressed=0,completed=4,sent_nlri=2288
route_refresh_accounting,peer=53,family=ipv4,received=4,suppressed=0,completed=4,sent_nlri=2288
route_refresh_accounting,peer=62,family=ipv4,received=4,suppressed=0,completed=4,sent_nlri=2288
route_refresh_accounting,peer=64,family=ipv4,received=4,suppressed=0,completed=4,sent_nlri=2288
route_refresh_accounting,peer=66,family=ipv4,received=4,suppressed=0,completed=4,sent_nlri=2288
route_refresh_accounting,peer=70,family=ipv4,received=4,suppressed=0,completed=4,sent_nlri=2288
route_refresh_accounting,peer=84,family=ipv4,received=4,suppressed=0,completed=4,sent_nlri=2288
route_refresh_accounting,peer=96,family=ipv4,received=4,suppressed=0,completed=4,sent_nlri=2288
route_refresh_accounting,peer=102,family=ipv4,received=4,suppressed=0,completed=4,sent_nlri=2288
route_refresh_accounting,peer=117,family=ipv4,received=4,suppressed=0,completed=4,sent_nlri=2288
route_refresh_accounting,peer=122,family=ipv4,received=4,suppressed=0,completed=4,sent_nlri=2288
route_refresh_accounting,peer=128,family=ipv4,received=4,suppressed=0,completed=4,sent_nlri=2288
route_refresh_accounting,peer=133,family=ipv4,received=4,suppressed=0,completed=4,sent_nlri=2288
route_refresh_accounting,peer=137,family=ipv4,received=4,suppressed=0,completed=4,sent_nlri=2288
route_refresh_accounting,peer=149,family=ipv4,received=4,suppressed=0,completed=4,sent_nlri=2288
route_refresh_accounting,peer=153,family=ipv4,received=4,suppressed=0,completed=4,sent_nlri=2288
route_refresh_accounting,peer=164,family=ipv4,received=4,suppressed=0,completed=4,sent_nlri=2288
route_refresh_accounting,peer=165,family=ipv4,received=4,suppressed=0,completed=4,sent_nlri=2288
route_refresh_accounting,peer=166,family=ipv4,received=4,suppressed=0,completed=4,sent_nlri=2288
route_refresh_accounting,peer=169,family=ipv4,received=4,suppressed=0,completed=4,sent_nlri=2288
route_refresh_accounting,peer=177,family=ipv4,received=4,suppressed=0,completed=4,sent_nlri=2288
route_refresh_accounting,peer=209,family=ipv4,received=4,suppressed=0,completed=4,sent_nlri=2288
route_refresh_accounting,peer=219,family=ipv4,received=4,suppressed=0,completed=4,sent_nlri=2288
route_refresh_accounting,peer=223,family=ipv4,received=4,suppressed=0,completed=4,sent_nlri=2288
route_refresh_accounting,peer=227,family=ipv4,received=4,suppressed=0,completed=4,sent_nlri=2288
route_refresh_accounting,peer=249,family=ipv4,received=4,suppressed=0,completed=4,sent_nlri=2288
route_refresh_accounting,peer=251,family=ipv4,received=4,suppressed=0,completed=4,sent_nlri=2288
route_refresh_accounting,peer=254,family=ipv4,received=4,suppressed=0,completed=4,sent_nlri=2288
route_refresh_accounting,peer=266,family=ipv4,received=4,suppressed=0,completed=4,sent_nlri=2288
route_refresh_accounting,peer=310,family=ipv4,received=4,suppressed=0,completed=4,sent_nlri=2288
route_refresh_accounting,peer=311,family=ipv4,received=4,suppressed=0,completed=4,sent_nlri=2288
route_refresh_accounting,peer=317,family=ipv4,received=4,suppressed=0,completed=4,sent_nlri=2288
