# reloadstall peers=320 changed_peers=320 stable_peers=0 prefixes=183040 per_peer=572 pid=0
established 320 at 24.8s
establishment transport_retries=0 recovered_peers=0
first_exact_bitmap,mode=reload,peers=320,total=183040,per_peer=572,expected=182468,completed=320,min_unique=182130,max_unique=182224
converged (>= 182468/observer) at 80.5s rss_mib=0
control_maxgap_ms: p50=24.23 p95=24.35 max=38.07 (n=320)
control_rss_mib 0
reloadstall_csv_header,reload,peers_total,peers_changed,peers_stable,prefixes,completion_p50_s,completion_p95_s,completion_max_s,changed_maxgap_p50_ms,changed_maxgap_p95_ms,changed_maxgap_max_ms,all_observer_maxgap_p50_ms,all_observer_maxgap_p95_ms,all_observer_maxgap_max_ms,changed_first_generation_update_p50_ms,changed_first_generation_update_p95_ms,changed_first_generation_update_max_ms,rss_before_mib,rss_after_mib,stable_marker_peers,sessions_up,parse_errors
reload 1 reload_cmd wall_us=1791107676157672 policy=/tmp/irr-openbgpd/gen-b.conf
reload request sent.
request processed
reload 1 progress: complete=0/320
reload 1 progress: complete=0/320
reload 1 progress: complete=0/320
reload 1 progress: complete=0/320
reload 1 progress: complete=0/320
reload 1 completion_s: p50=55.96 p95=55.97 max=55.97 (n=320)
reload 1 maxgap_ms: p50=379.19 p95=379.88 max=397.07 (n=320)
reload 1 all_observer_maxgap_ms: p50=379.19 p95=379.88 max=397.07 (n=320)
reload 1 changed_first_generation_update_ms: p50=7935.13 p95=7936.18 max=8031.96 (n=320)
reload 1 rss_mib before=0 after=0 comms_sample=[4286056400]
reload 1 sessions_up 320/320
reload 1 stable_marker_peers 0/0
reload 1 withdrawals: v4 named 0/0 v6 named 0/0 leaked=0 bystander=0 stable=0 duplicate=0
reloadstall_csv,1,320,320,0,183040,55.963384,55.965180,55.968484,379.185,379.879,397.066,379.185,379.879,397.066,7935.127,7936.176,8031.963,0,0,0,320,0
reload 2 reload_cmd wall_us=1791107752212471 policy=/tmp/irr-openbgpd/gen-a.conf
reload request sent.
request processed
reload 2 progress: complete=0/320
reload 2 progress: complete=0/320
reload 2 progress: complete=0/320
reload 2 progress: complete=0/320
reload 2 progress: complete=0/320
reload 2 completion_s: p50=60.59 p95=60.59 max=60.59 (n=320)
reload 2 maxgap_ms: p50=419.92 p95=420.50 max=441.02 (n=320)
reload 2 all_observer_maxgap_ms: p50=419.92 p95=420.50 max=441.02 (n=320)
reload 2 changed_first_generation_update_ms: p50=7455.69 p95=7456.42 max=7613.19 (n=320)
reload 2 rss_mib before=0 after=0 comms_sample=[4286055400]
reload 2 sessions_up 320/320
reload 2 stable_marker_peers 0/0
reload 2 withdrawals: v4 named 0/0 v6 named 0/0 leaked=0 bystander=0 stable=0 duplicate=0
reloadstall_csv,2,320,320,0,183040,60.587715,60.589886,60.590380,419.921,420.503,441.023,419.921,420.503,441.023,7455.692,7456.417,7613.191,0,0,0,320,0
reload 3 reload_cmd wall_us=1791107832940421 policy=/tmp/irr-openbgpd/gen-b.conf
reload request sent.
request processed
reload 3 progress: complete=0/320
reload 3 progress: complete=0/320
reload 3 progress: complete=0/320
reload 3 progress: complete=0/320
reload 3 progress: complete=0/320
reload 3 completion_s: p50=62.92 p95=62.92 max=62.93 (n=320)
reload 3 maxgap_ms: p50=433.56 p95=434.09 max=447.99 (n=320)
reload 3 all_observer_maxgap_ms: p50=433.56 p95=434.09 max=447.99 (n=320)
reload 3 changed_first_generation_update_ms: p50=7751.99 p95=7752.75 max=7993.55 (n=320)
reload 3 rss_mib before=0 after=0 comms_sample=[4286056400]
reload 3 sessions_up 320/320
reload 3 stable_marker_peers 0/0
reload 3 withdrawals: v4 named 0/0 v6 named 0/0 leaked=0 bystander=0 stable=0 duplicate=0
reloadstall_csv,3,320,320,0,183040,62.915421,62.921319,62.927947,433.563,434.091,447.991,433.563,434.091,447.991,7751.992,7752.751,7993.553,0,0,0,320,0
reload 4 reload_cmd wall_us=1791107915991013 policy=/tmp/irr-openbgpd/gen-a.conf
reload request sent.
request processed
reload 4 progress: complete=0/320
reload 4 progress: complete=0/320
reload 4 progress: complete=0/320
reload 4 progress: complete=0/320
reload 4 progress: complete=0/320
reload 4 completion_s: p50=61.32 p95=61.32 max=61.32 (n=320)
reload 4 maxgap_ms: p50=428.79 p95=429.33 max=441.51 (n=320)
reload 4 all_observer_maxgap_ms: p50=428.79 p95=429.33 max=441.51 (n=320)
reload 4 changed_first_generation_update_ms: p50=7574.20 p95=7574.97 max=7703.66 (n=320)
reload 4 rss_mib before=0 after=0 comms_sample=[4286055400]
reload 4 sessions_up 320/320
reload 4 stable_marker_peers 0/0
reload 4 withdrawals: v4 named 0/0 v6 named 0/0 leaked=0 bystander=0 stable=0 duplicate=0
reloadstall_csv,4,320,320,0,183040,61.318622,61.322882,61.323090,428.788,429.326,441.508,428.788,429.326,441.508,7574.200,7574.973,7703.661,0,0,0,320,0
final sessions_up 320/320 parse_errors=0
done rss_mib=0
