[2026-09-24T00:01:27Z] reload 1 issued
[2026-09-24T00:01:37Z] reload 1 complete
[2026-09-24T00:31:37Z] reload 2 issued
[2026-09-24T00:31:46Z] reload 2 complete
[2026-09-24T01:01:47Z] reload 3 issued
[2026-09-24T01:01:57Z] reload 3 complete
[2026-09-24T01:31:57Z] reload 4 issued
[2026-09-24T01:32:07Z] reload 4 complete
[2026-09-24T02:02:07Z] reload 5 issued
[2026-09-24T02:02:17Z] reload 5 complete
[2026-09-24T02:32:17Z] reload 6 issued
[2026-09-24T02:32:28Z] reload 6 complete
[2026-09-24T03:02:28Z] reload 7 issued
[2026-09-24T03:02:37Z] reload 7 complete
[2026-09-24T03:32:38Z] reload 8 issued
[2026-09-24T03:32:48Z] reload 8 complete
[2026-09-24T04:02:48Z] trip 1 announce_over
[2026-09-24T04:02:48Z] trip 1 torn_down
[2026-09-24T04:02:48Z] trip 1 exceeded_total=1
[2026-09-24T04:02:48Z] trip 1 countdown_ms=119589 action=restart
[2026-09-24T04:04:48Z] trip 1 reestablished
[2026-09-24T04:04:48Z] trip 1 reannounced
[2026-09-24T04:04:49Z] trip 1 complete usage=400 limit=450 headroom=50
[2026-09-24T04:04:51Z] reload 9 issued
[2026-09-24T04:05:01Z] reload 9 complete
[2026-09-24T04:35:01Z] reload 10 issued
[2026-09-24T04:35:11Z] reload 10 complete
[2026-09-24T05:05:11Z] reload 11 issued
[2026-09-24T05:05:21Z] reload 11 complete
[2026-09-24T05:35:21Z] reload 12 issued
[2026-09-24T05:35:31Z] reload 12 complete
[2026-09-24T06:05:32Z] reload 13 issued
[2026-09-24T06:05:42Z] reload 13 complete
[2026-09-24T06:35:42Z] reload 14 issued
[2026-09-24T06:35:51Z] reload 14 complete
[2026-09-24T07:05:51Z] reload 15 issued
[2026-09-24T07:06:02Z] reload 15 complete
[2026-09-24T07:36:03Z] reload 16 issued
[2026-09-24T07:36:12Z] reload 16 complete
[2026-09-24T08:06:12Z] trip 2 announce_over
[2026-09-24T08:06:12Z] trip 2 torn_down
[2026-09-24T08:06:12Z] trip 2 exceeded_total=2
[2026-09-24T08:06:12Z] trip 2 countdown_ms=119585 action=restart
[2026-09-24T08:08:12Z] trip 2 reestablished
[2026-09-24T08:08:12Z] trip 2 reannounced
[2026-09-24T08:08:13Z] trip 2 complete usage=400 limit=450 headroom=50
[2026-09-24T08:08:14Z] reload 17 issued
[2026-09-24T08:08:25Z] reload 17 complete
[2026-09-24T08:38:25Z] reload 18 issued
[2026-09-24T08:38:35Z] reload 18 complete
[2026-09-24T09:08:36Z] reload 19 issued
[2026-09-24T09:08:46Z] reload 19 complete
[2026-09-24T09:38:45Z] reload 20 issued
[2026-09-24T09:38:56Z] reload 20 complete
[2026-09-24T10:08:56Z] reload 21 issued
[2026-09-24T10:09:06Z] reload 21 complete
[2026-09-24T10:39:06Z] reload 22 issued
[2026-09-24T10:39:17Z] reload 22 complete
[2026-09-24T11:09:17Z] reload 23 issued
[2026-09-24T11:09:27Z] reload 23 complete
[2026-09-24T11:39:27Z] reload 24 issued
[2026-09-24T11:39:37Z] reload 24 complete
[2026-09-24T12:09:36Z] trip 3 announce_over
[2026-09-24T12:09:36Z] trip 3 torn_down
[2026-09-24T12:09:37Z] trip 3 exceeded_total=3
[2026-09-24T12:09:37Z] trip 3 countdown_ms=119698 action=restart
[2026-09-24T12:11:37Z] trip 3 reestablished
[2026-09-24T12:11:37Z] trip 3 reannounced
[2026-09-24T12:11:39Z] reload 25 issued
[2026-09-24T12:11:39Z] trip 3 complete usage=400 limit=450 headroom=50
[2026-09-24T12:11:49Z] reload 25 complete
[2026-09-24T12:41:49Z] reload 26 issued
[2026-09-24T12:42:00Z] reload 26 complete
[2026-09-24T13:12:00Z] reload 27 issued
[2026-09-24T13:12:10Z] reload 27 complete
[2026-09-24T13:42:10Z] reload 28 issued
[2026-09-24T13:42:19Z] reload 28 complete
[2026-09-24T14:12:19Z] reload 29 issued
[2026-09-24T14:12:30Z] reload 29 complete
[2026-09-24T14:42:30Z] reload 30 issued
[2026-09-24T14:42:40Z] reload 30 complete
[2026-09-24T15:12:40Z] reload 31 issued
[2026-09-24T15:12:50Z] reload 31 complete
[2026-09-24T15:42:50Z] reload 32 issued
[2026-09-24T15:43:00Z] reload 32 complete
[2026-09-24T16:13:01Z] trip 4 announce_over
[2026-09-24T16:13:01Z] trip 4 torn_down
[2026-09-24T16:13:01Z] trip 4 exceeded_total=4
[2026-09-24T16:13:01Z] trip 4 countdown_ms=118891 action=restart
[2026-09-24T16:15:00Z] trip 4 reestablished
[2026-09-24T16:15:00Z] trip 4 reannounced
[2026-09-24T16:15:02Z] reload 33 issued
[2026-09-24T16:15:02Z] trip 4 complete usage=400 limit=450 headroom=50
[2026-09-24T16:15:14Z] reload 33 complete
[2026-09-24T16:45:14Z] reload 34 issued
[2026-09-24T16:45:23Z] reload 34 complete
[2026-09-24T17:15:23Z] reload 35 issued
[2026-09-24T17:15:33Z] reload 35 complete
[2026-09-24T17:45:33Z] reload 36 issued
[2026-09-24T17:45:43Z] reload 36 complete
[2026-09-24T18:15:43Z] reload 37 issued
[2026-09-24T18:15:52Z] reload 37 complete
[2026-09-24T18:45:53Z] reload 38 issued
[2026-09-24T18:46:03Z] reload 38 complete
[2026-09-24T19:16:03Z] reload 39 issued
[2026-09-24T19:16:13Z] reload 39 complete
[2026-09-24T19:46:13Z] reload 40 issued
[2026-09-24T19:46:23Z] reload 40 complete
[2026-09-24T20:16:23Z] trip 5 announce_over
[2026-09-24T20:16:23Z] trip 5 torn_down
[2026-09-24T20:16:24Z] trip 5 exceeded_total=5
[2026-09-24T20:16:24Z] trip 5 countdown_ms=118906 action=restart
[2026-09-24T20:18:24Z] trip 5 reestablished
[2026-09-24T20:18:24Z] trip 5 reannounced
[2026-09-24T20:18:25Z] reload 41 issued
[2026-09-24T20:18:25Z] trip 5 complete usage=400 limit=450 headroom=50
[2026-09-24T20:18:36Z] reload 41 complete
[2026-09-24T20:48:36Z] reload 42 issued
[2026-09-24T20:48:46Z] reload 42 complete
[2026-09-24T21:18:46Z] reload 43 issued
[2026-09-24T21:18:55Z] reload 43 complete
[2026-09-24T21:48:56Z] reload 44 issued
[2026-09-24T21:49:05Z] reload 44 complete
[2026-09-24T22:19:05Z] reload 45 issued
[2026-09-24T22:19:16Z] reload 45 complete
[2026-09-24T22:49:16Z] reload 46 issued
[2026-09-24T22:49:26Z] reload 46 complete
[2026-09-24T23:19:26Z] reload 47 issued
[2026-09-24T23:19:35Z] reload 47 complete
[2026-09-24T23:49:36Z] reload 48 issued
[2026-09-24T23:49:48Z] reload 48 complete
[2026-09-25T00:19:48Z] trip 6 announce_over
[2026-09-25T00:19:48Z] trip 6 torn_down
[2026-09-25T00:19:48Z] trip 6 exceeded_total=6
[2026-09-25T00:19:48Z] trip 6 countdown_ms=119288 action=restart
[2026-09-25T00:21:48Z] trip 6 reestablished
[2026-09-25T00:21:48Z] trip 6 reannounced
[2026-09-25T00:21:49Z] trip 6 complete usage=400 limit=450 headroom=50
