# reloadstall peers=700 changed_peers=700 stable_peers=0 prefixes=400400 per_peer=572 pid=2301024
established 700 at 0.8s
establishment transport_retries=0 recovered_peers=0
first_exact_bitmap,mode=flapstorm,peers=700,total=400400,per_peer=572,expected=399828,completed=700,min_unique=399828,max_unique=399828
converged (>= 399828/observer) at 3.2s rss_mib=395
control_maxgap_ms: p50=19.51 p95=20.49 max=41.69 (n=700)
control_rss_mib 348
converged_rejoin_csv_header,round,peers_total,peers_flapped,prefixes,rejoin_p50_s,rejoin_max_s,survivor_maxgap_ms,readiness_samples,rss_mib,sessions_up,parse_errors
converged_table_checkpoint,round=1,phase=disconnected,observers=50:51,unique=399828,eor=present
converged_rejoin 1 reconnect transport_retries=0
flap 1 peer 0 rejoin_complete_s=0.169587 eor_before_full_table=false eor=present
flap 1 peer 1 rejoin_complete_s=0.267612 eor_before_full_table=false eor=present
flap 1 peer 2 rejoin_complete_s=0.260670 eor_before_full_table=false eor=present
flap 1 peer 3 rejoin_complete_s=0.259951 eor_before_full_table=false eor=present
flap 1 peer 4 rejoin_complete_s=0.259004 eor_before_full_table=false eor=present
flap 1 peer 5 rejoin_complete_s=0.258651 eor_before_full_table=false eor=present
flap 1 peer 6 rejoin_complete_s=0.258290 eor_before_full_table=false eor=present
flap 1 peer 7 rejoin_complete_s=0.258094 eor_before_full_table=false eor=present
flap 1 peer 8 rejoin_complete_s=0.259235 eor_before_full_table=false eor=present
flap 1 peer 9 rejoin_complete_s=0.257404 eor_before_full_table=false eor=present
flap 1 peer 10 rejoin_complete_s=0.257453 eor_before_full_table=false eor=present
flap 1 peer 11 rejoin_complete_s=0.256338 eor_before_full_table=false eor=present
flap 1 peer 12 rejoin_complete_s=0.255663 eor_before_full_table=false eor=present
flap 1 peer 13 rejoin_complete_s=0.255570 eor_before_full_table=false eor=present
flap 1 peer 14 rejoin_complete_s=0.255177 eor_before_full_table=false eor=present
flap 1 peer 15 rejoin_complete_s=0.254848 eor_before_full_table=false eor=present
flap 1 peer 16 rejoin_complete_s=0.293680 eor_before_full_table=false eor=present
flap 1 peer 17 rejoin_complete_s=0.253751 eor_before_full_table=false eor=present
flap 1 peer 18 rejoin_complete_s=0.253552 eor_before_full_table=false eor=present
flap 1 peer 19 rejoin_complete_s=0.253546 eor_before_full_table=false eor=present
flap 1 peer 20 rejoin_complete_s=0.252742 eor_before_full_table=false eor=present
flap 1 peer 21 rejoin_complete_s=0.252401 eor_before_full_table=false eor=present
flap 1 peer 22 rejoin_complete_s=0.251899 eor_before_full_table=false eor=present
flap 1 peer 23 rejoin_complete_s=0.251679 eor_before_full_table=false eor=present
flap 1 peer 24 rejoin_complete_s=0.251246 eor_before_full_table=false eor=present
flap 1 peer 25 rejoin_complete_s=0.250563 eor_before_full_table=false eor=present
flap 1 peer 26 rejoin_complete_s=0.289892 eor_before_full_table=false eor=present
flap 1 peer 27 rejoin_complete_s=0.250408 eor_before_full_table=false eor=present
flap 1 peer 28 rejoin_complete_s=0.249884 eor_before_full_table=false eor=present
flap 1 peer 29 rejoin_complete_s=0.249498 eor_before_full_table=false eor=present
flap 1 peer 30 rejoin_complete_s=0.249274 eor_before_full_table=false eor=present
flap 1 peer 31 rejoin_complete_s=0.248685 eor_before_full_table=false eor=present
flap 1 peer 32 rejoin_complete_s=0.248888 eor_before_full_table=false eor=present
flap 1 peer 33 rejoin_complete_s=0.247736 eor_before_full_table=false eor=present
flap 1 peer 34 rejoin_complete_s=0.247816 eor_before_full_table=false eor=present
flap 1 peer 35 rejoin_complete_s=0.247530 eor_before_full_table=false eor=present
flap 1 peer 36 rejoin_complete_s=0.247056 eor_before_full_table=false eor=present
flap 1 peer 37 rejoin_complete_s=0.247250 eor_before_full_table=false eor=present
flap 1 peer 38 rejoin_complete_s=0.246590 eor_before_full_table=false eor=present
flap 1 peer 39 rejoin_complete_s=0.246063 eor_before_full_table=false eor=present
flap 1 peer 40 rejoin_complete_s=0.245819 eor_before_full_table=false eor=present
flap 1 peer 41 rejoin_complete_s=0.245470 eor_before_full_table=false eor=present
flap 1 peer 42 rejoin_complete_s=0.245045 eor_before_full_table=false eor=present
flap 1 peer 43 rejoin_complete_s=0.244830 eor_before_full_table=false eor=present
flap 1 peer 44 rejoin_complete_s=0.244065 eor_before_full_table=false eor=present
flap 1 peer 45 rejoin_complete_s=0.243537 eor_before_full_table=false eor=present
flap 1 peer 46 rejoin_complete_s=0.243485 eor_before_full_table=false eor=present
flap 1 peer 47 rejoin_complete_s=0.243620 eor_before_full_table=false eor=present
flap 1 peer 48 rejoin_complete_s=0.243274 eor_before_full_table=false eor=present
flap 1 peer 49 rejoin_complete_s=0.242294 eor_before_full_table=false eor=present
flap 1 rejoin_complete_s: p50=0.25 p95=0.27 max=0.29 (n=50)
converged_table_checkpoint,round=1,phase=settled,observers=50:51,unique=399828,eor=present
converged_rejoin 1 survivor_maxgap_ms: p50=121.92 p95=125.58 max=126.07 (n=650)
converged_rejoin_csv,1,700,50,400400,0.251246,0.293680,126.069000,13,441,700,0
converged_table_checkpoint,round=2,phase=disconnected,observers=50:51,unique=399828,eor=present
converged_rejoin 2 reconnect transport_retries=0
flap 2 peer 0 rejoin_complete_s=0.172545 eor_before_full_table=false eor=present
flap 2 peer 1 rejoin_complete_s=0.256172 eor_before_full_table=false eor=present
flap 2 peer 2 rejoin_complete_s=0.255119 eor_before_full_table=false eor=present
flap 2 peer 3 rejoin_complete_s=0.253856 eor_before_full_table=false eor=present
flap 2 peer 4 rejoin_complete_s=0.253174 eor_before_full_table=false eor=present
flap 2 peer 5 rejoin_complete_s=0.253017 eor_before_full_table=false eor=present
flap 2 peer 6 rejoin_complete_s=0.252322 eor_before_full_table=false eor=present
flap 2 peer 7 rejoin_complete_s=0.252175 eor_before_full_table=false eor=present
flap 2 peer 8 rejoin_complete_s=0.251491 eor_before_full_table=false eor=present
flap 2 peer 9 rejoin_complete_s=0.251145 eor_before_full_table=false eor=present
flap 2 peer 10 rejoin_complete_s=0.250660 eor_before_full_table=false eor=present
flap 2 peer 11 rejoin_complete_s=0.250250 eor_before_full_table=false eor=present
flap 2 peer 12 rejoin_complete_s=0.249112 eor_before_full_table=false eor=present
flap 2 peer 13 rejoin_complete_s=0.249053 eor_before_full_table=false eor=present
flap 2 peer 14 rejoin_complete_s=0.248223 eor_before_full_table=false eor=present
flap 2 peer 15 rejoin_complete_s=0.248030 eor_before_full_table=false eor=present
flap 2 peer 16 rejoin_complete_s=0.248258 eor_before_full_table=false eor=present
flap 2 peer 17 rejoin_complete_s=0.247766 eor_before_full_table=false eor=present
flap 2 peer 18 rejoin_complete_s=0.254593 eor_before_full_table=false eor=present
flap 2 peer 19 rejoin_complete_s=0.246408 eor_before_full_table=false eor=present
flap 2 peer 20 rejoin_complete_s=0.246005 eor_before_full_table=false eor=present
flap 2 peer 21 rejoin_complete_s=0.245871 eor_before_full_table=false eor=present
flap 2 peer 22 rejoin_complete_s=0.245743 eor_before_full_table=false eor=present
flap 2 peer 23 rejoin_complete_s=0.244914 eor_before_full_table=false eor=present
flap 2 peer 24 rejoin_complete_s=0.245571 eor_before_full_table=false eor=present
flap 2 peer 25 rejoin_complete_s=0.244869 eor_before_full_table=false eor=present
flap 2 peer 26 rejoin_complete_s=0.244627 eor_before_full_table=false eor=present
flap 2 peer 27 rejoin_complete_s=0.243899 eor_before_full_table=false eor=present
flap 2 peer 28 rejoin_complete_s=0.242991 eor_before_full_table=false eor=present
flap 2 peer 29 rejoin_complete_s=0.242894 eor_before_full_table=false eor=present
flap 2 peer 30 rejoin_complete_s=0.243503 eor_before_full_table=false eor=present
flap 2 peer 31 rejoin_complete_s=0.242357 eor_before_full_table=false eor=present
flap 2 peer 32 rejoin_complete_s=0.242251 eor_before_full_table=false eor=present
flap 2 peer 33 rejoin_complete_s=0.241632 eor_before_full_table=false eor=present
flap 2 peer 34 rejoin_complete_s=0.241512 eor_before_full_table=false eor=present
flap 2 peer 35 rejoin_complete_s=0.241267 eor_before_full_table=false eor=present
flap 2 peer 36 rejoin_complete_s=0.240732 eor_before_full_table=false eor=present
flap 2 peer 37 rejoin_complete_s=0.240164 eor_before_full_table=false eor=present
flap 2 peer 38 rejoin_complete_s=0.240962 eor_before_full_table=false eor=present
flap 2 peer 39 rejoin_complete_s=0.239683 eor_before_full_table=false eor=present
flap 2 peer 40 rejoin_complete_s=0.239309 eor_before_full_table=false eor=present
flap 2 peer 41 rejoin_complete_s=0.278221 eor_before_full_table=false eor=present
flap 2 peer 42 rejoin_complete_s=0.239207 eor_before_full_table=false eor=present
flap 2 peer 43 rejoin_complete_s=0.238811 eor_before_full_table=false eor=present
flap 2 peer 44 rejoin_complete_s=0.237510 eor_before_full_table=false eor=present
flap 2 peer 45 rejoin_complete_s=0.237787 eor_before_full_table=false eor=present
flap 2 peer 46 rejoin_complete_s=0.237472 eor_before_full_table=false eor=present
flap 2 peer 47 rejoin_complete_s=0.236910 eor_before_full_table=false eor=present
flap 2 peer 48 rejoin_complete_s=0.236751 eor_before_full_table=false eor=present
flap 2 peer 49 rejoin_complete_s=0.236150 eor_before_full_table=false eor=present
flap 2 rejoin_complete_s: p50=0.24 p95=0.26 max=0.28 (n=50)
converged_table_checkpoint,round=2,phase=settled,observers=50:51,unique=399828,eor=present
converged_rejoin 2 survivor_maxgap_ms: p50=112.90 p95=113.99 max=116.03 (n=650)
converged_rejoin_csv,2,700,50,400400,0.244914,0.278221,116.026000,13,436,700,0
converged_table_checkpoint,round=3,phase=disconnected,observers=50:51,unique=399828,eor=present
converged_rejoin 3 reconnect transport_retries=0
flap 3 peer 0 rejoin_complete_s=0.164362 eor_before_full_table=false eor=present
flap 3 peer 1 rejoin_complete_s=0.290080 eor_before_full_table=false eor=present
flap 3 peer 2 rejoin_complete_s=0.249333 eor_before_full_table=false eor=present
flap 3 peer 3 rejoin_complete_s=0.248576 eor_before_full_table=false eor=present
flap 3 peer 4 rejoin_complete_s=0.248036 eor_before_full_table=false eor=present
flap 3 peer 5 rejoin_complete_s=0.247520 eor_before_full_table=false eor=present
flap 3 peer 6 rejoin_complete_s=0.246952 eor_before_full_table=false eor=present
flap 3 peer 7 rejoin_complete_s=0.286135 eor_before_full_table=false eor=present
flap 3 peer 8 rejoin_complete_s=0.246265 eor_before_full_table=false eor=present
flap 3 peer 9 rejoin_complete_s=0.245944 eor_before_full_table=false eor=present
flap 3 peer 10 rejoin_complete_s=0.245740 eor_before_full_table=false eor=present
flap 3 peer 11 rejoin_complete_s=0.245500 eor_before_full_table=false eor=present
flap 3 peer 12 rejoin_complete_s=0.244995 eor_before_full_table=false eor=present
flap 3 peer 13 rejoin_complete_s=0.244747 eor_before_full_table=false eor=present
flap 3 peer 14 rejoin_complete_s=0.244342 eor_before_full_table=false eor=present
flap 3 peer 15 rejoin_complete_s=0.243992 eor_before_full_table=false eor=present
flap 3 peer 16 rejoin_complete_s=0.249351 eor_before_full_table=false eor=present
flap 3 peer 17 rejoin_complete_s=0.283000 eor_before_full_table=false eor=present
flap 3 peer 18 rejoin_complete_s=0.283431 eor_before_full_table=false eor=present
flap 3 peer 19 rejoin_complete_s=0.242672 eor_before_full_table=false eor=present
flap 3 peer 20 rejoin_complete_s=0.242835 eor_before_full_table=false eor=present
flap 3 peer 21 rejoin_complete_s=0.242516 eor_before_full_table=false eor=present
flap 3 peer 22 rejoin_complete_s=0.241793 eor_before_full_table=false eor=present
flap 3 peer 23 rejoin_complete_s=0.241438 eor_before_full_table=false eor=present
flap 3 peer 24 rejoin_complete_s=0.241136 eor_before_full_table=false eor=present
flap 3 peer 25 rejoin_complete_s=0.240804 eor_before_full_table=false eor=present
flap 3 peer 26 rejoin_complete_s=0.240448 eor_before_full_table=false eor=present
flap 3 peer 27 rejoin_complete_s=0.240041 eor_before_full_table=false eor=present
flap 3 peer 28 rejoin_complete_s=0.239777 eor_before_full_table=false eor=present
flap 3 peer 29 rejoin_complete_s=0.239770 eor_before_full_table=false eor=present
flap 3 peer 30 rejoin_complete_s=0.239159 eor_before_full_table=false eor=present
flap 3 peer 31 rejoin_complete_s=0.238745 eor_before_full_table=false eor=present
flap 3 peer 32 rejoin_complete_s=0.278736 eor_before_full_table=false eor=present
flap 3 peer 33 rejoin_complete_s=0.237860 eor_before_full_table=false eor=present
flap 3 peer 34 rejoin_complete_s=0.237699 eor_before_full_table=false eor=present
flap 3 peer 35 rejoin_complete_s=0.237349 eor_before_full_table=false eor=present
flap 3 peer 36 rejoin_complete_s=0.237274 eor_before_full_table=false eor=present
flap 3 peer 37 rejoin_complete_s=0.236660 eor_before_full_table=false eor=present
flap 3 peer 38 rejoin_complete_s=0.236184 eor_before_full_table=false eor=present
flap 3 peer 39 rejoin_complete_s=0.241564 eor_before_full_table=false eor=present
flap 3 peer 40 rejoin_complete_s=0.275233 eor_before_full_table=false eor=present
flap 3 peer 41 rejoin_complete_s=0.235374 eor_before_full_table=false eor=present
flap 3 peer 42 rejoin_complete_s=0.234947 eor_before_full_table=false eor=present
flap 3 peer 43 rejoin_complete_s=0.234427 eor_before_full_table=false eor=present
flap 3 peer 44 rejoin_complete_s=0.234325 eor_before_full_table=false eor=present
flap 3 peer 45 rejoin_complete_s=0.234224 eor_before_full_table=false eor=present
flap 3 peer 46 rejoin_complete_s=0.233591 eor_before_full_table=false eor=present
flap 3 peer 47 rejoin_complete_s=0.233101 eor_before_full_table=false eor=present
flap 3 peer 48 rejoin_complete_s=0.272359 eor_before_full_table=false eor=present
flap 3 peer 49 rejoin_complete_s=0.233630 eor_before_full_table=false eor=present
flap 3 rejoin_complete_s: p50=0.24 p95=0.28 max=0.29 (n=50)
converged_table_checkpoint,round=3,phase=settled,observers=50:51,unique=399828,eor=present
converged_rejoin 3 survivor_maxgap_ms: p50=119.68 p95=120.06 max=120.14 (n=650)
converged_rejoin_csv,3,700,50,400400,0.241793,0.290080,120.144000,13,439,700,0
done rss_mib=352
