# reloadstall peers=320 changed_peers=320 stable_peers=0 prefixes=183040 per_peer=572 pid=957799
established 320 at 0.3s
establishment transport_retries=0 recovered_peers=0
first_exact_bitmap,mode=reload,peers=320,total=183040,per_peer=572,expected=182468,completed=320,min_unique=182130,max_unique=182224
converged (>= 182468/observer) at 7.8s rss_mib=569
control_maxgap_ms: p50=65.69 p95=65.79 max=67.59 (n=320)
control_rss_mib 537
reloadstall_csv_header,reload,peers_total,peers_changed,peers_stable,prefixes,completion_p50_s,completion_p95_s,completion_max_s,changed_maxgap_p50_ms,changed_maxgap_p95_ms,changed_maxgap_max_ms,all_observer_maxgap_p50_ms,all_observer_maxgap_p95_ms,all_observer_maxgap_max_ms,changed_first_generation_update_p50_ms,changed_first_generation_update_p95_ms,changed_first_generation_update_max_ms,rss_before_mib,rss_after_mib,stable_marker_peers,sessions_up,parse_errors
dataset-stage generation=b changed=36 total=640
reload 1 SIGHUP wall_us=1791106577953440 policy=/tmp/irr-rustbgpd-sighup/gen-b.rpol
reload 1 receiver_barriers_complete awaiting_daemon_settlement
reload 1 daemon_applied complete_before=0 complete_after=1
reload 1 completion_s: p50=0.80 p95=0.81 max=0.81 (n=320)
reload 1 maxgap_ms: p50=579.15 p95=616.58 max=626.38 (n=320)
reload 1 all_observer_maxgap_ms: p50=579.15 p95=616.58 max=626.38 (n=320)
reload 1 changed_first_generation_update_ms: p50=742.12 p95=778.91 max=789.86 (n=320)
reload 1 rss_mib before=549 after=664 comms_sample=[4286056400]
reload 1 sessions_up 320/320
reload 1 stable_marker_peers 0/0
reload 1 withdrawals: v4 named 0/0 v6 named 0/0 leaked=0 bystander=0 stable=0 duplicate=0
reloadstall_csv,1,320,320,0,183040,0.795180,0.811773,0.813078,579.150,616.583,626.375,579.150,616.583,626.375,742.121,778.910,789.863,549,664,0,320,0
dataset-stage generation=a changed=36 total=640
reload 2 SIGHUP wall_us=1791106600204896 policy=/tmp/irr-rustbgpd-sighup/gen-a.rpol
reload 2 receiver_barriers_complete awaiting_daemon_settlement
reload 2 daemon_applied complete_before=1 complete_after=2
reload 2 completion_s: p50=0.79 p95=0.80 max=0.81 (n=320)
reload 2 maxgap_ms: p50=610.70 p95=670.28 max=684.06 (n=320)
reload 2 all_observer_maxgap_ms: p50=610.70 p95=670.28 max=684.06 (n=320)
reload 2 changed_first_generation_update_ms: p50=727.79 p95=788.61 max=801.78 (n=320)
reload 2 rss_mib before=605 after=700 comms_sample=[4286055400]
reload 2 sessions_up 320/320
reload 2 stable_marker_peers 0/0
reload 2 withdrawals: v4 named 0/0 v6 named 0/0 leaked=0 bystander=0 stable=0 duplicate=0
reloadstall_csv,2,320,320,0,183040,0.785169,0.803018,0.806292,610.704,670.276,684.057,610.704,670.276,684.057,727.792,788.610,801.779,605,700,0,320,0
dataset-stage generation=b changed=36 total=640
reload 3 SIGHUP wall_us=1791106622467567 policy=/tmp/irr-rustbgpd-sighup/gen-b.rpol
reload 3 receiver_barriers_complete awaiting_daemon_settlement
reload 3 daemon_applied complete_before=2 complete_after=3
reload 3 completion_s: p50=0.80 p95=0.83 max=0.83 (n=320)
reload 3 maxgap_ms: p50=642.88 p95=716.43 max=723.61 (n=320)
reload 3 all_observer_maxgap_ms: p50=642.88 p95=716.43 max=723.61 (n=320)
reload 3 changed_first_generation_update_ms: p50=744.82 p95=818.97 max=824.41 (n=320)
reload 3 rss_mib before=606 after=707 comms_sample=[4286056400]
reload 3 sessions_up 320/320
reload 3 stable_marker_peers 0/0
reload 3 withdrawals: v4 named 0/0 v6 named 0/0 leaked=0 bystander=0 stable=0 duplicate=0
reloadstall_csv,3,320,320,0,183040,0.800165,0.825490,0.829132,642.878,716.431,723.614,642.878,716.431,723.614,744.817,818.969,824.412,606,707,0,320,0
dataset-stage generation=a changed=36 total=640
reload 4 SIGHUP wall_us=1791106644737205 policy=/tmp/irr-rustbgpd-sighup/gen-a.rpol
reload 4 receiver_barriers_complete awaiting_daemon_settlement
reload 4 daemon_applied complete_before=3 complete_after=4
reload 4 completion_s: p50=0.80 p95=0.83 max=0.83 (n=320)
reload 4 maxgap_ms: p50=593.80 p95=650.92 max=661.82 (n=320)
reload 4 all_observer_maxgap_ms: p50=593.80 p95=650.92 max=661.82 (n=320)
reload 4 changed_first_generation_update_ms: p50=746.25 p95=803.36 max=815.07 (n=320)
reload 4 rss_mib before=609 after=709 comms_sample=[4286055400]
reload 4 sessions_up 320/320
reload 4 stable_marker_peers 0/0
reload 4 withdrawals: v4 named 0/0 v6 named 0/0 leaked=0 bystander=0 stable=0 duplicate=0
reloadstall_csv,4,320,320,0,183040,0.804469,0.825128,0.827505,593.805,650.925,661.819,593.805,650.925,661.819,746.250,803.359,815.072,609,709,0,320,0
final sessions_up 320/320 parse_errors=0
done rss_mib=597
route_refresh_accounting,peer=4,family=ipv4,received=4,suppressed=0,completed=4,sent_nlri=3472
route_refresh_accounting,peer=8,family=ipv4,received=4,suppressed=0,completed=4,sent_nlri=3376
route_refresh_accounting,peer=25,family=ipv4,received=4,suppressed=0,completed=4,sent_nlri=3512
route_refresh_accounting,peer=27,family=ipv4,received=4,suppressed=0,completed=4,sent_nlri=3488
route_refresh_accounting,peer=49,family=ipv4,received=4,suppressed=0,completed=4,sent_nlri=3392
route_refresh_accounting,peer=53,family=ipv4,received=4,suppressed=0,completed=4,sent_nlri=3296
route_refresh_accounting,peer=62,family=ipv4,received=4,suppressed=0,completed=4,sent_nlri=3508
route_refresh_accounting,peer=64,family=ipv4,received=4,suppressed=0,completed=4,sent_nlri=3400
route_refresh_accounting,peer=66,family=ipv4,received=4,suppressed=0,completed=4,sent_nlri=3528
route_refresh_accounting,peer=70,family=ipv4,received=4,suppressed=0,completed=4,sent_nlri=3380
route_refresh_accounting,peer=84,family=ipv4,received=4,suppressed=0,completed=4,sent_nlri=3388
route_refresh_accounting,peer=96,family=ipv4,received=4,suppressed=0,completed=4,sent_nlri=3484
route_refresh_accounting,peer=102,family=ipv4,received=4,suppressed=0,completed=4,sent_nlri=3452
route_refresh_accounting,peer=117,family=ipv4,received=4,suppressed=0,completed=4,sent_nlri=3500
route_refresh_accounting,peer=122,family=ipv4,received=4,suppressed=0,completed=4,sent_nlri=3356
route_refresh_accounting,peer=128,family=ipv4,received=4,suppressed=0,completed=4,sent_nlri=3460
route_refresh_accounting,peer=133,family=ipv4,received=4,suppressed=0,completed=4,sent_nlri=3428
route_refresh_accounting,peer=137,family=ipv4,received=4,suppressed=0,completed=4,sent_nlri=3328
route_refresh_accounting,peer=149,family=ipv4,received=4,suppressed=0,completed=4,sent_nlri=3416
route_refresh_accounting,peer=153,family=ipv4,received=4,suppressed=0,completed=4,sent_nlri=3388
route_refresh_accounting,peer=164,family=ipv4,received=4,suppressed=0,completed=4,sent_nlri=3552
route_refresh_accounting,peer=165,family=ipv4,received=4,suppressed=0,completed=4,sent_nlri=3484
route_refresh_accounting,peer=166,family=ipv4,received=4,suppressed=0,completed=4,sent_nlri=3304
route_refresh_accounting,peer=169,family=ipv4,received=4,suppressed=0,completed=4,sent_nlri=3464
route_refresh_accounting,peer=177,family=ipv4,received=4,suppressed=0,completed=4,sent_nlri=3444
route_refresh_accounting,peer=209,family=ipv4,received=4,suppressed=0,completed=4,sent_nlri=3436
route_refresh_accounting,peer=219,family=ipv4,received=4,suppressed=0,completed=4,sent_nlri=3476
route_refresh_accounting,peer=223,family=ipv4,received=4,suppressed=0,completed=4,sent_nlri=3488
route_refresh_accounting,peer=227,family=ipv4,received=4,suppressed=0,completed=4,sent_nlri=3520
route_refresh_accounting,peer=249,family=ipv4,received=4,suppressed=0,completed=4,sent_nlri=3480
route_refresh_accounting,peer=251,family=ipv4,received=4,suppressed=0,completed=4,sent_nlri=3436
route_refresh_accounting,peer=254,family=ipv4,received=4,suppressed=0,completed=4,sent_nlri=3396
route_refresh_accounting,peer=266,family=ipv4,received=4,suppressed=0,completed=4,sent_nlri=3432
route_refresh_accounting,peer=310,family=ipv4,received=4,suppressed=0,completed=4,sent_nlri=3548
route_refresh_accounting,peer=311,family=ipv4,received=4,suppressed=0,completed=4,sent_nlri=3504
route_refresh_accounting,peer=317,family=ipv4,received=4,suppressed=0,completed=4,sent_nlri=3440
