# reloadstall peers=700 changed_peers=700 stable_peers=0 prefixes=400400 per_peer=572 pid=0
established 700 at 15.3s
establishment transport_retries=0 recovered_peers=0
first_exact_bitmap,mode=flapstorm,peers=700,total=400400,per_peer=572,expected=399828,completed=700,min_unique=399828,max_unique=399828
converged (>= 399828/observer) at 68.6s rss_mib=0
control_maxgap_ms: p50=21.22 p95=40.84 max=58.84 (n=700)
control_rss_mib 0
flapstorm_failover_csv_header,round,peers_total,peers_flapped,flap_prefixes,alternate_prefixes,alternate_sources,daemon_cpu_s,scrape_bracketed_flush_sum_s,scrape_bracketed_flush_count,withdraw_p50_s,withdraw_max_s,window_s,background_cpu_s_per_s
flapstorm_csv_header,round,peers_total,peers_flapped,prefixes,flap_prefixes,withdraw_p50_s,withdraw_p95_s,withdraw_max_s,reannounce_p50_s,reannounce_p95_s,reannounce_max_s,rss_mib,sessions_up,parse_errors
flap 1 close wall_us=1791088655607896
flap 1 withdraw_s: p50=0.99 p95=1.06 max=1.07 (n=650)
flapstorm_failover_csv,1,700,50,28600,0,0,NaN,NaN,0,0.994305,1.067333,1.111356,NaN
flap 1 reconnect transport_retries=0 recovered_peers=0
flap 1 reannounce wall_us=1791088669219554
flap 1 peer 0 rejoin_complete_s=8.111432 eor_before_full_table=true eor=present
flap 1 peer 1 rejoin_complete_s=6.982740 eor_before_full_table=true eor=present
flap 1 peer 2 rejoin_complete_s=6.992680 eor_before_full_table=true eor=present
flap 1 peer 3 rejoin_complete_s=6.971395 eor_before_full_table=true eor=present
flap 1 peer 4 rejoin_complete_s=6.893783 eor_before_full_table=true eor=present
flap 1 peer 5 rejoin_complete_s=6.897267 eor_before_full_table=true eor=present
flap 1 peer 6 rejoin_complete_s=8.012094 eor_before_full_table=true eor=present
flap 1 peer 7 rejoin_complete_s=6.860414 eor_before_full_table=true eor=present
flap 1 peer 8 rejoin_complete_s=6.757734 eor_before_full_table=true eor=present
flap 1 peer 9 rejoin_complete_s=7.942545 eor_before_full_table=true eor=present
flap 1 peer 10 rejoin_complete_s=6.718122 eor_before_full_table=true eor=present
flap 1 peer 11 rejoin_complete_s=6.728070 eor_before_full_table=true eor=present
flap 1 peer 12 rejoin_complete_s=6.672255 eor_before_full_table=true eor=present
flap 1 peer 13 rejoin_complete_s=6.647247 eor_before_full_table=true eor=present
flap 1 peer 14 rejoin_complete_s=7.367202 eor_before_full_table=true eor=present
flap 1 peer 15 rejoin_complete_s=6.542681 eor_before_full_table=true eor=present
flap 1 peer 16 rejoin_complete_s=7.245776 eor_before_full_table=true eor=present
flap 1 peer 17 rejoin_complete_s=6.283745 eor_before_full_table=true eor=present
flap 1 peer 18 rejoin_complete_s=8.022283 eor_before_full_table=true eor=present
flap 1 peer 19 rejoin_complete_s=7.349204 eor_before_full_table=true eor=present
flap 1 peer 20 rejoin_complete_s=6.137205 eor_before_full_table=true eor=present
flap 1 peer 21 rejoin_complete_s=7.038250 eor_before_full_table=false eor=present
flap 1 peer 22 rejoin_complete_s=6.075331 eor_before_full_table=true eor=present
flap 1 peer 23 rejoin_complete_s=7.128318 eor_before_full_table=true eor=present
flap 1 peer 24 rejoin_complete_s=5.879970 eor_before_full_table=true eor=present
flap 1 peer 25 rejoin_complete_s=5.822195 eor_before_full_table=true eor=present
flap 1 peer 26 rejoin_complete_s=6.929597 eor_before_full_table=true eor=present
flap 1 peer 27 rejoin_complete_s=7.711112 eor_before_full_table=false eor=present
flap 1 peer 28 rejoin_complete_s=5.693454 eor_before_full_table=true eor=present
flap 1 peer 29 rejoin_complete_s=5.673751 eor_before_full_table=true eor=present
flap 1 peer 30 rejoin_complete_s=5.681567 eor_before_full_table=true eor=present
flap 1 peer 31 rejoin_complete_s=6.386349 eor_before_full_table=true eor=present
flap 1 peer 32 rejoin_complete_s=5.393986 eor_before_full_table=true eor=present
flap 1 peer 33 rejoin_complete_s=7.311687 eor_before_full_table=false eor=present
flap 1 peer 34 rejoin_complete_s=5.486904 eor_before_full_table=false eor=present
flap 1 peer 35 rejoin_complete_s=4.893592 eor_before_full_table=true eor=present
flap 1 peer 36 rejoin_complete_s=4.890704 eor_before_full_table=true eor=present
flap 1 peer 37 rejoin_complete_s=4.842744 eor_before_full_table=false eor=present
flap 1 peer 38 rejoin_complete_s=4.684076 eor_before_full_table=true eor=present
flap 1 peer 39 rejoin_complete_s=4.522362 eor_before_full_table=true eor=present
flap 1 peer 40 rejoin_complete_s=6.606912 eor_before_full_table=false eor=present
flap 1 peer 41 rejoin_complete_s=4.315657 eor_before_full_table=true eor=present
flap 1 peer 42 rejoin_complete_s=5.310159 eor_before_full_table=false eor=present
flap 1 peer 43 rejoin_complete_s=4.140350 eor_before_full_table=true eor=present
flap 1 peer 44 rejoin_complete_s=5.632717 eor_before_full_table=false eor=present
flap 1 peer 45 rejoin_complete_s=4.239416 eor_before_full_table=false eor=present
flap 1 peer 46 rejoin_complete_s=5.254679 eor_before_full_table=false eor=present
flap 1 peer 47 rejoin_complete_s=5.197953 eor_before_full_table=false eor=present
flap 1 peer 48 rejoin_complete_s=3.832715 eor_before_full_table=false eor=present
flap 1 peer 49 rejoin_complete_s=3.843949 eor_before_full_table=false eor=present
flap 1 rejoin_complete_s: p50=6.54 p95=8.01 max=8.11 (n=50)
flap 1 reannounce_s: p50=3.43 p95=5.10 max=5.23 (n=650)
flap 1 first_reann_s: p50=0.26 p95=1.50 max=2.13 (n=650)
flap 1 sessions_up 700/700 rss_mib=0
flapstorm_csv,1,700,50,400400,28600,0.994305,1.062462,1.067333,3.425712,5.098488,5.225481,0,700,0
flap 2 close wall_us=1791088684784373
flap 2 withdraw_s: p50=0.91 p95=1.03 max=1.05 (n=650)
flapstorm_failover_csv,2,700,50,28600,0,0,NaN,NaN,0,0.914117,1.045516,1.111518,NaN
flap 2 reconnect transport_retries=0 recovered_peers=0
flap 2 reannounce wall_us=1791088698002323
flap 2 peer 0 rejoin_complete_s=7.710856 eor_before_full_table=true eor=present
flap 2 peer 1 rejoin_complete_s=7.181384 eor_before_full_table=true eor=present
flap 2 peer 2 rejoin_complete_s=6.926295 eor_before_full_table=true eor=present
flap 2 peer 3 rejoin_complete_s=6.410730 eor_before_full_table=true eor=present
flap 2 peer 4 rejoin_complete_s=6.188354 eor_before_full_table=true eor=present
flap 2 peer 5 rejoin_complete_s=6.656695 eor_before_full_table=true eor=present
flap 2 peer 6 rejoin_complete_s=7.146126 eor_before_full_table=true eor=present
flap 2 peer 7 rejoin_complete_s=6.184213 eor_before_full_table=true eor=present
flap 2 peer 8 rejoin_complete_s=7.122655 eor_before_full_table=true eor=present
flap 2 peer 9 rejoin_complete_s=7.103671 eor_before_full_table=true eor=present
flap 2 peer 10 rejoin_complete_s=6.980740 eor_before_full_table=false eor=present
flap 2 peer 11 rejoin_complete_s=6.127001 eor_before_full_table=true eor=present
flap 2 peer 12 rejoin_complete_s=6.088572 eor_before_full_table=true eor=present
flap 2 peer 13 rejoin_complete_s=6.306041 eor_before_full_table=true eor=present
flap 2 peer 14 rejoin_complete_s=6.764171 eor_before_full_table=true eor=present
flap 2 peer 15 rejoin_complete_s=6.877041 eor_before_full_table=false eor=present
flap 2 peer 16 rejoin_complete_s=5.970297 eor_before_full_table=true eor=present
flap 2 peer 17 rejoin_complete_s=6.206261 eor_before_full_table=true eor=present
flap 2 peer 18 rejoin_complete_s=5.912257 eor_before_full_table=true eor=present
flap 2 peer 19 rejoin_complete_s=6.397269 eor_before_full_table=true eor=present
flap 2 peer 20 rejoin_complete_s=7.555222 eor_before_full_table=false eor=present
flap 2 peer 21 rejoin_complete_s=5.768766 eor_before_full_table=true eor=present
flap 2 peer 22 rejoin_complete_s=5.630220 eor_before_full_table=true eor=present
flap 2 peer 23 rejoin_complete_s=7.122346 eor_before_full_table=false eor=present
flap 2 peer 24 rejoin_complete_s=6.966057 eor_before_full_table=true eor=present
flap 2 peer 25 rejoin_complete_s=6.879694 eor_before_full_table=false eor=present
flap 2 peer 26 rejoin_complete_s=6.743133 eor_before_full_table=false eor=present
flap 2 peer 27 rejoin_complete_s=6.209192 eor_before_full_table=true eor=present
flap 2 peer 28 rejoin_complete_s=5.211781 eor_before_full_table=true eor=present
flap 2 peer 29 rejoin_complete_s=5.156298 eor_before_full_table=true eor=present
flap 2 peer 30 rejoin_complete_s=6.707730 eor_before_full_table=false eor=present
flap 2 peer 31 rejoin_complete_s=6.040111 eor_before_full_table=false eor=present
flap 2 peer 32 rejoin_complete_s=5.498063 eor_before_full_table=false eor=present
flap 2 peer 33 rejoin_complete_s=5.789891 eor_before_full_table=false eor=present
flap 2 peer 34 rejoin_complete_s=6.312096 eor_before_full_table=false eor=present
flap 2 peer 35 rejoin_complete_s=6.691075 eor_before_full_table=false eor=present
flap 2 peer 36 rejoin_complete_s=6.211285 eor_before_full_table=false eor=present
flap 2 peer 37 rejoin_complete_s=6.452529 eor_before_full_table=false eor=present
flap 2 peer 38 rejoin_complete_s=5.823847 eor_before_full_table=false eor=present
flap 2 peer 39 rejoin_complete_s=6.243562 eor_before_full_table=false eor=present
flap 2 peer 40 rejoin_complete_s=4.965151 eor_before_full_table=false eor=present
flap 2 peer 41 rejoin_complete_s=3.847741 eor_before_full_table=true eor=present
flap 2 peer 42 rejoin_complete_s=5.863734 eor_before_full_table=false eor=present
flap 2 peer 43 rejoin_complete_s=4.515543 eor_before_full_table=false eor=present
flap 2 peer 44 rejoin_complete_s=5.006857 eor_before_full_table=false eor=present
flap 2 peer 45 rejoin_complete_s=5.527481 eor_before_full_table=false eor=present
flap 2 peer 46 rejoin_complete_s=5.471341 eor_before_full_table=false eor=present
flap 2 peer 47 rejoin_complete_s=4.788914 eor_before_full_table=false eor=present
flap 2 peer 48 rejoin_complete_s=3.769595 eor_before_full_table=false eor=present
flap 2 peer 49 rejoin_complete_s=3.714613 eor_before_full_table=false eor=present
flap 2 rejoin_complete_s: p50=6.21 p95=7.18 max=7.71 (n=50)
flap 2 reannounce_s: p50=3.49 p95=4.42 max=4.61 (n=650)
flap 2 first_reann_s: p50=0.51 p95=1.23 max=1.59 (n=650)
flap 2 sessions_up 700/700 rss_mib=0
flapstorm_csv,2,700,50,400400,28600,0.914117,1.029945,1.045516,3.487877,4.420856,4.605681,0,700,0
flap 3 close wall_us=1791088713262582
flap 3 withdraw_s: p50=0.68 p95=0.88 max=0.94 (n=650)
flapstorm_failover_csv,3,700,50,28600,0,0,NaN,NaN,0,0.679071,0.942008,1.010036,NaN
flap 3 reconnect transport_retries=0 recovered_peers=0
flap 3 reannounce wall_us=1791088727036940
flap 3 peer 0 rejoin_complete_s=7.732279 eor_before_full_table=true eor=present
flap 3 peer 1 rejoin_complete_s=8.074592 eor_before_full_table=true eor=present
flap 3 peer 2 rejoin_complete_s=8.724161 eor_before_full_table=true eor=present
flap 3 peer 3 rejoin_complete_s=8.712932 eor_before_full_table=true eor=present
flap 3 peer 4 rejoin_complete_s=7.703589 eor_before_full_table=true eor=present
flap 3 peer 5 rejoin_complete_s=7.664598 eor_before_full_table=true eor=present
flap 3 peer 6 rejoin_complete_s=8.661956 eor_before_full_table=true eor=present
flap 3 peer 7 rejoin_complete_s=7.639293 eor_before_full_table=true eor=present
flap 3 peer 8 rejoin_complete_s=7.586085 eor_before_full_table=true eor=present
flap 3 peer 9 rejoin_complete_s=7.524401 eor_before_full_table=true eor=present
flap 3 peer 10 rejoin_complete_s=8.371641 eor_before_full_table=true eor=present
flap 3 peer 11 rejoin_complete_s=7.352520 eor_before_full_table=true eor=present
flap 3 peer 12 rejoin_complete_s=7.321570 eor_before_full_table=true eor=present
flap 3 peer 13 rejoin_complete_s=7.170330 eor_before_full_table=true eor=present
flap 3 peer 14 rejoin_complete_s=7.152698 eor_before_full_table=true eor=present
flap 3 peer 15 rejoin_complete_s=7.111366 eor_before_full_table=true eor=present
flap 3 peer 16 rejoin_complete_s=6.914931 eor_before_full_table=true eor=present
flap 3 peer 17 rejoin_complete_s=7.465308 eor_before_full_table=true eor=present
flap 3 peer 18 rejoin_complete_s=7.538408 eor_before_full_table=true eor=present
flap 3 peer 19 rejoin_complete_s=6.630650 eor_before_full_table=true eor=present
flap 3 peer 20 rejoin_complete_s=6.197413 eor_before_full_table=true eor=present
flap 3 peer 21 rejoin_complete_s=6.071338 eor_before_full_table=true eor=present
flap 3 peer 22 rejoin_complete_s=6.384873 eor_before_full_table=true eor=present
flap 3 peer 23 rejoin_complete_s=6.021267 eor_before_full_table=true eor=present
flap 3 peer 24 rejoin_complete_s=5.939038 eor_before_full_table=true eor=present
flap 3 peer 25 rejoin_complete_s=5.963146 eor_before_full_table=true eor=present
flap 3 peer 26 rejoin_complete_s=5.871344 eor_before_full_table=true eor=present
flap 3 peer 27 rejoin_complete_s=5.833367 eor_before_full_table=true eor=present
flap 3 peer 28 rejoin_complete_s=5.694499 eor_before_full_table=true eor=present
flap 3 peer 29 rejoin_complete_s=5.643702 eor_before_full_table=true eor=present
flap 3 peer 30 rejoin_complete_s=5.605096 eor_before_full_table=true eor=present
flap 3 peer 31 rejoin_complete_s=5.567427 eor_before_full_table=true eor=present
flap 3 peer 32 rejoin_complete_s=6.383766 eor_before_full_table=true eor=present
flap 3 peer 33 rejoin_complete_s=5.403145 eor_before_full_table=true eor=present
flap 3 peer 34 rejoin_complete_s=5.246962 eor_before_full_table=true eor=present
flap 3 peer 35 rejoin_complete_s=5.127048 eor_before_full_table=true eor=present
flap 3 peer 36 rejoin_complete_s=5.816328 eor_before_full_table=false eor=present
flap 3 peer 37 rejoin_complete_s=5.024488 eor_before_full_table=true eor=present
flap 3 peer 38 rejoin_complete_s=5.840602 eor_before_full_table=false eor=present
flap 3 peer 39 rejoin_complete_s=6.416481 eor_before_full_table=false eor=present
flap 3 peer 40 rejoin_complete_s=4.786204 eor_before_full_table=true eor=present
flap 3 peer 41 rejoin_complete_s=4.774403 eor_before_full_table=true eor=present
flap 3 peer 42 rejoin_complete_s=4.675894 eor_before_full_table=true eor=present
flap 3 peer 43 rejoin_complete_s=6.094882 eor_before_full_table=false eor=present
flap 3 peer 44 rejoin_complete_s=4.500966 eor_before_full_table=true eor=present
flap 3 peer 45 rejoin_complete_s=4.466494 eor_before_full_table=true eor=present
flap 3 peer 46 rejoin_complete_s=4.494033 eor_before_full_table=true eor=present
flap 3 peer 47 rejoin_complete_s=4.907445 eor_before_full_table=false eor=present
flap 3 peer 48 rejoin_complete_s=5.266555 eor_before_full_table=false eor=present
flap 3 peer 49 rejoin_complete_s=4.133862 eor_before_full_table=true eor=present
flap 3 rejoin_complete_s: p50=6.09 p95=8.66 max=8.72 (n=50)
flap 3 reannounce_s: p50=4.06 p95=5.09 max=5.17 (n=650)
flap 3 first_reann_s: p50=0.26 p95=1.62 max=2.19 (n=650)
flap 3 sessions_up 700/700 rss_mib=0
flapstorm_csv,3,700,50,400400,28600,0.679071,0.884545,0.942008,4.055222,5.089077,5.171265,0,700,0
done rss_mib=0
