# reloadstall peers=320 changed_peers=320 stable_peers=0 prefixes=183040 per_peer=572 pid=424415
established 320 at 0.3s
establishment transport_retries=0 recovered_peers=0
first_exact_bitmap,mode=reload,peers=320,total=183040,per_peer=572,expected=182468,completed=320,min_unique=182468,max_unique=182468
converged (>= 182468/observer) at 3.0s rss_mib=516
control_maxgap_ms: p50=17.83 p95=18.03 max=41.91 (n=320)
control_rss_mib 490
reloadstall_csv_header,reload,peers_total,peers_changed,peers_stable,prefixes,completion_p50_s,completion_p95_s,completion_max_s,changed_maxgap_p50_ms,changed_maxgap_p95_ms,changed_maxgap_max_ms,all_observer_maxgap_p50_ms,all_observer_maxgap_p95_ms,all_observer_maxgap_max_ms,changed_first_generation_update_p50_ms,changed_first_generation_update_p95_ms,changed_first_generation_update_max_ms,rss_before_mib,rss_after_mib,stable_marker_peers,sessions_up,parse_errors
dataset-stage generation=b changed=36 total=640
reload 1 SIGHUP wall_us=1790574626526684 policy=/tmp/irr-rustbgpd-sighup/gen-b.rpol
reload 1 daemon_applied complete_before=0 complete_after=1
reload 1 completion_s: p50=1.32 p95=1.41 max=1.41 (n=320)
reload 1 maxgap_ms: p50=532.08 p95=574.49 max=781.84 (n=320)
reload 1 all_observer_maxgap_ms: p50=532.08 p95=574.49 max=781.84 (n=320)
reload 1 changed_first_generation_update_ms: p50=1120.15 p95=1162.12 max=1370.90 (n=320)
reload 1 rss_mib before=500 after=620 comms_sample=[4286056400]
reload 1 sessions_up 320/320
reload 1 stable_marker_peers 0/0
reload 1 withdrawals: v4 named 0/0 v6 named 0/0 leaked=0 bystander=0 stable=0 duplicate=0
reloadstall_csv,1,320,320,0,183040,1.322656,1.407772,1.411010,532.082,574.492,781.838,532.082,574.492,781.838,1120.147,1162.116,1370.898,500,620,0,320,0
dataset-stage generation=a changed=36 total=640
reload 2 SIGHUP wall_us=1790574649086192 policy=/tmp/irr-rustbgpd-sighup/gen-a.rpol
reload 2 daemon_applied complete_before=1 complete_after=2
reload 2 completion_s: p50=1.30 p95=1.40 max=1.41 (n=320)
reload 2 maxgap_ms: p50=529.99 p95=669.84 max=788.67 (n=320)
reload 2 all_observer_maxgap_ms: p50=529.99 p95=669.84 max=788.67 (n=320)
reload 2 changed_first_generation_update_ms: p50=1111.97 p95=1251.59 max=1370.38 (n=320)
reload 2 rss_mib before=559 after=660 comms_sample=[4286055400]
reload 2 sessions_up 320/320
reload 2 stable_marker_peers 0/0
reload 2 withdrawals: v4 named 0/0 v6 named 0/0 leaked=0 bystander=0 stable=0 duplicate=0
reloadstall_csv,2,320,320,0,183040,1.299202,1.401381,1.407909,529.985,669.839,788.669,529.985,669.839,788.669,1111.968,1251.589,1370.376,559,660,0,320,0
dataset-stage generation=b changed=36 total=640
reload 3 SIGHUP wall_us=1790574671675071 policy=/tmp/irr-rustbgpd-sighup/gen-b.rpol
reload 3 daemon_applied complete_before=2 complete_after=3
reload 3 completion_s: p50=1.27 p95=1.39 max=1.40 (n=320)
reload 3 maxgap_ms: p50=532.56 p95=744.89 max=780.50 (n=320)
reload 3 all_observer_maxgap_ms: p50=532.56 p95=744.89 max=780.50 (n=320)
reload 3 changed_first_generation_update_ms: p50=1128.57 p95=1337.75 max=1376.31 (n=320)
reload 3 rss_mib before=560 after=662 comms_sample=[4286056400]
reload 3 sessions_up 320/320
reload 3 stable_marker_peers 0/0
reload 3 withdrawals: v4 named 0/0 v6 named 0/0 leaked=0 bystander=0 stable=0 duplicate=0
reloadstall_csv,3,320,320,0,183040,1.271423,1.385735,1.395361,532.556,744.890,780.505,532.556,744.890,780.505,1128.570,1337.747,1376.309,560,662,0,320,0
dataset-stage generation=a changed=36 total=640
reload 4 SIGHUP wall_us=1790574694238848 policy=/tmp/irr-rustbgpd-sighup/gen-a.rpol
reload 4 daemon_applied complete_before=3 complete_after=4
reload 4 completion_s: p50=1.32 p95=1.42 max=1.43 (n=320)
reload 4 maxgap_ms: p50=535.19 p95=806.78 max=843.80 (n=320)
reload 4 all_observer_maxgap_ms: p50=535.19 p95=806.78 max=843.80 (n=320)
reload 4 changed_first_generation_update_ms: p50=1105.63 p95=1378.21 max=1413.44 (n=320)
reload 4 rss_mib before=562 after=660 comms_sample=[4286055400]
reload 4 sessions_up 320/320
reload 4 stable_marker_peers 0/0
reload 4 withdrawals: v4 named 0/0 v6 named 0/0 leaked=0 bystander=0 stable=0 duplicate=0
reloadstall_csv,4,320,320,0,183040,1.324395,1.421040,1.434447,535.191,806.779,843.798,535.191,806.779,843.798,1105.629,1378.210,1413.436,562,660,0,320,0
final sessions_up 320/320 parse_errors=0
done rss_mib=552
