[2026-09-26T01:25:58Z] reload 1 issued
[2026-09-26T01:26:08Z] reload 1 complete
[2026-09-26T01:56:08Z] reload 2 issued
[2026-09-26T01:56:17Z] reload 2 complete
[2026-09-26T02:26:18Z] reload 3 issued
[2026-09-26T02:26:28Z] reload 3 complete
[2026-09-26T02:56:28Z] reload 4 issued
[2026-09-26T02:56:37Z] reload 4 complete
[2026-09-26T03:26:38Z] reload 5 issued
[2026-09-26T03:26:47Z] reload 5 complete
[2026-09-26T03:56:47Z] reload 6 issued
[2026-09-26T03:56:57Z] reload 6 complete
[2026-09-26T04:26:57Z] reload 7 issued
[2026-09-26T04:27:05Z] reload 7 complete
[2026-09-26T04:57:06Z] reload 8 issued
[2026-09-26T04:57:14Z] reload 8 complete
[2026-09-26T05:27:15Z] trip 1 announce_over
[2026-09-26T05:27:15Z] trip 1 torn_down
[2026-09-26T05:27:15Z] trip 1 exceeded_total=1
[2026-09-26T05:27:15Z] trip 1 countdown_ms=118870 action=restart
[2026-09-26T05:29:15Z] trip 1 reestablished
[2026-09-26T05:29:15Z] trip 1 reannounced
[2026-09-26T05:29:15Z] reload 9 issued
[2026-09-26T05:29:15Z] trip 1 complete usage=400 limit=450 headroom=50
[2026-09-26T05:29:27Z] reload 9 complete
[2026-09-26T05:59:27Z] reload 10 issued
[2026-09-26T05:59:37Z] reload 10 complete
[2026-09-26T06:29:36Z] reload 11 issued
[2026-09-26T06:29:46Z] reload 11 complete
[2026-09-26T06:59:46Z] reload 12 issued
[2026-09-26T06:59:55Z] reload 12 complete
[2026-09-26T07:29:56Z] reload 13 issued
[2026-09-26T07:30:05Z] reload 13 complete
[2026-09-26T08:00:05Z] reload 14 issued
[2026-09-26T08:00:15Z] reload 14 complete
[2026-09-26T08:30:15Z] reload 15 issued
[2026-09-26T08:30:24Z] reload 15 complete
[2026-09-26T09:00:24Z] reload 16 issued
[2026-09-26T09:00:34Z] reload 16 complete
[2026-09-26T09:30:34Z] trip 2 announce_over
[2026-09-26T09:30:34Z] trip 2 exceeded_total=2
[2026-09-26T09:30:34Z] trip 2 countdown_ms=119727 action=restart
[2026-09-26T09:30:35Z] trip 2 torn_down
[2026-09-26T09:32:34Z] trip 2 reestablished
[2026-09-26T09:32:34Z] trip 2 reannounced
[2026-09-26T09:32:34Z] trip 2 complete usage=400 limit=450 headroom=50
[2026-09-26T09:32:35Z] reload 17 issued
[2026-09-26T09:32:46Z] reload 17 complete
[2026-09-26T10:02:46Z] reload 18 issued
[2026-09-26T10:02:57Z] reload 18 complete
[2026-09-26T10:32:57Z] reload 19 issued
[2026-09-26T10:33:07Z] reload 19 complete
[2026-09-26T11:03:07Z] reload 20 issued
[2026-09-26T11:03:16Z] reload 20 complete
[2026-09-26T11:33:17Z] reload 21 issued
[2026-09-26T11:33:26Z] reload 21 complete
[2026-09-26T12:03:26Z] reload 22 issued
[2026-09-26T12:03:35Z] reload 22 complete
[2026-09-26T12:33:35Z] reload 23 issued
[2026-09-26T12:33:45Z] reload 23 complete
[2026-09-26T13:03:45Z] reload 24 issued
[2026-09-26T13:03:54Z] reload 24 complete
[2026-09-26T13:33:55Z] trip 3 announce_over
[2026-09-26T13:33:55Z] trip 3 torn_down
[2026-09-26T13:33:55Z] trip 3 exceeded_total=3
[2026-09-26T13:33:55Z] trip 3 countdown_ms=118796 action=restart
[2026-09-26T13:35:54Z] trip 3 reestablished
[2026-09-26T13:35:54Z] trip 3 reannounced
[2026-09-26T13:35:55Z] reload 25 issued
[2026-09-26T13:35:55Z] trip 3 complete usage=400 limit=450 headroom=50
[2026-09-26T13:36:06Z] reload 25 complete
[2026-09-26T14:06:06Z] reload 26 issued
[2026-09-26T14:06:15Z] reload 26 complete
[2026-09-26T14:36:16Z] reload 27 issued
[2026-09-26T14:36:25Z] reload 27 complete
[2026-09-26T15:06:25Z] reload 28 issued
[2026-09-26T15:06:35Z] reload 28 complete
[2026-09-26T15:36:34Z] reload 29 issued
[2026-09-26T15:36:45Z] reload 29 complete
[2026-09-26T16:06:44Z] reload 30 issued
[2026-09-26T16:06:54Z] reload 30 complete
[2026-09-26T16:36:54Z] reload 31 issued
[2026-09-26T16:37:03Z] reload 31 complete
[2026-09-26T17:07:03Z] reload 32 issued
[2026-09-26T17:07:12Z] reload 32 complete
[2026-09-26T17:37:13Z] trip 4 announce_over
[2026-09-26T17:37:13Z] trip 4 torn_down
[2026-09-26T17:37:13Z] trip 4 exceeded_total=4
[2026-09-26T17:37:13Z] trip 4 countdown_ms=118995 action=restart
[2026-09-26T17:39:13Z] trip 4 reestablished
[2026-09-26T17:39:13Z] trip 4 reannounced
[2026-09-26T17:39:13Z] reload 33 issued
[2026-09-26T17:39:13Z] trip 4 complete usage=400 limit=450 headroom=50
[2026-09-26T17:39:26Z] reload 33 complete
[2026-09-26T18:09:26Z] reload 34 issued
[2026-09-26T18:09:37Z] reload 34 complete
[2026-09-26T18:39:37Z] reload 35 issued
[2026-09-26T18:39:46Z] reload 35 complete
[2026-09-26T19:09:46Z] reload 36 issued
[2026-09-26T19:09:55Z] reload 36 complete
[2026-09-26T19:39:55Z] reload 37 issued
[2026-09-26T19:40:05Z] reload 37 complete
[2026-09-26T20:10:05Z] reload 38 issued
[2026-09-26T20:10:14Z] reload 38 complete
[2026-09-26T20:40:15Z] reload 39 issued
[2026-09-26T20:40:24Z] reload 39 complete
[2026-09-26T21:10:24Z] reload 40 issued
[2026-09-26T21:10:33Z] reload 40 complete
[2026-09-26T21:40:34Z] trip 5 announce_over
[2026-09-26T21:40:34Z] trip 5 torn_down
[2026-09-26T21:40:34Z] trip 5 exceeded_total=5
[2026-09-26T21:40:34Z] trip 5 countdown_ms=118863 action=restart
[2026-09-26T21:42:33Z] trip 5 reestablished
[2026-09-26T21:42:33Z] trip 5 reannounced
[2026-09-26T21:42:34Z] reload 41 issued
[2026-09-26T21:42:34Z] trip 5 complete usage=400 limit=450 headroom=50
[2026-09-26T21:42:47Z] reload 41 complete
[2026-09-26T22:12:47Z] reload 42 issued
[2026-09-26T22:12:56Z] reload 42 complete
[2026-09-26T22:42:57Z] reload 43 issued
[2026-09-26T22:43:07Z] reload 43 complete
[2026-09-26T23:13:07Z] reload 44 issued
[2026-09-26T23:13:16Z] reload 44 complete
[2026-09-26T23:43:17Z] reload 45 issued
[2026-09-26T23:43:27Z] reload 45 complete
[2026-09-27T00:13:26Z] reload 46 issued
[2026-09-27T00:13:35Z] reload 46 complete
[2026-09-27T00:43:37Z] reload 47 issued
[2026-09-27T00:43:46Z] reload 47 complete
[2026-09-27T01:13:46Z] reload 48 issued
[2026-09-27T01:13:56Z] reload 48 complete
[2026-09-27T01:43:55Z] trip 6 announce_over
[2026-09-27T01:43:55Z] trip 6 torn_down
[2026-09-27T01:43:56Z] trip 6 exceeded_total=6
[2026-09-27T01:43:56Z] trip 6 countdown_ms=119359 action=restart
[2026-09-27T01:45:56Z] trip 6 reestablished
[2026-09-27T01:45:56Z] trip 6 reannounced
[2026-09-27T01:45:56Z] trip 6 complete usage=400 limit=450 headroom=50
