# reloadstall peers=1000 changed_peers=1000 stable_peers=0 prefixes=400000 per_peer=400 pid=1852804
established 1000 at 2.2s
establishment transport_retries=0 recovered_peers=0
first_exact_bitmap,mode=reload,peers=1000,total=400000,per_peer=400,expected=399600,completed=1000,min_unique=399600,max_unique=399600
converged (>= 399600/observer) at 14.6s rss_mib=413
control_maxgap_ms: p50=201.67 p95=202.81 max=211.70 (n=1000)
control_rss_mib 484
reloadstall_csv_header,reload,peers_total,peers_changed,peers_stable,prefixes,completion_p50_s,completion_p95_s,completion_max_s,changed_maxgap_p50_ms,changed_maxgap_p95_ms,changed_maxgap_max_ms,all_observer_maxgap_p50_ms,all_observer_maxgap_p95_ms,all_observer_maxgap_max_ms,changed_first_generation_update_p50_ms,changed_first_generation_update_p95_ms,changed_first_generation_update_max_ms,rss_before_mib,rss_after_mib,stable_marker_peers,sessions_up,parse_errors
trip_csv_header,trip,peers_total,teardown_s,withdraw_s,holddown_s,reannounce_s,rss_mib,sessions_up,parse_errors
reload 1 SIGHUP wall_us=1790385958082720 policy=/tmp/rsfs.0mXZEo/gen-b.rpol
reload 1 daemon_applied complete_before=0 complete_after=1
reload 1 completion_s: p50=7.83 p95=9.25 max=9.42 (n=1000)
reload 1 maxgap_ms: p50=2147.68 p95=3895.51 max=6021.27 (n=1000)
reload 1 all_observer_maxgap_ms: p50=2202.64 p95=3895.51 max=6021.27 (n=1000)
reload 1 changed_first_generation_update_ms: p50=4897.07 p95=5886.02 max=9362.56 (n=1000)
reload 1 rss_mib before=486 after=535 comms_sample=[4286056400]
reload 1 sessions_up 1000/1000
reload 1 stable_marker_peers 0/0
reload 1 withdrawals: v4 named 0/0 v6 named 0/0 leaked=0 bystander=0 stable=0 duplicate=0
reloadstall_csv,1,1000,1000,0,400000,7.826470,9.248874,9.421837,2147.677,3895.507,6021.274,2202.643,3895.507,6021.274,4897.071,5886.023,9362.557,486,535,0,1000,0
reload 2 SIGHUP wall_us=1790387767851362 policy=/tmp/rsfs.0mXZEo/gen-a.rpol
reload 2 daemon_applied complete_before=1 complete_after=2
reload 2 completion_s: p50=7.35 p95=8.45 max=8.56 (n=1000)
reload 2 maxgap_ms: p50=2048.13 p95=3313.58 max=4723.93 (n=1000)
reload 2 all_observer_maxgap_ms: p50=2070.73 p95=3313.58 max=4723.93 (n=1000)
reload 2 changed_first_generation_update_ms: p50=4445.50 p95=5257.15 max=7684.97 (n=1000)
reload 2 rss_mib before=528 after=530 comms_sample=[4286055400]
reload 2 sessions_up 1000/1000
reload 2 stable_marker_peers 0/0
reload 2 withdrawals: v4 named 0/0 v6 named 0/0 leaked=0 bystander=0 stable=0 duplicate=0
reloadstall_csv,2,1000,1000,0,400000,7.351600,8.446250,8.561910,2048.130,3313.579,4723.926,2070.730,3313.579,4723.926,4445.500,5257.145,7684.966,528,530,0,1000,0
reload 3 SIGHUP wall_us=1790389577751149 policy=/tmp/rsfs.0mXZEo/gen-b.rpol
reload 3 daemon_applied complete_before=2 complete_after=3
reload 3 completion_s: p50=8.05 p95=9.33 max=9.51 (n=1000)
reload 3 maxgap_ms: p50=2342.73 p95=5208.92 max=5708.42 (n=1000)
reload 3 all_observer_maxgap_ms: p50=2342.73 p95=5208.92 max=5708.42 (n=1000)
reload 3 changed_first_generation_update_ms: p50=5211.16 p95=8941.22 max=9435.24 (n=1000)
reload 3 rss_mib before=535 after=574 comms_sample=[4286056400]
reload 3 sessions_up 1000/1000
reload 3 stable_marker_peers 0/0
reload 3 withdrawals: v4 named 0/0 v6 named 0/0 leaked=0 bystander=0 stable=0 duplicate=0
reloadstall_csv,3,1000,1000,0,400000,8.045782,9.325574,9.507196,2342.732,5208.918,5708.421,2342.732,5208.918,5708.421,5211.158,8941.219,9435.243,535,574,0,1000,0
reload 4 SIGHUP wall_us=1790391388493600 policy=/tmp/rsfs.0mXZEo/gen-a.rpol
reload 4 daemon_applied complete_before=3 complete_after=4
reload 4 completion_s: p50=7.11 p95=8.37 max=8.50 (n=1000)
reload 4 maxgap_ms: p50=2195.47 p95=4932.76 max=5375.36 (n=1000)
reload 4 all_observer_maxgap_ms: p50=2290.24 p95=4932.76 max=5375.36 (n=1000)
reload 4 changed_first_generation_update_ms: p50=4562.44 p95=7991.81 max=8429.97 (n=1000)
reload 4 rss_mib before=517 after=550 comms_sample=[4286055400]
reload 4 sessions_up 1000/1000
reload 4 stable_marker_peers 0/0
reload 4 withdrawals: v4 named 0/0 v6 named 0/0 leaked=0 bystander=0 stable=0 duplicate=0
reloadstall_csv,4,1000,1000,0,400000,7.113058,8.368629,8.497465,2195.475,4932.764,5375.359,2290.236,4932.764,5375.359,4562.438,7991.814,8429.974,517,550,0,1000,0
reload 5 SIGHUP wall_us=1790393198037675 policy=/tmp/rsfs.0mXZEo/gen-b.rpol
reload 5 daemon_applied complete_before=4 complete_after=5
reload 5 completion_s: p50=7.20 p95=8.28 max=8.39 (n=1000)
reload 5 maxgap_ms: p50=2068.83 p95=3408.76 max=5164.51 (n=1000)
reload 5 all_observer_maxgap_ms: p50=2118.06 p95=3408.76 max=5164.51 (n=1000)
reload 5 changed_first_generation_update_ms: p50=4470.17 p95=6019.46 max=8133.88 (n=1000)
reload 5 rss_mib before=530 after=530 comms_sample=[4286056400]
reload 5 sessions_up 1000/1000
reload 5 stable_marker_peers 0/0
reload 5 withdrawals: v4 named 0/0 v6 named 0/0 leaked=0 bystander=0 stable=0 duplicate=0
reloadstall_csv,5,1000,1000,0,400000,7.203552,8.280666,8.394620,2068.831,3408.759,5164.512,2118.060,3408.759,5164.512,4470.173,6019.456,8133.882,530,530,0,1000,0
reload 6 SIGHUP wall_us=1790395007634025 policy=/tmp/rsfs.0mXZEo/gen-a.rpol
reload 6 daemon_applied complete_before=5 complete_after=6
reload 6 completion_s: p50=6.80 p95=7.91 max=8.03 (n=1000)
reload 6 maxgap_ms: p50=1887.98 p95=3175.10 max=4472.56 (n=1000)
reload 6 all_observer_maxgap_ms: p50=1907.52 p95=3175.10 max=4472.56 (n=1000)
reload 6 changed_first_generation_update_ms: p50=4228.30 p95=5318.41 max=7203.90 (n=1000)
reload 6 rss_mib before=530 after=553 comms_sample=[4286055400]
reload 6 sessions_up 1000/1000
reload 6 stable_marker_peers 0/0
reload 6 withdrawals: v4 named 0/0 v6 named 0/0 leaked=0 bystander=0 stable=0 duplicate=0
reloadstall_csv,6,1000,1000,0,400000,6.799935,7.905931,8.025864,1887.976,3175.101,4472.562,1907.522,3175.101,4472.562,4228.300,5318.406,7203.904,530,553,0,1000,0
reload 7 SIGHUP wall_us=1790396816750248 policy=/tmp/rsfs.0mXZEo/gen-b.rpol
reload 7 daemon_applied complete_before=6 complete_after=7
reload 7 completion_s: p50=6.83 p95=7.99 max=8.12 (n=1000)
reload 7 maxgap_ms: p50=2100.06 p95=3741.57 max=5348.58 (n=1000)
reload 7 all_observer_maxgap_ms: p50=2115.73 p95=3741.57 max=5348.58 (n=1000)
reload 7 changed_first_generation_update_ms: p50=4277.10 p95=6434.62 max=8040.90 (n=1000)
reload 7 rss_mib before=536 after=561 comms_sample=[4286056400]
reload 7 sessions_up 1000/1000
reload 7 stable_marker_peers 0/0
reload 7 withdrawals: v4 named 0/0 v6 named 0/0 leaked=0 bystander=0 stable=0 duplicate=0
reloadstall_csv,7,1000,1000,0,400000,6.831662,7.985685,8.122303,2100.057,3741.566,5348.576,2115.729,3741.566,5348.576,4277.102,6434.619,8040.899,536,561,0,1000,0
reload 8 SIGHUP wall_us=1790398625969991 policy=/tmp/rsfs.0mXZEo/gen-a.rpol
reload 8 daemon_applied complete_before=7 complete_after=8
reload 8 completion_s: p50=6.47 p95=7.64 max=7.80 (n=1000)
reload 8 maxgap_ms: p50=2098.96 p95=3220.02 max=5106.94 (n=1000)
reload 8 all_observer_maxgap_ms: p50=2115.70 p95=3220.02 max=5106.94 (n=1000)
reload 8 changed_first_generation_update_ms: p50=4023.36 p95=5030.82 max=7722.92 (n=1000)
reload 8 rss_mib before=533 after=575 comms_sample=[4286055400]
reload 8 sessions_up 1000/1000
reload 8 stable_marker_peers 0/0
reload 8 withdrawals: v4 named 0/0 v6 named 0/0 leaked=0 bystander=0 stable=0 duplicate=0
reloadstall_csv,8,1000,1000,0,400000,6.467491,7.637860,7.802144,2098.958,3220.023,5106.941,2115.702,3220.023,5106.941,4023.359,5030.820,7722.919,533,575,0,1000,0
trip 1 announce_over wall_us=1790400434651938 member=0 prefixes=64
trip 1 torn_down wall_us=1790400434703836 after_s=0.052
trip 1 reconnect transport_retries=0 recovered_peers=0
trip 1 reestablished wall_us=1790400554826913 holddown_s=120.123
trip 1 reannounced wall_us=1790400554826960
trip_csv,1,1000,0.052,0.000,120.123,0.018,515,1000,0
trip 1 complete wall_us=1790400554929265 rss_mib=515
reload 9 SIGHUP wall_us=1790400555118227 policy=/tmp/rsfs.0mXZEo/gen-b.rpol
reload 9 daemon_applied complete_before=8 complete_after=9
reload 9 completion_s: p50=8.93 p95=10.19 max=10.34 (n=1000)
reload 9 maxgap_ms: p50=2068.42 p95=3130.17 max=4907.50 (n=1000)
reload 9 all_observer_maxgap_ms: p50=2089.91 p95=3130.17 max=4907.50 (n=1000)
reload 9 changed_first_generation_update_ms: p50=6663.43 p95=7805.65 max=9994.86 (n=1000)
reload 9 rss_mib before=534 after=579 comms_sample=[4286056400]
reload 9 sessions_up 1000/1000
reload 9 stable_marker_peers 0/0
reload 9 withdrawals: v4 named 0/0 v6 named 0/0 leaked=0 bystander=0 stable=0 duplicate=0
reloadstall_csv,9,1000,1000,0,400000,8.930108,10.189183,10.339144,2068.424,3130.168,4907.504,2089.913,3130.168,4907.504,6663.433,7805.655,9994.858,534,579,0,1000,0
reload 10 SIGHUP wall_us=1790402366907401 policy=/tmp/rsfs.0mXZEo/gen-a.rpol
reload 10 daemon_applied complete_before=9 complete_after=10
reload 10 completion_s: p50=7.36 p95=8.47 max=8.59 (n=1000)
reload 10 maxgap_ms: p50=2122.46 p95=3530.28 max=4873.21 (n=1000)
reload 10 all_observer_maxgap_ms: p50=2140.31 p95=3530.28 max=4873.21 (n=1000)
reload 10 changed_first_generation_update_ms: p50=4705.87 p95=6703.12 max=8043.91 (n=1000)
reload 10 rss_mib before=553 after=580 comms_sample=[4286055400]
reload 10 sessions_up 1000/1000
reload 10 stable_marker_peers 0/0
reload 10 withdrawals: v4 named 0/0 v6 named 0/0 leaked=0 bystander=0 stable=0 duplicate=0
reloadstall_csv,10,1000,1000,0,400000,7.360484,8.469940,8.586288,2122.461,3530.278,4873.210,2140.313,3530.278,4873.210,4705.868,6703.121,8043.912,553,580,0,1000,0
reload 11 SIGHUP wall_us=1790404176810817 policy=/tmp/rsfs.0mXZEo/gen-b.rpol
reload 11 daemon_applied complete_before=10 complete_after=11
reload 11 completion_s: p50=6.98 p95=7.88 max=8.03 (n=1000)
reload 11 maxgap_ms: p50=1826.49 p95=2972.52 max=5129.68 (n=1000)
reload 11 all_observer_maxgap_ms: p50=1829.88 p95=2972.52 max=5129.68 (n=1000)
reload 11 changed_first_generation_update_ms: p50=4260.77 p95=5406.52 max=7946.74 (n=1000)
reload 11 rss_mib before=513 after=545 comms_sample=[4286056400]
reload 11 sessions_up 1000/1000
reload 11 stable_marker_peers 0/0
reload 11 withdrawals: v4 named 0/0 v6 named 0/0 leaked=0 bystander=0 stable=0 duplicate=0
reloadstall_csv,11,1000,1000,0,400000,6.978213,7.884443,8.032780,1826.492,2972.522,5129.677,1829.877,2972.522,5129.677,4260.772,5406.524,7946.743,513,545,0,1000,0
reload 12 SIGHUP wall_us=1790405985967511 policy=/tmp/rsfs.0mXZEo/gen-a.rpol
reload 12 daemon_applied complete_before=11 complete_after=12
reload 12 completion_s: p50=7.39 p95=8.30 max=8.41 (n=1000)
reload 12 maxgap_ms: p50=2025.44 p95=3577.59 max=5065.06 (n=1000)
reload 12 all_observer_maxgap_ms: p50=2037.04 p95=3577.59 max=5065.06 (n=1000)
reload 12 changed_first_generation_update_ms: p50=4700.10 p95=6106.99 max=8198.05 (n=1000)
reload 12 rss_mib before=514 after=582 comms_sample=[4286055400]
reload 12 sessions_up 1000/1000
reload 12 stable_marker_peers 0/0
reload 12 withdrawals: v4 named 0/0 v6 named 0/0 leaked=0 bystander=0 stable=0 duplicate=0
reloadstall_csv,12,1000,1000,0,400000,7.391065,8.298888,8.405916,2025.442,3577.585,5065.064,2037.036,3577.585,5065.064,4700.105,6106.993,8198.051,514,582,0,1000,0
reload 13 SIGHUP wall_us=1790407795456283 policy=/tmp/rsfs.0mXZEo/gen-b.rpol
reload 13 daemon_applied complete_before=12 complete_after=13
reload 13 completion_s: p50=7.14 p95=8.19 max=8.33 (n=1000)
reload 13 maxgap_ms: p50=2347.17 p95=4930.65 max=5260.61 (n=1000)
reload 13 all_observer_maxgap_ms: p50=2391.55 p95=4930.65 max=5260.61 (n=1000)
reload 13 changed_first_generation_update_ms: p50=4394.87 p95=7879.43 max=8203.71 (n=1000)
reload 13 rss_mib before=518 after=572 comms_sample=[4286056400]
reload 13 sessions_up 1000/1000
reload 13 stable_marker_peers 0/0
reload 13 withdrawals: v4 named 0/0 v6 named 0/0 leaked=0 bystander=0 stable=0 duplicate=0
reloadstall_csv,13,1000,1000,0,400000,7.140421,8.189044,8.326115,2347.172,4930.655,5260.609,2391.551,4930.655,5260.609,4394.873,7879.432,8203.712,518,572,0,1000,0
reload 14 SIGHUP wall_us=1790409605378298 policy=/tmp/rsfs.0mXZEo/gen-a.rpol
reload 14 daemon_applied complete_before=13 complete_after=14
reload 14 completion_s: p50=6.98 p95=8.22 max=8.37 (n=1000)
reload 14 maxgap_ms: p50=1939.52 p95=3513.10 max=4672.55 (n=1000)
reload 14 all_observer_maxgap_ms: p50=1983.88 p95=3513.10 max=4672.55 (n=1000)
reload 14 changed_first_generation_update_ms: p50=4528.85 p95=5554.93 max=7712.70 (n=1000)
reload 14 rss_mib before=536 after=550 comms_sample=[4286055400]
reload 14 sessions_up 1000/1000
reload 14 stable_marker_peers 0/0
reload 14 withdrawals: v4 named 0/0 v6 named 0/0 leaked=0 bystander=0 stable=0 duplicate=0
reloadstall_csv,14,1000,1000,0,400000,6.984769,8.223636,8.368476,1939.523,3513.101,4672.550,1983.877,3513.101,4672.550,4528.846,5554.928,7712.697,536,550,0,1000,0
reload 15 SIGHUP wall_us=1790411414661457 policy=/tmp/rsfs.0mXZEo/gen-b.rpol
reload 15 daemon_applied complete_before=14 complete_after=15
reload 15 completion_s: p50=6.89 p95=8.16 max=8.29 (n=1000)
reload 15 maxgap_ms: p50=1919.86 p95=4857.92 max=5328.66 (n=1000)
reload 15 all_observer_maxgap_ms: p50=1919.86 p95=4857.92 max=5328.66 (n=1000)
reload 15 changed_first_generation_update_ms: p50=4415.60 p95=7759.98 max=8230.25 (n=1000)
reload 15 rss_mib before=528 after=547 comms_sample=[4286056400]
reload 15 sessions_up 1000/1000
reload 15 stable_marker_peers 0/0
reload 15 withdrawals: v4 named 0/0 v6 named 0/0 leaked=0 bystander=0 stable=0 duplicate=0
reloadstall_csv,15,1000,1000,0,400000,6.888988,8.156692,8.285093,1919.859,4857.924,5328.660,1919.859,4857.924,5328.660,4415.602,7759.975,8230.248,528,547,0,1000,0
reload 16 SIGHUP wall_us=1790413224100815 policy=/tmp/rsfs.0mXZEo/gen-a.rpol
reload 16 daemon_applied complete_before=15 complete_after=16
reload 16 completion_s: p50=8.25 p95=9.09 max=9.20 (n=1000)
reload 16 maxgap_ms: p50=1866.87 p95=3484.29 max=5496.73 (n=1000)
reload 16 all_observer_maxgap_ms: p50=1880.97 p95=3484.29 max=5496.73 (n=1000)
reload 16 changed_first_generation_update_ms: p50=5382.24 p95=7104.10 max=9111.40 (n=1000)
reload 16 rss_mib before=541 after=551 comms_sample=[4286055400]
reload 16 sessions_up 1000/1000
reload 16 stable_marker_peers 0/0
reload 16 withdrawals: v4 named 0/0 v6 named 0/0 leaked=0 bystander=0 stable=0 duplicate=0
reloadstall_csv,16,1000,1000,0,400000,8.247217,9.085586,9.203047,1866.865,3484.293,5496.734,1880.972,3484.293,5496.734,5382.240,7104.105,9111.397,541,551,0,1000,0
trip 2 announce_over wall_us=1790415034279729 member=0 prefixes=64
trip 2 torn_down wall_us=1790415034332242 after_s=0.052
trip 2 reconnect transport_retries=0 recovered_peers=0
trip 2 reestablished wall_us=1790415154458431 holddown_s=120.126
trip 2 reannounced wall_us=1790415154458483
trip_csv,2,1000,0.052,0.011,120.126,0.018,535,1000,0
trip 2 complete wall_us=1790415154559612 rss_mib=535
reload 17 SIGHUP wall_us=1790415154841392 policy=/tmp/rsfs.0mXZEo/gen-b.rpol
reload 17 daemon_applied complete_before=16 complete_after=17
reload 17 completion_s: p50=9.01 p95=10.04 max=10.15 (n=1000)
reload 17 maxgap_ms: p50=2023.81 p95=3056.06 max=4421.79 (n=1000)
reload 17 all_observer_maxgap_ms: p50=2036.29 p95=3056.06 max=4421.79 (n=1000)
reload 17 changed_first_generation_update_ms: p50=6413.86 p95=7618.97 max=9209.95 (n=1000)
reload 17 rss_mib before=599 after=518 comms_sample=[4286056400]
reload 17 sessions_up 1000/1000
reload 17 stable_marker_peers 0/0
reload 17 withdrawals: v4 named 0/0 v6 named 0/0 leaked=0 bystander=0 stable=0 duplicate=0
reloadstall_csv,17,1000,1000,0,400000,9.014777,10.035650,10.150526,2023.805,3056.062,4421.793,2036.287,3056.062,4421.793,6413.857,7618.969,9209.953,599,518,0,1000,0
reload 18 SIGHUP wall_us=1790416966517811 policy=/tmp/rsfs.0mXZEo/gen-a.rpol
reload 18 daemon_applied complete_before=17 complete_after=18
reload 18 completion_s: p50=8.05 p95=9.19 max=9.34 (n=1000)
reload 18 maxgap_ms: p50=1928.80 p95=3631.94 max=5095.89 (n=1000)
reload 18 all_observer_maxgap_ms: p50=1932.16 p95=3631.94 max=5095.89 (n=1000)
reload 18 changed_first_generation_update_ms: p50=5536.73 p95=7565.50 max=9034.76 (n=1000)
reload 18 rss_mib before=517 after=559 comms_sample=[4286055400]
reload 18 sessions_up 1000/1000
reload 18 stable_marker_peers 0/0
reload 18 withdrawals: v4 named 0/0 v6 named 0/0 leaked=0 bystander=0 stable=0 duplicate=0
reloadstall_csv,18,1000,1000,0,400000,8.053127,9.188694,9.344956,1928.803,3631.944,5095.885,1932.157,3631.944,5095.885,5536.726,7565.500,9034.758,517,559,0,1000,0
reload 19 SIGHUP wall_us=1790418777023804 policy=/tmp/rsfs.0mXZEo/gen-b.rpol
reload 19 daemon_applied complete_before=18 complete_after=19
reload 19 completion_s: p50=7.46 p95=8.58 max=8.73 (n=1000)
reload 19 maxgap_ms: p50=2016.69 p95=4721.53 max=5226.47 (n=1000)
reload 19 all_observer_maxgap_ms: p50=2021.60 p95=4721.53 max=5226.47 (n=1000)
reload 19 changed_first_generation_update_ms: p50=5081.25 p95=8167.03 max=8670.71 (n=1000)
reload 19 rss_mib before=538 after=562 comms_sample=[4286056400]
reload 19 sessions_up 1000/1000
reload 19 stable_marker_peers 0/0
reload 19 withdrawals: v4 named 0/0 v6 named 0/0 leaked=0 bystander=0 stable=0 duplicate=0
reloadstall_csv,19,1000,1000,0,400000,7.457584,8.582196,8.732183,2016.694,4721.530,5226.474,2021.597,4721.530,5226.474,5081.250,8167.029,8670.712,538,562,0,1000,0
reload 20 SIGHUP wall_us=1790420586911583 policy=/tmp/rsfs.0mXZEo/gen-a.rpol
reload 20 daemon_applied complete_before=19 complete_after=20
reload 20 completion_s: p50=7.15 p95=8.10 max=8.18 (n=1000)
reload 20 maxgap_ms: p50=1753.13 p95=2761.28 max=4487.78 (n=1000)
reload 20 all_observer_maxgap_ms: p50=1785.74 p95=2761.28 max=4487.78 (n=1000)
reload 20 changed_first_generation_update_ms: p50=4426.02 p95=5301.56 max=7407.70 (n=1000)
reload 20 rss_mib before=562 after=539 comms_sample=[4286055400]
reload 20 sessions_up 1000/1000
reload 20 stable_marker_peers 0/0
reload 20 withdrawals: v4 named 0/0 v6 named 0/0 leaked=0 bystander=0 stable=0 duplicate=0
reloadstall_csv,20,1000,1000,0,400000,7.151552,8.095962,8.180817,1753.130,2761.277,4487.779,1785.736,2761.277,4487.779,4426.024,5301.555,7407.704,562,539,0,1000,0
reload 21 SIGHUP wall_us=1790422396451439 policy=/tmp/rsfs.0mXZEo/gen-b.rpol
reload 21 daemon_applied complete_before=20 complete_after=21
reload 21 completion_s: p50=6.77 p95=7.88 max=8.03 (n=1000)
reload 21 maxgap_ms: p50=2007.27 p95=4848.83 max=5381.81 (n=1000)
reload 21 all_observer_maxgap_ms: p50=2037.11 p95=4848.83 max=5381.81 (n=1000)
reload 21 changed_first_generation_update_ms: p50=4126.40 p95=7398.60 max=7920.51 (n=1000)
reload 21 rss_mib before=505 after=592 comms_sample=[4286056400]
reload 21 sessions_up 1000/1000
reload 21 stable_marker_peers 0/0
reload 21 withdrawals: v4 named 0/0 v6 named 0/0 leaked=0 bystander=0 stable=0 duplicate=0
reloadstall_csv,21,1000,1000,0,400000,6.765552,7.882135,8.031419,2007.271,4848.833,5381.809,2037.111,4848.833,5381.809,4126.405,7398.595,7920.511,505,592,0,1000,0
reload 22 SIGHUP wall_us=1790424205621563 policy=/tmp/rsfs.0mXZEo/gen-a.rpol
reload 22 daemon_applied complete_before=21 complete_after=22
reload 22 completion_s: p50=6.99 p95=8.11 max=8.24 (n=1000)
reload 22 maxgap_ms: p50=2255.30 p95=4591.91 max=5471.58 (n=1000)
reload 22 all_observer_maxgap_ms: p50=2263.57 p95=4591.91 max=5471.58 (n=1000)
reload 22 changed_first_generation_update_ms: p50=4324.77 p95=7280.37 max=8161.83 (n=1000)
reload 22 rss_mib before=508 after=586 comms_sample=[4286055400]
reload 22 sessions_up 1000/1000
reload 22 stable_marker_peers 0/0
reload 22 withdrawals: v4 named 0/0 v6 named 0/0 leaked=0 bystander=0 stable=0 duplicate=0
reloadstall_csv,22,1000,1000,0,400000,6.987295,8.112535,8.237678,2255.299,4591.912,5471.581,2263.566,4591.912,5471.581,4324.769,7280.371,8161.828,508,586,0,1000,0
reload 23 SIGHUP wall_us=1790426014980232 policy=/tmp/rsfs.0mXZEo/gen-b.rpol
reload 23 daemon_applied complete_before=22 complete_after=23
reload 23 completion_s: p50=7.06 p95=8.15 max=8.23 (n=1000)
reload 23 maxgap_ms: p50=2153.80 p95=4027.52 max=4942.69 (n=1000)
reload 23 all_observer_maxgap_ms: p50=2227.21 p95=4027.52 max=4942.69 (n=1000)
reload 23 changed_first_generation_update_ms: p50=4420.88 p95=6944.30 max=7862.71 (n=1000)
reload 23 rss_mib before=535 after=562 comms_sample=[4286056400]
reload 23 sessions_up 1000/1000
reload 23 stable_marker_peers 0/0
reload 23 withdrawals: v4 named 0/0 v6 named 0/0 leaked=0 bystander=0 stable=0 duplicate=0
reloadstall_csv,23,1000,1000,0,400000,7.056771,8.148029,8.230154,2153.799,4027.517,4942.695,2227.214,4027.517,4942.695,4420.882,6944.297,7862.706,535,562,0,1000,0
reload 24 SIGHUP wall_us=1790427824666155 policy=/tmp/rsfs.0mXZEo/gen-a.rpol
reload 24 daemon_applied complete_before=23 complete_after=24
reload 24 completion_s: p50=7.29 p95=8.12 max=8.23 (n=1000)
reload 24 maxgap_ms: p50=1939.92 p95=3488.86 max=4531.96 (n=1000)
reload 24 all_observer_maxgap_ms: p50=1967.76 p95=3488.86 max=4531.96 (n=1000)
reload 24 changed_first_generation_update_ms: p50=4295.92 p95=6111.88 max=7339.99 (n=1000)
reload 24 rss_mib before=568 after=575 comms_sample=[4286055400]
reload 24 sessions_up 1000/1000
reload 24 stable_marker_peers 0/0
reload 24 withdrawals: v4 named 0/0 v6 named 0/0 leaked=0 bystander=0 stable=0 duplicate=0
reloadstall_csv,24,1000,1000,0,400000,7.285268,8.118717,8.233820,1939.917,3488.863,4531.964,1967.761,3488.863,4531.964,4295.922,6111.877,7339.989,568,575,0,1000,0
trip 3 announce_over wall_us=1790429634242880 member=0 prefixes=64
trip 3 torn_down wall_us=1790429634294357 after_s=0.051
trip 3 reconnect transport_retries=0 recovered_peers=0
trip 3 reestablished wall_us=1790429754420295 holddown_s=120.126
trip 3 reannounced wall_us=1790429754420342
trip_csv,3,1000,0.051,0.038,120.126,0.979,568,1000,0
trip 3 complete wall_us=1790429755431628 rss_mib=568
reload 25 SIGHUP wall_us=1790429755661584 policy=/tmp/rsfs.0mXZEo/gen-b.rpol
reload 25 daemon_applied complete_before=24 complete_after=25
reload 25 completion_s: p50=8.17 p95=9.34 max=9.48 (n=1000)
reload 25 maxgap_ms: p50=2064.62 p95=4780.22 max=5247.85 (n=1000)
reload 25 all_observer_maxgap_ms: p50=2122.14 p95=4780.22 max=5247.85 (n=1000)
reload 25 changed_first_generation_update_ms: p50=5640.90 p95=8937.67 max=9409.26 (n=1000)
reload 25 rss_mib before=557 after=552 comms_sample=[4286056400]
reload 25 sessions_up 1000/1000
reload 25 stable_marker_peers 0/0
reload 25 withdrawals: v4 named 0/0 v6 named 0/0 leaked=0 bystander=0 stable=0 duplicate=0
reloadstall_csv,25,1000,1000,0,400000,8.174818,9.338942,9.482809,2064.624,4780.224,5247.847,2122.138,4780.224,5247.847,5640.900,8937.670,9409.265,557,552,0,1000,0
reload 26 SIGHUP wall_us=1790431566257667 policy=/tmp/rsfs.0mXZEo/gen-a.rpol
reload 26 daemon_applied complete_before=25 complete_after=26
reload 26 completion_s: p50=6.76 p95=7.88 max=7.98 (n=1000)
reload 26 maxgap_ms: p50=2059.46 p95=4719.22 max=5351.92 (n=1000)
reload 26 all_observer_maxgap_ms: p50=2059.46 p95=4719.22 max=5351.92 (n=1000)
reload 26 changed_first_generation_update_ms: p50=4156.73 p95=7300.55 max=7932.51 (n=1000)
reload 26 rss_mib before=539 after=568 comms_sample=[4286055400]
reload 26 sessions_up 1000/1000
reload 26 stable_marker_peers 0/0
reload 26 withdrawals: v4 named 0/0 v6 named 0/0 leaked=0 bystander=0 stable=0 duplicate=0
reloadstall_csv,26,1000,1000,0,400000,6.759288,7.875172,7.982143,2059.463,4719.217,5351.923,2059.463,4719.217,5351.923,4156.730,7300.547,7932.510,539,568,0,1000,0
reload 27 SIGHUP wall_us=1790433375505623 policy=/tmp/rsfs.0mXZEo/gen-b.rpol
reload 27 daemon_applied complete_before=26 complete_after=27
reload 27 completion_s: p50=7.22 p95=8.29 max=8.40 (n=1000)
reload 27 maxgap_ms: p50=1801.99 p95=3105.01 max=3809.16 (n=1000)
reload 27 all_observer_maxgap_ms: p50=1856.46 p95=3105.01 max=3809.16 (n=1000)
reload 27 changed_first_generation_update_ms: p50=4589.87 p95=5566.57 max=6882.27 (n=1000)
reload 27 rss_mib before=561 after=559 comms_sample=[4286056400]
reload 27 sessions_up 1000/1000
reload 27 stable_marker_peers 0/0
reload 27 withdrawals: v4 named 0/0 v6 named 0/0 leaked=0 bystander=0 stable=0 duplicate=0
reloadstall_csv,27,1000,1000,0,400000,7.215746,8.290785,8.399637,1801.993,3105.015,3809.161,1856.459,3105.015,3809.161,4589.866,5566.575,6882.273,561,559,0,1000,0
reload 28 SIGHUP wall_us=1790435185295575 policy=/tmp/rsfs.0mXZEo/gen-a.rpol
reload 28 daemon_applied complete_before=27 complete_after=28
reload 28 completion_s: p50=6.88 p95=7.99 max=8.12 (n=1000)
reload 28 maxgap_ms: p50=2203.19 p95=3533.20 max=5334.83 (n=1000)
reload 28 all_observer_maxgap_ms: p50=2240.61 p95=3533.20 max=5334.83 (n=1000)
reload 28 changed_first_generation_update_ms: p50=4151.49 p95=6026.27 max=8041.87 (n=1000)
reload 28 rss_mib before=528 after=548 comms_sample=[4286055400]
reload 28 sessions_up 1000/1000
reload 28 stable_marker_peers 0/0
reload 28 withdrawals: v4 named 0/0 v6 named 0/0 leaked=0 bystander=0 stable=0 duplicate=0
reloadstall_csv,28,1000,1000,0,400000,6.879284,7.986883,8.120270,2203.194,3533.202,5334.827,2240.615,3533.202,5334.827,4151.492,6026.273,8041.871,528,548,0,1000,0
reload 29 SIGHUP wall_us=1790436994438793 policy=/tmp/rsfs.0mXZEo/gen-b.rpol
reload 29 daemon_applied complete_before=28 complete_after=29
reload 29 completion_s: p50=7.47 p95=8.54 max=8.64 (n=1000)
reload 29 maxgap_ms: p50=2187.30 p95=3200.57 max=5192.06 (n=1000)
reload 29 all_observer_maxgap_ms: p50=2269.84 p95=3200.57 max=5192.06 (n=1000)
reload 29 changed_first_generation_update_ms: p50=4817.21 p95=6249.17 max=8405.74 (n=1000)
reload 29 rss_mib before=534 after=596 comms_sample=[4286056400]
reload 29 sessions_up 1000/1000
reload 29 stable_marker_peers 0/0
reload 29 withdrawals: v4 named 0/0 v6 named 0/0 leaked=0 bystander=0 stable=0 duplicate=0
reloadstall_csv,29,1000,1000,0,400000,7.466713,8.542286,8.641244,2187.295,3200.568,5192.065,2269.844,3200.568,5192.065,4817.214,6249.174,8405.737,534,596,0,1000,0
reload 30 SIGHUP wall_us=1790438804000879 policy=/tmp/rsfs.0mXZEo/gen-a.rpol
reload 30 daemon_applied complete_before=29 complete_after=30
reload 30 completion_s: p50=7.28 p95=8.47 max=8.59 (n=1000)
reload 30 maxgap_ms: p50=1991.79 p95=3300.02 max=4011.83 (n=1000)
reload 30 all_observer_maxgap_ms: p50=1999.96 p95=3300.02 max=4011.83 (n=1000)
reload 30 changed_first_generation_update_ms: p50=4745.17 p95=6197.66 max=7070.68 (n=1000)
reload 30 rss_mib before=515 after=603 comms_sample=[4286055400]
reload 30 sessions_up 1000/1000
reload 30 stable_marker_peers 0/0
reload 30 withdrawals: v4 named 0/0 v6 named 0/0 leaked=0 bystander=0 stable=0 duplicate=0
reloadstall_csv,30,1000,1000,0,400000,7.281002,8.470262,8.594900,1991.793,3300.021,4011.828,1999.958,3300.021,4011.828,4745.170,6197.661,7070.680,515,603,0,1000,0
reload 31 SIGHUP wall_us=1790440613841819 policy=/tmp/rsfs.0mXZEo/gen-b.rpol
reload 31 daemon_applied complete_before=30 complete_after=31
reload 31 completion_s: p50=6.56 p95=7.81 max=8.00 (n=1000)
reload 31 maxgap_ms: p50=2142.11 p95=4875.69 max=5211.46 (n=1000)
reload 31 all_observer_maxgap_ms: p50=2157.17 p95=4875.69 max=5211.46 (n=1000)
reload 31 changed_first_generation_update_ms: p50=4209.13 p95=7604.86 max=7941.73 (n=1000)
reload 31 rss_mib before=560 after=553 comms_sample=[4286056400]
reload 31 sessions_up 1000/1000
reload 31 stable_marker_peers 0/0
reload 31 withdrawals: v4 named 0/0 v6 named 0/0 leaked=0 bystander=0 stable=0 duplicate=0
reloadstall_csv,31,1000,1000,0,400000,6.555925,7.807731,8.004221,2142.111,4875.687,5211.461,2157.172,4875.687,5211.461,4209.134,7604.860,7941.730,560,553,0,1000,0
reload 32 SIGHUP wall_us=1790442423094044 policy=/tmp/rsfs.0mXZEo/gen-a.rpol
reload 32 daemon_applied complete_before=31 complete_after=32
reload 32 completion_s: p50=7.52 p95=8.57 max=8.68 (n=1000)
reload 32 maxgap_ms: p50=2046.32 p95=3438.51 max=5134.19 (n=1000)
reload 32 all_observer_maxgap_ms: p50=2099.01 p95=3438.51 max=5134.19 (n=1000)
reload 32 changed_first_generation_update_ms: p50=4705.08 p95=6565.00 max=8280.09 (n=1000)
reload 32 rss_mib before=533 after=570 comms_sample=[4286055400]
reload 32 sessions_up 1000/1000
reload 32 stable_marker_peers 0/0
reload 32 withdrawals: v4 named 0/0 v6 named 0/0 leaked=0 bystander=0 stable=0 duplicate=0
reloadstall_csv,32,1000,1000,0,400000,7.523691,8.566559,8.676365,2046.323,3438.509,5134.193,2099.015,3438.509,5134.193,4705.083,6564.998,8280.086,533,570,0,1000,0
trip 4 announce_over wall_us=1790444232654398 member=0 prefixes=64
trip 4 torn_down wall_us=1790444232707160 after_s=0.053
trip 4 reconnect transport_retries=0 recovered_peers=0
trip 4 reestablished wall_us=1790444352832572 holddown_s=120.125
trip 4 reannounced wall_us=1790444352832635
trip_csv,4,1000,0.053,0.045,120.125,0.103,549,1000,0
trip 4 complete wall_us=1790444353034457 rss_mib=549
reload 33 SIGHUP wall_us=1790444353232235 policy=/tmp/rsfs.0mXZEo/gen-b.rpol
reload 33 daemon_applied complete_before=32 complete_after=33
reload 33 completion_s: p50=10.79 p95=11.77 max=11.92 (n=1000)
reload 33 maxgap_ms: p50=2741.91 p95=5291.47 max=6385.96 (n=1000)
reload 33 all_observer_maxgap_ms: p50=2741.91 p95=5291.47 max=6385.96 (n=1000)
reload 33 changed_first_generation_update_ms: p50=7933.74 p95=10511.91 max=11611.34 (n=1000)
reload 33 rss_mib before=590 after=569 comms_sample=[4286056400]
reload 33 sessions_up 1000/1000
reload 33 stable_marker_peers 0/0
reload 33 withdrawals: v4 named 0/0 v6 named 0/0 leaked=0 bystander=0 stable=0 duplicate=0
reloadstall_csv,33,1000,1000,0,400000,10.793264,11.768425,11.922305,2741.905,5291.468,6385.959,2741.905,5291.468,6385.959,7933.736,10511.908,11611.337,590,569,0,1000,0
reload 34 SIGHUP wall_us=1790446166444909 policy=/tmp/rsfs.0mXZEo/gen-a.rpol
reload 34 daemon_applied complete_before=33 complete_after=34
reload 34 completion_s: p50=7.63 p95=8.81 max=8.94 (n=1000)
reload 34 maxgap_ms: p50=2078.39 p95=4588.60 max=5593.03 (n=1000)
reload 34 all_observer_maxgap_ms: p50=2078.39 p95=4588.60 max=5593.03 (n=1000)
reload 34 changed_first_generation_update_ms: p50=4815.43 p95=7834.50 max=8833.46 (n=1000)
reload 34 rss_mib before=535 after=560 comms_sample=[4286055400]
reload 34 sessions_up 1000/1000
reload 34 stable_marker_peers 0/0
reload 34 withdrawals: v4 named 0/0 v6 named 0/0 leaked=0 bystander=0 stable=0 duplicate=0
reloadstall_csv,34,1000,1000,0,400000,7.627533,8.807563,8.943822,2078.393,4588.598,5593.032,2078.393,4588.598,5593.032,4815.428,7834.497,8833.459,535,560,0,1000,0
reload 35 SIGHUP wall_us=1790447976508590 policy=/tmp/rsfs.0mXZEo/gen-b.rpol
reload 35 daemon_applied complete_before=34 complete_after=35
reload 35 completion_s: p50=6.99 p95=7.94 max=8.07 (n=1000)
reload 35 maxgap_ms: p50=1881.65 p95=3686.54 max=5170.24 (n=1000)
reload 35 all_observer_maxgap_ms: p50=1905.31 p95=3686.54 max=5170.24 (n=1000)
reload 35 changed_first_generation_update_ms: p50=4294.59 p95=6525.64 max=8007.86 (n=1000)
reload 35 rss_mib before=510 after=593 comms_sample=[4286056400]
reload 35 sessions_up 1000/1000
reload 35 stable_marker_peers 0/0
reload 35 withdrawals: v4 named 0/0 v6 named 0/0 leaked=0 bystander=0 stable=0 duplicate=0
reloadstall_csv,35,1000,1000,0,400000,6.993970,7.944447,8.068477,1881.651,3686.544,5170.239,1905.312,3686.544,5170.239,4294.592,6525.642,8007.863,510,593,0,1000,0
reload 36 SIGHUP wall_us=1790449785887697 policy=/tmp/rsfs.0mXZEo/gen-a.rpol
reload 36 daemon_applied complete_before=35 complete_after=36
reload 36 completion_s: p50=7.27 p95=8.13 max=8.24 (n=1000)
reload 36 maxgap_ms: p50=1961.62 p95=3579.31 max=5196.81 (n=1000)
reload 36 all_observer_maxgap_ms: p50=1967.44 p95=3579.31 max=5196.81 (n=1000)
reload 36 changed_first_generation_update_ms: p50=4416.98 p95=5803.68 max=8048.59 (n=1000)
reload 36 rss_mib before=555 after=578 comms_sample=[4286055400]
reload 36 sessions_up 1000/1000
reload 36 stable_marker_peers 0/0
reload 36 withdrawals: v4 named 0/0 v6 named 0/0 leaked=0 bystander=0 stable=0 duplicate=0
reloadstall_csv,36,1000,1000,0,400000,7.271498,8.125206,8.236423,1961.623,3579.311,5196.809,1967.445,3579.311,5196.809,4416.980,5803.683,8048.592,555,578,0,1000,0
reload 37 SIGHUP wall_us=1790451595195101 policy=/tmp/rsfs.0mXZEo/gen-b.rpol
reload 37 daemon_applied complete_before=36 complete_after=37
reload 37 completion_s: p50=7.45 p95=8.46 max=8.60 (n=1000)
reload 37 maxgap_ms: p50=1951.85 p95=3720.47 max=5146.90 (n=1000)
reload 37 all_observer_maxgap_ms: p50=1953.51 p95=3720.47 max=5146.90 (n=1000)
reload 37 changed_first_generation_update_ms: p50=4714.79 p95=6420.40 max=8381.54 (n=1000)
reload 37 rss_mib before=518 after=550 comms_sample=[4286056400]
reload 37 sessions_up 1000/1000
reload 37 stable_marker_peers 0/0
reload 37 withdrawals: v4 named 0/0 v6 named 0/0 leaked=0 bystander=0 stable=0 duplicate=0
reloadstall_csv,37,1000,1000,0,400000,7.453863,8.464614,8.597172,1951.849,3720.466,5146.898,1953.509,3720.466,5146.898,4714.786,6420.398,8381.537,518,550,0,1000,0
reload 38 SIGHUP wall_us=1790453405005572 policy=/tmp/rsfs.0mXZEo/gen-a.rpol
reload 38 daemon_applied complete_before=37 complete_after=38
reload 38 completion_s: p50=6.85 p95=8.04 max=8.20 (n=1000)
reload 38 maxgap_ms: p50=2037.86 p95=3694.09 max=5222.48 (n=1000)
reload 38 all_observer_maxgap_ms: p50=2058.96 p95=3694.09 max=5222.48 (n=1000)
reload 38 changed_first_generation_update_ms: p50=4297.26 p95=5528.02 max=8075.57 (n=1000)
reload 38 rss_mib before=551 after=560 comms_sample=[4286055400]
reload 38 sessions_up 1000/1000
reload 38 stable_marker_peers 0/0
reload 38 withdrawals: v4 named 0/0 v6 named 0/0 leaked=0 bystander=0 stable=0 duplicate=0
reloadstall_csv,38,1000,1000,0,400000,6.846100,8.039098,8.196308,2037.857,3694.095,5222.483,2058.964,3694.095,5222.483,4297.256,5528.016,8075.567,551,560,0,1000,0
reload 39 SIGHUP wall_us=1790455214179287 policy=/tmp/rsfs.0mXZEo/gen-b.rpol
reload 39 daemon_applied complete_before=38 complete_after=39
reload 39 completion_s: p50=7.10 p95=8.26 max=8.41 (n=1000)
reload 39 maxgap_ms: p50=2026.62 p95=4482.85 max=5128.77 (n=1000)
reload 39 all_observer_maxgap_ms: p50=2032.69 p95=4482.85 max=5128.77 (n=1000)
reload 39 changed_first_generation_update_ms: p50=4676.74 p95=7701.66 max=8338.22 (n=1000)
reload 39 rss_mib before=523 after=561 comms_sample=[4286056400]
reload 39 sessions_up 1000/1000
reload 39 stable_marker_peers 0/0
reload 39 withdrawals: v4 named 0/0 v6 named 0/0 leaked=0 bystander=0 stable=0 duplicate=0
reloadstall_csv,39,1000,1000,0,400000,7.103976,8.262914,8.414557,2026.623,4482.845,5128.771,2032.688,4482.845,5128.771,4676.739,7701.657,8338.223,523,561,0,1000,0
reload 40 SIGHUP wall_us=1790457023834723 policy=/tmp/rsfs.0mXZEo/gen-a.rpol
reload 40 daemon_applied complete_before=39 complete_after=40
reload 40 completion_s: p50=7.32 p95=8.44 max=8.56 (n=1000)
reload 40 maxgap_ms: p50=2142.78 p95=3427.98 max=5106.55 (n=1000)
reload 40 all_observer_maxgap_ms: p50=2178.68 p95=3427.98 max=5106.55 (n=1000)
reload 40 changed_first_generation_update_ms: p50=4894.93 p95=6664.25 max=8490.47 (n=1000)
reload 40 rss_mib before=526 after=537 comms_sample=[4286055400]
reload 40 sessions_up 1000/1000
reload 40 stable_marker_peers 0/0
reload 40 withdrawals: v4 named 0/0 v6 named 0/0 leaked=0 bystander=0 stable=0 duplicate=0
reloadstall_csv,40,1000,1000,0,400000,7.320401,8.442379,8.558091,2142.778,3427.978,5106.546,2178.683,3427.978,5106.546,4894.925,6664.253,8490.468,526,537,0,1000,0
trip 5 announce_over wall_us=1790458833321903 member=0 prefixes=64
trip 5 torn_down wall_us=1790458833372784 after_s=0.051
trip 5 reconnect transport_retries=0 recovered_peers=0
trip 5 reestablished wall_us=1790458953497844 holddown_s=120.125
trip 5 reannounced wall_us=1790458953497881
trip_csv,5,1000,0.051,0.000,120.125,0.054,522,1000,0
trip 5 complete wall_us=1790458953599406 rss_mib=522
reload 41 SIGHUP wall_us=1790458953763738 policy=/tmp/rsfs.0mXZEo/gen-b.rpol
reload 41 daemon_applied complete_before=40 complete_after=41
reload 41 completion_s: p50=10.81 p95=11.87 max=12.03 (n=1000)
reload 41 maxgap_ms: p50=3053.77 p95=5312.74 max=6748.50 (n=1000)
reload 41 all_observer_maxgap_ms: p50=3053.77 p95=5312.74 max=6748.50 (n=1000)
reload 41 changed_first_generation_update_ms: p50=8263.75 p95=10527.30 max=11960.34 (n=1000)
reload 41 rss_mib before=532 after=594 comms_sample=[4286056400]
reload 41 sessions_up 1000/1000
reload 41 stable_marker_peers 0/0
reload 41 withdrawals: v4 named 0/0 v6 named 0/0 leaked=0 bystander=0 stable=0 duplicate=0
reloadstall_csv,41,1000,1000,0,400000,10.813095,11.868220,12.029807,3053.774,5312.742,6748.499,3053.774,5312.742,6748.499,8263.749,10527.296,11960.342,532,594,0,1000,0
reload 42 SIGHUP wall_us=1790460766769887 policy=/tmp/rsfs.0mXZEo/gen-a.rpol
reload 42 daemon_applied complete_before=41 complete_after=42
reload 42 completion_s: p50=8.11 p95=9.02 max=9.10 (n=1000)
reload 42 maxgap_ms: p50=2047.12 p95=3237.22 max=4303.97 (n=1000)
reload 42 all_observer_maxgap_ms: p50=2061.13 p95=3237.22 max=4303.97 (n=1000)
reload 42 changed_first_generation_update_ms: p50=5272.65 p95=6001.76 max=7959.19 (n=1000)
reload 42 rss_mib before=563 after=554 comms_sample=[4286055400]
reload 42 sessions_up 1000/1000
reload 42 stable_marker_peers 0/0
reload 42 withdrawals: v4 named 0/0 v6 named 0/0 leaked=0 bystander=0 stable=0 duplicate=0
reloadstall_csv,42,1000,1000,0,400000,8.114945,9.023284,9.103979,2047.119,3237.216,4303.972,2061.129,3237.216,4303.972,5272.647,6001.764,7959.192,563,554,0,1000,0
reload 43 SIGHUP wall_us=1790462576979336 policy=/tmp/rsfs.0mXZEo/gen-b.rpol
reload 43 daemon_applied complete_before=42 complete_after=43
reload 43 completion_s: p50=7.97 p95=8.89 max=8.99 (n=1000)
reload 43 maxgap_ms: p50=1936.22 p95=2928.72 max=4744.01 (n=1000)
reload 43 all_observer_maxgap_ms: p50=1953.80 p95=2928.72 max=4744.01 (n=1000)
reload 43 changed_first_generation_update_ms: p50=5321.24 p95=6411.44 max=8577.92 (n=1000)
reload 43 rss_mib before=548 after=586 comms_sample=[4286056400]
reload 43 sessions_up 1000/1000
reload 43 stable_marker_peers 0/0
reload 43 withdrawals: v4 named 0/0 v6 named 0/0 leaked=0 bystander=0 stable=0 duplicate=0
reloadstall_csv,43,1000,1000,0,400000,7.965918,8.885920,8.992567,1936.218,2928.723,4744.006,1953.797,2928.723,4744.006,5321.240,6411.439,8577.918,548,586,0,1000,0
reload 44 SIGHUP wall_us=1790464387085178 policy=/tmp/rsfs.0mXZEo/gen-a.rpol
reload 44 daemon_applied complete_before=43 complete_after=44
reload 44 completion_s: p50=7.08 p95=8.15 max=8.29 (n=1000)
reload 44 maxgap_ms: p50=1816.85 p95=4695.81 max=4982.31 (n=1000)
reload 44 all_observer_maxgap_ms: p50=1816.96 p95=4695.81 max=4982.31 (n=1000)
reload 44 changed_first_generation_update_ms: p50=4731.82 p95=7916.25 max=8196.66 (n=1000)
reload 44 rss_mib before=521 after=563 comms_sample=[4286055400]
reload 44 sessions_up 1000/1000
reload 44 stable_marker_peers 0/0
reload 44 withdrawals: v4 named 0/0 v6 named 0/0 leaked=0 bystander=0 stable=0 duplicate=0
reloadstall_csv,44,1000,1000,0,400000,7.075028,8.148916,8.289616,1816.847,4695.806,4982.313,1816.961,4695.806,4982.313,4731.825,7916.252,8196.662,521,563,0,1000,0
reload 45 SIGHUP wall_us=1790466196477967 policy=/tmp/rsfs.0mXZEo/gen-b.rpol
reload 45 daemon_applied complete_before=44 complete_after=45
reload 45 completion_s: p50=7.93 p95=8.72 max=8.79 (n=1000)
reload 45 maxgap_ms: p50=2068.68 p95=3172.98 max=4642.61 (n=1000)
reload 45 all_observer_maxgap_ms: p50=2089.45 p95=3172.98 max=4642.61 (n=1000)
reload 45 changed_first_generation_update_ms: p50=5250.87 p95=6158.39 max=8131.65 (n=1000)
reload 45 rss_mib before=527 after=594 comms_sample=[4286056400]
reload 45 sessions_up 1000/1000
reload 45 stable_marker_peers 0/0
reload 45 withdrawals: v4 named 0/0 v6 named 0/0 leaked=0 bystander=0 stable=0 duplicate=0
reloadstall_csv,45,1000,1000,0,400000,7.929118,8.724719,8.792688,2068.679,3172.979,4642.613,2089.455,3172.979,4642.613,5250.871,6158.386,8131.649,527,594,0,1000,0
reload 46 SIGHUP wall_us=1790468006676878 policy=/tmp/rsfs.0mXZEo/gen-a.rpol
reload 46 daemon_applied complete_before=45 complete_after=46
reload 46 completion_s: p50=7.13 p95=8.02 max=8.20 (n=1000)
reload 46 maxgap_ms: p50=1845.24 p95=2807.49 max=3471.86 (n=1000)
reload 46 all_observer_maxgap_ms: p50=1878.08 p95=2807.49 max=3471.86 (n=1000)
reload 46 changed_first_generation_update_ms: p50=4527.58 p95=5606.15 max=6476.73 (n=1000)
reload 46 rss_mib before=525 after=579 comms_sample=[4286055400]
reload 46 sessions_up 1000/1000
reload 46 stable_marker_peers 0/0
reload 46 withdrawals: v4 named 0/0 v6 named 0/0 leaked=0 bystander=0 stable=0 duplicate=0
reloadstall_csv,46,1000,1000,0,400000,7.132745,8.021359,8.197378,1845.237,2807.486,3471.864,1878.083,2807.486,3471.864,4527.576,5606.148,6476.727,525,579,0,1000,0
reload 47 SIGHUP wall_us=1790469816096474 policy=/tmp/rsfs.0mXZEo/gen-b.rpol
reload 47 daemon_applied complete_before=46 complete_after=47
reload 47 completion_s: p50=7.22 p95=8.29 max=8.43 (n=1000)
reload 47 maxgap_ms: p50=2118.14 p95=3506.47 max=5162.17 (n=1000)
reload 47 all_observer_maxgap_ms: p50=2126.07 p95=3506.47 max=5162.17 (n=1000)
reload 47 changed_first_generation_update_ms: p50=4722.89 p95=5989.15 max=8316.45 (n=1000)
reload 47 rss_mib before=522 after=522 comms_sample=[4286056400]
reload 47 sessions_up 1000/1000
reload 47 stable_marker_peers 0/0
reload 47 withdrawals: v4 named 0/0 v6 named 0/0 leaked=0 bystander=0 stable=0 duplicate=0
reloadstall_csv,47,1000,1000,0,400000,7.217046,8.290914,8.427791,2118.139,3506.467,5162.170,2126.067,3506.467,5162.170,4722.892,5989.146,8316.454,522,522,0,1000,0
reload 48 SIGHUP wall_us=1790471625899842 policy=/tmp/rsfs.0mXZEo/gen-a.rpol
reload 48 daemon_applied complete_before=47 complete_after=48
reload 48 completion_s: p50=7.67 p95=8.42 max=8.54 (n=1000)
reload 48 maxgap_ms: p50=1885.48 p95=4032.18 max=5170.52 (n=1000)
reload 48 all_observer_maxgap_ms: p50=1893.11 p95=4032.18 max=5170.52 (n=1000)
reload 48 changed_first_generation_update_ms: p50=4764.30 p95=7276.78 max=8415.17 (n=1000)
reload 48 rss_mib before=560 after=536 comms_sample=[4286055400]
reload 48 sessions_up 1000/1000
reload 48 stable_marker_peers 0/0
reload 48 withdrawals: v4 named 0/0 v6 named 0/0 leaked=0 bystander=0 stable=0 duplicate=0
reloadstall_csv,48,1000,1000,0,400000,7.666352,8.421362,8.535107,1885.477,4032.175,5170.516,1893.114,4032.175,5170.516,4764.304,7276.778,8415.169,560,536,0,1000,0
trip 6 announce_over wall_us=1790473435526923 member=0 prefixes=64
trip 6 torn_down wall_us=1790473435577813 after_s=0.051
trip 6 reconnect transport_retries=0 recovered_peers=0
trip 6 reestablished wall_us=1790473555704993 holddown_s=120.127
trip 6 reannounced wall_us=1790473555705038
trip_csv,6,1000,0.051,0.000,120.127,0.177,517,1000,0
trip 6 complete wall_us=1790473555907158 rss_mib=517
final quiesce 120s
final sessions_up 1000/1000 parse_errors=0
done rss_mib=524
