# reloadstall peers=700 changed_peers=700 stable_peers=0 prefixes=400400 per_peer=572 pid=464890
established 700 at 0.7s
establishment transport_retries=0 recovered_peers=0
first_exact_bitmap,mode=reload,peers=700,total=400400,per_peer=572,expected=399828,completed=700,min_unique=399828,max_unique=399828
converged (>= 399828/observer) at 3.4s rss_mib=417
control_maxgap_ms: p50=34.71 p95=34.98 max=50.64 (n=700)
control_rss_mib 361
reloadstall_csv_header,reload,peers_total,peers_changed,peers_stable,prefixes,completion_p50_s,completion_p95_s,completion_max_s,changed_maxgap_p50_ms,changed_maxgap_p95_ms,changed_maxgap_max_ms,all_observer_maxgap_p50_ms,all_observer_maxgap_p95_ms,all_observer_maxgap_max_ms,changed_first_generation_update_p50_ms,changed_first_generation_update_p95_ms,changed_first_generation_update_max_ms,rss_before_mib,rss_after_mib,stable_marker_peers,sessions_up,parse_errors
reload 1 SIGHUP wall_us=1790575862450103 policy=/tmp/ixp-rustbgpd/gen-b.rpol
reload 1 daemon_applied complete_before=0 complete_after=1
reload 1 completion_s: p50=1.44 p95=1.83 max=1.85 (n=700)
reload 1 maxgap_ms: p50=445.58 p95=712.25 max=785.44 (n=700)
reload 1 all_observer_maxgap_ms: p50=452.00 p95=712.25 max=785.44 (n=700)
reload 1 changed_first_generation_update_ms: p50=835.00 p95=1005.22 max=1066.98 (n=700)
reload 1 rss_mib before=385 after=443 comms_sample=[4286056400]
reload 1 sessions_up 700/700
reload 1 stable_marker_peers 0/0
reload 1 withdrawals: v4 named 0/0 v6 named 0/0 leaked=0 bystander=0 stable=0 duplicate=0
reloadstall_csv,1,700,700,0,400400,1.444743,1.826833,1.847784,445.576,712.249,785.437,451.998,712.249,785.437,834.997,1005.215,1066.985,385,443,0,700,0
reload 2 SIGHUP wall_us=1790575884370362 policy=/tmp/ixp-rustbgpd/gen-a.rpol
reload 2 daemon_applied complete_before=1 complete_after=2
reload 2 completion_s: p50=1.40 p95=1.77 max=1.80 (n=700)
reload 2 maxgap_ms: p50=528.50 p95=1228.66 max=1289.96 (n=700)
reload 2 all_observer_maxgap_ms: p50=528.50 p95=1228.66 max=1289.96 (n=700)
reload 2 changed_first_generation_update_ms: p50=886.17 p95=1725.37 max=1786.12 (n=700)
reload 2 rss_mib before=398 after=470 comms_sample=[4286055400]
reload 2 sessions_up 700/700
reload 2 stable_marker_peers 0/0
reload 2 withdrawals: v4 named 0/0 v6 named 0/0 leaked=0 bystander=0 stable=0 duplicate=0
reloadstall_csv,2,700,700,0,400400,1.395929,1.769794,1.803651,528.496,1228.661,1289.965,528.496,1228.661,1289.965,886.174,1725.367,1786.125,398,470,0,700,0
reload 3 SIGHUP wall_us=1790575906321583 policy=/tmp/ixp-rustbgpd/gen-b.rpol
reload 3 daemon_applied complete_before=2 complete_after=3
reload 3 completion_s: p50=1.35 p95=1.75 max=1.79 (n=700)
reload 3 maxgap_ms: p50=672.27 p95=1041.33 max=1197.55 (n=700)
reload 3 all_observer_maxgap_ms: p50=672.27 p95=1041.33 max=1197.55 (n=700)
reload 3 changed_first_generation_update_ms: p50=827.45 p95=1500.54 max=1652.98 (n=700)
reload 3 rss_mib before=399 after=452 comms_sample=[4286056400]
reload 3 sessions_up 700/700
reload 3 stable_marker_peers 0/0
reload 3 withdrawals: v4 named 0/0 v6 named 0/0 leaked=0 bystander=0 stable=0 duplicate=0
reloadstall_csv,3,700,700,0,400400,1.347914,1.754759,1.793621,672.273,1041.327,1197.551,672.273,1041.327,1197.551,827.445,1500.540,1652.976,399,452,0,700,0
reload 4 SIGHUP wall_us=1790575928210207 policy=/tmp/ixp-rustbgpd/gen-a.rpol
reload 4 daemon_applied complete_before=3 complete_after=4
reload 4 completion_s: p50=1.43 p95=1.84 max=1.87 (n=700)
reload 4 maxgap_ms: p50=654.11 p95=1299.89 max=1363.78 (n=700)
reload 4 all_observer_maxgap_ms: p50=655.20 p95=1299.89 max=1363.78 (n=700)
reload 4 changed_first_generation_update_ms: p50=873.32 p95=1785.76 max=1849.05 (n=700)
reload 4 rss_mib before=400 after=464 comms_sample=[4286055400]
reload 4 sessions_up 700/700
reload 4 stable_marker_peers 0/0
reload 4 withdrawals: v4 named 0/0 v6 named 0/0 leaked=0 bystander=0 stable=0 duplicate=0
reloadstall_csv,4,700,700,0,400400,1.433469,1.836743,1.869755,654.107,1299.888,1363.782,655.198,1299.888,1363.782,873.324,1785.757,1849.045,400,464,0,700,0
done rss_mib=378
