# reloadstall peers=320 changed_peers=320 stable_peers=0 prefixes=183040 per_peer=572 pid=0
established 320 at 9.1s
establishment transport_retries=0 recovered_peers=0
first_exact_bitmap,mode=reload,peers=320,total=183040,per_peer=572,expected=182468,completed=320,min_unique=182388,max_unique=182432
converged (>= 182468/observer) at 20.6s rss_mib=0
control_maxgap_ms: p50=32.77 p95=34.18 max=48.98 (n=320)
control_rss_mib 0
reloadstall_csv_header,reload,peers_total,peers_changed,peers_stable,prefixes,completion_p50_s,completion_p95_s,completion_max_s,changed_maxgap_p50_ms,changed_maxgap_p95_ms,changed_maxgap_max_ms,all_observer_maxgap_p50_ms,all_observer_maxgap_p95_ms,all_observer_maxgap_max_ms,changed_first_generation_update_p50_ms,changed_first_generation_update_p95_ms,changed_first_generation_update_max_ms,rss_before_mib,rss_after_mib,stable_marker_peers,sessions_up,parse_errors
reload 1 reload_cmd wall_us=1791103373471492 policy=/tmp/irr-bird/gen-b.conf
BIRD 3.3.2 ready.
Reading configuration from /etc/bird/bird.conf
Reconfigured
reload 1 progress: complete=0/320
reload 1 completion_s: p50=14.02 p95=15.19 max=15.29 (n=320)
reload 1 maxgap_ms: p50=834.20 p95=1518.98 max=2288.01 (n=320)
reload 1 all_observer_maxgap_ms: p50=834.20 p95=1518.98 max=2288.01 (n=320)
reload 1 changed_first_generation_update_ms: p50=1729.22 p95=2176.21 max=3547.95 (n=320)
reload 1 rss_mib before=0 after=0 comms_sample=[4286056400]
reload 1 sessions_up 320/320
reload 1 stable_marker_peers 0/0
reload 1 withdrawals: v4 named 0/0 v6 named 0/0 leaked=0 bystander=0 stable=0 duplicate=0
reloadstall_csv,1,320,320,0,183040,14.021765,15.194956,15.285494,834.195,1518.981,2288.012,834.195,1518.981,2288.012,1729.216,2176.208,3547.947,0,0,0,320,0
reload 2 reload_cmd wall_us=1791103408862853 policy=/tmp/irr-bird/gen-a.conf
BIRD 3.3.2 ready.
Reading configuration from /etc/bird/bird.conf
Reconfigured
reload 2 progress: complete=46/320
reload 2 completion_s: p50=13.28 p95=15.93 max=16.08 (n=320)
reload 2 maxgap_ms: p50=904.11 p95=1787.81 max=2408.59 (n=320)
reload 2 all_observer_maxgap_ms: p50=1170.31 p95=1787.81 max=2408.59 (n=320)
reload 2 changed_first_generation_update_ms: p50=1494.52 p95=2008.99 max=2627.32 (n=320)
reload 2 rss_mib before=0 after=0 comms_sample=[4286055400]
reload 2 sessions_up 320/320
reload 2 stable_marker_peers 0/0
reload 2 withdrawals: v4 named 0/0 v6 named 0/0 leaked=0 bystander=0 stable=0 duplicate=0
reloadstall_csv,2,320,320,0,183040,13.281604,15.933824,16.075286,904.111,1787.813,2408.585,1170.309,1787.813,2408.585,1494.515,2008.992,2627.325,0,0,0,320,0
reload 3 reload_cmd wall_us=1791103445073017 policy=/tmp/irr-bird/gen-b.conf
BIRD 3.3.2 ready.
Reading configuration from /etc/bird/bird.conf
Reconfigured
reload 3 progress: complete=30/320
reload 3 completion_s: p50=14.22 p95=15.02 max=15.12 (n=320)
reload 3 maxgap_ms: p50=876.81 p95=1673.37 max=2392.94 (n=320)
reload 3 all_observer_maxgap_ms: p50=914.58 p95=1673.37 max=2392.94 (n=320)
reload 3 changed_first_generation_update_ms: p50=1579.90 p95=1997.96 max=2829.21 (n=320)
reload 3 rss_mib before=0 after=0 comms_sample=[4286056400]
reload 3 sessions_up 320/320
reload 3 stable_marker_peers 0/0
reload 3 withdrawals: v4 named 0/0 v6 named 0/0 leaked=0 bystander=0 stable=0 duplicate=0
reloadstall_csv,3,320,320,0,183040,14.219019,15.022369,15.119829,876.807,1673.369,2392.937,914.583,1673.369,2392.937,1579.898,1997.962,2829.211,0,0,0,320,0
reload 4 reload_cmd wall_us=1791103480305360 policy=/tmp/irr-bird/gen-a.conf
BIRD 3.3.2 ready.
Reading configuration from /etc/bird/bird.conf
Reconfigured
reload 4 progress: complete=7/320
reload 4 completion_s: p50=13.70 p95=14.76 max=14.87 (n=320)
reload 4 maxgap_ms: p50=869.46 p95=2557.52 max=4029.94 (n=320)
reload 4 all_observer_maxgap_ms: p50=986.98 p95=2557.52 max=4029.94 (n=320)
reload 4 changed_first_generation_update_ms: p50=1590.10 p95=2009.10 max=2957.39 (n=320)
reload 4 rss_mib before=0 after=0 comms_sample=[4286055400]
reload 4 sessions_up 320/320
reload 4 stable_marker_peers 0/0
reload 4 withdrawals: v4 named 0/0 v6 named 0/0 leaked=0 bystander=0 stable=0 duplicate=0
reloadstall_csv,4,320,320,0,183040,13.698364,14.758517,14.871122,869.460,2557.520,4029.938,986.982,2557.520,4029.938,1590.097,2009.098,2957.394,0,0,0,320,0
final sessions_up 320/320 parse_errors=0
done rss_mib=0
route_refresh_accounting,peer=4,family=ipv4,received=4,suppressed=0,completed=4,sent_nlri=2488
route_refresh_accounting,peer=8,family=ipv4,received=4,suppressed=0,completed=4,sent_nlri=2532
route_refresh_accounting,peer=25,family=ipv4,received=4,suppressed=0,completed=4,sent_nlri=2476
route_refresh_accounting,peer=27,family=ipv4,received=4,suppressed=0,completed=4,sent_nlri=2552
route_refresh_accounting,peer=49,family=ipv4,received=4,suppressed=0,completed=4,sent_nlri=2484
route_refresh_accounting,peer=53,family=ipv4,received=4,suppressed=0,completed=4,sent_nlri=2596
route_refresh_accounting,peer=62,family=ipv4,received=4,suppressed=0,completed=4,sent_nlri=2580
route_refresh_accounting,peer=64,family=ipv4,received=4,suppressed=0,completed=4,sent_nlri=2476
route_refresh_accounting,peer=66,family=ipv4,received=4,suppressed=0,completed=4,sent_nlri=2500
route_refresh_accounting,peer=70,family=ipv4,received=4,suppressed=0,completed=4,sent_nlri=2520
route_refresh_accounting,peer=84,family=ipv4,received=4,suppressed=0,completed=4,sent_nlri=2452
route_refresh_accounting,peer=96,family=ipv4,received=4,suppressed=0,completed=4,sent_nlri=2572
route_refresh_accounting,peer=102,family=ipv4,received=4,suppressed=0,completed=4,sent_nlri=2524
route_refresh_accounting,peer=117,family=ipv4,received=4,suppressed=0,completed=4,sent_nlri=2512
route_refresh_accounting,peer=122,family=ipv4,received=4,suppressed=0,completed=4,sent_nlri=2472
route_refresh_accounting,peer=128,family=ipv4,received=4,suppressed=0,completed=4,sent_nlri=2528
route_refresh_accounting,peer=133,family=ipv4,received=4,suppressed=0,completed=4,sent_nlri=2536
route_refresh_accounting,peer=137,family=ipv4,received=4,suppressed=0,completed=4,sent_nlri=2556
route_refresh_accounting,peer=149,family=ipv4,received=4,suppressed=0,completed=4,sent_nlri=2548
route_refresh_accounting,peer=153,family=ipv4,received=4,suppressed=0,completed=4,sent_nlri=2512
route_refresh_accounting,peer=164,family=ipv4,received=4,suppressed=0,completed=4,sent_nlri=2548
route_refresh_accounting,peer=165,family=ipv4,received=4,suppressed=0,completed=4,sent_nlri=2484
route_refresh_accounting,peer=166,family=ipv4,received=4,suppressed=0,completed=4,sent_nlri=2492
route_refresh_accounting,peer=169,family=ipv4,received=4,suppressed=0,completed=4,sent_nlri=2556
route_refresh_accounting,peer=177,family=ipv4,received=4,suppressed=0,completed=4,sent_nlri=2568
route_refresh_accounting,peer=209,family=ipv4,received=4,suppressed=0,completed=4,sent_nlri=2504
route_refresh_accounting,peer=219,family=ipv4,received=4,suppressed=0,completed=4,sent_nlri=2532
route_refresh_accounting,peer=223,family=ipv4,received=4,suppressed=0,completed=4,sent_nlri=2512
route_refresh_accounting,peer=227,family=ipv4,received=4,suppressed=0,completed=4,sent_nlri=2504
route_refresh_accounting,peer=249,family=ipv4,received=4,suppressed=0,completed=4,sent_nlri=2548
route_refresh_accounting,peer=251,family=ipv4,received=4,suppressed=0,completed=4,sent_nlri=2540
route_refresh_accounting,peer=254,family=ipv4,received=4,suppressed=0,completed=4,sent_nlri=2508
route_refresh_accounting,peer=266,family=ipv4,received=4,suppressed=0,completed=4,sent_nlri=2492
route_refresh_accounting,peer=310,family=ipv4,received=4,suppressed=0,completed=4,sent_nlri=2472
route_refresh_accounting,peer=311,family=ipv4,received=4,suppressed=0,completed=4,sent_nlri=2496
route_refresh_accounting,peer=317,family=ipv4,received=4,suppressed=0,completed=4,sent_nlri=2480
