# reloadstall peers=700 changed_peers=700 stable_peers=0 prefixes=400400 per_peer=572 pid=0
established 700 at 159.9s
establishment transport_retries=0 recovered_peers=0
first_exact_bitmap,mode=reload,peers=700,total=400400,per_peer=572,expected=399828,completed=700,min_unique=399828,max_unique=399828
converged (>= 399828/observer) at 406.3s rss_mib=0
control_maxgap_ms: p50=17.77 p95=24.82 max=43.30 (n=700)
control_rss_mib 0
reloadstall_csv_header,reload,peers_total,peers_changed,peers_stable,prefixes,completion_p50_s,completion_p95_s,completion_max_s,changed_maxgap_p50_ms,changed_maxgap_p95_ms,changed_maxgap_max_ms,all_observer_maxgap_p50_ms,all_observer_maxgap_p95_ms,all_observer_maxgap_max_ms,changed_first_generation_update_p50_ms,changed_first_generation_update_p95_ms,changed_first_generation_update_max_ms,rss_before_mib,rss_after_mib,stable_marker_peers,sessions_up,parse_errors
reload 1 reload_cmd wall_us=1791080422593682 policy=/tmp/ixp-openbgpd/gen-b.conf
reload request sent.
request processed
reload 1 progress: complete=0/700
reload 1 progress: complete=0/700
reload 1 progress: complete=0/700
reload 1 progress: complete=0/700
reload 1 progress: complete=0/700
reload 1 progress: complete=0/700
reload 1 progress: complete=0/700
reload 1 progress: complete=0/700
reload 1 progress: complete=0/700
reload 1 progress: complete=0/700
reload 1 progress: complete=0/700
reload 1 progress: complete=0/700
reload 1 progress: complete=0/700
reload 1 progress: complete=0/700
reload 1 progress: complete=0/700
reload 1 progress: complete=0/700
reload 1 progress: complete=0/700
reload 1 progress: complete=0/700
reload 1 progress: complete=0/700
reload 1 progress: complete=0/700
reload 1 completion_s: p50=205.33 p95=205.33 max=205.35 (n=700)
reload 1 maxgap_ms: p50=202.11 p95=202.45 max=236.51 (n=700)
reload 1 all_observer_maxgap_ms: p50=202.11 p95=202.45 max=236.51 (n=700)
reload 1 changed_first_generation_update_ms: p50=959.12 p95=961.79 max=1408.73 (n=700)
reload 1 rss_mib before=0 after=0 comms_sample=[4286056400]
reload 1 sessions_up 700/700
reload 1 stable_marker_peers 0/0
reload 1 withdrawals: v4 named 0/0 v6 named 0/0 leaked=0 bystander=0 stable=0 duplicate=0
reloadstall_csv,1,700,700,0,400400,205.328672,205.331227,205.353706,202.107,202.453,236.512,202.107,202.453,236.512,959.122,961.787,1408.733,0,0,0,700,0
reload 2 reload_cmd wall_us=1791080648057635 policy=/tmp/ixp-openbgpd/gen-a.conf
reload request sent.
request processed
reload 2 progress: complete=0/700
reload 2 progress: complete=0/700
reload 2 progress: complete=0/700
reload 2 progress: complete=0/700
reload 2 progress: complete=0/700
reload 2 progress: complete=0/700
reload 2 progress: complete=0/700
reload 2 progress: complete=0/700
reload 2 progress: complete=0/700
reload 2 progress: complete=0/700
reload 2 progress: complete=0/700
reload 2 progress: complete=0/700
reload 2 progress: complete=0/700
reload 2 progress: complete=0/700
reload 2 progress: complete=0/700
reload 2 progress: complete=0/700
reload 2 progress: complete=0/700
reload 2 progress: complete=0/700
reload 2 progress: complete=0/700
reload 2 progress: complete=0/700
reload 2 completion_s: p50=204.92 p95=204.92 max=204.93 (n=700)
reload 2 maxgap_ms: p50=197.77 p95=200.81 max=201.86 (n=700)
reload 2 all_observer_maxgap_ms: p50=197.77 p95=200.81 max=201.86 (n=700)
reload 2 changed_first_generation_update_ms: p50=864.01 p95=866.08 max=1602.63 (n=700)
reload 2 rss_mib before=0 after=0 comms_sample=[4286055400]
reload 2 sessions_up 700/700
reload 2 stable_marker_peers 0/0
reload 2 withdrawals: v4 named 0/0 v6 named 0/0 leaked=0 bystander=0 stable=0 duplicate=0
reloadstall_csv,2,700,700,0,400400,204.919586,204.922975,204.927067,197.771,200.808,201.864,197.771,200.808,201.864,864.012,866.082,1602.632,0,0,0,700,0
reload 3 reload_cmd wall_us=1791080873066143 policy=/tmp/ixp-openbgpd/gen-b.conf
reload request sent.
request processed
reload 3 progress: complete=0/700
reload 3 progress: complete=0/700
reload 3 progress: complete=0/700
reload 3 progress: complete=0/700
reload 3 progress: complete=0/700
reload 3 progress: complete=0/700
reload 3 progress: complete=0/700
reload 3 progress: complete=0/700
reload 3 progress: complete=0/700
reload 3 progress: complete=0/700
reload 3 progress: complete=0/700
reload 3 progress: complete=0/700
reload 3 progress: complete=0/700
reload 3 progress: complete=0/700
reload 3 progress: complete=0/700
reload 3 progress: complete=0/700
reload 3 progress: complete=0/700
reload 3 progress: complete=0/700
reload 3 progress: complete=0/700
reload 3 progress: complete=0/700
reload 3 completion_s: p50=206.17 p95=206.17 max=206.18 (n=700)
reload 3 maxgap_ms: p50=200.35 p95=205.23 max=208.40 (n=700)
reload 3 all_observer_maxgap_ms: p50=200.35 p95=205.23 max=208.40 (n=700)
reload 3 changed_first_generation_update_ms: p50=825.50 p95=827.44 max=1310.95 (n=700)
reload 3 rss_mib before=0 after=0 comms_sample=[4286056400]
reload 3 sessions_up 700/700
reload 3 stable_marker_peers 0/0
reload 3 withdrawals: v4 named 0/0 v6 named 0/0 leaked=0 bystander=0 stable=0 duplicate=0
reloadstall_csv,3,700,700,0,400400,206.167975,206.173914,206.176357,200.350,205.227,208.401,200.350,205.227,208.401,825.503,827.444,1310.951,0,0,0,700,0
reload 4 reload_cmd wall_us=1791081099268932 policy=/tmp/ixp-openbgpd/gen-a.conf
reload request sent.
request processed
reload 4 progress: complete=0/700
reload 4 progress: complete=0/700
reload 4 progress: complete=0/700
reload 4 progress: complete=0/700
reload 4 progress: complete=0/700
reload 4 progress: complete=0/700
reload 4 progress: complete=0/700
reload 4 progress: complete=0/700
reload 4 progress: complete=0/700
reload 4 progress: complete=0/700
reload 4 progress: complete=0/700
reload 4 progress: complete=0/700
reload 4 progress: complete=0/700
reload 4 progress: complete=0/700
reload 4 progress: complete=0/700
reload 4 progress: complete=0/700
reload 4 progress: complete=0/700
reload 4 progress: complete=0/700
reload 4 progress: complete=0/700
reload 4 progress: complete=0/700
reload 4 completion_s: p50=207.38 p95=207.40 max=207.40 (n=700)
reload 4 maxgap_ms: p50=202.30 p95=208.70 max=212.96 (n=700)
reload 4 all_observer_maxgap_ms: p50=202.30 p95=208.70 max=212.96 (n=700)
reload 4 changed_first_generation_update_ms: p50=806.04 p95=808.09 max=1451.38 (n=700)
reload 4 rss_mib before=0 after=0 comms_sample=[4286055400]
reload 4 sessions_up 700/700
reload 4 stable_marker_peers 0/0
reload 4 withdrawals: v4 named 0/0 v6 named 0/0 leaked=0 bystander=0 stable=0 duplicate=0
reloadstall_csv,4,700,700,0,400400,207.382591,207.397077,207.397407,202.301,208.696,212.955,202.301,208.696,212.955,806.037,808.089,1451.383,0,0,0,700,0
done rss_mib=0
