# reloadstall peers=320 changed_peers=320 stable_peers=0 prefixes=183040 per_peer=572 pid=914066
established 320 at 0.3s
establishment transport_retries=0 recovered_peers=0
first_exact_bitmap,mode=reload,peers=320,total=183040,per_peer=572,expected=182468,completed=320,min_unique=182388,max_unique=182432
converged (>= 182468/observer) at 4.8s rss_mib=522
control_maxgap_ms: p50=19.97 p95=20.18 max=41.98 (n=320)
control_rss_mib 492
reloadstall_csv_header,reload,peers_total,peers_changed,peers_stable,prefixes,completion_p50_s,completion_p95_s,completion_max_s,changed_maxgap_p50_ms,changed_maxgap_p95_ms,changed_maxgap_max_ms,all_observer_maxgap_p50_ms,all_observer_maxgap_p95_ms,all_observer_maxgap_max_ms,changed_first_generation_update_p50_ms,changed_first_generation_update_p95_ms,changed_first_generation_update_max_ms,rss_before_mib,rss_after_mib,stable_marker_peers,sessions_up,parse_errors
dataset-stage generation=b changed=36 total=640
reload 1 SIGHUP wall_us=1791101069482489 policy=/tmp/irr-rustbgpd-sighup/gen-b.rpol
reload 1 receiver_barriers_complete awaiting_daemon_settlement
reload 1 daemon_applied complete_before=0 complete_after=1
reload 1 completion_s: p50=0.68 p95=0.69 max=0.70 (n=320)
reload 1 maxgap_ms: p50=454.50 p95=476.59 max=498.26 (n=320)
reload 1 all_observer_maxgap_ms: p50=454.50 p95=476.59 max=498.26 (n=320)
reload 1 changed_first_generation_update_ms: p50=616.19 p95=638.82 max=646.72 (n=320)
reload 1 rss_mib before=504 after=610 comms_sample=[4286056400]
reload 1 sessions_up 320/320
reload 1 stable_marker_peers 0/0
reload 1 withdrawals: v4 named 0/0 v6 named 0/0 leaked=0 bystander=0 stable=0 duplicate=0
reloadstall_csv,1,320,320,0,183040,0.677606,0.694957,0.697005,454.502,476.592,498.264,454.502,476.592,498.264,616.190,638.818,646.720,504,610,0,320,0
dataset-stage generation=a changed=36 total=640
reload 2 SIGHUP wall_us=1791101091746329 policy=/tmp/irr-rustbgpd-sighup/gen-a.rpol
reload 2 receiver_barriers_complete awaiting_daemon_settlement
reload 2 daemon_applied complete_before=1 complete_after=2
reload 2 completion_s: p50=0.65 p95=0.66 max=0.67 (n=320)
reload 2 maxgap_ms: p50=436.44 p95=439.01 max=450.53 (n=320)
reload 2 all_observer_maxgap_ms: p50=436.44 p95=439.01 max=450.53 (n=320)
reload 2 changed_first_generation_update_ms: p50=593.31 p95=595.22 max=601.06 (n=320)
reload 2 rss_mib before=559 after=651 comms_sample=[4286055400]
reload 2 sessions_up 320/320
reload 2 stable_marker_peers 0/0
reload 2 withdrawals: v4 named 0/0 v6 named 0/0 leaked=0 bystander=0 stable=0 duplicate=0
reloadstall_csv,2,320,320,0,183040,0.646853,0.655698,0.666756,436.438,439.007,450.528,436.438,439.007,450.528,593.309,595.224,601.057,559,651,0,320,0
dataset-stage generation=b changed=36 total=640
reload 3 SIGHUP wall_us=1791101114008572 policy=/tmp/irr-rustbgpd-sighup/gen-b.rpol
reload 3 receiver_barriers_complete awaiting_daemon_settlement
reload 3 daemon_applied complete_before=2 complete_after=3
reload 3 completion_s: p50=0.64 p95=0.65 max=0.67 (n=320)
reload 3 maxgap_ms: p50=441.71 p95=444.97 max=448.23 (n=320)
reload 3 all_observer_maxgap_ms: p50=441.71 p95=444.97 max=448.23 (n=320)
reload 3 changed_first_generation_update_ms: p50=592.15 p95=595.32 max=598.01 (n=320)
reload 3 rss_mib before=560 after=645 comms_sample=[4286056400]
reload 3 sessions_up 320/320
reload 3 stable_marker_peers 0/0
reload 3 withdrawals: v4 named 0/0 v6 named 0/0 leaked=0 bystander=0 stable=0 duplicate=0
reloadstall_csv,3,320,320,0,183040,0.642631,0.652019,0.667492,441.715,444.966,448.228,441.715,444.966,448.228,592.151,595.321,598.012,560,645,0,320,0
dataset-stage generation=a changed=36 total=640
reload 4 SIGHUP wall_us=1791101136262762 policy=/tmp/irr-rustbgpd-sighup/gen-a.rpol
reload 4 receiver_barriers_complete awaiting_daemon_settlement
reload 4 daemon_applied complete_before=3 complete_after=4
reload 4 completion_s: p50=0.66 p95=0.68 max=0.68 (n=320)
reload 4 maxgap_ms: p50=453.20 p95=474.43 max=492.97 (n=320)
reload 4 all_observer_maxgap_ms: p50=453.20 p95=474.43 max=492.97 (n=320)
reload 4 changed_first_generation_update_ms: p50=606.13 p95=627.32 max=646.15 (n=320)
reload 4 rss_mib before=562 after=655 comms_sample=[4286055400]
reload 4 sessions_up 320/320
reload 4 stable_marker_peers 0/0
reload 4 withdrawals: v4 named 0/0 v6 named 0/0 leaked=0 bystander=0 stable=0 duplicate=0
reloadstall_csv,4,320,320,0,183040,0.663323,0.675837,0.680201,453.198,474.427,492.970,453.198,474.427,492.970,606.133,627.318,646.148,562,655,0,320,0
final sessions_up 320/320 parse_errors=0
done rss_mib=552
route_refresh_accounting,peer=4,family=ipv4,received=4,suppressed=0,completed=4,sent_nlri=2488
route_refresh_accounting,peer=8,family=ipv4,received=4,suppressed=0,completed=4,sent_nlri=2532
route_refresh_accounting,peer=25,family=ipv4,received=4,suppressed=0,completed=4,sent_nlri=2476
route_refresh_accounting,peer=27,family=ipv4,received=4,suppressed=0,completed=4,sent_nlri=2552
route_refresh_accounting,peer=49,family=ipv4,received=4,suppressed=0,completed=4,sent_nlri=2484
route_refresh_accounting,peer=53,family=ipv4,received=4,suppressed=0,completed=4,sent_nlri=2596
route_refresh_accounting,peer=62,family=ipv4,received=4,suppressed=0,completed=4,sent_nlri=2580
route_refresh_accounting,peer=64,family=ipv4,received=4,suppressed=0,completed=4,sent_nlri=2476
route_refresh_accounting,peer=66,family=ipv4,received=4,suppressed=0,completed=4,sent_nlri=2500
route_refresh_accounting,peer=70,family=ipv4,received=4,suppressed=0,completed=4,sent_nlri=2520
route_refresh_accounting,peer=84,family=ipv4,received=4,suppressed=0,completed=4,sent_nlri=2452
route_refresh_accounting,peer=96,family=ipv4,received=4,suppressed=0,completed=4,sent_nlri=2572
route_refresh_accounting,peer=102,family=ipv4,received=4,suppressed=0,completed=4,sent_nlri=2524
route_refresh_accounting,peer=117,family=ipv4,received=4,suppressed=0,completed=4,sent_nlri=2512
route_refresh_accounting,peer=122,family=ipv4,received=4,suppressed=0,completed=4,sent_nlri=2472
route_refresh_accounting,peer=128,family=ipv4,received=4,suppressed=0,completed=4,sent_nlri=2528
route_refresh_accounting,peer=133,family=ipv4,received=4,suppressed=0,completed=4,sent_nlri=2536
route_refresh_accounting,peer=137,family=ipv4,received=4,suppressed=0,completed=4,sent_nlri=2556
route_refresh_accounting,peer=149,family=ipv4,received=4,suppressed=0,completed=4,sent_nlri=2548
route_refresh_accounting,peer=153,family=ipv4,received=4,suppressed=0,completed=4,sent_nlri=2512
route_refresh_accounting,peer=164,family=ipv4,received=4,suppressed=0,completed=4,sent_nlri=2548
route_refresh_accounting,peer=165,family=ipv4,received=4,suppressed=0,completed=4,sent_nlri=2484
route_refresh_accounting,peer=166,family=ipv4,received=4,suppressed=0,completed=4,sent_nlri=2492
route_refresh_accounting,peer=169,family=ipv4,received=4,suppressed=0,completed=4,sent_nlri=2556
route_refresh_accounting,peer=177,family=ipv4,received=4,suppressed=0,completed=4,sent_nlri=2568
route_refresh_accounting,peer=209,family=ipv4,received=4,suppressed=0,completed=4,sent_nlri=2504
route_refresh_accounting,peer=219,family=ipv4,received=4,suppressed=0,completed=4,sent_nlri=2532
route_refresh_accounting,peer=223,family=ipv4,received=4,suppressed=0,completed=4,sent_nlri=2512
route_refresh_accounting,peer=227,family=ipv4,received=4,suppressed=0,completed=4,sent_nlri=2504
route_refresh_accounting,peer=249,family=ipv4,received=4,suppressed=0,completed=4,sent_nlri=2548
route_refresh_accounting,peer=251,family=ipv4,received=4,suppressed=0,completed=4,sent_nlri=2540
route_refresh_accounting,peer=254,family=ipv4,received=4,suppressed=0,completed=4,sent_nlri=2508
route_refresh_accounting,peer=266,family=ipv4,received=4,suppressed=0,completed=4,sent_nlri=2492
route_refresh_accounting,peer=310,family=ipv4,received=4,suppressed=0,completed=4,sent_nlri=2472
route_refresh_accounting,peer=311,family=ipv4,received=4,suppressed=0,completed=4,sent_nlri=2496
route_refresh_accounting,peer=317,family=ipv4,received=4,suppressed=0,completed=4,sent_nlri=2480
