acquired host lock: <SOAK_HOME>/.local/state/rustbgpd-host.lock
[1;34m[21:40:45 TEST][0m M33 soak run 20260701T014045Z
[1;34m[21:40:45 TEST][0m   duration:   24.00h (86400s)
[1;34m[21:40:45 TEST][0m   warmup:     600s
[1;34m[21:40:45 TEST][0m   sample:     every 60s
[1;34m[21:40:45 TEST][0m   health:     every 300s
[1;34m[21:40:45 TEST][0m   churn rate: 1000 rps
[1;34m[21:40:45 TEST][0m   output:     <SOAK_HOME>/projects/rustbgpd/tests/soak/runs/20260701T014045Z
[1;34m[21:40:45 TEST][0m gRPC endpoint: 172.20.20.4:50051
[1;34m[21:40:45 TEST][0m Starting rustbgpd daemon...
[1;34m[21:40:45 TEST][0m rustbgpd is running (after 1s)
[1;34m[21:40:45 TEST][0m Waiting for gRPC to become available...
[1;32m  [21:40:45] PASS[0m gRPC endpoint ready (attempt 1)
[1;34m[21:40:45 TEST][0m Prometheus endpoint: http://172.20.20.4:9179/metrics
[1;34m[21:40:45 TEST][0m [stage 1] launching monitor (expect=50000, timeout-sec=86460, observe-sec=86460)
[1;34m[21:40:47 TEST][0m [stage 2] launching tester-a (25000 routes @ 5000/s, churn 1000/s for 86400s)
[1;34m[21:40:47 TEST][0m [stage 2] launching tester-b (25000 routes @ 5000/s, churn 1000/s for 86400s)
[1;34m[21:40:47 TEST][0m [stage 3] waiting for RR Loc-RIB EVPN count to reach 50000 (timeout 120s)
[1;34m[21:40:59 TEST][0m initial convergence reached at 12s — Loc-RIB EVPN count=50000
[1;34m[21:40:59 TEST][0m [stage 4] starting sampler — 60s cadence
[1;34m[21:40:59 TEST][0m [stage 5] soak running for 24.00h (86400s); health-checking every 300s
[1;34m[21:45:59 TEST][0m health OK at +0.08h (23.92h remaining)
[1;34m[21:51:00 TEST][0m health OK at +0.17h (23.83h remaining)
[1;34m[21:56:00 TEST][0m health OK at +0.25h (23.75h remaining)
[1;34m[22:01:00 TEST][0m health OK at +0.33h (23.67h remaining)
[1;34m[22:06:00 TEST][0m health OK at +0.42h (23.58h remaining)
[1;34m[22:11:00 TEST][0m health OK at +0.50h (23.50h remaining)
[1;34m[22:16:00 TEST][0m health OK at +0.58h (23.42h remaining)
[1;34m[22:21:00 TEST][0m health OK at +0.67h (23.33h remaining)
[1;34m[22:26:00 TEST][0m health OK at +0.75h (23.25h remaining)
[1;34m[22:31:00 TEST][0m health OK at +0.83h (23.17h remaining)
[1;34m[22:36:01 TEST][0m health OK at +0.92h (23.08h remaining)
[1;34m[22:41:01 TEST][0m health OK at +1.00h (23.00h remaining)
[1;34m[22:46:01 TEST][0m health OK at +1.08h (22.92h remaining)
[1;34m[22:51:01 TEST][0m health OK at +1.17h (22.83h remaining)
[1;34m[22:56:01 TEST][0m health OK at +1.25h (22.75h remaining)
[1;34m[23:01:01 TEST][0m health OK at +1.33h (22.67h remaining)
[1;34m[23:06:01 TEST][0m health OK at +1.42h (22.58h remaining)
[1;34m[23:11:01 TEST][0m health OK at +1.50h (22.50h remaining)
[1;34m[23:16:01 TEST][0m health OK at +1.58h (22.42h remaining)
[1;34m[23:21:02 TEST][0m health OK at +1.67h (22.33h remaining)
[1;34m[23:26:02 TEST][0m health OK at +1.75h (22.25h remaining)
[1;34m[23:31:02 TEST][0m health OK at +1.83h (22.17h remaining)
[1;34m[23:36:02 TEST][0m health OK at +1.92h (22.08h remaining)
[1;34m[23:41:02 TEST][0m health OK at +2.00h (22.00h remaining)
[1;34m[23:46:02 TEST][0m health OK at +2.08h (21.92h remaining)
[1;34m[23:51:02 TEST][0m health OK at +2.17h (21.83h remaining)
[1;34m[23:56:02 TEST][0m health OK at +2.25h (21.75h remaining)
[1;34m[00:01:03 TEST][0m health OK at +2.33h (21.67h remaining)
[1;34m[00:06:03 TEST][0m health OK at +2.42h (21.58h remaining)
[1;34m[00:11:03 TEST][0m health OK at +2.50h (21.50h remaining)
[1;34m[00:16:03 TEST][0m health OK at +2.58h (21.42h remaining)
[1;34m[00:21:03 TEST][0m health OK at +2.67h (21.33h remaining)
[1;34m[00:26:03 TEST][0m health OK at +2.75h (21.25h remaining)
[1;34m[00:31:03 TEST][0m health OK at +2.83h (21.17h remaining)
[1;34m[00:36:03 TEST][0m health OK at +2.92h (21.08h remaining)
[1;34m[00:41:03 TEST][0m health OK at +3.00h (21.00h remaining)
[1;34m[00:46:04 TEST][0m health OK at +3.08h (20.92h remaining)
[1;34m[00:51:04 TEST][0m health OK at +3.17h (20.83h remaining)
[1;34m[00:56:04 TEST][0m health OK at +3.25h (20.75h remaining)
[1;34m[01:01:04 TEST][0m health OK at +3.33h (20.67h remaining)
[1;34m[01:06:04 TEST][0m health OK at +3.42h (20.58h remaining)
[1;34m[01:11:04 TEST][0m health OK at +3.50h (20.50h remaining)
[1;34m[01:16:04 TEST][0m health OK at +3.58h (20.42h remaining)
[1;34m[01:21:04 TEST][0m health OK at +3.67h (20.33h remaining)
[1;34m[01:26:04 TEST][0m health OK at +3.75h (20.25h remaining)
[1;34m[01:31:05 TEST][0m health OK at +3.83h (20.16h remaining)
[1;34m[01:36:05 TEST][0m health OK at +3.92h (20.08h remaining)
[1;34m[01:41:05 TEST][0m health OK at +4.00h (20.00h remaining)
[1;34m[01:46:05 TEST][0m health OK at +4.08h (19.91h remaining)
[1;34m[01:51:05 TEST][0m health OK at +4.17h (19.83h remaining)
[1;34m[01:56:05 TEST][0m health OK at +4.25h (19.75h remaining)
[1;34m[02:01:05 TEST][0m health OK at +4.33h (19.66h remaining)
[1;34m[02:06:05 TEST][0m health OK at +4.42h (19.58h remaining)
[1;34m[02:11:05 TEST][0m health OK at +4.50h (19.50h remaining)
[1;34m[02:16:06 TEST][0m health OK at +4.59h (19.41h remaining)
[1;34m[02:21:06 TEST][0m health OK at +4.67h (19.33h remaining)
[1;34m[02:26:06 TEST][0m health OK at +4.75h (19.25h remaining)
[1;34m[02:31:06 TEST][0m health OK at +4.84h (19.16h remaining)
[1;34m[02:36:06 TEST][0m health OK at +4.92h (19.08h remaining)
[1;34m[02:41:06 TEST][0m health OK at +5.00h (19.00h remaining)
[1;34m[02:46:06 TEST][0m health OK at +5.09h (18.91h remaining)
[1;34m[02:51:06 TEST][0m health OK at +5.17h (18.83h remaining)
[1;34m[02:56:07 TEST][0m health OK at +5.25h (18.75h remaining)
[1;34m[03:01:07 TEST][0m health OK at +5.34h (18.66h remaining)
[1;34m[03:06:07 TEST][0m health OK at +5.42h (18.58h remaining)
[1;34m[03:11:07 TEST][0m health OK at +5.50h (18.50h remaining)
[1;34m[03:16:07 TEST][0m health OK at +5.59h (18.41h remaining)
[1;34m[03:21:07 TEST][0m health OK at +5.67h (18.33h remaining)
[1;34m[03:26:07 TEST][0m health OK at +5.75h (18.25h remaining)
[1;34m[03:31:07 TEST][0m health OK at +5.84h (18.16h remaining)
[1;34m[03:36:07 TEST][0m health OK at +5.92h (18.08h remaining)
[1;34m[03:41:08 TEST][0m health OK at +6.00h (18.00h remaining)
[1;34m[03:46:08 TEST][0m health OK at +6.09h (17.91h remaining)
[1;34m[03:51:08 TEST][0m health OK at +6.17h (17.83h remaining)
[1;34m[03:56:08 TEST][0m health OK at +6.25h (17.75h remaining)
[1;34m[04:01:08 TEST][0m health OK at +6.34h (17.66h remaining)
[1;34m[04:06:08 TEST][0m health OK at +6.42h (17.58h remaining)
[1;34m[04:11:08 TEST][0m health OK at +6.50h (17.50h remaining)
[1;34m[04:16:08 TEST][0m health OK at +6.59h (17.41h remaining)
[1;34m[04:21:08 TEST][0m health OK at +6.67h (17.33h remaining)
[1;34m[04:26:09 TEST][0m health OK at +6.75h (17.25h remaining)
[1;34m[04:31:09 TEST][0m health OK at +6.84h (17.16h remaining)
[1;34m[04:36:09 TEST][0m health OK at +6.92h (17.08h remaining)
[1;34m[04:41:09 TEST][0m health OK at +7.00h (17.00h remaining)
[1;34m[04:46:09 TEST][0m health OK at +7.09h (16.91h remaining)
[1;34m[04:51:09 TEST][0m health OK at +7.17h (16.83h remaining)
[1;34m[04:56:09 TEST][0m health OK at +7.25h (16.75h remaining)
[1;34m[05:01:09 TEST][0m health OK at +7.34h (16.66h remaining)
[1;34m[05:06:09 TEST][0m health OK at +7.42h (16.58h remaining)
[1;34m[05:11:10 TEST][0m health OK at +7.50h (16.50h remaining)
[1;34m[05:16:10 TEST][0m health OK at +7.59h (16.41h remaining)
[1;34m[05:21:10 TEST][0m health OK at +7.67h (16.33h remaining)
[1;34m[05:26:10 TEST][0m health OK at +7.75h (16.25h remaining)
[1;34m[05:31:10 TEST][0m health OK at +7.84h (16.16h remaining)
[1;34m[05:36:10 TEST][0m health OK at +7.92h (16.08h remaining)
[1;34m[05:41:10 TEST][0m health OK at +8.00h (16.00h remaining)
[1;34m[05:46:10 TEST][0m health OK at +8.09h (15.91h remaining)
[1;34m[05:51:10 TEST][0m health OK at +8.17h (15.83h remaining)
[1;34m[05:56:11 TEST][0m health OK at +8.25h (15.75h remaining)
[1;34m[06:01:11 TEST][0m health OK at +8.34h (15.66h remaining)
[1;34m[06:06:11 TEST][0m health OK at +8.42h (15.58h remaining)
[1;34m[06:11:11 TEST][0m health OK at +8.50h (15.50h remaining)
[1;34m[06:16:11 TEST][0m health OK at +8.59h (15.41h remaining)
[1;34m[06:21:11 TEST][0m health OK at +8.67h (15.33h remaining)
[1;34m[06:26:11 TEST][0m health OK at +8.75h (15.25h remaining)
[1;34m[06:31:11 TEST][0m health OK at +8.84h (15.16h remaining)
[1;34m[06:36:12 TEST][0m health OK at +8.92h (15.08h remaining)
[1;34m[06:41:12 TEST][0m health OK at +9.00h (15.00h remaining)
[1;34m[06:46:12 TEST][0m health OK at +9.09h (14.91h remaining)
[1;34m[06:51:12 TEST][0m health OK at +9.17h (14.83h remaining)
[1;34m[06:56:12 TEST][0m health OK at +9.25h (14.75h remaining)
[1;34m[07:01:12 TEST][0m health OK at +9.34h (14.66h remaining)
[1;34m[07:06:12 TEST][0m health OK at +9.42h (14.58h remaining)
[1;34m[07:11:12 TEST][0m health OK at +9.50h (14.50h remaining)
[1;34m[07:16:12 TEST][0m health OK at +9.59h (14.41h remaining)
[1;34m[07:21:13 TEST][0m health OK at +9.67h (14.33h remaining)
[1;34m[07:26:13 TEST][0m health OK at +9.75h (14.25h remaining)
[1;34m[07:31:13 TEST][0m health OK at +9.84h (14.16h remaining)
[1;34m[07:36:13 TEST][0m health OK at +9.92h (14.08h remaining)
[1;34m[07:41:13 TEST][0m health OK at +10.00h (14.00h remaining)
[1;34m[07:46:13 TEST][0m health OK at +10.09h (13.91h remaining)
[1;34m[07:51:13 TEST][0m health OK at +10.17h (13.83h remaining)
