# reloadstall peers=320 changed_peers=320 stable_peers=0 prefixes=183040 per_peer=572 pid=414079
established 320 at 0.3s
establishment transport_retries=0 recovered_peers=0
first_exact_bitmap,mode=reload,peers=320,total=183040,per_peer=572,expected=182468,completed=320,min_unique=182468,max_unique=182468
converged (>= 182468/observer) at 3.0s rss_mib=513
control_maxgap_ms: p50=34.13 p95=34.24 max=42.84 (n=320)
control_rss_mib 488
reloadstall_csv_header,reload,peers_total,peers_changed,peers_stable,prefixes,completion_p50_s,completion_p95_s,completion_max_s,changed_maxgap_p50_ms,changed_maxgap_p95_ms,changed_maxgap_max_ms,all_observer_maxgap_p50_ms,all_observer_maxgap_p95_ms,all_observer_maxgap_max_ms,changed_first_generation_update_p50_ms,changed_first_generation_update_p95_ms,changed_first_generation_update_max_ms,rss_before_mib,rss_after_mib,stable_marker_peers,sessions_up,parse_errors
dataset-stage generation=b changed=36 total=640
reload 1 SIGHUP wall_us=1790573635501634 policy=/tmp/irr-rustbgpd-sighup/gen-b.rpol
reload 1 daemon_applied complete_before=0 complete_after=1
reload 1 completion_s: p50=1.69 p95=1.92 max=1.93 (n=320)
reload 1 maxgap_ms: p50=578.00 p95=739.00 max=775.09 (n=320)
reload 1 all_observer_maxgap_ms: p50=578.00 p95=739.00 max=775.09 (n=320)
reload 1 changed_first_generation_update_ms: p50=1148.97 p95=1310.14 max=1345.87 (n=320)
reload 1 rss_mib before=500 after=620 comms_sample=[4286056400]
reload 1 sessions_up 320/320
reload 1 stable_marker_peers 0/0
reload 1 withdrawals: v4 named 0/0 v6 named 0/0 leaked=0 bystander=0 stable=0 duplicate=0
reloadstall_csv,1,320,320,0,183040,1.690088,1.921273,1.931127,578.000,739.005,775.092,578.000,739.005,775.092,1148.968,1310.145,1345.867,500,620,0,320,0
dataset-stage generation=a changed=36 total=640
reload 2 SIGHUP wall_us=1790573658580864 policy=/tmp/irr-rustbgpd-sighup/gen-a.rpol
reload 2 daemon_applied complete_before=1 complete_after=2
reload 2 completion_s: p50=1.64 p95=1.99 max=2.00 (n=320)
reload 2 maxgap_ms: p50=699.76 p95=1244.78 max=1354.24 (n=320)
reload 2 all_observer_maxgap_ms: p50=699.76 p95=1244.78 max=1354.24 (n=320)
reload 2 changed_first_generation_update_ms: p50=1199.38 p95=1777.73 max=1886.35 (n=320)
reload 2 rss_mib before=558 after=657 comms_sample=[4286055400]
reload 2 sessions_up 320/320
reload 2 stable_marker_peers 0/0
reload 2 withdrawals: v4 named 0/0 v6 named 0/0 leaked=0 bystander=0 stable=0 duplicate=0
reloadstall_csv,2,320,320,0,183040,1.644607,1.994696,2.004811,699.757,1244.777,1354.243,699.757,1244.777,1354.243,1199.380,1777.731,1886.354,558,657,0,320,0
dataset-stage generation=b changed=36 total=640
reload 3 SIGHUP wall_us=1790573681683558 policy=/tmp/irr-rustbgpd-sighup/gen-b.rpol
reload 3 daemon_applied complete_before=2 complete_after=3
reload 3 completion_s: p50=1.56 p95=1.86 max=1.88 (n=320)
reload 3 maxgap_ms: p50=729.34 p95=1136.85 max=1312.44 (n=320)
reload 3 all_observer_maxgap_ms: p50=729.34 p95=1136.85 max=1312.44 (n=320)
reload 3 changed_first_generation_update_ms: p50=1265.78 p95=1674.29 max=1849.89 (n=320)
reload 3 rss_mib before=562 after=660 comms_sample=[4286056400]
reload 3 sessions_up 320/320
reload 3 stable_marker_peers 0/0
reload 3 withdrawals: v4 named 0/0 v6 named 0/0 leaked=0 bystander=0 stable=0 duplicate=0
reloadstall_csv,3,320,320,0,183040,1.555121,1.860264,1.876428,729.337,1136.853,1312.436,729.337,1136.853,1312.436,1265.777,1674.293,1849.895,562,660,0,320,0
dataset-stage generation=a changed=36 total=640
reload 4 SIGHUP wall_us=1790573704688259 policy=/tmp/irr-rustbgpd-sighup/gen-a.rpol
reload 4 daemon_applied complete_before=3 complete_after=4
reload 4 completion_s: p50=1.49 p95=1.80 max=1.81 (n=320)
reload 4 maxgap_ms: p50=672.59 p95=1128.52 max=1207.43 (n=320)
reload 4 all_observer_maxgap_ms: p50=672.59 p95=1128.52 max=1207.43 (n=320)
reload 4 changed_first_generation_update_ms: p50=1237.45 p95=1703.49 max=1782.98 (n=320)
reload 4 rss_mib before=562 after=649 comms_sample=[4286055400]
reload 4 sessions_up 320/320
reload 4 stable_marker_peers 0/0
reload 4 withdrawals: v4 named 0/0 v6 named 0/0 leaked=0 bystander=0 stable=0 duplicate=0
reloadstall_csv,4,320,320,0,183040,1.487723,1.799331,1.811374,672.591,1128.521,1207.433,672.591,1128.521,1207.433,1237.452,1703.487,1782.982,562,649,0,320,0
final sessions_up 320/320 parse_errors=0
done rss_mib=551
